SQL> CLEAR SCREEN

SQL> CREATE TABLE DEPARTAMENTO
  2  (ID_DEPARTAMENTO NUMBER(7),
  3  NM_DEPARTAMENTO(25),
  4  CONSTRAINT PK_DEPARTAMENTO PRIMARY KEY (ID_DEPARTAMENTO));
NM_DEPARTAMENTO(25),
               *
ERRO na linha 3:
ORA-00902: tipo de dados inválido 


SQL> 
SQL> CREATE TABLE DEPARTAMENTO
  2  (ID_DEPARTAMENTO NUMBER(7),
  3  NM_DEPARTAMENTO VARCHAR(25),
  4  CONSTRAINT PK_DEPARTAMENTO PRIMARY KEY (ID_DEPARTAMENTO));

Tabela criada.

SQL> ALTER TABLE DEPARTAMENTO
  2  MODIFY NM_DEPARTAMENTO
  3  
SQL> ALTER TABLE DEPARTAMENTO
  2  ADD CONSTRAINT NOT NULL (NM_DEPARTAMENTO);
ADD CONSTRAINT NOT NULL (NM_DEPARTAMENTO)
                         *
ERRO na linha 2:
ORA-01735: opção ALTER TABLE é inválida 


SQL> ALTER TABLE
  2  DEPARTAMENTO
  3  ADD CONSTRAINT NOT NULL (NM_DEPARTAMENTO);
ADD CONSTRAINT NOT NULL (NM_DEPARTAMENTO)
                         *
ERRO na linha 3:
ORA-01735: opção ALTER TABLE é inválida 


SQL> ALTER TABLE
  2  DEPARTAMENTO
  3  ADD CONSTRAINT NN_DEPARTAMENTO NOT NULL (NM_DEPARTAMENTO);
ADD CONSTRAINT NN_DEPARTAMENTO NOT NULL (NM_DEPARTAMENTO)
                               *
ERRO na linha 3:
ORA-00904: : identificador inválido 


SQL> ALTER TABLE DEPARTAMENTO
  2  ADD CONSTRAINT  NN_DEP NOT NULL(NM_DEPARTAMENTO);
ADD CONSTRAINT  NN_DEP NOT NULL(NM_DEPARTAMENTO)
                       *
ERRO na linha 2:
ORA-00904: : identificador inválido 


SQL> ALTER TABLE DEPARTAMENTO
  2  ADD CONSTRAINT  NN_DEP NOT NULL (NM_DEPARTAMENTO);
ADD CONSTRAINT  NN_DEP NOT NULL (NM_DEPARTAMENTO)
                       *
ERRO na linha 2:
ORA-00904: : identificador inválido 


SQL> DROP TABLE DEPARTAMENTO
  2  
SQL> DROP TABLE DEPARTAMENTO;

Tabela eliminada.

SQL> 
SQL> CREATE TABLE DEPARTAMENTO
  2  (ID_DEPARTAMENTO NUMBER(7),
  3  NM_DEPARTAMENTO VARCHAR(25) NOT NULL,
  4  CONSTRAINT PK_DEPARTAMENTO PRIMARY KEY (ID_DEPARTAMENTO));

Tabela criada.

SQL> CREATE SEQUENCE DP_ID_SEQUENCE
  2  START WITH 10
  3  INCREMENT BY 10
  4  NOCHACE
  5  NOCYCLE;
NOCHACE
*
ERRO na linha 4:
ORA-00933: comando SQL não encerrado adequadamente 


SQL> CREATE SEQUENCE DP_ID_SEQUENCE
  2  START WITH 10
  3  INCREMENT BY 10
  4  NOCACHE
  5  NOCYCLE;

Seqüência criada.

SQL> INSERT INTO DEPARTAMENTO (ID_DEPARTAMENTO,NM_DEPARTAMENTO) VALUES (DP_ID_SEQUENCE.NEXTVAL , 'IOQEWIOQEW');

1 linha criada.

SQL> INSERT INTO DEPARTAMENTO (ID_DEPARTAMENTO,NM_DEPARTAMENTO) VALUES (DP_ID_SEQUENCE.NEXTVAL , 'IOQEWIOQ3E3');

1 linha criada.

SQL> INSERT INTO DEPARTAMENTO (ID_DEPARTAMENTO,NM_DEPARTAMENTO) VALUES (DP_ID_SEQUENCE.NEXTVAL , 'IOQEWIOQ3E3434');

1 linha criada.

SQL> INSERT INTO DEPARTAMENTO (ID_DEPARTAMENTO,NM_DEPARTAMENTO) VALUES (DP_ID_SEQUENCE.NEXTVAL , 'ADM');

1 linha criada.

SQL> INSERT INTO DEPARTAMENTO (ID_DEPARTAMENTO,NM_DEPARTAMENTO) VALUES (DP_ID_SEQUENCE.NEXTVAL , 'MARKETING');

1 linha criada.

SQL> CREATE TABLE EMPREGADO
  2  (ID_EMPREGADO NUMBER(7),
  3  NOME VARCHAR(25),
  4  SOBRENOME VARCHAR(25),
  5  DEPTID NUMBER(7),
  6  CONSTRAINT FK_EMPREGADO_DEPT FOREIGN KEY (DEPTID) REFERENCES DEPARTAMENTO(ID_DEPARTAMENTO),
  7  CONSTRAINT PK_EMPREGADO PRIMARY KEY (ID_EMPREGADO));

Tabela criada.

SQL> ALTER TABLE EMPREGADO
  2  MODIFY SOBRENOME VARCHAR(50);

Tabela alterada.

SQL> SELECT TABLE_NAME
  2  FROM USER_TABLES
  3  WHERE TABLE_NAME = '&TABELA';
Informe o valor para tabela: DEPARTAMENTO
antigo   3: WHERE TABLE_NAME = '&TABELA'
novo   3: WHERE TABLE_NAME = 'DEPARTAMENTO'

TABLE_NAME                                                                      
------------------------------                                                  
DEPARTAMENTO                                                                    

SQL> SELECT TABLE_NAME
  2  FROM USER_TABLES
  3  WHERE TABLE_NAME = '&TABELA';
Informe o valor para tabela: EMPREGADO
antigo   3: WHERE TABLE_NAME = '&TABELA'
novo   3: WHERE TABLE_NAME = 'EMPREGADO'

TABLE_NAME                                                                      
------------------------------                                                  
EMPREGADO                                                                       

SQL> CREATE TABLE EMPREGADO2
  2  (ID_EMPREGADO NUMBER(6),
  3  NOME_EMPREGADO VARCHAR(25),
  4  DEPTID NUMBER(4),
  5  
SQL> CREATE TABLE EMPREGADO2
  2  (ID_EMPREGADO NUMBER(6),
  3  NOME_EMPREGADO VARCHAR(25),
  4  DEPTID NUMBER(4);
DEPTID NUMBER(4)
               *
ERRO na linha 4:
ORA-00907: parêntese direito não encontrado 


SQL> CREATE TABLE EMPREGADO2
  2  (ID_EMPREGADO NUMBER(6),
  3  NOME_EMPREGADO VARCHAR(25),
  4  DEPTID NUMBER(4));

Tabela criada.

SQL> DROP TABLE EMPREGADO CASCADE CONSTRAINTS;

Tabela eliminada.

SQL> FLASHBACK TABLE EMPREGADO TO BEFORE DROP;
FLASHBACK TABLE EMPREGADO TO BEFORE DROP
*
ERRO na linha 1:
ORA-38305: objeto não está na LIXEIRA 


SQL> SELECT ORIGINAL_NAME,OPERATION,DROPTIME FROM RECYCLEBIN;

não há linhas selecionadas

SQL> SELECT EMPREGADO,OPERATION,DROPTIME FROM RECYCLEBIN;
SELECT EMPREGADO,OPERATION,DROPTIME FROM RECYCLEBIN
       *
ERRO na linha 1:
ORA-00904: "EMPREGADO": identificador inválido 


SQL> SELECT ORIGINAL_NAME,OPERATION,DROPTIME FROM RECYCLEBIN;

não há linhas selecionadas

SQL> RENAME TABLE EMPREGADO2 TO EMPREGADO;
RENAME TABLE EMPREGADO2 TO EMPREGADO
       *
ERRO na linha 1:
ORA-00903: nome de tabela inválido 


SQL> RENAME  EMPREGADO2 TO EMPREGADO;

Tabela renomeada.

SQL> DROP TABLE EMPREGADO;

Tabela eliminada.

SQL> SELECT ORIGINAL_NAME,OPERATION,DROPTIME FROM RECYCLEBIN;

não há linhas selecionadas

SQL> FLASHBACK TABLE EMPREGADO TO BEFORE DROP;
FLASHBACK TABLE EMPREGADO TO BEFORE DROP
*
ERRO na linha 1:
ORA-38305: objeto não está na LIXEIRA 


SQL> FLASHBACK TABLE EMPREGADO ;
FLASHBACK TABLE EMPREGADO 
*
ERRO na linha 1:
ORA-00439: recurso não ativado: Flashback Table 


SQL> FLASHBACK TABLE EMPREGADO TO BEFORE DROP;
FLASHBACK TABLE EMPREGADO TO BEFORE DROP
*
ERRO na linha 1:
ORA-38305: objeto não está na LIXEIRA 


SQL> SELECT ORIGINAL_NAME,OPERATION,DROPTIME FROM RECYCLEBIN;

não há linhas selecionadas

SQL> SELECT ORIGINAL_NAME FROM RECYCLEBIN;

não há linhas selecionadas

SQL> SELECT TABLE_NAME FROM RECYCLEBIN;
SELECT TABLE_NAME FROM RECYCLEBIN
       *
ERRO na linha 1:
ORA-00904: "TABLE_NAME": identificador inválido 


SQL> SELECT ORIGINAL_NAME FROM DBA_RECYCLEBIN;

não há linhas selecionadas

SQL> SELECT * FROM '&TABELA';
Informe o valor para tabela: BANCO
antigo   1: SELECT * FROM '&TABELA'
novo   1: SELECT * FROM 'BANCO'
SELECT * FROM 'BANCO'
              *
ERRO na linha 1:
ORA-00903: nome de tabela inválido 


SQL> SELECT * FROM BANCO;

não há linhas selecionadas

SQL> SPOOL OFF
