SQL> --CONTINUACAO DOS EXE--
SQL> SAVEPOINT UPDATE01
  2  
SQL> CREATE SAVEPOINT UPDATE01
  2  
SQL> CREATE SAVEPOINT UPDATE01;
CREATE SAVEPOINT UPDATE01
       *
ERRO na linha 1:
ORA-00901: comando CREATE inválido 


SQL> SAVEPOINT UPDATE01;

Ponto de salvamento criado.

SQL> ALTER TABLE LIVRO ADD IDIOMA VARCHAR(20);

Tabela alterada.

SQL> ALTER TABLE LIVRO MODIFY IDIOMA VARCHAR(30);

Tabela alterada.

SQL> ALTER TABLE LIVRO DROP IDIOTA;
ALTER TABLE LIVRO DROP IDIOTA
                       *
ERRO na linha 1:
ORA-00905: palavra-chave não encontrada 


SQL> ALTER TABLE LIVRO DROP COLUMN IDIOMA;

Tabela alterada.

SQL> ALTER TABLE LIVRO DROP PRIMARY KEY CASCADE;
ALTER TABLE LIVRO DROP PRIMARY KEY CASCADE
*
ERRO na linha 1:
ORA-02441: Não é possível eliminar chave primária que não existe 


SQL> DROP TABLE LIVRO CASCADE CONSTRAINT;

Tabela eliminada.

SQL> @ C:\FACUL\BASIC\BD\A.SQL

Tabela criada.

SQL> ALTER TABLE LIVRO DROP PRIMARY KEY CASCADE;

Tabela alterada.

SQL> ALTER TABLE LIVRO ADD CONSTRAINT PRIMARY KEY(CD_AUTOR, CD_EDITORA, TITULO);
ALTER TABLE LIVRO ADD CONSTRAINT PRIMARY KEY(CD_AUTOR, CD_EDITORA, TITULO)
                                            *
ERRO na linha 1:
ORA-00902: tipo de dados inválido 


SQL> ALTER TABLE LIVRO ADD CONSTRAINT PK_LIVRO PRIMARY KEY(CD_AUTOR, CD_EDITORA, TITULO);

Tabela alterada.

SQL> DROP TABLE LIVRO;

Tabela eliminada.

SQL> SELECT * FROM RECYCLEBIN;

OBJECT_NAME                    ORIGINAL_NAME                    OPERATION       
------------------------------ -------------------------------- ---------       
TYPE                      TS_NAME                        CREATETIME             
------------------------- ------------------------------ -------------------    
DROPTIME               DROPSCN PARTITION_NAME                   CAN CAN         
------------------- ---------- -------------------------------- --- ---         
   RELATED BASE_OBJECT PURGE_OBJECT      SPACE                                  
---------- ----------- ------------ ----------                                  
BIN$cR+WSTwXQLeEFkpaDQlKzg==$0 LIVRO                            DROP            
TABLE                     USERS                          2018-03-01:16:05:55    
2018-03-01:16:28:54     562225                                  YES YES         
     13881       13881        13881          8                                  
                                                                                

OBJECT_NAME                    ORIGINAL_NAME                    OPERATION       
------------------------------ -------------------------------- ---------       
TYPE                      TS_NAME                        CREATETIME             
------------------------- ------------------------------ -------------------    
DROPTIME               DROPSCN PARTITION_NAME                   CAN CAN         
------------------- ---------- -------------------------------- --- ---         
   RELATED BASE_OBJECT PURGE_OBJECT      SPACE                                  
---------- ----------- ------------ ----------                                  
BIN$lzFWfEYVQ1qWUxPC0eGlbw==$0 LIVRO                            DROP            
TABLE                     USERS                          2018-03-01:16:29:10    
2018-03-01:16:31:33     562411                                  YES YES         
     13882       13882        13882          8                                  
                                                                                

OBJECT_NAME                    ORIGINAL_NAME                    OPERATION       
------------------------------ -------------------------------- ---------       
TYPE                      TS_NAME                        CREATETIME             
------------------------- ------------------------------ -------------------    
DROPTIME               DROPSCN PARTITION_NAME                   CAN CAN         
------------------- ---------- -------------------------------- --- ---         
   RELATED BASE_OBJECT PURGE_OBJECT      SPACE                                  
---------- ----------- ------------ ----------                                  
BIN$ygC3B3KSRg2H78NVcnLdHQ==$0 PK_LIVRO                         DROP            
INDEX                     USERS                          2018-03-01:16:31:09    
2018-03-01:16:31:33     562408                                  NO  YES         
     13882       13882        13884          8                                  
                                                                                

SQL> SELECT ORIGINAL_NAME FROM RECYCLEBIN;

ORIGINAL_NAME                                                                   
--------------------------------                                                
LIVRO                                                                           
LIVRO                                                                           
PK_LIVRO                                                                        

SQL> FLASHBACK TABLE LIVRO TO BEFORE DROP;

Flashback concluído.

SQL> SELECT ORIGINAL_NAME FROM RECYCLEBIN;

ORIGINAL_NAME                                                                   
--------------------------------                                                
LIVRO                                                                           

SQL> SELECT ORIGINAL_NAME FROM RECYCLEBIN;

ORIGINAL_NAME                                                                   
--------------------------------                                                
LIVRO                                                                           

SQL> SELECT TABLE_NAME, COLUMN_NAME FROM ALL_TAB_COLUMNS WHERE TABLE_NAME = 'LIVRO';

TABLE_NAME                     COLUMN_NAME                                      
------------------------------ ------------------------------                   
LIVRO                          TITULO                                           
LIVRO                          CD_AUTOR                                         
LIVRO                          CD_EDITORA                                       
LIVRO                          VL_REAL                                          
LIVRO                          PUBLICACAO                                       
LIVRO                          VOLUME                                           

6 linhas selecionadas.

SQL> CREATE TABLE FORNECEDOR(
  2  CD_FORN NUMBER(7),
  3  NOME VARCHAR(50) NOT NULL,
  4  CIDADE VARCHAR(30),
  5  CONSTRAINT PK_FORNEC PRIMARY KEY (CD_FORN));

Tabela criada.

SQL> CREATE TABLE VENDA(
  2  CD_FORN NUMBER(7),
  3  CD
  4  
SQL> CREATE TABLE PECA(
  2  CD_PECA NUMBER(7),
  3  NOME VARCHAR(20) NOT NULL,
  4  DESC_PECA VARCHAR(50),
  5  CONSTRAINT PK_PECA PRIMARY KEY (CD_PECA));

Tabela criada.

SQL> CREATE TABLE VENDA(
  2  CD_FORN NUMBER(7),
  3  CD_PECA NUMBER(7),
  4  QT_VENDA NUMBER (9) NOT NULL,
  5  DT_VENDA DATE DEFAULT SYSDATE,
  6  CONSTRAINT FK_VENDA_FORN FOREIGN KEY (CD_FORN) REFERENCES FORNECEDOR,
  7  CONSTRAINT FK_VENDA_PECA FOREIGN KEY (CD_PECA) REFERENCES PECA,
  8  CONSTRAINT PK_VENDA PRIMARY KEY (CD_FORN,CD_PECA ));

Tabela criada.

SQL> ALTER TABLE VENDA ADD CD_VENDA NUMBER(7) PRIMARY KEY;
ALTER TABLE VENDA ADD CD_VENDA NUMBER(7) PRIMARY KEY
                                         *
ERRO na linha 1:
ORA-02260: a tabela só pode ter uma chave primária 


SQL> ALTER TABLE VENDA ADD CD_VENDA NUMBER(7);

Tabela alterada.

SQL> ALTER TABLE VENDA DROP CONSTRAINT PK_VENDA;

Tabela alterada.

SQL> ALTER TABLE VENDA ADD CONSTRAINT PK_VENDA PRIMARY KEY (CD_FORN, CD_PECA,CD_VENDA);

Tabela alterada.

SQL> CREATE SEQUENCE AUTOR_SQ
  2  START WITH 1
  3  INCREMENT BY 1
  4  ORDER;

Seqüência criada.

SQL> INSERT INTO AUTOR(CD_AUTOR,NOME,NASCIMENTO) VALUES (AUTOR_SQ.NEXTVAL,'FELIPE NERY RODRIGUES MACHADO','10/02,1960');
INSERT INTO AUTOR(CD_AUTOR,NOME,NASCIMENTO) VALUES (AUTOR_SQ.NEXTVAL,'FELIPE NERY RODRIGUES MACHADO','10/02,1960')
                                *
ERRO na linha 1:
ORA-00904: "NASCIMENTO": identificador inválido 


SQL> INSERT INTO AUTOR(CD_AUTOR,NOME,DT_NASCIMENTO) VALUES (AUTOR_SQ.NEXTVAL,'FELIPE NERY RODRIGUES MACHADO','10/02,1960');

1 linha criada.

SQL> INSERT INTO AUTOR(CD_AUTOR,NOME,DT_NASCIMENTO) VALUES (AUTOR_SQ.NEXTVAL,'PETER ROB','09/08/1954');

1 linha criada.

SQL> INSERT INTO AUTOR(CD_AUTOR,NOME,DT_NASCIMENTO) VALUES (AUTOR_SQ.NEXTVAL,'CARLOS CORONEL','02/11/1964');

1 linha criada.

SQL> INSERT INTO AUTOR(CD_AUTOR,NOME,DT_NASCIMENTO) VALUES (AUTOR_SQ.NEXTVAL,'IVAN MECENAS',DEFAULT;
INSERT INTO AUTOR(CD_AUTOR,NOME,DT_NASCIMENTO) VALUES (AUTOR_SQ.NEXTVAL,'IVAN MECENAS',DEFAULT
                                                                                             *
ERRO na linha 1:
ORA-00917: vírgula não encontrada 


SQL> INSERT INTO AUTOR(CD_AUTOR,NOME,DT_NASCIMENTO) VALUES (AUTOR_SQ.NEXTVAL,'IVAN MECENAS',DEFAULT,;
INSERT INTO AUTOR(CD_AUTOR,NOME,DT_NASCIMENTO) VALUES (AUTOR_SQ.NEXTVAL,'IVAN MECENAS',DEFAULT,
                                                                                              *
ERRO na linha 1:
ORA-00936: expressão não encontrada 


SQL> INSERT INTO AUTOR(CD_AUTOR,NOME,DT_NASCIMENTO) VALUES (AUTOR_SQ.NEXTVAL,'IVAN MECENAS','10/02/1960';
INSERT INTO AUTOR(CD_AUTOR,NOME,DT_NASCIMENTO) VALUES (AUTOR_SQ.NEXTVAL,'IVAN MECENAS','10/02/1960'
                                                                                                  *
ERRO na linha 1:
ORA-00917: vírgula não encontrada 


SQL> INSERT INTO AUTOR(CD_AUTOR,NOME,DT_NASCIMENTO) VALUES (AUTOR_SQ.NEXTVAL,'IVAN MECENAS','10/02/1960';
INSERT INTO AUTOR(CD_AUTOR,NOME,DT_NASCIMENTO) VALUES (AUTOR_SQ.NEXTVAL,'IVAN MECENAS','10/02/1960'
                                                                                                  *
ERRO na linha 1:
ORA-00917: vírgula não encontrada 


SQL> INSERT INTO AUTOR(CD_AUTOR,NOME,DT_NASCIMENTO) VALUES (AUTOR_SQ.NEXTVAL,'IVAN MECENAS','10/02/1960');

1 linha criada.

SQL> INSERT INTO AUTOR(CD_AUTOR,NOME,DT_NASCIMENTO) VALUES (AUTOR_SQ.NEXTVAL,'IVAN MECENAS',DEFAULT);

1 linha criada.

SQL> CREATE SEQUENCE EDITORA_SEQ
  2  START WITH 10
  3  INCREMENT BY 10
  4  ORDER;

Seqüência criada.

SQL> INSERT INTO EDITORA (CD_EDITORA,RAZAO,CNPJ,EBDERECO,CIDADE) VALUES (EDITORA_SEQ.NEXTVAL,'ERICA','10110100001','RUA LIVRO,2','SÇO PAULO');
INSERT INTO EDITORA (CD_EDITORA,RAZAO,CNPJ,EBDERECO,CIDADE) VALUES (EDITORA_SEQ.NEXTVAL,'ERICA','10110100001','RUA LIVRO,2','SÇO PAULO')
                                           *
ERRO na linha 1:
ORA-00904: "EBDERECO": identificador inválido 


SQL> INSERT INTO EDITORA (CD_EDITORA,RAZAO,CNPJ,ENDERECO,CIDADE) VALUES (EDITORA_SEQ.NEXTVAL,'ERICA','10110100001','RUA LIVRO,2','SÇO PAULO');

1 linha criada.

SQL> INSERT INTO EDITORA (CD_EDITORA,RAZAO,CNPJ,ENDERECO,CIDADE) VALUES (EDITORA_SEQ.NEXTVAL,'CENGAGE','12345670001','AV. ENSINO,14','RIO DE JANEIRO');

1 linha criada.

SQL> INSERT INTO EDITORA (CD_EDITORA,RAZAO,CNPJ,ENDERECO,CIDADE) VALUES (EDITORA_SEQ.NEXTVAL,'ALTA BOOKS','98712360001','PRAA LIVRO,231','RIO DE JANEIRO');

1 linha criada.

SQL> INSERT INTO LIVRO(TITULO, CD_AUTOR,CD_EDITORA,VL_REAL,PUBLICACAO,VOLUME) VALUES ('BANCO DE DADOS PROJETO E IMPLEMENTAÇO',1,10,45,60,DEFAULT,'1');
INSERT INTO LIVRO(TITULO, CD_AUTOR,CD_EDITORA,VL_REAL,PUBLICACAO,VOLUME) VALUES ('BANCO DE DADOS PROJETO E IMPLEMENTAÇO',1,10,45,60,DEFAULT,'1')
            *
ERRO na linha 1:
ORA-00913: valores demais 


SQL> INSERT INTO LIVRO(TITULO, CD_AUTOR,CD_EDITORA,VL_REAL,PUBLICACAO,VOLUME) VALUES ('BANCO DE DADOS PROJETO E IMPLEMENTAÇO','1','10','45','60',DEFAULT,'1');
INSERT INTO LIVRO(TITULO, CD_AUTOR,CD_EDITORA,VL_REAL,PUBLICACAO,VOLUME) VALUES ('BANCO DE DADOS PROJETO E IMPLEMENTAÇO','1','10','45','60',DEFAULT,'1')
            *
ERRO na linha 1:
ORA-00913: valores demais 


SQL> INSERT INTO LIVRO(TITULO, CD_AUTOR,CD_EDITORA,VL_REAL,PUBLICACAO,VOLUME) VALUES ('BANCO DE DADOS PROJETO E IMPLEMENTAÇO','1','10','45','60','DEFAULT','1');
INSERT INTO LIVRO(TITULO, CD_AUTOR,CD_EDITORA,VL_REAL,PUBLICACAO,VOLUME) VALUES ('BANCO DE DADOS PROJETO E IMPLEMENTAÇO','1','10','45','60','DEFAULT','1')
            *
ERRO na linha 1:
ORA-00913: valores demais 


SQL> SELECT * FROM AUTOR;

  CD_AUTOR NOME                                               DT_NASCI          
---------- -------------------------------------------------- --------          
         1 FELIPE NERY RODRIGUES MACHADO                      10/02/60          
         2 PETER ROB                                          09/08/54          
         3 CARLOS CORONEL                                     02/11/64          
         4 IVAN MECENAS                                       10/02/60          
         5 IVAN MECENAS                                                         

SQL> SELECT * FROM EDITORA;

CD_EDITORA RAZAO                                                                
---------- ------------------------------------------------------------         
CNPJ           ENDERECO                                                         
-------------- --------------------------------------------------               
CIDADE                                                                          
--------------------------------------------------                              
        10 ERICA                                                                
10110100001    RUA LIVRO,2                                                      
SÇO PAULO                                                                       
                                                                                
        20 CENGAGE                                                              
12345670001    AV. ENSINO,14                                                    
RIO DE JANEIRO                                                                  

CD_EDITORA RAZAO                                                                
---------- ------------------------------------------------------------         
CNPJ           ENDERECO                                                         
-------------- --------------------------------------------------               
CIDADE                                                                          
--------------------------------------------------                              
                                                                                
        30 ALTA BOOKS                                                           
98712360001    PRAA LIVRO,231                                                  
RIO DE JANEIRO                                                                  
                                                                                

SQL> INSERT INTO LIVRO(TITULO, CD_AUTOR,CD_EDITORA,VL_REAL,PUBLICACAO,VOLUME) VALUES ('BANCO DE DADOS PROJETO E IMPLEMENTAÇO','1','10','45,60',DEFAULT,'1');

1 linha criada.

SQL> INSERT INTO LIVRO(TITULO, CD_AUTOR,CD_EDITORA,VL_REAL,PUBLICACAO,VOLUME) VALUES ('BANCO DE DADOS: MODELO CONCEITUAL · IMPLEMENTAÇO FÖSICA','30',35,60,DEFAULT,'1');
INSERT INTO LIVRO(TITULO, CD_AUTOR,CD_EDITORA,VL_REAL,PUBLICACAO,VOLUME) VALUES ('BANCO DE DADOS: MODELO CONCEITUAL · IMPLEMENTAÇO FÖSICA','30',35,60,DEFAULT,'1')
                                                                                 *
ERRO na linha 1:
ORA-12899: valor muito grande para a coluna "HED"."LIVRO"."TITULO" (real: 56, 
máximo: 50) 


SQL> INSERT INTO LIVRO(TITULO, CD_AUTOR,CD_EDITORA,VL_REAL,PUBLICACAO,VOLUME) VALUES ('BANCO DE DADOS: MODELO CONCEITUAL · IMPLEMENTAÇO FÖSICA','30','35,60',DEFAULT,'1');
INSERT INTO LIVRO(TITULO, CD_AUTOR,CD_EDITORA,VL_REAL,PUBLICACAO,VOLUME) VALUES ('BANCO DE DADOS: MODELO CONCEITUAL · IMPLEMENTAÇO FÖSICA','30','35,60',DEFAULT,'1')
                                                                         *
ERRO na linha 1:
ORA-00947: não há valores suficientes 


SQL> INSERT INTO LIVRO(TITULO, CD_AUTOR,CD_EDITORA,VL_REAL,PUBLICACAO,VOLUME) VALUES ('BANCO DE DADOS: MODELO CONCEITUAL · IMPLEMENTAÇO FÖSICA','4','30','35,60',DEFAULT,'1');
INSERT INTO LIVRO(TITULO, CD_AUTOR,CD_EDITORA,VL_REAL,PUBLICACAO,VOLUME) VALUES ('BANCO DE DADOS: MODELO CONCEITUAL · IMPLEMENTAÇO FÖSICA','4','30','35,60',DEFAULT,'1')
                                                                                 *
ERRO na linha 1:
ORA-12899: valor muito grande para a coluna "HED"."LIVRO"."TITULO" (real: 56, 
máximo: 50) 


SQL> INSERT INTO LIVRO(TITULO, CD_AUTOR,CD_EDITORA,VL_REAL,PUBLICACAO,VOLUME) VALUES ('BANCO DE DADOS: MODELO CONCEITUAL · IMPLEMENTAÇO FÖSICA','4','30,35',60',DEFAULT,'1');
ERROR:
ORA-01756: string entre aspas não finalizada adequadamente 


SQL> INSERT INTO LIVRO(TITULO, CD_AUTOR,CD_EDITORA,VL_REAL,PUBLICACAO,VOLUME) VALUES ('BANCO DE DADOS: MODELO CONCEITUAL · IMPLEMENTAÇO FÖSICA','4','30','35,70',DEFAULT,'1');
INSERT INTO LIVRO(TITULO, CD_AUTOR,CD_EDITORA,VL_REAL,PUBLICACAO,VOLUME) VALUES ('BANCO DE DADOS: MODELO CONCEITUAL · IMPLEMENTAÇO FÖSICA','4','30','35,70',DEFAULT,'1')
                                                                                 *
ERRO na linha 1:
ORA-12899: valor muito grande para a coluna "HED"."LIVRO"."TITULO" (real: 56, 
máximo: 50) 


SQL> ALTER TABLE LIVRO MODIFY TITULO VARCHAR(90);

Tabela alterada.

SQL> INSERT INTO LIVRO(TITULO, CD_AUTOR,CD_EDITORA,VL_REAL,PUBLICACAO,VOLUME) VALUES ('BANCO DE DADOS: MODELO CONCEITUAL · IMPLEMENTAÇO FÖSICA','4','30','35,70',DEFAULT,'1');

1 linha criada.

SQL> INSERT INTO LIVRO(TITULO, CD_AUTOR,CD_EDITORA,VL_REAL,PUBLICACAO,VOLUME) VALUES ('BANCO DE DADOS: MODELO CONCEITUAL · IMPLEMENTAÇO FÖSICA','5','30','35,70',DEFAULT,'1');

1 linha criada.

SQL> INSERT INTO LIVRO(TITULO, CD_AUTOR,CD_EDITORA,VL_REAL,PUBLICACAO,VOLUME) VALUES ('SISTEMAS DE BANCO DE DADOS-PROJETO,IMPLEMENTAÇO E ADMINISTRAÇO','2','20','100,80',DEFAULT,'1');

1 linha criada.

SQL> INSERT INTO LIVRO(TITULO, CD_AUTOR,CD_EDITORA,VL_REAL,PUBLICACAO,VOLUME) VALUES ('SISTEMAS DE BANCO DE DADOS-PROJETO,IMPLEMENTAÇO E ADMINISTRAÇO','3','20','100,80',DEFAULT,'2');

1 linha criada.

SQL> SELECT * FROM LIVRO;

TITULO                                                                          
--------------------------------------------------------------------------------
  CD_AUTOR CD_EDITORA    VL_REAL PUBLICACAO           VOLUME                    
---------- ---------- ---------- -------------------- ----------                
BANCO DE DADOS PROJETO E IMPLEMENTAÇO                                          
         1         10       45,6                      1                         
                                                                                
BANCO DE DADOS: MODELO CONCEITUAL · IMPLEMENTAÇO FÖSICA                        
         4         30       35,7                      1                         
                                                                                
BANCO DE DADOS: MODELO CONCEITUAL · IMPLEMENTAÇO FÖSICA                        
         5         30       35,7                      1                         
                                                                                

TITULO                                                                          
--------------------------------------------------------------------------------
  CD_AUTOR CD_EDITORA    VL_REAL PUBLICACAO           VOLUME                    
---------- ---------- ---------- -------------------- ----------                
SISTEMAS DE BANCO DE DADOS-PROJETO,IMPLEMENTAÇO E ADMINISTRAÇO                
         2         20      100,8                      1                         
                                                                                
SISTEMAS DE BANCO DE DADOS-PROJETO,IMPLEMENTAÇO E ADMINISTRAÇO                
         3         20      100,8                      2                         
                                                                                

SQL> SELECT * FROM AUTOR;

  CD_AUTOR NOME                                               DT_NASCI          
---------- -------------------------------------------------- --------          
         1 FELIPE NERY RODRIGUES MACHADO                      10/02/60          
         2 PETER ROB                                          09/08/54          
         3 CARLOS CORONEL                                     02/11/64          
         4 IVAN MECENAS                                       10/02/60          
         5 IVAN MECENAS                                                         

SQL> UPDATE AUTOR SET DT_NASCIMENTO = 26/04/1977 WHERE CD_AUTOR = 1;
UPDATE AUTOR SET DT_NASCIMENTO = 26/04/1977 WHERE CD_AUTOR = 1
                                      *
ERRO na linha 1:
ORA-00932: tipos de dados inconsistentes: esperava DATE obteve NUMBER 


SQL> UPDATE AUTOR SET DT_NASCIMENTO = '26/04/1977' WHERE CD_AUTOR = 1;

1 linha atualizada.

SQL> COMMIT
  2  
SQL> COMMIT;

Commit concluído.

SQL> SELECT * FROM LIVRO,AUTOR,EDITORA;

TITULO                                                                          
--------------------------------------------------------------------------------
  CD_AUTOR CD_EDITORA    VL_REAL PUBLICACAO           VOLUME       CD_AUTOR     
---------- ---------- ---------- -------------------- ---------- ----------     
NOME                                               DT_NASCI CD_EDITORA          
-------------------------------------------------- -------- ----------          
RAZAO                                                        CNPJ               
------------------------------------------------------------ --------------     
ENDERECO                                                                        
--------------------------------------------------                              
CIDADE                                                                          
--------------------------------------------------                              
BANCO DE DADOS PROJETO E IMPLEMENTAÇO                                          

TITULO                                                                          
--------------------------------------------------------------------------------
  CD_AUTOR CD_EDITORA    VL_REAL PUBLICACAO           VOLUME       CD_AUTOR     
---------- ---------- ---------- -------------------- ---------- ----------     
NOME                                               DT_NASCI CD_EDITORA          
-------------------------------------------------- -------- ----------          
RAZAO                                                        CNPJ               
------------------------------------------------------------ --------------     
ENDERECO                                                                        
--------------------------------------------------                              
CIDADE                                                                          
--------------------------------------------------                              
         1         10       45,6                      1                   1     

TITULO                                                                          
--------------------------------------------------------------------------------
  CD_AUTOR CD_EDITORA    VL_REAL PUBLICACAO           VOLUME       CD_AUTOR     
---------- ---------- ---------- -------------------- ---------- ----------     
NOME                                               DT_NASCI CD_EDITORA          
-------------------------------------------------- -------- ----------          
RAZAO                                                        CNPJ               
------------------------------------------------------------ --------------     
ENDERECO                                                                        
--------------------------------------------------                              
CIDADE                                                                          
--------------------------------------------------                              
FELIPE NERY RODRIGUES MACHADO                      26/04/77         10          

TITULO                                                                          
--------------------------------------------------------------------------------
  CD_AUTOR CD_EDITORA    VL_REAL PUBLICACAO           VOLUME       CD_AUTOR     
---------- ---------- ---------- -------------------- ---------- ----------     
NOME                                               DT_NASCI CD_EDITORA          
-------------------------------------------------- -------- ----------          
RAZAO                                                        CNPJ               
------------------------------------------------------------ --------------     
ENDERECO                                                                        
--------------------------------------------------                              
CIDADE                                                                          
--------------------------------------------------                              
ERICA                                                        10110100001        

TITULO                                                                          
--------------------------------------------------------------------------------
  CD_AUTOR CD_EDITORA    VL_REAL PUBLICACAO           VOLUME       CD_AUTOR     
---------- ---------- ---------- -------------------- ---------- ----------     
NOME                                               DT_NASCI CD_EDITORA          
-------------------------------------------------- -------- ----------          
RAZAO                                                        CNPJ               
------------------------------------------------------------ --------------     
ENDERECO                                                                        
--------------------------------------------------                              
CIDADE                                                                          
--------------------------------------------------                              
RUA LIVRO,2                                                                     

TITULO                                                                          
--------------------------------------------------------------------------------
  CD_AUTOR CD_EDITORA    VL_REAL PUBLICACAO           VOLUME       CD_AUTOR     
---------- ---------- ---------- -------------------- ---------- ----------     
NOME                                               DT_NASCI CD_EDITORA          
-------------------------------------------------- -------- ----------          
RAZAO                                                        CNPJ               
------------------------------------------------------------ --------------     
ENDERECO                                                                        
--------------------------------------------------                              
CIDADE                                                                          
--------------------------------------------------                              
SÇO PAULO                                                                       

TITULO                                                                          
--------------------------------------------------------------------------------
  CD_AUTOR CD_EDITORA    VL_REAL PUBLICACAO           VOLUME       CD_AUTOR     
---------- ---------- ---------- -------------------- ---------- ----------     
NOME                                               DT_NASCI CD_EDITORA          
-------------------------------------------------- -------- ----------          
RAZAO                                                        CNPJ               
------------------------------------------------------------ --------------     
ENDERECO                                                                        
--------------------------------------------------                              
CIDADE                                                                          
--------------------------------------------------                              
                                                                                

TITULO                                                                          
--------------------------------------------------------------------------------
  CD_AUTOR CD_EDITORA    VL_REAL PUBLICACAO           VOLUME       CD_AUTOR     
---------- ---------- ---------- -------------------- ---------- ----------     
NOME                                               DT_NASCI CD_EDITORA          
-------------------------------------------------- -------- ----------          
RAZAO                                                        CNPJ               
------------------------------------------------------------ --------------     
ENDERECO                                                                        
--------------------------------------------------                              
CIDADE                                                                          
--------------------------------------------------                              
BANCO DE DADOS PROJETO E IMPLEMENTAÇO                                          

TITULO                                                                          
--------------------------------------------------------------------------------
  CD_AUTOR CD_EDITORA    VL_REAL PUBLICACAO           VOLUME       CD_AUTOR     
---------- ---------- ---------- -------------------- ---------- ----------     
NOME                                               DT_NASCI CD_EDITORA          
-------------------------------------------------- -------- ----------          
RAZAO                                                        CNPJ               
------------------------------------------------------------ --------------     
ENDERECO                                                                        
--------------------------------------------------                              
CIDADE                                                                          
--------------------------------------------------                              
         1         10       45,6                      1                   2     

TITULO                                                                          
--------------------------------------------------------------------------------
  CD_AUTOR CD_EDITORA    VL_REAL PUBLICACAO           VOLUME       CD_AUTOR     
---------- ---------- ---------- -------------------- ---------- ----------     
NOME                                               DT_NASCI CD_EDITORA          
-------------------------------------------------- -------- ----------          
RAZAO                                                        CNPJ               
------------------------------------------------------------ --------------     
ENDERECO                                                                        
--------------------------------------------------                              
CIDADE                                                                          
--------------------------------------------------                              
PETER ROB                                          09/08/54         10          

TITULO                                                                          
--------------------------------------------------------------------------------
  CD_AUTOR CD_EDITORA    VL_REAL PUBLICACAO           VOLUME       CD_AUTOR     
---------- ---------- ---------- -------------------- ---------- ----------     
NOME                                               DT_NASCI CD_EDITORA          
-------------------------------------------------- -------- ----------          
RAZAO                                                        CNPJ               
------------------------------------------------------------ --------------     
ENDERECO                                                                        
--------------------------------------------------                              
CIDADE                                                                          
--------------------------------------------------                              
ERICA                                                        10110100001        

TITULO                                                                          
--------------------------------------------------------------------------------
  CD_AUTOR CD_EDITORA    VL_REAL PUBLICACAO           VOLUME       CD_AUTOR     
---------- ---------- ---------- -------------------- ---------- ----------     
NOME                                               DT_NASCI CD_EDITORA          
-------------------------------------------------- -------- ----------          
RAZAO                                                        CNPJ               
------------------------------------------------------------ --------------     
ENDERECO                                                                        
--------------------------------------------------                              
CIDADE                                                                          
--------------------------------------------------                              
RUA LIVRO,2                                                                     

TITULO                                                                          
--------------------------------------------------------------------------------
  CD_AUTOR CD_EDITORA    VL_REAL PUBLICACAO           VOLUME       CD_AUTOR     
---------- ---------- ---------- -------------------- ---------- ----------     
NOME                                               DT_NASCI CD_EDITORA          
-------------------------------------------------- -------- ----------          
RAZAO                                                        CNPJ               
------------------------------------------------------------ --------------     
ENDERECO                                                                        
--------------------------------------------------                              
CIDADE                                                                          
--------------------------------------------------                              
SÇO PAULO                                                                       

TITULO                                                                          
--------------------------------------------------------------------------------
  CD_AUTOR CD_EDITORA    VL_REAL PUBLICACAO           VOLUME       CD_AUTOR     
---------- ---------- ---------- -------------------- ---------- ----------     
NOME                                               DT_NASCI CD_EDITORA          
-------------------------------------------------- -------- ----------          
RAZAO                                                        CNPJ               
------------------------------------------------------------ --------------     
ENDERECO                                                                        
--------------------------------------------------                              
CIDADE                                                                          
--------------------------------------------------                              
                                                                                

TITULO                                                                          
--------------------------------------------------------------------------------
  CD_AUTOR CD_EDITORA    VL_REAL PUBLICACAO           VOLUME       CD_AUTOR     
---------- ---------- ---------- -------------------- ---------- ----------     
NOME                                               DT_NASCI CD_EDITORA          
-------------------------------------------------- -------- ----------          
RAZAO                                                        CNPJ               
------------------------------------------------------------ --------------     
ENDERECO                                                                        
--------------------------------------------------                              
CIDADE                                                                          
--------------------------------------------------                              
BANCO DE DADOS PROJETO E IMPLEMENTAÇO                                          

TITULO                                                                          
--------------------------------------------------------------------------------
  CD_AUTOR CD_EDITORA    VL_REAL PUBLICACAO           VOLUME       CD_AUTOR     
---------- ---------- ---------- -------------------- ---------- ----------     
NOME                                               DT_NASCI CD_EDITORA          
-------------------------------------------------- -------- ----------          
RAZAO                                                        CNPJ               
------------------------------------------------------------ --------------     
ENDERECO                                                                        
--------------------------------------------------                              
CIDADE                                                                          
--------------------------------------------------                              
         1         10       45,6                      1                   3     

TITULO                                                                          
--------------------------------------------------------------------------------
  CD_AUTOR CD_EDITORA    VL_REAL PUBLICACAO           VOLUME       CD_AUTOR     
---------- ---------- ---------- -------------------- ---------- ----------     
NOME                                               DT_NASCI CD_EDITORA          
-------------------------------------------------- -------- ----------          
RAZAO                                                        CNPJ               
------------------------------------------------------------ --------------     
ENDERECO                                                                        
--------------------------------------------------                              
CIDADE                                                                          
--------------------------------------------------                              
CARLOS CORONEL                                     02/11/64         10          

TITULO                                                                          
--------------------------------------------------------------------------------
  CD_AUTOR CD_EDITORA    VL_REAL PUBLICACAO           VOLUME       CD_AUTOR     
---------- ---------- ---------- -------------------- ---------- ----------     
NOME                                               DT_NASCI CD_EDITORA          
-------------------------------------------------- -------- ----------          
RAZAO                                                        CNPJ               
------------------------------------------------------------ --------------     
ENDERECO                                                                        
--------------------------------------------------                              
CIDADE                                                                          
--------------------------------------------------                              
ERICA                                                        10110100001        

TITULO                                                                          
--------------------------------------------------------------------------------
  CD_AUTOR CD_EDITORA    VL_REAL PUBLICACAO           VOLUME       CD_AUTOR     
---------- ---------- ---------- -------------------- ---------- ----------     
NOME                                               DT_NASCI CD_EDITORA          
-------------------------------------------------- -------- ----------          
RAZAO                                                        CNPJ               
------------------------------------------------------------ --------------     
ENDERECO                                                                        
--------------------------------------------------                              
CIDADE                                                                          
--------------------------------------------------                              
RUA LIVRO,2                                                                     

TITULO                                                                          
--------------------------------------------------------------------------------
  CD_AUTOR CD_EDITORA    VL_REAL PUBLICACAO           VOLUME       CD_AUTOR     
---------- ---------- ---------- -------------------- ---------- ----------     
NOME                                               DT_NASCI CD_EDITORA          
-------------------------------------------------- -------- ----------          
RAZAO                                                        CNPJ               
------------------------------------------------------------ --------------     
ENDERECO                                                                        
--------------------------------------------------                              
CIDADE                                                                          
--------------------------------------------------                              
SÇO PAULO                                                                       

TITULO                                                                          
--------------------------------------------------------------------------------
  CD_AUTOR CD_EDITORA    VL_REAL PUBLICACAO           VOLUME       CD_AUTOR     
---------- ---------- ---------- -------------------- ---------- ----------     
NOME                                               DT_NASCI CD_EDITORA          
-------------------------------------------------- -------- ----------          
RAZAO                                                        CNPJ               
------------------------------------------------------------ --------------     
ENDERECO                                                                        
--------------------------------------------------                              
CIDADE                                                                          
--------------------------------------------------                              
                                                                                

TITULO                                                                          
--------------------------------------------------------------------------------
  CD_AUTOR CD_EDITORA    VL_REAL PUBLICACAO           VOLUME       CD_AUTOR     
---------- ---------- ---------- -------------------- ---------- ----------     
NOME                                               DT_NASCI CD_EDITORA          
-------------------------------------------------- -------- ----------          
RAZAO                                                        CNPJ               
------------------------------------------------------------ --------------     
ENDERECO                                                                        
--------------------------------------------------                              
CIDADE                                                                          
--------------------------------------------------                              
BANCO DE DADOS PROJETO E IMPLEMENTAÇO                                          

TITULO                                                                          
--------------------------------------------------------------------------------
  CD_AUTOR CD_EDITORA    VL_REAL PUBLICACAO           VOLUME       CD_AUTOR     
---------- ---------- ---------- -------------------- ---------- ----------     
NOME                                               DT_NASCI CD_EDITORA          
-------------------------------------------------- -------- ----------          
RAZAO                                                        CNPJ               
------------------------------------------------------------ --------------     
ENDERECO                                                                        
--------------------------------------------------                              
CIDADE                                                                          
--------------------------------------------------                              
         1         10       45,6                      1                   4     

TITULO                                                                          
--------------------------------------------------------------------------------
  CD_AUTOR CD_EDITORA    VL_REAL PUBLICACAO           VOLUME       CD_AUTOR     
---------- ---------- ---------- -------------------- ---------- ----------     
NOME                                               DT_NASCI CD_EDITORA          
-------------------------------------------------- -------- ----------          
RAZAO                                                        CNPJ               
------------------------------------------------------------ --------------     
ENDERECO                                                                        
--------------------------------------------------                              
CIDADE                                                                          
--------------------------------------------------                              
IVAN MECENAS                                       10/02/60         10          

TITULO                                                                          
--------------------------------------------------------------------------------
  CD_AUTOR CD_EDITORA    VL_REAL PUBLICACAO           VOLUME       CD_AUTOR     
---------- ---------- ---------- -------------------- ---------- ----------     
NOME                                               DT_NASCI CD_EDITORA          
-------------------------------------------------- -------- ----------          
RAZAO                                                        CNPJ               
------------------------------------------------------------ --------------     
ENDERECO                                                                        
--------------------------------------------------                              
CIDADE                                                                          
--------------------------------------------------                              
ERICA                                                        10110100001        

TITULO                                                                          
--------------------------------------------------------------------------------
  CD_AUTOR CD_EDITORA    VL_REAL PUBLICACAO           VOLUME       CD_AUTOR     
---------- ---------- ---------- -------------------- ---------- ----------     
NOME                                               DT_NASCI CD_EDITORA          
-------------------------------------------------- -------- ----------          
RAZAO                                                        CNPJ               
------------------------------------------------------------ --------------     
ENDERECO                                                                        
--------------------------------------------------                              
CIDADE                                                                          
--------------------------------------------------                              
RUA LIVRO,2                                                                     

TITULO                                                                          
--------------------------------------------------------------------------------
  CD_AUTOR CD_EDITORA    VL_REAL PUBLICACAO           VOLUME       CD_AUTOR     
---------- ---------- ---------- -------------------- ---------- ----------     
NOME                                               DT_NASCI CD_EDITORA          
-------------------------------------------------- -------- ----------          
RAZAO                                                        CNPJ               
------------------------------------------------------------ --------------     
ENDERECO                                                                        
--------------------------------------------------                              
CIDADE                                                                          
--------------------------------------------------                              
SÇO PAULO                                                                       

TITULO                                                                          
--------------------------------------------------------------------------------
  CD_AUTOR CD_EDITORA    VL_REAL PUBLICACAO           VOLUME       CD_AUTOR     
---------- ---------- ---------- -------------------- ---------- ----------     
NOME                                               DT_NASCI CD_EDITORA          
-------------------------------------------------- -------- ----------          
RAZAO                                                        CNPJ               
------------------------------------------------------------ --------------     
ENDERECO                                                                        
--------------------------------------------------                              
CIDADE                                                                          
--------------------------------------------------                              
                                                                                

TITULO                                                                          
--------------------------------------------------------------------------------
  CD_AUTOR CD_EDITORA    VL_REAL PUBLICACAO           VOLUME       CD_AUTOR     
---------- ---------- ---------- -------------------- ---------- ----------     
NOME                                               DT_NASCI CD_EDITORA          
-------------------------------------------------- -------- ----------          
RAZAO                                                        CNPJ               
------------------------------------------------------------ --------------     
ENDERECO                                                                        
--------------------------------------------------                              
CIDADE                                                                          
--------------------------------------------------                              
BANCO DE DADOS PROJETO E IMPLEMENTAÇO                                          

TITULO                                                                          
--------------------------------------------------------------------------------
  CD_AUTOR CD_EDITORA    VL_REAL PUBLICACAO           VOLUME       CD_AUTOR     
---------- ---------- ---------- -------------------- ---------- ----------     
NOME                                               DT_NASCI CD_EDITORA          
-------------------------------------------------- -------- ----------          
RAZAO                                                        CNPJ               
------------------------------------------------------------ --------------     
ENDERECO                                                                        
--------------------------------------------------                              
CIDADE                                                                          
--------------------------------------------------                              
         1         10       45,6                      1                   5     

TITULO                                                                          
--------------------------------------------------------------------------------
  CD_AUTOR CD_EDITORA    VL_REAL PUBLICACAO           VOLUME       CD_AUTOR     
---------- ---------- ---------- -------------------- ---------- ----------     
NOME                                               DT_NASCI CD_EDITORA          
-------------------------------------------------- -------- ----------          
RAZAO                                                        CNPJ               
------------------------------------------------------------ --------------     
ENDERECO                                                                        
--------------------------------------------------                              
CIDADE                                                                          
--------------------------------------------------                              
IVAN MECENAS                                                        10          

TITULO                                                                          
--------------------------------------------------------------------------------
  CD_AUTOR CD_EDITORA    VL_REAL PUBLICACAO           VOLUME       CD_AUTOR     
---------- ---------- ---------- -------------------- ---------- ----------     
NOME                                               DT_NASCI CD_EDITORA          
-------------------------------------------------- -------- ----------          
RAZAO                                                        CNPJ               
------------------------------------------------------------ --------------     
ENDERECO                                                                        
--------------------------------------------------                              
CIDADE                                                                          
--------------------------------------------------                              
ERICA                                                        10110100001        

TITULO                                                                          
--------------------------------------------------------------------------------
  CD_AUTOR CD_EDITORA    VL_REAL PUBLICACAO           VOLUME       CD_AUTOR     
---------- ---------- ---------- -------------------- ---------- ----------     
NOME                                               DT_NASCI CD_EDITORA          
-------------------------------------------------- -------- ----------          
RAZAO                                                        CNPJ               
------------------------------------------------------------ --------------     
ENDERECO                                                                        
--------------------------------------------------                              
CIDADE                                                                          
--------------------------------------------------                              
RUA LIVRO,2                                                                     

TITULO                                                                          
--------------------------------------------------------------------------------
  CD_AUTOR CD_EDITORA    VL_REAL PUBLICACAO           VOLUME       CD_AUTOR     
---------- ---------- ---------- -------------------- ---------- ----------     
NOME                                               DT_NASCI CD_EDITORA          
-------------------------------------------------- -------- ----------          
RAZAO                                                        CNPJ               
------------------------------------------------------------ --------------     
ENDERECO                                                                        
--------------------------------------------------                              
CIDADE                                                                          
--------------------------------------------------                              
SÇO PAULO                                                                       

TITULO                                                                          
--------------------------------------------------------------------------------
  CD_AUTOR CD_EDITORA    VL_REAL PUBLICACAO           VOLUME       CD_AUTOR     
---------- ---------- ---------- -------------------- ---------- ----------     
NOME                                               DT_NASCI CD_EDITORA          
-------------------------------------------------- -------- ----------          
RAZAO                                                        CNPJ               
------------------------------------------------------------ --------------     
ENDERECO                                                                        
--------------------------------------------------                              
CIDADE                                                                          
--------------------------------------------------                              
                                                                                

TITULO                                                                          
--------------------------------------------------------------------------------
  CD_AUTOR CD_EDITORA    VL_REAL PUBLICACAO           VOLUME       CD_AUTOR     
---------- ---------- ---------- -------------------- ---------- ----------     
NOME                                               DT_NASCI CD_EDITORA          
-------------------------------------------------- -------- ----------          
RAZAO                                                        CNPJ               
------------------------------------------------------------ --------------     
ENDERECO                                                                        
--------------------------------------------------                              
CIDADE                                                                          
--------------------------------------------------                              
BANCO DE DADOS: MODELO CONCEITUAL · IMPLEMENTAÇO FÖSICA                        

TITULO                                                                          
--------------------------------------------------------------------------------
  CD_AUTOR CD_EDITORA    VL_REAL PUBLICACAO           VOLUME       CD_AUTOR     
---------- ---------- ---------- -------------------- ---------- ----------     
NOME                                               DT_NASCI CD_EDITORA          
-------------------------------------------------- -------- ----------          
RAZAO                                                        CNPJ               
------------------------------------------------------------ --------------     
ENDERECO                                                                        
--------------------------------------------------                              
CIDADE                                                                          
--------------------------------------------------                              
         4         30       35,7                      1                   1     

TITULO                                                                          
--------------------------------------------------------------------------------
  CD_AUTOR CD_EDITORA    VL_REAL PUBLICACAO           VOLUME       CD_AUTOR     
---------- ---------- ---------- -------------------- ---------- ----------     
NOME                                               DT_NASCI CD_EDITORA          
-------------------------------------------------- -------- ----------          
RAZAO                                                        CNPJ               
------------------------------------------------------------ --------------     
ENDERECO                                                                        
--------------------------------------------------                              
CIDADE                                                                          
--------------------------------------------------                              
FELIPE NERY RODRIGUES MACHADO                      26/04/77         10          

TITULO                                                                          
--------------------------------------------------------------------------------
  CD_AUTOR CD_EDITORA    VL_REAL PUBLICACAO           VOLUME       CD_AUTOR     
---------- ---------- ---------- -------------------- ---------- ----------     
NOME                                               DT_NASCI CD_EDITORA          
-------------------------------------------------- -------- ----------          
RAZAO                                                        CNPJ               
------------------------------------------------------------ --------------     
ENDERECO                                                                        
--------------------------------------------------                              
CIDADE                                                                          
--------------------------------------------------                              
ERICA                                                        10110100001        

TITULO                                                                          
--------------------------------------------------------------------------------
  CD_AUTOR CD_EDITORA    VL_REAL PUBLICACAO           VOLUME       CD_AUTOR     
---------- ---------- ---------- -------------------- ---------- ----------     
NOME                                               DT_NASCI CD_EDITORA          
-------------------------------------------------- -------- ----------          
RAZAO                                                        CNPJ               
------------------------------------------------------------ --------------     
ENDERECO                                                                        
--------------------------------------------------                              
CIDADE                                                                          
--------------------------------------------------                              
RUA LIVRO,2                                                                     

TITULO                                                                          
--------------------------------------------------------------------------------
  CD_AUTOR CD_EDITORA    VL_REAL PUBLICACAO           VOLUME       CD_AUTOR     
---------- ---------- ---------- -------------------- ---------- ----------     
NOME                                               DT_NASCI CD_EDITORA          
-------------------------------------------------- -------- ----------          
RAZAO                                                        CNPJ               
------------------------------------------------------------ --------------     
ENDERECO                                                                        
--------------------------------------------------                              
CIDADE                                                                          
--------------------------------------------------                              
SÇO PAULO                                                                       

TITULO                                                                          
--------------------------------------------------------------------------------
  CD_AUTOR CD_EDITORA    VL_REAL PUBLICACAO           VOLUME       CD_AUTOR     
---------- ---------- ---------- -------------------- ---------- ----------     
NOME                                               DT_NASCI CD_EDITORA          
-------------------------------------------------- -------- ----------          
RAZAO                                                        CNPJ               
------------------------------------------------------------ --------------     
ENDERECO                                                                        
--------------------------------------------------                              
CIDADE                                                                          
--------------------------------------------------                              
                                                                                

TITULO                                                                          
--------------------------------------------------------------------------------
  CD_AUTOR CD_EDITORA    VL_REAL PUBLICACAO           VOLUME       CD_AUTOR     
---------- ---------- ---------- -------------------- ---------- ----------     
NOME                                               DT_NASCI CD_EDITORA          
-------------------------------------------------- -------- ----------          
RAZAO                                                        CNPJ               
------------------------------------------------------------ --------------     
ENDERECO                                                                        
--------------------------------------------------                              
CIDADE                                                                          
--------------------------------------------------                              
BANCO DE DADOS: MODELO CONCEITUAL · IMPLEMENTAÇO FÖSICA                        

TITULO                                                                          
--------------------------------------------------------------------------------
  CD_AUTOR CD_EDITORA    VL_REAL PUBLICACAO           VOLUME       CD_AUTOR     
---------- ---------- ---------- -------------------- ---------- ----------     
NOME                                               DT_NASCI CD_EDITORA          
-------------------------------------------------- -------- ----------          
RAZAO                                                        CNPJ               
------------------------------------------------------------ --------------     
ENDERECO                                                                        
--------------------------------------------------                              
CIDADE                                                                          
--------------------------------------------------                              
         4         30       35,7                      1                   2     

TITULO                                                                          
--------------------------------------------------------------------------------
  CD_AUTOR CD_EDITORA    VL_REAL PUBLICACAO           VOLUME       CD_AUTOR     
---------- ---------- ---------- -------------------- ---------- ----------     
NOME                                               DT_NASCI CD_EDITORA          
-------------------------------------------------- -------- ----------          
RAZAO                                                        CNPJ               
------------------------------------------------------------ --------------     
ENDERECO                                                                        
--------------------------------------------------                              
CIDADE                                                                          
--------------------------------------------------                              
PETER ROB                                          09/08/54         10          

TITULO                                                                          
--------------------------------------------------------------------------------
  CD_AUTOR CD_EDITORA    VL_REAL PUBLICACAO           VOLUME       CD_AUTOR     
---------- ---------- ---------- -------------------- ---------- ----------     
NOME                                               DT_NASCI CD_EDITORA          
-------------------------------------------------- -------- ----------          
RAZAO                                                        CNPJ               
------------------------------------------------------------ --------------     
ENDERECO                                                                        
--------------------------------------------------                              
CIDADE                                                                          
--------------------------------------------------                              
ERICA                                                        10110100001        

TITULO                                                                          
--------------------------------------------------------------------------------
  CD_AUTOR CD_EDITORA    VL_REAL PUBLICACAO           VOLUME       CD_AUTOR     
---------- ---------- ---------- -------------------- ---------- ----------     
NOME                                               DT_NASCI CD_EDITORA          
-------------------------------------------------- -------- ----------          
RAZAO                                                        CNPJ               
------------------------------------------------------------ --------------     
ENDERECO                                                                        
--------------------------------------------------                              
CIDADE                                                                          
--------------------------------------------------                              
RUA LIVRO,2                                                                     

TITULO                                                                          
--------------------------------------------------------------------------------
  CD_AUTOR CD_EDITORA    VL_REAL PUBLICACAO           VOLUME       CD_AUTOR     
---------- ---------- ---------- -------------------- ---------- ----------     
NOME                                               DT_NASCI CD_EDITORA          
-------------------------------------------------- -------- ----------          
RAZAO                                                        CNPJ               
------------------------------------------------------------ --------------     
ENDERECO                                                                        
--------------------------------------------------                              
CIDADE                                                                          
--------------------------------------------------                              
SÇO PAULO                                                                       

TITULO                                                                          
--------------------------------------------------------------------------------
  CD_AUTOR CD_EDITORA    VL_REAL PUBLICACAO           VOLUME       CD_AUTOR     
---------- ---------- ---------- -------------------- ---------- ----------     
NOME                                               DT_NASCI CD_EDITORA          
-------------------------------------------------- -------- ----------          
RAZAO                                                        CNPJ               
------------------------------------------------------------ --------------     
ENDERECO                                                                        
--------------------------------------------------                              
CIDADE                                                                          
--------------------------------------------------                              
                                                                                

TITULO                                                                          
--------------------------------------------------------------------------------
  CD_AUTOR CD_EDITORA    VL_REAL PUBLICACAO           VOLUME       CD_AUTOR     
---------- ---------- ---------- -------------------- ---------- ----------     
NOME                                               DT_NASCI CD_EDITORA          
-------------------------------------------------- -------- ----------          
RAZAO                                                        CNPJ               
------------------------------------------------------------ --------------     
ENDERECO                                                                        
--------------------------------------------------                              
CIDADE                                                                          
--------------------------------------------------                              
BANCO DE DADOS: MODELO CONCEITUAL · IMPLEMENTAÇO FÖSICA                        

TITULO                                                                          
--------------------------------------------------------------------------------
  CD_AUTOR CD_EDITORA    VL_REAL PUBLICACAO           VOLUME       CD_AUTOR     
---------- ---------- ---------- -------------------- ---------- ----------     
NOME                                               DT_NASCI CD_EDITORA          
-------------------------------------------------- -------- ----------          
RAZAO                                                        CNPJ               
------------------------------------------------------------ --------------     
ENDERECO                                                                        
--------------------------------------------------                              
CIDADE                                                                          
--------------------------------------------------                              
         4         30       35,7                      1                   3     

TITULO                                                                          
--------------------------------------------------------------------------------
  CD_AUTOR CD_EDITORA    VL_REAL PUBLICACAO           VOLUME       CD_AUTOR     
---------- ---------- ---------- -------------------- ---------- ----------     
NOME                                               DT_NASCI CD_EDITORA          
-------------------------------------------------- -------- ----------          
RAZAO                                                        CNPJ               
------------------------------------------------------------ --------------     
ENDERECO                                                                        
--------------------------------------------------                              
CIDADE                                                                          
--------------------------------------------------                              
CARLOS CORONEL                                     02/11/64         10          

TITULO                                                                          
--------------------------------------------------------------------------------
  CD_AUTOR CD_EDITORA    VL_REAL PUBLICACAO           VOLUME       CD_AUTOR     
---------- ---------- ---------- -------------------- ---------- ----------     
NOME                                               DT_NASCI CD_EDITORA          
-------------------------------------------------- -------- ----------          
RAZAO                                                        CNPJ               
------------------------------------------------------------ --------------     
ENDERECO                                                                        
--------------------------------------------------                              
CIDADE                                                                          
--------------------------------------------------                              
ERICA                                                        10110100001        

TITULO                                                                          
--------------------------------------------------------------------------------
  CD_AUTOR CD_EDITORA    VL_REAL PUBLICACAO           VOLUME       CD_AUTOR     
---------- ---------- ---------- -------------------- ---------- ----------     
NOME                                               DT_NASCI CD_EDITORA          
-------------------------------------------------- -------- ----------          
RAZAO                                                        CNPJ               
------------------------------------------------------------ --------------     
ENDERECO                                                                        
--------------------------------------------------                              
CIDADE                                                                          
--------------------------------------------------                              
RUA LIVRO,2                                                                     

TITULO                                                                          
--------------------------------------------------------------------------------
  CD_AUTOR CD_EDITORA    VL_REAL PUBLICACAO           VOLUME       CD_AUTOR     
---------- ---------- ---------- -------------------- ---------- ----------     
NOME                                               DT_NASCI CD_EDITORA          
-------------------------------------------------- -------- ----------          
RAZAO                                                        CNPJ               
------------------------------------------------------------ --------------     
ENDERECO                                                                        
--------------------------------------------------                              
CIDADE                                                                          
--------------------------------------------------                              
SÇO PAULO                                                                       

TITULO                                                                          
--------------------------------------------------------------------------------
  CD_AUTOR CD_EDITORA    VL_REAL PUBLICACAO           VOLUME       CD_AUTOR     
---------- ---------- ---------- -------------------- ---------- ----------     
NOME                                               DT_NASCI CD_EDITORA          
-------------------------------------------------- -------- ----------          
RAZAO                                                        CNPJ               
------------------------------------------------------------ --------------     
ENDERECO                                                                        
--------------------------------------------------                              
CIDADE                                                                          
--------------------------------------------------                              
                                                                                

TITULO                                                                          
--------------------------------------------------------------------------------
  CD_AUTOR CD_EDITORA    VL_REAL PUBLICACAO           VOLUME       CD_AUTOR     
---------- ---------- ---------- -------------------- ---------- ----------     
NOME                                               DT_NASCI CD_EDITORA          
-------------------------------------------------- -------- ----------          
RAZAO                                                        CNPJ               
------------------------------------------------------------ --------------     
ENDERECO                                                                        
--------------------------------------------------                              
CIDADE                                                                          
--------------------------------------------------                              
BANCO DE DADOS: MODELO CONCEITUAL · IMPLEMENTAÇO FÖSICA                        

TITULO                                                                          
--------------------------------------------------------------------------------
  CD_AUTOR CD_EDITORA    VL_REAL PUBLICACAO           VOLUME       CD_AUTOR     
---------- ---------- ---------- -------------------- ---------- ----------     
NOME                                               DT_NASCI CD_EDITORA          
-------------------------------------------------- -------- ----------          
RAZAO                                                        CNPJ               
------------------------------------------------------------ --------------     
ENDERECO                                                                        
--------------------------------------------------                              
CIDADE                                                                          
--------------------------------------------------                              
         4         30       35,7                      1                   4     

TITULO                                                                          
--------------------------------------------------------------------------------
  CD_AUTOR CD_EDITORA    VL_REAL PUBLICACAO           VOLUME       CD_AUTOR     
---------- ---------- ---------- -------------------- ---------- ----------     
NOME                                               DT_NASCI CD_EDITORA          
-------------------------------------------------- -------- ----------          
RAZAO                                                        CNPJ               
------------------------------------------------------------ --------------     
ENDERECO                                                                        
--------------------------------------------------                              
CIDADE                                                                          
--------------------------------------------------                              
IVAN MECENAS                                       10/02/60         10          

TITULO                                                                          
--------------------------------------------------------------------------------
  CD_AUTOR CD_EDITORA    VL_REAL PUBLICACAO           VOLUME       CD_AUTOR     
---------- ---------- ---------- -------------------- ---------- ----------     
NOME                                               DT_NASCI CD_EDITORA          
-------------------------------------------------- -------- ----------          
RAZAO                                                        CNPJ               
------------------------------------------------------------ --------------     
ENDERECO                                                                        
--------------------------------------------------                              
CIDADE                                                                          
--------------------------------------------------                              
ERICA                                                        10110100001        

TITULO                                                                          
--------------------------------------------------------------------------------
  CD_AUTOR CD_EDITORA    VL_REAL PUBLICACAO           VOLUME       CD_AUTOR     
---------- ---------- ---------- -------------------- ---------- ----------     
NOME                                               DT_NASCI CD_EDITORA          
-------------------------------------------------- -------- ----------          
RAZAO                                                        CNPJ               
------------------------------------------------------------ --------------     
ENDERECO                                                                        
--------------------------------------------------                              
CIDADE                                                                          
--------------------------------------------------                              
RUA LIVRO,2                                                                     

TITULO                                                                          
--------------------------------------------------------------------------------
  CD_AUTOR CD_EDITORA    VL_REAL PUBLICACAO           VOLUME       CD_AUTOR     
---------- ---------- ---------- -------------------- ---------- ----------     
NOME                                               DT_NASCI CD_EDITORA          
-------------------------------------------------- -------- ----------          
RAZAO                                                        CNPJ               
------------------------------------------------------------ --------------     
ENDERECO                                                                        
--------------------------------------------------                              
CIDADE                                                                          
--------------------------------------------------                              
SÇO PAULO                                                                       

TITULO                                                                          
--------------------------------------------------------------------------------
  CD_AUTOR CD_EDITORA    VL_REAL PUBLICACAO           VOLUME       CD_AUTOR     
---------- ---------- ---------- -------------------- ---------- ----------     
NOME                                               DT_NASCI CD_EDITORA          
-------------------------------------------------- -------- ----------          
RAZAO                                                        CNPJ               
------------------------------------------------------------ --------------     
ENDERECO                                                                        
--------------------------------------------------                              
CIDADE                                                                          
--------------------------------------------------                              
                                                                                

TITULO                                                                          
--------------------------------------------------------------------------------
  CD_AUTOR CD_EDITORA    VL_REAL PUBLICACAO           VOLUME       CD_AUTOR     
---------- ---------- ---------- -------------------- ---------- ----------     
NOME                                               DT_NASCI CD_EDITORA          
-------------------------------------------------- -------- ----------          
RAZAO                                                        CNPJ               
------------------------------------------------------------ --------------     
ENDERECO                                                                        
--------------------------------------------------                              
CIDADE                                                                          
--------------------------------------------------                              
BANCO DE DADOS: MODELO CONCEITUAL · IMPLEMENTAÇO FÖSICA                        

TITULO                                                                          
--------------------------------------------------------------------------------
  CD_AUTOR CD_EDITORA    VL_REAL PUBLICACAO           VOLUME       CD_AUTOR     
---------- ---------- ---------- -------------------- ---------- ----------     
NOME                                               DT_NASCI CD_EDITORA          
-------------------------------------------------- -------- ----------          
RAZAO                                                        CNPJ               
------------------------------------------------------------ --------------     
ENDERECO                                                                        
--------------------------------------------------                              
CIDADE                                                                          
--------------------------------------------------                              
         4         30       35,7                      1                   5     

TITULO                                                                          
--------------------------------------------------------------------------------
  CD_AUTOR CD_EDITORA    VL_REAL PUBLICACAO           VOLUME       CD_AUTOR     
---------- ---------- ---------- -------------------- ---------- ----------     
NOME                                               DT_NASCI CD_EDITORA          
-------------------------------------------------- -------- ----------          
RAZAO                                                        CNPJ               
------------------------------------------------------------ --------------     
ENDERECO                                                                        
--------------------------------------------------                              
CIDADE                                                                          
--------------------------------------------------                              
IVAN MECENAS                                                        10          

TITULO                                                                          
--------------------------------------------------------------------------------
  CD_AUTOR CD_EDITORA    VL_REAL PUBLICACAO           VOLUME       CD_AUTOR     
---------- ---------- ---------- -------------------- ---------- ----------     
NOME                                               DT_NASCI CD_EDITORA          
-------------------------------------------------- -------- ----------          
RAZAO                                                        CNPJ               
------------------------------------------------------------ --------------     
ENDERECO                                                                        
--------------------------------------------------                              
CIDADE                                                                          
--------------------------------------------------                              
ERICA                                                        10110100001        

TITULO                                                                          
--------------------------------------------------------------------------------
  CD_AUTOR CD_EDITORA    VL_REAL PUBLICACAO           VOLUME       CD_AUTOR     
---------- ---------- ---------- -------------------- ---------- ----------     
NOME                                               DT_NASCI CD_EDITORA          
-------------------------------------------------- -------- ----------          
RAZAO                                                        CNPJ               
------------------------------------------------------------ --------------     
ENDERECO                                                                        
--------------------------------------------------                              
CIDADE                                                                          
--------------------------------------------------                              
RUA LIVRO,2                                                                     

TITULO                                                                          
--------------------------------------------------------------------------------
  CD_AUTOR CD_EDITORA    VL_REAL PUBLICACAO           VOLUME       CD_AUTOR     
---------- ---------- ---------- -------------------- ---------- ----------     
NOME                                               DT_NASCI CD_EDITORA          
-------------------------------------------------- -------- ----------          
RAZAO                                                        CNPJ               
------------------------------------------------------------ --------------     
ENDERECO                                                                        
--------------------------------------------------                              
CIDADE                                                                          
--------------------------------------------------                              
SÇO PAULO                                                                       

TITULO                                                                          
--------------------------------------------------------------------------------
  CD_AUTOR CD_EDITORA    VL_REAL PUBLICACAO           VOLUME       CD_AUTOR     
---------- ---------- ---------- -------------------- ---------- ----------     
NOME                                               DT_NASCI CD_EDITORA          
-------------------------------------------------- -------- ----------          
RAZAO                                                        CNPJ               
------------------------------------------------------------ --------------     
ENDERECO                                                                        
--------------------------------------------------                              
CIDADE                                                                          
--------------------------------------------------                              
                                                                                

TITULO                                                                          
--------------------------------------------------------------------------------
  CD_AUTOR CD_EDITORA    VL_REAL PUBLICACAO           VOLUME       CD_AUTOR     
---------- ---------- ---------- -------------------- ---------- ----------     
NOME                                               DT_NASCI CD_EDITORA          
-------------------------------------------------- -------- ----------          
RAZAO                                                        CNPJ               
------------------------------------------------------------ --------------     
ENDERECO                                                                        
--------------------------------------------------                              
CIDADE                                                                          
--------------------------------------------------                              
BANCO DE DADOS: MODELO CONCEITUAL · IMPLEMENTAÇO FÖSICA                        

TITULO                                                                          
--------------------------------------------------------------------------------
  CD_AUTOR CD_EDITORA    VL_REAL PUBLICACAO           VOLUME       CD_AUTOR     
---------- ---------- ---------- -------------------- ---------- ----------     
NOME                                               DT_NASCI CD_EDITORA          
-------------------------------------------------- -------- ----------          
RAZAO                                                        CNPJ               
------------------------------------------------------------ --------------     
ENDERECO                                                                        
--------------------------------------------------                              
CIDADE                                                                          
--------------------------------------------------                              
         5         30       35,7                      1                   1     

TITULO                                                                          
--------------------------------------------------------------------------------
  CD_AUTOR CD_EDITORA    VL_REAL PUBLICACAO           VOLUME       CD_AUTOR     
---------- ---------- ---------- -------------------- ---------- ----------     
NOME                                               DT_NASCI CD_EDITORA          
-------------------------------------------------- -------- ----------          
RAZAO                                                        CNPJ               
------------------------------------------------------------ --------------     
ENDERECO                                                                        
--------------------------------------------------                              
CIDADE                                                                          
--------------------------------------------------                              
FELIPE NERY RODRIGUES MACHADO                      26/04/77         10          

TITULO                                                                          
--------------------------------------------------------------------------------
  CD_AUTOR CD_EDITORA    VL_REAL PUBLICACAO           VOLUME       CD_AUTOR     
---------- ---------- ---------- -------------------- ---------- ----------     
NOME                                               DT_NASCI CD_EDITORA          
-------------------------------------------------- -------- ----------          
RAZAO                                                        CNPJ               
------------------------------------------------------------ --------------     
ENDERECO                                                                        
--------------------------------------------------                              
CIDADE                                                                          
--------------------------------------------------                              
ERICA                                                        10110100001        

TITULO                                                                          
--------------------------------------------------------------------------------
  CD_AUTOR CD_EDITORA    VL_REAL PUBLICACAO           VOLUME       CD_AUTOR     
---------- ---------- ---------- -------------------- ---------- ----------     
NOME                                               DT_NASCI CD_EDITORA          
-------------------------------------------------- -------- ----------          
RAZAO                                                        CNPJ               
------------------------------------------------------------ --------------     
ENDERECO                                                                        
--------------------------------------------------                              
CIDADE                                                                          
--------------------------------------------------                              
RUA LIVRO,2                                                                     

TITULO                                                                          
--------------------------------------------------------------------------------
  CD_AUTOR CD_EDITORA    VL_REAL PUBLICACAO           VOLUME       CD_AUTOR     
---------- ---------- ---------- -------------------- ---------- ----------     
NOME                                               DT_NASCI CD_EDITORA          
-------------------------------------------------- -------- ----------          
RAZAO                                                        CNPJ               
------------------------------------------------------------ --------------     
ENDERECO                                                                        
--------------------------------------------------                              
CIDADE                                                                          
--------------------------------------------------                              
SÇO PAULO                                                                       

TITULO                                                                          
--------------------------------------------------------------------------------
  CD_AUTOR CD_EDITORA    VL_REAL PUBLICACAO           VOLUME       CD_AUTOR     
---------- ---------- ---------- -------------------- ---------- ----------     
NOME                                               DT_NASCI CD_EDITORA          
-------------------------------------------------- -------- ----------          
RAZAO                                                        CNPJ               
------------------------------------------------------------ --------------     
ENDERECO                                                                        
--------------------------------------------------                              
CIDADE                                                                          
--------------------------------------------------                              
                                                                                

TITULO                                                                          
--------------------------------------------------------------------------------
  CD_AUTOR CD_EDITORA    VL_REAL PUBLICACAO           VOLUME       CD_AUTOR     
---------- ---------- ---------- -------------------- ---------- ----------     
NOME                                               DT_NASCI CD_EDITORA          
-------------------------------------------------- -------- ----------          
RAZAO                                                        CNPJ               
------------------------------------------------------------ --------------     
ENDERECO                                                                        
--------------------------------------------------                              
CIDADE                                                                          
--------------------------------------------------                              
BANCO DE DADOS: MODELO CONCEITUAL · IMPLEMENTAÇO FÖSICA                        

TITULO                                                                          
--------------------------------------------------------------------------------
  CD_AUTOR CD_EDITORA    VL_REAL PUBLICACAO           VOLUME       CD_AUTOR     
---------- ---------- ---------- -------------------- ---------- ----------     
NOME                                               DT_NASCI CD_EDITORA          
-------------------------------------------------- -------- ----------          
RAZAO                                                        CNPJ               
------------------------------------------------------------ --------------     
ENDERECO                                                                        
--------------------------------------------------                              
CIDADE                                                                          
--------------------------------------------------                              
         5         30       35,7                      1                   2     

TITULO                                                                          
--------------------------------------------------------------------------------
  CD_AUTOR CD_EDITORA    VL_REAL PUBLICACAO           VOLUME       CD_AUTOR     
---------- ---------- ---------- -------------------- ---------- ----------     
NOME                                               DT_NASCI CD_EDITORA          
-------------------------------------------------- -------- ----------          
RAZAO                                                        CNPJ               
------------------------------------------------------------ --------------     
ENDERECO                                                                        
--------------------------------------------------                              
CIDADE                                                                          
--------------------------------------------------                              
PETER ROB                                          09/08/54         10          

TITULO                                                                          
--------------------------------------------------------------------------------
  CD_AUTOR CD_EDITORA    VL_REAL PUBLICACAO           VOLUME       CD_AUTOR     
---------- ---------- ---------- -------------------- ---------- ----------     
NOME                                               DT_NASCI CD_EDITORA          
-------------------------------------------------- -------- ----------          
RAZAO                                                        CNPJ               
------------------------------------------------------------ --------------     
ENDERECO                                                                        
--------------------------------------------------                              
CIDADE                                                                          
--------------------------------------------------                              
ERICA                                                        10110100001        

TITULO                                                                          
--------------------------------------------------------------------------------
  CD_AUTOR CD_EDITORA    VL_REAL PUBLICACAO           VOLUME       CD_AUTOR     
---------- ---------- ---------- -------------------- ---------- ----------     
NOME                                               DT_NASCI CD_EDITORA          
-------------------------------------------------- -------- ----------          
RAZAO                                                        CNPJ               
------------------------------------------------------------ --------------     
ENDERECO                                                                        
--------------------------------------------------                              
CIDADE                                                                          
--------------------------------------------------                              
RUA LIVRO,2                                                                     

TITULO                                                                          
--------------------------------------------------------------------------------
  CD_AUTOR CD_EDITORA    VL_REAL PUBLICACAO           VOLUME       CD_AUTOR     
---------- ---------- ---------- -------------------- ---------- ----------     
NOME                                               DT_NASCI CD_EDITORA          
-------------------------------------------------- -------- ----------          
RAZAO                                                        CNPJ               
------------------------------------------------------------ --------------     
ENDERECO                                                                        
--------------------------------------------------                              
CIDADE                                                                          
--------------------------------------------------                              
SÇO PAULO                                                                       

TITULO                                                                          
--------------------------------------------------------------------------------
  CD_AUTOR CD_EDITORA    VL_REAL PUBLICACAO           VOLUME       CD_AUTOR     
---------- ---------- ---------- -------------------- ---------- ----------     
NOME                                               DT_NASCI CD_EDITORA          
-------------------------------------------------- -------- ----------          
RAZAO                                                        CNPJ               
------------------------------------------------------------ --------------     
ENDERECO                                                                        
--------------------------------------------------                              
CIDADE                                                                          
--------------------------------------------------                              
                                                                                

TITULO                                                                          
--------------------------------------------------------------------------------
  CD_AUTOR CD_EDITORA    VL_REAL PUBLICACAO           VOLUME       CD_AUTOR     
---------- ---------- ---------- -------------------- ---------- ----------     
NOME                                               DT_NASCI CD_EDITORA          
-------------------------------------------------- -------- ----------          
RAZAO                                                        CNPJ               
------------------------------------------------------------ --------------     
ENDERECO                                                                        
--------------------------------------------------                              
CIDADE                                                                          
--------------------------------------------------                              
BANCO DE DADOS: MODELO CONCEITUAL · IMPLEMENTAÇO FÖSICA                        

TITULO                                                                          
--------------------------------------------------------------------------------
  CD_AUTOR CD_EDITORA    VL_REAL PUBLICACAO           VOLUME       CD_AUTOR     
---------- ---------- ---------- -------------------- ---------- ----------     
NOME                                               DT_NASCI CD_EDITORA          
-------------------------------------------------- -------- ----------          
RAZAO                                                        CNPJ               
------------------------------------------------------------ --------------     
ENDERECO                                                                        
--------------------------------------------------                              
CIDADE                                                                          
--------------------------------------------------                              
         5         30       35,7                      1                   3     

TITULO                                                                          
--------------------------------------------------------------------------------
  CD_AUTOR CD_EDITORA    VL_REAL PUBLICACAO           VOLUME       CD_AUTOR     
---------- ---------- ---------- -------------------- ---------- ----------     
NOME                                               DT_NASCI CD_EDITORA          
-------------------------------------------------- -------- ----------          
RAZAO                                                        CNPJ               
------------------------------------------------------------ --------------     
ENDERECO                                                                        
--------------------------------------------------                              
CIDADE                                                                          
--------------------------------------------------                              
CARLOS CORONEL                                     02/11/64         10          

TITULO                                                                          
--------------------------------------------------------------------------------
  CD_AUTOR CD_EDITORA    VL_REAL PUBLICACAO           VOLUME       CD_AUTOR     
---------- ---------- ---------- -------------------- ---------- ----------     
NOME                                               DT_NASCI CD_EDITORA          
-------------------------------------------------- -------- ----------          
RAZAO                                                        CNPJ               
------------------------------------------------------------ --------------     
ENDERECO                                                                        
--------------------------------------------------                              
CIDADE                                                                          
--------------------------------------------------                              
ERICA                                                        10110100001        

TITULO                                                                          
--------------------------------------------------------------------------------
  CD_AUTOR CD_EDITORA    VL_REAL PUBLICACAO           VOLUME       CD_AUTOR     
---------- ---------- ---------- -------------------- ---------- ----------     
NOME                                               DT_NASCI CD_EDITORA          
-------------------------------------------------- -------- ----------          
RAZAO                                                        CNPJ               
------------------------------------------------------------ --------------     
ENDERECO                                                                        
--------------------------------------------------                              
CIDADE                                                                          
--------------------------------------------------                              
RUA LIVRO,2                                                                     

TITULO                                                                          
--------------------------------------------------------------------------------
  CD_AUTOR CD_EDITORA    VL_REAL PUBLICACAO           VOLUME       CD_AUTOR     
---------- ---------- ---------- -------------------- ---------- ----------     
NOME                                               DT_NASCI CD_EDITORA          
-------------------------------------------------- -------- ----------          
RAZAO                                                        CNPJ               
------------------------------------------------------------ --------------     
ENDERECO                                                                        
--------------------------------------------------                              
CIDADE                                                                          
--------------------------------------------------                              
SÇO PAULO                                                                       

TITULO                                                                          
--------------------------------------------------------------------------------
  CD_AUTOR CD_EDITORA    VL_REAL PUBLICACAO           VOLUME       CD_AUTOR     
---------- ---------- ---------- -------------------- ---------- ----------     
NOME                                               DT_NASCI CD_EDITORA          
-------------------------------------------------- -------- ----------          
RAZAO                                                        CNPJ               
------------------------------------------------------------ --------------     
ENDERECO                                                                        
--------------------------------------------------                              
CIDADE                                                                          
--------------------------------------------------                              
                                                                                

TITULO                                                                          
--------------------------------------------------------------------------------
  CD_AUTOR CD_EDITORA    VL_REAL PUBLICACAO           VOLUME       CD_AUTOR     
---------- ---------- ---------- -------------------- ---------- ----------     
NOME                                               DT_NASCI CD_EDITORA          
-------------------------------------------------- -------- ----------          
RAZAO                                                        CNPJ               
------------------------------------------------------------ --------------     
ENDERECO                                                                        
--------------------------------------------------                              
CIDADE                                                                          
--------------------------------------------------                              
BANCO DE DADOS: MODELO CONCEITUAL · IMPLEMENTAÇO FÖSICA                        

TITULO                                                                          
--------------------------------------------------------------------------------
  CD_AUTOR CD_EDITORA    VL_REAL PUBLICACAO           VOLUME       CD_AUTOR     
---------- ---------- ---------- -------------------- ---------- ----------     
NOME                                               DT_NASCI CD_EDITORA          
-------------------------------------------------- -------- ----------          
RAZAO                                                        CNPJ               
------------------------------------------------------------ --------------     
ENDERECO                                                                        
--------------------------------------------------                              
CIDADE                                                                          
--------------------------------------------------                              
         5         30       35,7                      1                   4     

TITULO                                                                          
--------------------------------------------------------------------------------
  CD_AUTOR CD_EDITORA    VL_REAL PUBLICACAO           VOLUME       CD_AUTOR     
---------- ---------- ---------- -------------------- ---------- ----------     
NOME                                               DT_NASCI CD_EDITORA          
-------------------------------------------------- -------- ----------          
RAZAO                                                        CNPJ               
------------------------------------------------------------ --------------     
ENDERECO                                                                        
--------------------------------------------------                              
CIDADE                                                                          
--------------------------------------------------                              
IVAN MECENAS                                       10/02/60         10          

TITULO                                                                          
--------------------------------------------------------------------------------
  CD_AUTOR CD_EDITORA    VL_REAL PUBLICACAO           VOLUME       CD_AUTOR     
---------- ---------- ---------- -------------------- ---------- ----------     
NOME                                               DT_NASCI CD_EDITORA          
-------------------------------------------------- -------- ----------          
RAZAO                                                        CNPJ               
------------------------------------------------------------ --------------     
ENDERECO                                                                        
--------------------------------------------------                              
CIDADE                                                                          
--------------------------------------------------                              
ERICA                                                        10110100001        

TITULO                                                                          
--------------------------------------------------------------------------------
  CD_AUTOR CD_EDITORA    VL_REAL PUBLICACAO           VOLUME       CD_AUTOR     
---------- ---------- ---------- -------------------- ---------- ----------     
NOME                                               DT_NASCI CD_EDITORA          
-------------------------------------------------- -------- ----------          
RAZAO                                                        CNPJ               
------------------------------------------------------------ --------------     
ENDERECO                                                                        
--------------------------------------------------                              
CIDADE                                                                          
--------------------------------------------------                              
RUA LIVRO,2                                                                     

TITULO                                                                          
--------------------------------------------------------------------------------
  CD_AUTOR CD_EDITORA    VL_REAL PUBLICACAO           VOLUME       CD_AUTOR     
---------- ---------- ---------- -------------------- ---------- ----------     
NOME                                               DT_NASCI CD_EDITORA          
-------------------------------------------------- -------- ----------          
RAZAO                                                        CNPJ               
------------------------------------------------------------ --------------     
ENDERECO                                                                        
--------------------------------------------------                              
CIDADE                                                                          
--------------------------------------------------                              
SÇO PAULO                                                                       

TITULO                                                                          
--------------------------------------------------------------------------------
  CD_AUTOR CD_EDITORA    VL_REAL PUBLICACAO           VOLUME       CD_AUTOR     
---------- ---------- ---------- -------------------- ---------- ----------     
NOME                                               DT_NASCI CD_EDITORA          
-------------------------------------------------- -------- ----------          
RAZAO                                                        CNPJ               
------------------------------------------------------------ --------------     
ENDERECO                                                                        
--------------------------------------------------                              
CIDADE                                                                          
--------------------------------------------------                              
                                                                                

TITULO                                                                          
--------------------------------------------------------------------------------
  CD_AUTOR CD_EDITORA    VL_REAL PUBLICACAO           VOLUME       CD_AUTOR     
---------- ---------- ---------- -------------------- ---------- ----------     
NOME                                               DT_NASCI CD_EDITORA          
-------------------------------------------------- -------- ----------          
RAZAO                                                        CNPJ               
------------------------------------------------------------ --------------     
ENDERECO                                                                        
--------------------------------------------------                              
CIDADE                                                                          
--------------------------------------------------                              
BANCO DE DADOS: MODELO CONCEITUAL · IMPLEMENTAÇO FÖSICA                        

TITULO                                                                          
--------------------------------------------------------------------------------
  CD_AUTOR CD_EDITORA    VL_REAL PUBLICACAO           VOLUME       CD_AUTOR     
---------- ---------- ---------- -------------------- ---------- ----------     
NOME                                               DT_NASCI CD_EDITORA          
-------------------------------------------------- -------- ----------          
RAZAO                                                        CNPJ               
------------------------------------------------------------ --------------     
ENDERECO                                                                        
--------------------------------------------------                              
CIDADE                                                                          
--------------------------------------------------                              
         5         30       35,7                      1                   5     

TITULO                                                                          
--------------------------------------------------------------------------------
  CD_AUTOR CD_EDITORA    VL_REAL PUBLICACAO           VOLUME       CD_AUTOR     
---------- ---------- ---------- -------------------- ---------- ----------     
NOME                                               DT_NASCI CD_EDITORA          
-------------------------------------------------- -------- ----------          
RAZAO                                                        CNPJ               
------------------------------------------------------------ --------------     
ENDERECO                                                                        
--------------------------------------------------                              
CIDADE                                                                          
--------------------------------------------------                              
IVAN MECENAS                                                        10          

TITULO                                                                          
--------------------------------------------------------------------------------
  CD_AUTOR CD_EDITORA    VL_REAL PUBLICACAO           VOLUME       CD_AUTOR     
---------- ---------- ---------- -------------------- ---------- ----------     
NOME                                               DT_NASCI CD_EDITORA          
-------------------------------------------------- -------- ----------          
RAZAO                                                        CNPJ               
------------------------------------------------------------ --------------     
ENDERECO                                                                        
--------------------------------------------------                              
CIDADE                                                                          
--------------------------------------------------                              
ERICA                                                        10110100001        

TITULO                                                                          
--------------------------------------------------------------------------------
  CD_AUTOR CD_EDITORA    VL_REAL PUBLICACAO           VOLUME       CD_AUTOR     
---------- ---------- ---------- -------------------- ---------- ----------     
NOME                                               DT_NASCI CD_EDITORA          
-------------------------------------------------- -------- ----------          
RAZAO                                                        CNPJ               
------------------------------------------------------------ --------------     
ENDERECO                                                                        
--------------------------------------------------                              
CIDADE                                                                          
--------------------------------------------------                              
RUA LIVRO,2                                                                     

TITULO                                                                          
--------------------------------------------------------------------------------
  CD_AUTOR CD_EDITORA    VL_REAL PUBLICACAO           VOLUME       CD_AUTOR     
---------- ---------- ---------- -------------------- ---------- ----------     
NOME                                               DT_NASCI CD_EDITORA          
-------------------------------------------------- -------- ----------          
RAZAO                                                        CNPJ               
------------------------------------------------------------ --------------     
ENDERECO                                                                        
--------------------------------------------------                              
CIDADE                                                                          
--------------------------------------------------                              
SÇO PAULO                                                                       

TITULO                                                                          
--------------------------------------------------------------------------------
  CD_AUTOR CD_EDITORA    VL_REAL PUBLICACAO           VOLUME       CD_AUTOR     
---------- ---------- ---------- -------------------- ---------- ----------     
NOME                                               DT_NASCI CD_EDITORA          
-------------------------------------------------- -------- ----------          
RAZAO                                                        CNPJ               
------------------------------------------------------------ --------------     
ENDERECO                                                                        
--------------------------------------------------                              
CIDADE                                                                          
--------------------------------------------------                              
                                                                                

TITULO                                                                          
--------------------------------------------------------------------------------
  CD_AUTOR CD_EDITORA    VL_REAL PUBLICACAO           VOLUME       CD_AUTOR     
---------- ---------- ---------- -------------------- ---------- ----------     
NOME                                               DT_NASCI CD_EDITORA          
-------------------------------------------------- -------- ----------          
RAZAO                                                        CNPJ               
------------------------------------------------------------ --------------     
ENDERECO                                                                        
--------------------------------------------------                              
CIDADE                                                                          
--------------------------------------------------                              
SISTEMAS DE BANCO DE DADOS-PROJETO,IMPLEMENTAÇO E ADMINISTRAÇO                

TITULO                                                                          
--------------------------------------------------------------------------------
  CD_AUTOR CD_EDITORA    VL_REAL PUBLICACAO           VOLUME       CD_AUTOR     
---------- ---------- ---------- -------------------- ---------- ----------     
NOME                                               DT_NASCI CD_EDITORA          
-------------------------------------------------- -------- ----------          
RAZAO                                                        CNPJ               
------------------------------------------------------------ --------------     
ENDERECO                                                                        
--------------------------------------------------                              
CIDADE                                                                          
--------------------------------------------------                              
         2         20      100,8                      1                   1     

TITULO                                                                          
--------------------------------------------------------------------------------
  CD_AUTOR CD_EDITORA    VL_REAL PUBLICACAO           VOLUME       CD_AUTOR     
---------- ---------- ---------- -------------------- ---------- ----------     
NOME                                               DT_NASCI CD_EDITORA          
-------------------------------------------------- -------- ----------          
RAZAO                                                        CNPJ               
------------------------------------------------------------ --------------     
ENDERECO                                                                        
--------------------------------------------------                              
CIDADE                                                                          
--------------------------------------------------                              
FELIPE NERY RODRIGUES MACHADO                      26/04/77         10          

TITULO                                                                          
--------------------------------------------------------------------------------
  CD_AUTOR CD_EDITORA    VL_REAL PUBLICACAO           VOLUME       CD_AUTOR     
---------- ---------- ---------- -------------------- ---------- ----------     
NOME                                               DT_NASCI CD_EDITORA          
-------------------------------------------------- -------- ----------          
RAZAO                                                        CNPJ               
------------------------------------------------------------ --------------     
ENDERECO                                                                        
--------------------------------------------------                              
CIDADE                                                                          
--------------------------------------------------                              
ERICA                                                        10110100001        

TITULO                                                                          
--------------------------------------------------------------------------------
  CD_AUTOR CD_EDITORA    VL_REAL PUBLICACAO           VOLUME       CD_AUTOR     
---------- ---------- ---------- -------------------- ---------- ----------     
NOME                                               DT_NASCI CD_EDITORA          
-------------------------------------------------- -------- ----------          
RAZAO                                                        CNPJ               
------------------------------------------------------------ --------------     
ENDERECO                                                                        
--------------------------------------------------                              
CIDADE                                                                          
--------------------------------------------------                              
RUA LIVRO,2                                                                     

TITULO                                                                          
--------------------------------------------------------------------------------
  CD_AUTOR CD_EDITORA    VL_REAL PUBLICACAO           VOLUME       CD_AUTOR     
---------- ---------- ---------- -------------------- ---------- ----------     
NOME                                               DT_NASCI CD_EDITORA          
-------------------------------------------------- -------- ----------          
RAZAO                                                        CNPJ               
------------------------------------------------------------ --------------     
ENDERECO                                                                        
--------------------------------------------------                              
CIDADE                                                                          
--------------------------------------------------                              
SÇO PAULO                                                                       

TITULO                                                                          
--------------------------------------------------------------------------------
  CD_AUTOR CD_EDITORA    VL_REAL PUBLICACAO           VOLUME       CD_AUTOR     
---------- ---------- ---------- -------------------- ---------- ----------     
NOME                                               DT_NASCI CD_EDITORA          
-------------------------------------------------- -------- ----------          
RAZAO                                                        CNPJ               
------------------------------------------------------------ --------------     
ENDERECO                                                                        
--------------------------------------------------                              
CIDADE                                                                          
--------------------------------------------------                              
                                                                                

TITULO                                                                          
--------------------------------------------------------------------------------
  CD_AUTOR CD_EDITORA    VL_REAL PUBLICACAO           VOLUME       CD_AUTOR     
---------- ---------- ---------- -------------------- ---------- ----------     
NOME                                               DT_NASCI CD_EDITORA          
-------------------------------------------------- -------- ----------          
RAZAO                                                        CNPJ               
------------------------------------------------------------ --------------     
ENDERECO                                                                        
--------------------------------------------------                              
CIDADE                                                                          
--------------------------------------------------                              
SISTEMAS DE BANCO DE DADOS-PROJETO,IMPLEMENTAÇO E ADMINISTRAÇO                

TITULO                                                                          
--------------------------------------------------------------------------------
  CD_AUTOR CD_EDITORA    VL_REAL PUBLICACAO           VOLUME       CD_AUTOR     
---------- ---------- ---------- -------------------- ---------- ----------     
NOME                                               DT_NASCI CD_EDITORA          
-------------------------------------------------- -------- ----------          
RAZAO                                                        CNPJ               
------------------------------------------------------------ --------------     
ENDERECO                                                                        
--------------------------------------------------                              
CIDADE                                                                          
--------------------------------------------------                              
         2         20      100,8                      1                   2     

TITULO                                                                          
--------------------------------------------------------------------------------
  CD_AUTOR CD_EDITORA    VL_REAL PUBLICACAO           VOLUME       CD_AUTOR     
---------- ---------- ---------- -------------------- ---------- ----------     
NOME                                               DT_NASCI CD_EDITORA          
-------------------------------------------------- -------- ----------          
RAZAO                                                        CNPJ               
------------------------------------------------------------ --------------     
ENDERECO                                                                        
--------------------------------------------------                              
CIDADE                                                                          
--------------------------------------------------                              
PETER ROB                                          09/08/54         10          

TITULO                                                                          
--------------------------------------------------------------------------------
  CD_AUTOR CD_EDITORA    VL_REAL PUBLICACAO           VOLUME       CD_AUTOR     
---------- ---------- ---------- -------------------- ---------- ----------     
NOME                                               DT_NASCI CD_EDITORA          
-------------------------------------------------- -------- ----------          
RAZAO                                                        CNPJ               
------------------------------------------------------------ --------------     
ENDERECO                                                                        
--------------------------------------------------                              
CIDADE                                                                          
--------------------------------------------------                              
ERICA                                                        10110100001        

TITULO                                                                          
--------------------------------------------------------------------------------
  CD_AUTOR CD_EDITORA    VL_REAL PUBLICACAO           VOLUME       CD_AUTOR     
---------- ---------- ---------- -------------------- ---------- ----------     
NOME                                               DT_NASCI CD_EDITORA          
-------------------------------------------------- -------- ----------          
RAZAO                                                        CNPJ               
------------------------------------------------------------ --------------     
ENDERECO                                                                        
--------------------------------------------------                              
CIDADE                                                                          
--------------------------------------------------                              
RUA LIVRO,2                                                                     

TITULO                                                                          
--------------------------------------------------------------------------------
  CD_AUTOR CD_EDITORA    VL_REAL PUBLICACAO           VOLUME       CD_AUTOR     
---------- ---------- ---------- -------------------- ---------- ----------     
NOME                                               DT_NASCI CD_EDITORA          
-------------------------------------------------- -------- ----------          
RAZAO                                                        CNPJ               
------------------------------------------------------------ --------------     
ENDERECO                                                                        
--------------------------------------------------                              
CIDADE                                                                          
--------------------------------------------------                              
SÇO PAULO                                                                       

TITULO                                                                          
--------------------------------------------------------------------------------
  CD_AUTOR CD_EDITORA    VL_REAL PUBLICACAO           VOLUME       CD_AUTOR     
---------- ---------- ---------- -------------------- ---------- ----------     
NOME                                               DT_NASCI CD_EDITORA          
-------------------------------------------------- -------- ----------          
RAZAO                                                        CNPJ               
------------------------------------------------------------ --------------     
ENDERECO                                                                        
--------------------------------------------------                              
CIDADE                                                                          
--------------------------------------------------                              
                                                                                

TITULO                                                                          
--------------------------------------------------------------------------------
  CD_AUTOR CD_EDITORA    VL_REAL PUBLICACAO           VOLUME       CD_AUTOR     
---------- ---------- ---------- -------------------- ---------- ----------     
NOME                                               DT_NASCI CD_EDITORA          
-------------------------------------------------- -------- ----------          
RAZAO                                                        CNPJ               
------------------------------------------------------------ --------------     
ENDERECO                                                                        
--------------------------------------------------                              
CIDADE                                                                          
--------------------------------------------------                              
SISTEMAS DE BANCO DE DADOS-PROJETO,IMPLEMENTAÇO E ADMINISTRAÇO                

TITULO                                                                          
--------------------------------------------------------------------------------
  CD_AUTOR CD_EDITORA    VL_REAL PUBLICACAO           VOLUME       CD_AUTOR     
---------- ---------- ---------- -------------------- ---------- ----------     
NOME                                               DT_NASCI CD_EDITORA          
-------------------------------------------------- -------- ----------          
RAZAO                                                        CNPJ               
------------------------------------------------------------ --------------     
ENDERECO                                                                        
--------------------------------------------------                              
CIDADE                                                                          
--------------------------------------------------                              
         2         20      100,8                      1                   3     

TITULO                                                                          
--------------------------------------------------------------------------------
  CD_AUTOR CD_EDITORA    VL_REAL PUBLICACAO           VOLUME       CD_AUTOR     
---------- ---------- ---------- -------------------- ---------- ----------     
NOME                                               DT_NASCI CD_EDITORA          
-------------------------------------------------- -------- ----------          
RAZAO                                                        CNPJ               
------------------------------------------------------------ --------------     
ENDERECO                                                                        
--------------------------------------------------                              
CIDADE                                                                          
--------------------------------------------------                              
CARLOS CORONEL                                     02/11/64         10          

TITULO                                                                          
--------------------------------------------------------------------------------
  CD_AUTOR CD_EDITORA    VL_REAL PUBLICACAO           VOLUME       CD_AUTOR     
---------- ---------- ---------- -------------------- ---------- ----------     
NOME                                               DT_NASCI CD_EDITORA          
-------------------------------------------------- -------- ----------          
RAZAO                                                        CNPJ               
------------------------------------------------------------ --------------     
ENDERECO                                                                        
--------------------------------------------------                              
CIDADE                                                                          
--------------------------------------------------                              
ERICA                                                        10110100001        

TITULO                                                                          
--------------------------------------------------------------------------------
  CD_AUTOR CD_EDITORA    VL_REAL PUBLICACAO           VOLUME       CD_AUTOR     
---------- ---------- ---------- -------------------- ---------- ----------     
NOME                                               DT_NASCI CD_EDITORA          
-------------------------------------------------- -------- ----------          
RAZAO                                                        CNPJ               
------------------------------------------------------------ --------------     
ENDERECO                                                                        
--------------------------------------------------                              
CIDADE                                                                          
--------------------------------------------------                              
RUA LIVRO,2                                                                     

TITULO                                                                          
--------------------------------------------------------------------------------
  CD_AUTOR CD_EDITORA    VL_REAL PUBLICACAO           VOLUME       CD_AUTOR     
---------- ---------- ---------- -------------------- ---------- ----------     
NOME                                               DT_NASCI CD_EDITORA          
-------------------------------------------------- -------- ----------          
RAZAO                                                        CNPJ               
------------------------------------------------------------ --------------     
ENDERECO                                                                        
--------------------------------------------------                              
CIDADE                                                                          
--------------------------------------------------                              
SÇO PAULO                                                                       

TITULO                                                                          
--------------------------------------------------------------------------------
  CD_AUTOR CD_EDITORA    VL_REAL PUBLICACAO           VOLUME       CD_AUTOR     
---------- ---------- ---------- -------------------- ---------- ----------     
NOME                                               DT_NASCI CD_EDITORA          
-------------------------------------------------- -------- ----------          
RAZAO                                                        CNPJ               
------------------------------------------------------------ --------------     
ENDERECO                                                                        
--------------------------------------------------                              
CIDADE                                                                          
--------------------------------------------------                              
                                                                                

TITULO                                                                          
--------------------------------------------------------------------------------
  CD_AUTOR CD_EDITORA    VL_REAL PUBLICACAO           VOLUME       CD_AUTOR     
---------- ---------- ---------- -------------------- ---------- ----------     
NOME                                               DT_NASCI CD_EDITORA          
-------------------------------------------------- -------- ----------          
RAZAO                                                        CNPJ               
------------------------------------------------------------ --------------     
ENDERECO                                                                        
--------------------------------------------------                              
CIDADE                                                                          
--------------------------------------------------                              
SISTEMAS DE BANCO DE DADOS-PROJETO,IMPLEMENTAÇO E ADMINISTRAÇO                

TITULO                                                                          
--------------------------------------------------------------------------------
  CD_AUTOR CD_EDITORA    VL_REAL PUBLICACAO           VOLUME       CD_AUTOR     
---------- ---------- ---------- -------------------- ---------- ----------     
NOME                                               DT_NASCI CD_EDITORA          
-------------------------------------------------- -------- ----------          
RAZAO                                                        CNPJ               
------------------------------------------------------------ --------------     
ENDERECO                                                                        
--------------------------------------------------                              
CIDADE                                                                          
--------------------------------------------------                              
         2         20      100,8                      1                   4     

TITULO                                                                          
--------------------------------------------------------------------------------
  CD_AUTOR CD_EDITORA    VL_REAL PUBLICACAO           VOLUME       CD_AUTOR     
---------- ---------- ---------- -------------------- ---------- ----------     
NOME                                               DT_NASCI CD_EDITORA          
-------------------------------------------------- -------- ----------          
RAZAO                                                        CNPJ               
------------------------------------------------------------ --------------     
ENDERECO                                                                        
--------------------------------------------------                              
CIDADE                                                                          
--------------------------------------------------                              
IVAN MECENAS                                       10/02/60         10          

TITULO                                                                          
--------------------------------------------------------------------------------
  CD_AUTOR CD_EDITORA    VL_REAL PUBLICACAO           VOLUME       CD_AUTOR     
---------- ---------- ---------- -------------------- ---------- ----------     
NOME                                               DT_NASCI CD_EDITORA          
-------------------------------------------------- -------- ----------          
RAZAO                                                        CNPJ               
------------------------------------------------------------ --------------     
ENDERECO                                                                        
--------------------------------------------------                              
CIDADE                                                                          
--------------------------------------------------                              
ERICA                                                        10110100001        

TITULO                                                                          
--------------------------------------------------------------------------------
  CD_AUTOR CD_EDITORA    VL_REAL PUBLICACAO           VOLUME       CD_AUTOR     
---------- ---------- ---------- -------------------- ---------- ----------     
NOME                                               DT_NASCI CD_EDITORA          
-------------------------------------------------- -------- ----------          
RAZAO                                                        CNPJ               
------------------------------------------------------------ --------------     
ENDERECO                                                                        
--------------------------------------------------                              
CIDADE                                                                          
--------------------------------------------------                              
RUA LIVRO,2                                                                     

TITULO                                                                          
--------------------------------------------------------------------------------
  CD_AUTOR CD_EDITORA    VL_REAL PUBLICACAO           VOLUME       CD_AUTOR     
---------- ---------- ---------- -------------------- ---------- ----------     
NOME                                               DT_NASCI CD_EDITORA          
-------------------------------------------------- -------- ----------          
RAZAO                                                        CNPJ               
------------------------------------------------------------ --------------     
ENDERECO                                                                        
--------------------------------------------------                              
CIDADE                                                                          
--------------------------------------------------                              
SÇO PAULO                                                                       

TITULO                                                                          
--------------------------------------------------------------------------------
  CD_AUTOR CD_EDITORA    VL_REAL PUBLICACAO           VOLUME       CD_AUTOR     
---------- ---------- ---------- -------------------- ---------- ----------     
NOME                                               DT_NASCI CD_EDITORA          
-------------------------------------------------- -------- ----------          
RAZAO                                                        CNPJ               
------------------------------------------------------------ --------------     
ENDERECO                                                                        
--------------------------------------------------                              
CIDADE                                                                          
--------------------------------------------------                              
                                                                                

TITULO                                                                          
--------------------------------------------------------------------------------
  CD_AUTOR CD_EDITORA    VL_REAL PUBLICACAO           VOLUME       CD_AUTOR     
---------- ---------- ---------- -------------------- ---------- ----------     
NOME                                               DT_NASCI CD_EDITORA          
-------------------------------------------------- -------- ----------          
RAZAO                                                        CNPJ               
------------------------------------------------------------ --------------     
ENDERECO                                                                        
--------------------------------------------------                              
CIDADE                                                                          
--------------------------------------------------                              
SISTEMAS DE BANCO DE DADOS-PROJETO,IMPLEMENTAÇO E ADMINISTRAÇO                

TITULO                                                                          
--------------------------------------------------------------------------------
  CD_AUTOR CD_EDITORA    VL_REAL PUBLICACAO           VOLUME       CD_AUTOR     
---------- ---------- ---------- -------------------- ---------- ----------     
NOME                                               DT_NASCI CD_EDITORA          
-------------------------------------------------- -------- ----------          
RAZAO                                                        CNPJ               
------------------------------------------------------------ --------------     
ENDERECO                                                                        
--------------------------------------------------                              
CIDADE                                                                          
--------------------------------------------------                              
         2         20      100,8                      1                   5     

TITULO                                                                          
--------------------------------------------------------------------------------
  CD_AUTOR CD_EDITORA    VL_REAL PUBLICACAO           VOLUME       CD_AUTOR     
---------- ---------- ---------- -------------------- ---------- ----------     
NOME                                               DT_NASCI CD_EDITORA          
-------------------------------------------------- -------- ----------          
RAZAO                                                        CNPJ               
------------------------------------------------------------ --------------     
ENDERECO                                                                        
--------------------------------------------------                              
CIDADE                                                                          
--------------------------------------------------                              
IVAN MECENAS                                                        10          

TITULO                                                                          
--------------------------------------------------------------------------------
  CD_AUTOR CD_EDITORA    VL_REAL PUBLICACAO           VOLUME       CD_AUTOR     
---------- ---------- ---------- -------------------- ---------- ----------     
NOME                                               DT_NASCI CD_EDITORA          
-------------------------------------------------- -------- ----------          
RAZAO                                                        CNPJ               
------------------------------------------------------------ --------------     
ENDERECO                                                                        
--------------------------------------------------                              
CIDADE                                                                          
--------------------------------------------------                              
ERICA                                                        10110100001        

TITULO                                                                          
--------------------------------------------------------------------------------
  CD_AUTOR CD_EDITORA    VL_REAL PUBLICACAO           VOLUME       CD_AUTOR     
---------- ---------- ---------- -------------------- ---------- ----------     
NOME                                               DT_NASCI CD_EDITORA          
-------------------------------------------------- -------- ----------          
RAZAO                                                        CNPJ               
------------------------------------------------------------ --------------     
ENDERECO                                                                        
--------------------------------------------------                              
CIDADE                                                                          
--------------------------------------------------                              
RUA LIVRO,2                                                                     

TITULO                                                                          
--------------------------------------------------------------------------------
  CD_AUTOR CD_EDITORA    VL_REAL PUBLICACAO           VOLUME       CD_AUTOR     
---------- ---------- ---------- -------------------- ---------- ----------     
NOME                                               DT_NASCI CD_EDITORA          
-------------------------------------------------- -------- ----------          
RAZAO                                                        CNPJ               
------------------------------------------------------------ --------------     
ENDERECO                                                                        
--------------------------------------------------                              
CIDADE                                                                          
--------------------------------------------------                              
SÇO PAULO                                                                       

TITULO                                                                          
--------------------------------------------------------------------------------
  CD_AUTOR CD_EDITORA    VL_REAL PUBLICACAO           VOLUME       CD_AUTOR     
---------- ---------- ---------- -------------------- ---------- ----------     
NOME                                               DT_NASCI CD_EDITORA          
-------------------------------------------------- -------- ----------          
RAZAO                                                        CNPJ               
------------------------------------------------------------ --------------     
ENDERECO                                                                        
--------------------------------------------------                              
CIDADE                                                                          
--------------------------------------------------                              
                                                                                

TITULO                                                                          
--------------------------------------------------------------------------------
  CD_AUTOR CD_EDITORA    VL_REAL PUBLICACAO           VOLUME       CD_AUTOR     
---------- ---------- ---------- -------------------- ---------- ----------     
NOME                                               DT_NASCI CD_EDITORA          
-------------------------------------------------- -------- ----------          
RAZAO                                                        CNPJ               
------------------------------------------------------------ --------------     
ENDERECO                                                                        
--------------------------------------------------                              
CIDADE                                                                          
--------------------------------------------------                              
SISTEMAS DE BANCO DE DADOS-PROJETO,IMPLEMENTAÇO E ADMINISTRAÇO                

TITULO                                                                          
--------------------------------------------------------------------------------
  CD_AUTOR CD_EDITORA    VL_REAL PUBLICACAO           VOLUME       CD_AUTOR     
---------- ---------- ---------- -------------------- ---------- ----------     
NOME                                               DT_NASCI CD_EDITORA          
-------------------------------------------------- -------- ----------          
RAZAO                                                        CNPJ               
------------------------------------------------------------ --------------     
ENDERECO                                                                        
--------------------------------------------------                              
CIDADE                                                                          
--------------------------------------------------                              
         3         20      100,8                      2                   1     

TITULO                                                                          
--------------------------------------------------------------------------------
  CD_AUTOR CD_EDITORA    VL_REAL PUBLICACAO           VOLUME       CD_AUTOR     
---------- ---------- ---------- -------------------- ---------- ----------     
NOME                                               DT_NASCI CD_EDITORA          
-------------------------------------------------- -------- ----------          
RAZAO                                                        CNPJ               
------------------------------------------------------------ --------------     
ENDERECO                                                                        
--------------------------------------------------                              
CIDADE                                                                          
--------------------------------------------------                              
FELIPE NERY RODRIGUES MACHADO                      26/04/77         10          

TITULO                                                                          
--------------------------------------------------------------------------------
  CD_AUTOR CD_EDITORA    VL_REAL PUBLICACAO           VOLUME       CD_AUTOR     
---------- ---------- ---------- -------------------- ---------- ----------     
NOME                                               DT_NASCI CD_EDITORA          
-------------------------------------------------- -------- ----------          
RAZAO                                                        CNPJ               
------------------------------------------------------------ --------------     
ENDERECO                                                                        
--------------------------------------------------                              
CIDADE                                                                          
--------------------------------------------------                              
ERICA                                                        10110100001        

TITULO                                                                          
--------------------------------------------------------------------------------
  CD_AUTOR CD_EDITORA    VL_REAL PUBLICACAO           VOLUME       CD_AUTOR     
---------- ---------- ---------- -------------------- ---------- ----------     
NOME                                               DT_NASCI CD_EDITORA          
-------------------------------------------------- -------- ----------          
RAZAO                                                        CNPJ               
------------------------------------------------------------ --------------     
ENDERECO                                                                        
--------------------------------------------------                              
CIDADE                                                                          
--------------------------------------------------                              
RUA LIVRO,2                                                                     

TITULO                                                                          
--------------------------------------------------------------------------------
  CD_AUTOR CD_EDITORA    VL_REAL PUBLICACAO           VOLUME       CD_AUTOR     
---------- ---------- ---------- -------------------- ---------- ----------     
NOME                                               DT_NASCI CD_EDITORA          
-------------------------------------------------- -------- ----------          
RAZAO                                                        CNPJ               
------------------------------------------------------------ --------------     
ENDERECO                                                                        
--------------------------------------------------                              
CIDADE                                                                          
--------------------------------------------------                              
SÇO PAULO                                                                       

TITULO                                                                          
--------------------------------------------------------------------------------
  CD_AUTOR CD_EDITORA    VL_REAL PUBLICACAO           VOLUME       CD_AUTOR     
---------- ---------- ---------- -------------------- ---------- ----------     
NOME                                               DT_NASCI CD_EDITORA          
-------------------------------------------------- -------- ----------          
RAZAO                                                        CNPJ               
------------------------------------------------------------ --------------     
ENDERECO                                                                        
--------------------------------------------------                              
CIDADE                                                                          
--------------------------------------------------                              
                                                                                

TITULO                                                                          
--------------------------------------------------------------------------------
  CD_AUTOR CD_EDITORA    VL_REAL PUBLICACAO           VOLUME       CD_AUTOR     
---------- ---------- ---------- -------------------- ---------- ----------     
NOME                                               DT_NASCI CD_EDITORA          
-------------------------------------------------- -------- ----------          
RAZAO                                                        CNPJ               
------------------------------------------------------------ --------------     
ENDERECO                                                                        
--------------------------------------------------                              
CIDADE                                                                          
--------------------------------------------------                              
SISTEMAS DE BANCO DE DADOS-PROJETO,IMPLEMENTAÇO E ADMINISTRAÇO                

TITULO                                                                          
--------------------------------------------------------------------------------
  CD_AUTOR CD_EDITORA    VL_REAL PUBLICACAO           VOLUME       CD_AUTOR     
---------- ---------- ---------- -------------------- ---------- ----------     
NOME                                               DT_NASCI CD_EDITORA          
-------------------------------------------------- -------- ----------          
RAZAO                                                        CNPJ               
------------------------------------------------------------ --------------     
ENDERECO                                                                        
--------------------------------------------------                              
CIDADE                                                                          
--------------------------------------------------                              
         3         20      100,8                      2                   2     

TITULO                                                                          
--------------------------------------------------------------------------------
  CD_AUTOR CD_EDITORA    VL_REAL PUBLICACAO           VOLUME       CD_AUTOR     
---------- ---------- ---------- -------------------- ---------- ----------     
NOME                                               DT_NASCI CD_EDITORA          
-------------------------------------------------- -------- ----------          
RAZAO                                                        CNPJ               
------------------------------------------------------------ --------------     
ENDERECO                                                                        
--------------------------------------------------                              
CIDADE                                                                          
--------------------------------------------------                              
PETER ROB                                          09/08/54         10          

TITULO                                                                          
--------------------------------------------------------------------------------
  CD_AUTOR CD_EDITORA    VL_REAL PUBLICACAO           VOLUME       CD_AUTOR     
---------- ---------- ---------- -------------------- ---------- ----------     
NOME                                               DT_NASCI CD_EDITORA          
-------------------------------------------------- -------- ----------          
RAZAO                                                        CNPJ               
------------------------------------------------------------ --------------     
ENDERECO                                                                        
--------------------------------------------------                              
CIDADE                                                                          
--------------------------------------------------                              
ERICA                                                        10110100001        

TITULO                                                                          
--------------------------------------------------------------------------------
  CD_AUTOR CD_EDITORA    VL_REAL PUBLICACAO           VOLUME       CD_AUTOR     
---------- ---------- ---------- -------------------- ---------- ----------     
NOME                                               DT_NASCI CD_EDITORA          
-------------------------------------------------- -------- ----------          
RAZAO                                                        CNPJ               
------------------------------------------------------------ --------------     
ENDERECO                                                                        
--------------------------------------------------                              
CIDADE                                                                          
--------------------------------------------------                              
RUA LIVRO,2                                                                     

TITULO                                                                          
--------------------------------------------------------------------------------
  CD_AUTOR CD_EDITORA    VL_REAL PUBLICACAO           VOLUME       CD_AUTOR     
---------- ---------- ---------- -------------------- ---------- ----------     
NOME                                               DT_NASCI CD_EDITORA          
-------------------------------------------------- -------- ----------          
RAZAO                                                        CNPJ               
------------------------------------------------------------ --------------     
ENDERECO                                                                        
--------------------------------------------------                              
CIDADE                                                                          
--------------------------------------------------                              
SÇO PAULO                                                                       

TITULO                                                                          
--------------------------------------------------------------------------------
  CD_AUTOR CD_EDITORA    VL_REAL PUBLICACAO           VOLUME       CD_AUTOR     
---------- ---------- ---------- -------------------- ---------- ----------     
NOME                                               DT_NASCI CD_EDITORA          
-------------------------------------------------- -------- ----------          
RAZAO                                                        CNPJ               
------------------------------------------------------------ --------------     
ENDERECO                                                                        
--------------------------------------------------                              
CIDADE                                                                          
--------------------------------------------------                              
                                                                                

TITULO                                                                          
--------------------------------------------------------------------------------
  CD_AUTOR CD_EDITORA    VL_REAL PUBLICACAO           VOLUME       CD_AUTOR     
---------- ---------- ---------- -------------------- ---------- ----------     
NOME                                               DT_NASCI CD_EDITORA          
-------------------------------------------------- -------- ----------          
RAZAO                                                        CNPJ               
------------------------------------------------------------ --------------     
ENDERECO                                                                        
--------------------------------------------------                              
CIDADE                                                                          
--------------------------------------------------                              
SISTEMAS DE BANCO DE DADOS-PROJETO,IMPLEMENTAÇO E ADMINISTRAÇO                

TITULO                                                                          
--------------------------------------------------------------------------------
  CD_AUTOR CD_EDITORA    VL_REAL PUBLICACAO           VOLUME       CD_AUTOR     
---------- ---------- ---------- -------------------- ---------- ----------     
NOME                                               DT_NASCI CD_EDITORA          
-------------------------------------------------- -------- ----------          
RAZAO                                                        CNPJ               
------------------------------------------------------------ --------------     
ENDERECO                                                                        
--------------------------------------------------                              
CIDADE                                                                          
--------------------------------------------------                              
         3         20      100,8                      2                   3     

TITULO                                                                          
--------------------------------------------------------------------------------
  CD_AUTOR CD_EDITORA    VL_REAL PUBLICACAO           VOLUME       CD_AUTOR     
---------- ---------- ---------- -------------------- ---------- ----------     
NOME                                               DT_NASCI CD_EDITORA          
-------------------------------------------------- -------- ----------          
RAZAO                                                        CNPJ               
------------------------------------------------------------ --------------     
ENDERECO                                                                        
--------------------------------------------------                              
CIDADE                                                                          
--------------------------------------------------                              
CARLOS CORONEL                                     02/11/64         10          

TITULO                                                                          
--------------------------------------------------------------------------------
  CD_AUTOR CD_EDITORA    VL_REAL PUBLICACAO           VOLUME       CD_AUTOR     
---------- ---------- ---------- -------------------- ---------- ----------     
NOME                                               DT_NASCI CD_EDITORA          
-------------------------------------------------- -------- ----------          
RAZAO                                                        CNPJ               
------------------------------------------------------------ --------------     
ENDERECO                                                                        
--------------------------------------------------                              
CIDADE                                                                          
--------------------------------------------------                              
ERICA                                                        10110100001        

TITULO                                                                          
--------------------------------------------------------------------------------
  CD_AUTOR CD_EDITORA    VL_REAL PUBLICACAO           VOLUME       CD_AUTOR     
---------- ---------- ---------- -------------------- ---------- ----------     
NOME                                               DT_NASCI CD_EDITORA          
-------------------------------------------------- -------- ----------          
RAZAO                                                        CNPJ               
------------------------------------------------------------ --------------     
ENDERECO                                                                        
--------------------------------------------------                              
CIDADE                                                                          
--------------------------------------------------                              
RUA LIVRO,2                                                                     

TITULO                                                                          
--------------------------------------------------------------------------------
  CD_AUTOR CD_EDITORA    VL_REAL PUBLICACAO           VOLUME       CD_AUTOR     
---------- ---------- ---------- -------------------- ---------- ----------     
NOME                                               DT_NASCI CD_EDITORA          
-------------------------------------------------- -------- ----------          
RAZAO                                                        CNPJ               
------------------------------------------------------------ --------------     
ENDERECO                                                                        
--------------------------------------------------                              
CIDADE                                                                          
--------------------------------------------------                              
SÇO PAULO                                                                       

TITULO                                                                          
--------------------------------------------------------------------------------
  CD_AUTOR CD_EDITORA    VL_REAL PUBLICACAO           VOLUME       CD_AUTOR     
---------- ---------- ---------- -------------------- ---------- ----------     
NOME                                               DT_NASCI CD_EDITORA          
-------------------------------------------------- -------- ----------          
RAZAO                                                        CNPJ               
------------------------------------------------------------ --------------     
ENDERECO                                                                        
--------------------------------------------------                              
CIDADE                                                                          
--------------------------------------------------                              
                                                                                

TITULO                                                                          
--------------------------------------------------------------------------------
  CD_AUTOR CD_EDITORA    VL_REAL PUBLICACAO           VOLUME       CD_AUTOR     
---------- ---------- ---------- -------------------- ---------- ----------     
NOME                                               DT_NASCI CD_EDITORA          
-------------------------------------------------- -------- ----------          
RAZAO                                                        CNPJ               
------------------------------------------------------------ --------------     
ENDERECO                                                                        
--------------------------------------------------                              
CIDADE                                                                          
--------------------------------------------------                              
SISTEMAS DE BANCO DE DADOS-PROJETO,IMPLEMENTAÇO E ADMINISTRAÇO                

TITULO                                                                          
--------------------------------------------------------------------------------
  CD_AUTOR CD_EDITORA    VL_REAL PUBLICACAO           VOLUME       CD_AUTOR     
---------- ---------- ---------- -------------------- ---------- ----------     
NOME                                               DT_NASCI CD_EDITORA          
-------------------------------------------------- -------- ----------          
RAZAO                                                        CNPJ               
------------------------------------------------------------ --------------     
ENDERECO                                                                        
--------------------------------------------------                              
CIDADE                                                                          
--------------------------------------------------                              
         3         20      100,8                      2                   4     

TITULO                                                                          
--------------------------------------------------------------------------------
  CD_AUTOR CD_EDITORA    VL_REAL PUBLICACAO           VOLUME       CD_AUTOR     
---------- ---------- ---------- -------------------- ---------- ----------     
NOME                                               DT_NASCI CD_EDITORA          
-------------------------------------------------- -------- ----------          
RAZAO                                                        CNPJ               
------------------------------------------------------------ --------------     
ENDERECO                                                                        
--------------------------------------------------                              
CIDADE                                                                          
--------------------------------------------------                              
IVAN MECENAS                                       10/02/60         10          

TITULO                                                                          
--------------------------------------------------------------------------------
  CD_AUTOR CD_EDITORA    VL_REAL PUBLICACAO           VOLUME       CD_AUTOR     
---------- ---------- ---------- -------------------- ---------- ----------     
NOME                                               DT_NASCI CD_EDITORA          
-------------------------------------------------- -------- ----------          
RAZAO                                                        CNPJ               
------------------------------------------------------------ --------------     
ENDERECO                                                                        
--------------------------------------------------                              
CIDADE                                                                          
--------------------------------------------------                              
ERICA                                                        10110100001        

TITULO                                                                          
--------------------------------------------------------------------------------
  CD_AUTOR CD_EDITORA    VL_REAL PUBLICACAO           VOLUME       CD_AUTOR     
---------- ---------- ---------- -------------------- ---------- ----------     
NOME                                               DT_NASCI CD_EDITORA          
-------------------------------------------------- -------- ----------          
RAZAO                                                        CNPJ               
------------------------------------------------------------ --------------     
ENDERECO                                                                        
--------------------------------------------------                              
CIDADE                                                                          
--------------------------------------------------                              
RUA LIVRO,2                                                                     

TITULO                                                                          
--------------------------------------------------------------------------------
  CD_AUTOR CD_EDITORA    VL_REAL PUBLICACAO           VOLUME       CD_AUTOR     
---------- ---------- ---------- -------------------- ---------- ----------     
NOME                                               DT_NASCI CD_EDITORA          
-------------------------------------------------- -------- ----------          
RAZAO                                                        CNPJ               
------------------------------------------------------------ --------------     
ENDERECO                                                                        
--------------------------------------------------                              
CIDADE                                                                          
--------------------------------------------------                              
SÇO PAULO                                                                       

TITULO                                                                          
--------------------------------------------------------------------------------
  CD_AUTOR CD_EDITORA    VL_REAL PUBLICACAO           VOLUME       CD_AUTOR     
---------- ---------- ---------- -------------------- ---------- ----------     
NOME                                               DT_NASCI CD_EDITORA          
-------------------------------------------------- -------- ----------          
RAZAO                                                        CNPJ               
------------------------------------------------------------ --------------     
ENDERECO                                                                        
--------------------------------------------------                              
CIDADE                                                                          
--------------------------------------------------                              
                                                                                

TITULO                                                                          
--------------------------------------------------------------------------------
  CD_AUTOR CD_EDITORA    VL_REAL PUBLICACAO           VOLUME       CD_AUTOR     
---------- ---------- ---------- -------------------- ---------- ----------     
NOME                                               DT_NASCI CD_EDITORA          
-------------------------------------------------- -------- ----------          
RAZAO                                                        CNPJ               
------------------------------------------------------------ --------------     
ENDERECO                                                                        
--------------------------------------------------                              
CIDADE                                                                          
--------------------------------------------------                              
SISTEMAS DE BANCO DE DADOS-PROJETO,IMPLEMENTAÇO E ADMINISTRAÇO                

TITULO                                                                          
--------------------------------------------------------------------------------
  CD_AUTOR CD_EDITORA    VL_REAL PUBLICACAO           VOLUME       CD_AUTOR     
---------- ---------- ---------- -------------------- ---------- ----------     
NOME                                               DT_NASCI CD_EDITORA          
-------------------------------------------------- -------- ----------          
RAZAO                                                        CNPJ               
------------------------------------------------------------ --------------     
ENDERECO                                                                        
--------------------------------------------------                              
CIDADE                                                                          
--------------------------------------------------                              
         3         20      100,8                      2                   5     

TITULO                                                                          
--------------------------------------------------------------------------------
  CD_AUTOR CD_EDITORA    VL_REAL PUBLICACAO           VOLUME       CD_AUTOR     
---------- ---------- ---------- -------------------- ---------- ----------     
NOME                                               DT_NASCI CD_EDITORA          
-------------------------------------------------- -------- ----------          
RAZAO                                                        CNPJ               
------------------------------------------------------------ --------------     
ENDERECO                                                                        
--------------------------------------------------                              
CIDADE                                                                          
--------------------------------------------------                              
IVAN MECENAS                                                        10          

TITULO                                                                          
--------------------------------------------------------------------------------
  CD_AUTOR CD_EDITORA    VL_REAL PUBLICACAO           VOLUME       CD_AUTOR     
---------- ---------- ---------- -------------------- ---------- ----------     
NOME                                               DT_NASCI CD_EDITORA          
-------------------------------------------------- -------- ----------          
RAZAO                                                        CNPJ               
------------------------------------------------------------ --------------     
ENDERECO                                                                        
--------------------------------------------------                              
CIDADE                                                                          
--------------------------------------------------                              
ERICA                                                        10110100001        

TITULO                                                                          
--------------------------------------------------------------------------------
  CD_AUTOR CD_EDITORA    VL_REAL PUBLICACAO           VOLUME       CD_AUTOR     
---------- ---------- ---------- -------------------- ---------- ----------     
NOME                                               DT_NASCI CD_EDITORA          
-------------------------------------------------- -------- ----------          
RAZAO                                                        CNPJ               
------------------------------------------------------------ --------------     
ENDERECO                                                                        
--------------------------------------------------                              
CIDADE                                                                          
--------------------------------------------------                              
RUA LIVRO,2                                                                     

TITULO                                                                          
--------------------------------------------------------------------------------
  CD_AUTOR CD_EDITORA    VL_REAL PUBLICACAO           VOLUME       CD_AUTOR     
---------- ---------- ---------- -------------------- ---------- ----------     
NOME                                               DT_NASCI CD_EDITORA          
-------------------------------------------------- -------- ----------          
RAZAO                                                        CNPJ               
------------------------------------------------------------ --------------     
ENDERECO                                                                        
--------------------------------------------------                              
CIDADE                                                                          
--------------------------------------------------                              
SÇO PAULO                                                                       

TITULO                                                                          
--------------------------------------------------------------------------------
  CD_AUTOR CD_EDITORA    VL_REAL PUBLICACAO           VOLUME       CD_AUTOR     
---------- ---------- ---------- -------------------- ---------- ----------     
NOME                                               DT_NASCI CD_EDITORA          
-------------------------------------------------- -------- ----------          
RAZAO                                                        CNPJ               
------------------------------------------------------------ --------------     
ENDERECO                                                                        
--------------------------------------------------                              
CIDADE                                                                          
--------------------------------------------------                              
                                                                                

TITULO                                                                          
--------------------------------------------------------------------------------
  CD_AUTOR CD_EDITORA    VL_REAL PUBLICACAO           VOLUME       CD_AUTOR     
---------- ---------- ---------- -------------------- ---------- ----------     
NOME                                               DT_NASCI CD_EDITORA          
-------------------------------------------------- -------- ----------          
RAZAO                                                        CNPJ               
------------------------------------------------------------ --------------     
ENDERECO                                                                        
--------------------------------------------------                              
CIDADE                                                                          
--------------------------------------------------                              
BANCO DE DADOS PROJETO E IMPLEMENTAÇO                                          

TITULO                                                                          
--------------------------------------------------------------------------------
  CD_AUTOR CD_EDITORA    VL_REAL PUBLICACAO           VOLUME       CD_AUTOR     
---------- ---------- ---------- -------------------- ---------- ----------     
NOME                                               DT_NASCI CD_EDITORA          
-------------------------------------------------- -------- ----------          
RAZAO                                                        CNPJ               
------------------------------------------------------------ --------------     
ENDERECO                                                                        
--------------------------------------------------                              
CIDADE                                                                          
--------------------------------------------------                              
         1         10       45,6                      1                   1     

TITULO                                                                          
--------------------------------------------------------------------------------
  CD_AUTOR CD_EDITORA    VL_REAL PUBLICACAO           VOLUME       CD_AUTOR     
---------- ---------- ---------- -------------------- ---------- ----------     
NOME                                               DT_NASCI CD_EDITORA          
-------------------------------------------------- -------- ----------          
RAZAO                                                        CNPJ               
------------------------------------------------------------ --------------     
ENDERECO                                                                        
--------------------------------------------------                              
CIDADE                                                                          
--------------------------------------------------                              
FELIPE NERY RODRIGUES MACHADO                      26/04/77         20          

TITULO                                                                          
--------------------------------------------------------------------------------
  CD_AUTOR CD_EDITORA    VL_REAL PUBLICACAO           VOLUME       CD_AUTOR     
---------- ---------- ---------- -------------------- ---------- ----------     
NOME                                               DT_NASCI CD_EDITORA          
-------------------------------------------------- -------- ----------          
RAZAO                                                        CNPJ               
------------------------------------------------------------ --------------     
ENDERECO                                                                        
--------------------------------------------------                              
CIDADE                                                                          
--------------------------------------------------                              
CENGAGE                                                      12345670001        

TITULO                                                                          
--------------------------------------------------------------------------------
  CD_AUTOR CD_EDITORA    VL_REAL PUBLICACAO           VOLUME       CD_AUTOR     
---------- ---------- ---------- -------------------- ---------- ----------     
NOME                                               DT_NASCI CD_EDITORA          
-------------------------------------------------- -------- ----------          
RAZAO                                                        CNPJ               
------------------------------------------------------------ --------------     
ENDERECO                                                                        
--------------------------------------------------                              
CIDADE                                                                          
--------------------------------------------------                              
AV. ENSINO,14                                                                   

TITULO                                                                          
--------------------------------------------------------------------------------
  CD_AUTOR CD_EDITORA    VL_REAL PUBLICACAO           VOLUME       CD_AUTOR     
---------- ---------- ---------- -------------------- ---------- ----------     
NOME                                               DT_NASCI CD_EDITORA          
-------------------------------------------------- -------- ----------          
RAZAO                                                        CNPJ               
------------------------------------------------------------ --------------     
ENDERECO                                                                        
--------------------------------------------------                              
CIDADE                                                                          
--------------------------------------------------                              
RIO DE JANEIRO                                                                  

TITULO                                                                          
--------------------------------------------------------------------------------
  CD_AUTOR CD_EDITORA    VL_REAL PUBLICACAO           VOLUME       CD_AUTOR     
---------- ---------- ---------- -------------------- ---------- ----------     
NOME                                               DT_NASCI CD_EDITORA          
-------------------------------------------------- -------- ----------          
RAZAO                                                        CNPJ               
------------------------------------------------------------ --------------     
ENDERECO                                                                        
--------------------------------------------------                              
CIDADE                                                                          
--------------------------------------------------                              
                                                                                

TITULO                                                                          
--------------------------------------------------------------------------------
  CD_AUTOR CD_EDITORA    VL_REAL PUBLICACAO           VOLUME       CD_AUTOR     
---------- ---------- ---------- -------------------- ---------- ----------     
NOME                                               DT_NASCI CD_EDITORA          
-------------------------------------------------- -------- ----------          
RAZAO                                                        CNPJ               
------------------------------------------------------------ --------------     
ENDERECO                                                                        
--------------------------------------------------                              
CIDADE                                                                          
--------------------------------------------------                              
BANCO DE DADOS PROJETO E IMPLEMENTAÇO                                          

TITULO                                                                          
--------------------------------------------------------------------------------
  CD_AUTOR CD_EDITORA    VL_REAL PUBLICACAO           VOLUME       CD_AUTOR     
---------- ---------- ---------- -------------------- ---------- ----------     
NOME                                               DT_NASCI CD_EDITORA          
-------------------------------------------------- -------- ----------          
RAZAO                                                        CNPJ               
------------------------------------------------------------ --------------     
ENDERECO                                                                        
--------------------------------------------------                              
CIDADE                                                                          
--------------------------------------------------                              
         1         10       45,6                      1                   2     

TITULO                                                                          
--------------------------------------------------------------------------------
  CD_AUTOR CD_EDITORA    VL_REAL PUBLICACAO           VOLUME       CD_AUTOR     
---------- ---------- ---------- -------------------- ---------- ----------     
NOME                                               DT_NASCI CD_EDITORA          
-------------------------------------------------- -------- ----------          
RAZAO                                                        CNPJ               
------------------------------------------------------------ --------------     
ENDERECO                                                                        
--------------------------------------------------                              
CIDADE                                                                          
--------------------------------------------------                              
PETER ROB                                          09/08/54         20          

TITULO                                                                          
--------------------------------------------------------------------------------
  CD_AUTOR CD_EDITORA    VL_REAL PUBLICACAO           VOLUME       CD_AUTOR     
---------- ---------- ---------- -------------------- ---------- ----------     
NOME                                               DT_NASCI CD_EDITORA          
-------------------------------------------------- -------- ----------          
RAZAO                                                        CNPJ               
------------------------------------------------------------ --------------     
ENDERECO                                                                        
--------------------------------------------------                              
CIDADE                                                                          
--------------------------------------------------                              
CENGAGE                                                      12345670001        

TITULO                                                                          
--------------------------------------------------------------------------------
  CD_AUTOR CD_EDITORA    VL_REAL PUBLICACAO           VOLUME       CD_AUTOR     
---------- ---------- ---------- -------------------- ---------- ----------     
NOME                                               DT_NASCI CD_EDITORA          
-------------------------------------------------- -------- ----------          
RAZAO                                                        CNPJ               
------------------------------------------------------------ --------------     
ENDERECO                                                                        
--------------------------------------------------                              
CIDADE                                                                          
--------------------------------------------------                              
AV. ENSINO,14                                                                   

TITULO                                                                          
--------------------------------------------------------------------------------
  CD_AUTOR CD_EDITORA    VL_REAL PUBLICACAO           VOLUME       CD_AUTOR     
---------- ---------- ---------- -------------------- ---------- ----------     
NOME                                               DT_NASCI CD_EDITORA          
-------------------------------------------------- -------- ----------          
RAZAO                                                        CNPJ               
------------------------------------------------------------ --------------     
ENDERECO                                                                        
--------------------------------------------------                              
CIDADE                                                                          
--------------------------------------------------                              
RIO DE JANEIRO                                                                  

TITULO                                                                          
--------------------------------------------------------------------------------
  CD_AUTOR CD_EDITORA    VL_REAL PUBLICACAO           VOLUME       CD_AUTOR     
---------- ---------- ---------- -------------------- ---------- ----------     
NOME                                               DT_NASCI CD_EDITORA          
-------------------------------------------------- -------- ----------          
RAZAO                                                        CNPJ               
------------------------------------------------------------ --------------     
ENDERECO                                                                        
--------------------------------------------------                              
CIDADE                                                                          
--------------------------------------------------                              
                                                                                

TITULO                                                                          
--------------------------------------------------------------------------------
  CD_AUTOR CD_EDITORA    VL_REAL PUBLICACAO           VOLUME       CD_AUTOR     
---------- ---------- ---------- -------------------- ---------- ----------     
NOME                                               DT_NASCI CD_EDITORA          
-------------------------------------------------- -------- ----------          
RAZAO                                                        CNPJ               
------------------------------------------------------------ --------------     
ENDERECO                                                                        
--------------------------------------------------                              
CIDADE                                                                          
--------------------------------------------------                              
BANCO DE DADOS PROJETO E IMPLEMENTAÇO                                          

TITULO                                                                          
--------------------------------------------------------------------------------
  CD_AUTOR CD_EDITORA    VL_REAL PUBLICACAO           VOLUME       CD_AUTOR     
---------- ---------- ---------- -------------------- ---------- ----------     
NOME                                               DT_NASCI CD_EDITORA          
-------------------------------------------------- -------- ----------          
RAZAO                                                        CNPJ               
------------------------------------------------------------ --------------     
ENDERECO                                                                        
--------------------------------------------------                              
CIDADE                                                                          
--------------------------------------------------                              
         1         10       45,6                      1                   3     

TITULO                                                                          
--------------------------------------------------------------------------------
  CD_AUTOR CD_EDITORA    VL_REAL PUBLICACAO           VOLUME       CD_AUTOR     
---------- ---------- ---------- -------------------- ---------- ----------     
NOME                                               DT_NASCI CD_EDITORA          
-------------------------------------------------- -------- ----------          
RAZAO                                                        CNPJ               
------------------------------------------------------------ --------------     
ENDERECO                                                                        
--------------------------------------------------                              
CIDADE                                                                          
--------------------------------------------------                              
CARLOS CORONEL                                     02/11/64         20          

TITULO                                                                          
--------------------------------------------------------------------------------
  CD_AUTOR CD_EDITORA    VL_REAL PUBLICACAO           VOLUME       CD_AUTOR     
---------- ---------- ---------- -------------------- ---------- ----------     
NOME                                               DT_NASCI CD_EDITORA          
-------------------------------------------------- -------- ----------          
RAZAO                                                        CNPJ               
------------------------------------------------------------ --------------     
ENDERECO                                                                        
--------------------------------------------------                              
CIDADE                                                                          
--------------------------------------------------                              
CENGAGE                                                      12345670001        

TITULO                                                                          
--------------------------------------------------------------------------------
  CD_AUTOR CD_EDITORA    VL_REAL PUBLICACAO           VOLUME       CD_AUTOR     
---------- ---------- ---------- -------------------- ---------- ----------     
NOME                                               DT_NASCI CD_EDITORA          
-------------------------------------------------- -------- ----------          
RAZAO                                                        CNPJ               
------------------------------------------------------------ --------------     
ENDERECO                                                                        
--------------------------------------------------                              
CIDADE                                                                          
--------------------------------------------------                              
AV. ENSINO,14                                                                   

TITULO                                                                          
--------------------------------------------------------------------------------
  CD_AUTOR CD_EDITORA    VL_REAL PUBLICACAO           VOLUME       CD_AUTOR     
---------- ---------- ---------- -------------------- ---------- ----------     
NOME                                               DT_NASCI CD_EDITORA          
-------------------------------------------------- -------- ----------          
RAZAO                                                        CNPJ               
------------------------------------------------------------ --------------     
ENDERECO                                                                        
--------------------------------------------------                              
CIDADE                                                                          
--------------------------------------------------                              
RIO DE JANEIRO                                                                  

TITULO                                                                          
--------------------------------------------------------------------------------
  CD_AUTOR CD_EDITORA    VL_REAL PUBLICACAO           VOLUME       CD_AUTOR     
---------- ---------- ---------- -------------------- ---------- ----------     
NOME                                               DT_NASCI CD_EDITORA          
-------------------------------------------------- -------- ----------          
RAZAO                                                        CNPJ               
------------------------------------------------------------ --------------     
ENDERECO                                                                        
--------------------------------------------------                              
CIDADE                                                                          
--------------------------------------------------                              
                                                                                

TITULO                                                                          
--------------------------------------------------------------------------------
  CD_AUTOR CD_EDITORA    VL_REAL PUBLICACAO           VOLUME       CD_AUTOR     
---------- ---------- ---------- -------------------- ---------- ----------     
NOME                                               DT_NASCI CD_EDITORA          
-------------------------------------------------- -------- ----------          
RAZAO                                                        CNPJ               
------------------------------------------------------------ --------------     
ENDERECO                                                                        
--------------------------------------------------                              
CIDADE                                                                          
--------------------------------------------------                              
BANCO DE DADOS PROJETO E IMPLEMENTAÇO                                          

TITULO                                                                          
--------------------------------------------------------------------------------
  CD_AUTOR CD_EDITORA    VL_REAL PUBLICACAO           VOLUME       CD_AUTOR     
---------- ---------- ---------- -------------------- ---------- ----------     
NOME                                               DT_NASCI CD_EDITORA          
-------------------------------------------------- -------- ----------          
RAZAO                                                        CNPJ               
------------------------------------------------------------ --------------     
ENDERECO                                                                        
--------------------------------------------------                              
CIDADE                                                                          
--------------------------------------------------                              
         1         10       45,6                      1                   4     

TITULO                                                                          
--------------------------------------------------------------------------------
  CD_AUTOR CD_EDITORA    VL_REAL PUBLICACAO           VOLUME       CD_AUTOR     
---------- ---------- ---------- -------------------- ---------- ----------     
NOME                                               DT_NASCI CD_EDITORA          
-------------------------------------------------- -------- ----------          
RAZAO                                                        CNPJ               
------------------------------------------------------------ --------------     
ENDERECO                                                                        
--------------------------------------------------                              
CIDADE                                                                          
--------------------------------------------------                              
IVAN MECENAS                                       10/02/60         20          

TITULO                                                                          
--------------------------------------------------------------------------------
  CD_AUTOR CD_EDITORA    VL_REAL PUBLICACAO           VOLUME       CD_AUTOR     
---------- ---------- ---------- -------------------- ---------- ----------     
NOME                                               DT_NASCI CD_EDITORA          
-------------------------------------------------- -------- ----------          
RAZAO                                                        CNPJ               
------------------------------------------------------------ --------------     
ENDERECO                                                                        
--------------------------------------------------                              
CIDADE                                                                          
--------------------------------------------------                              
CENGAGE                                                      12345670001        

TITULO                                                                          
--------------------------------------------------------------------------------
  CD_AUTOR CD_EDITORA    VL_REAL PUBLICACAO           VOLUME       CD_AUTOR     
---------- ---------- ---------- -------------------- ---------- ----------     
NOME                                               DT_NASCI CD_EDITORA          
-------------------------------------------------- -------- ----------          
RAZAO                                                        CNPJ               
------------------------------------------------------------ --------------     
ENDERECO                                                                        
--------------------------------------------------                              
CIDADE                                                                          
--------------------------------------------------                              
AV. ENSINO,14                                                                   

TITULO                                                                          
--------------------------------------------------------------------------------
  CD_AUTOR CD_EDITORA    VL_REAL PUBLICACAO           VOLUME       CD_AUTOR     
---------- ---------- ---------- -------------------- ---------- ----------     
NOME                                               DT_NASCI CD_EDITORA          
-------------------------------------------------- -------- ----------          
RAZAO                                                        CNPJ               
------------------------------------------------------------ --------------     
ENDERECO                                                                        
--------------------------------------------------                              
CIDADE                                                                          
--------------------------------------------------                              
RIO DE JANEIRO                                                                  

TITULO                                                                          
--------------------------------------------------------------------------------
  CD_AUTOR CD_EDITORA    VL_REAL PUBLICACAO           VOLUME       CD_AUTOR     
---------- ---------- ---------- -------------------- ---------- ----------     
NOME                                               DT_NASCI CD_EDITORA          
-------------------------------------------------- -------- ----------          
RAZAO                                                        CNPJ               
------------------------------------------------------------ --------------     
ENDERECO                                                                        
--------------------------------------------------                              
CIDADE                                                                          
--------------------------------------------------                              
                                                                                

TITULO                                                                          
--------------------------------------------------------------------------------
  CD_AUTOR CD_EDITORA    VL_REAL PUBLICACAO           VOLUME       CD_AUTOR     
---------- ---------- ---------- -------------------- ---------- ----------     
NOME                                               DT_NASCI CD_EDITORA          
-------------------------------------------------- -------- ----------          
RAZAO                                                        CNPJ               
------------------------------------------------------------ --------------     
ENDERECO                                                                        
--------------------------------------------------                              
CIDADE                                                                          
--------------------------------------------------                              
BANCO DE DADOS PROJETO E IMPLEMENTAÇO                                          

TITULO                                                                          
--------------------------------------------------------------------------------
  CD_AUTOR CD_EDITORA    VL_REAL PUBLICACAO           VOLUME       CD_AUTOR     
---------- ---------- ---------- -------------------- ---------- ----------     
NOME                                               DT_NASCI CD_EDITORA          
-------------------------------------------------- -------- ----------          
RAZAO                                                        CNPJ               
------------------------------------------------------------ --------------     
ENDERECO                                                                        
--------------------------------------------------                              
CIDADE                                                                          
--------------------------------------------------                              
         1         10       45,6                      1                   5     

TITULO                                                                          
--------------------------------------------------------------------------------
  CD_AUTOR CD_EDITORA    VL_REAL PUBLICACAO           VOLUME       CD_AUTOR     
---------- ---------- ---------- -------------------- ---------- ----------     
NOME                                               DT_NASCI CD_EDITORA          
-------------------------------------------------- -------- ----------          
RAZAO                                                        CNPJ               
------------------------------------------------------------ --------------     
ENDERECO                                                                        
--------------------------------------------------                              
CIDADE                                                                          
--------------------------------------------------                              
IVAN MECENAS                                                        20          

TITULO                                                                          
--------------------------------------------------------------------------------
  CD_AUTOR CD_EDITORA    VL_REAL PUBLICACAO           VOLUME       CD_AUTOR     
---------- ---------- ---------- -------------------- ---------- ----------     
NOME                                               DT_NASCI CD_EDITORA          
-------------------------------------------------- -------- ----------          
RAZAO                                                        CNPJ               
------------------------------------------------------------ --------------     
ENDERECO                                                                        
--------------------------------------------------                              
CIDADE                                                                          
--------------------------------------------------                              
CENGAGE                                                      12345670001        

TITULO                                                                          
--------------------------------------------------------------------------------
  CD_AUTOR CD_EDITORA    VL_REAL PUBLICACAO           VOLUME       CD_AUTOR     
---------- ---------- ---------- -------------------- ---------- ----------     
NOME                                               DT_NASCI CD_EDITORA          
-------------------------------------------------- -------- ----------          
RAZAO                                                        CNPJ               
------------------------------------------------------------ --------------     
ENDERECO                                                                        
--------------------------------------------------                              
CIDADE                                                                          
--------------------------------------------------                              
AV. ENSINO,14                                                                   

TITULO                                                                          
--------------------------------------------------------------------------------
  CD_AUTOR CD_EDITORA    VL_REAL PUBLICACAO           VOLUME       CD_AUTOR     
---------- ---------- ---------- -------------------- ---------- ----------     
NOME                                               DT_NASCI CD_EDITORA          
-------------------------------------------------- -------- ----------          
RAZAO                                                        CNPJ               
------------------------------------------------------------ --------------     
ENDERECO                                                                        
--------------------------------------------------                              
CIDADE                                                                          
--------------------------------------------------                              
RIO DE JANEIRO                                                                  

TITULO                                                                          
--------------------------------------------------------------------------------
  CD_AUTOR CD_EDITORA    VL_REAL PUBLICACAO           VOLUME       CD_AUTOR     
---------- ---------- ---------- -------------------- ---------- ----------     
NOME                                               DT_NASCI CD_EDITORA          
-------------------------------------------------- -------- ----------          
RAZAO                                                        CNPJ               
------------------------------------------------------------ --------------     
ENDERECO                                                                        
--------------------------------------------------                              
CIDADE                                                                          
--------------------------------------------------                              
                                                                                

TITULO                                                                          
--------------------------------------------------------------------------------
  CD_AUTOR CD_EDITORA    VL_REAL PUBLICACAO           VOLUME       CD_AUTOR     
---------- ---------- ---------- -------------------- ---------- ----------     
NOME                                               DT_NASCI CD_EDITORA          
-------------------------------------------------- -------- ----------          
RAZAO                                                        CNPJ               
------------------------------------------------------------ --------------     
ENDERECO                                                                        
--------------------------------------------------                              
CIDADE                                                                          
--------------------------------------------------                              
BANCO DE DADOS: MODELO CONCEITUAL · IMPLEMENTAÇO FÖSICA                        

TITULO                                                                          
--------------------------------------------------------------------------------
  CD_AUTOR CD_EDITORA    VL_REAL PUBLICACAO           VOLUME       CD_AUTOR     
---------- ---------- ---------- -------------------- ---------- ----------     
NOME                                               DT_NASCI CD_EDITORA          
-------------------------------------------------- -------- ----------          
RAZAO                                                        CNPJ               
------------------------------------------------------------ --------------     
ENDERECO                                                                        
--------------------------------------------------                              
CIDADE                                                                          
--------------------------------------------------                              
         4         30       35,7                      1                   1     

TITULO                                                                          
--------------------------------------------------------------------------------
  CD_AUTOR CD_EDITORA    VL_REAL PUBLICACAO           VOLUME       CD_AUTOR     
---------- ---------- ---------- -------------------- ---------- ----------     
NOME                                               DT_NASCI CD_EDITORA          
-------------------------------------------------- -------- ----------          
RAZAO                                                        CNPJ               
------------------------------------------------------------ --------------     
ENDERECO                                                                        
--------------------------------------------------                              
CIDADE                                                                          
--------------------------------------------------                              
FELIPE NERY RODRIGUES MACHADO                      26/04/77         20          

TITULO                                                                          
--------------------------------------------------------------------------------
  CD_AUTOR CD_EDITORA    VL_REAL PUBLICACAO           VOLUME       CD_AUTOR     
---------- ---------- ---------- -------------------- ---------- ----------     
NOME                                               DT_NASCI CD_EDITORA          
-------------------------------------------------- -------- ----------          
RAZAO                                                        CNPJ               
------------------------------------------------------------ --------------     
ENDERECO                                                                        
--------------------------------------------------                              
CIDADE                                                                          
--------------------------------------------------                              
CENGAGE                                                      12345670001        

TITULO                                                                          
--------------------------------------------------------------------------------
  CD_AUTOR CD_EDITORA    VL_REAL PUBLICACAO           VOLUME       CD_AUTOR     
---------- ---------- ---------- -------------------- ---------- ----------     
NOME                                               DT_NASCI CD_EDITORA          
-------------------------------------------------- -------- ----------          
RAZAO                                                        CNPJ               
------------------------------------------------------------ --------------     
ENDERECO                                                                        
--------------------------------------------------                              
CIDADE                                                                          
--------------------------------------------------                              
AV. ENSINO,14                                                                   

TITULO                                                                          
--------------------------------------------------------------------------------
  CD_AUTOR CD_EDITORA    VL_REAL PUBLICACAO           VOLUME       CD_AUTOR     
---------- ---------- ---------- -------------------- ---------- ----------     
NOME                                               DT_NASCI CD_EDITORA          
-------------------------------------------------- -------- ----------          
RAZAO                                                        CNPJ               
------------------------------------------------------------ --------------     
ENDERECO                                                                        
--------------------------------------------------                              
CIDADE                                                                          
--------------------------------------------------                              
RIO DE JANEIRO                                                                  

TITULO                                                                          
--------------------------------------------------------------------------------
  CD_AUTOR CD_EDITORA    VL_REAL PUBLICACAO           VOLUME       CD_AUTOR     
---------- ---------- ---------- -------------------- ---------- ----------     
NOME                                               DT_NASCI CD_EDITORA          
-------------------------------------------------- -------- ----------          
RAZAO                                                        CNPJ               
------------------------------------------------------------ --------------     
ENDERECO                                                                        
--------------------------------------------------                              
CIDADE                                                                          
--------------------------------------------------                              
                                                                                

TITULO                                                                          
--------------------------------------------------------------------------------
  CD_AUTOR CD_EDITORA    VL_REAL PUBLICACAO           VOLUME       CD_AUTOR     
---------- ---------- ---------- -------------------- ---------- ----------     
NOME                                               DT_NASCI CD_EDITORA          
-------------------------------------------------- -------- ----------          
RAZAO                                                        CNPJ               
------------------------------------------------------------ --------------     
ENDERECO                                                                        
--------------------------------------------------                              
CIDADE                                                                          
--------------------------------------------------                              
BANCO DE DADOS: MODELO CONCEITUAL · IMPLEMENTAÇO FÖSICA                        

TITULO                                                                          
--------------------------------------------------------------------------------
  CD_AUTOR CD_EDITORA    VL_REAL PUBLICACAO           VOLUME       CD_AUTOR     
---------- ---------- ---------- -------------------- ---------- ----------     
NOME                                               DT_NASCI CD_EDITORA          
-------------------------------------------------- -------- ----------          
RAZAO                                                        CNPJ               
------------------------------------------------------------ --------------     
ENDERECO                                                                        
--------------------------------------------------                              
CIDADE                                                                          
--------------------------------------------------                              
         4         30       35,7                      1                   2     

TITULO                                                                          
--------------------------------------------------------------------------------
  CD_AUTOR CD_EDITORA    VL_REAL PUBLICACAO           VOLUME       CD_AUTOR     
---------- ---------- ---------- -------------------- ---------- ----------     
NOME                                               DT_NASCI CD_EDITORA          
-------------------------------------------------- -------- ----------          
RAZAO                                                        CNPJ               
------------------------------------------------------------ --------------     
ENDERECO                                                                        
--------------------------------------------------                              
CIDADE                                                                          
--------------------------------------------------                              
PETER ROB                                          09/08/54         20          

TITULO                                                                          
--------------------------------------------------------------------------------
  CD_AUTOR CD_EDITORA    VL_REAL PUBLICACAO           VOLUME       CD_AUTOR     
---------- ---------- ---------- -------------------- ---------- ----------     
NOME                                               DT_NASCI CD_EDITORA          
-------------------------------------------------- -------- ----------          
RAZAO                                                        CNPJ               
------------------------------------------------------------ --------------     
ENDERECO                                                                        
--------------------------------------------------                              
CIDADE                                                                          
--------------------------------------------------                              
CENGAGE                                                      12345670001        

TITULO                                                                          
--------------------------------------------------------------------------------
  CD_AUTOR CD_EDITORA    VL_REAL PUBLICACAO           VOLUME       CD_AUTOR     
---------- ---------- ---------- -------------------- ---------- ----------     
NOME                                               DT_NASCI CD_EDITORA          
-------------------------------------------------- -------- ----------          
RAZAO                                                        CNPJ               
------------------------------------------------------------ --------------     
ENDERECO                                                                        
--------------------------------------------------                              
CIDADE                                                                          
--------------------------------------------------                              
AV. ENSINO,14                                                                   

TITULO                                                                          
--------------------------------------------------------------------------------
  CD_AUTOR CD_EDITORA    VL_REAL PUBLICACAO           VOLUME       CD_AUTOR     
---------- ---------- ---------- -------------------- ---------- ----------     
NOME                                               DT_NASCI CD_EDITORA          
-------------------------------------------------- -------- ----------          
RAZAO                                                        CNPJ               
------------------------------------------------------------ --------------     
ENDERECO                                                                        
--------------------------------------------------                              
CIDADE                                                                          
--------------------------------------------------                              
RIO DE JANEIRO                                                                  

TITULO                                                                          
--------------------------------------------------------------------------------
  CD_AUTOR CD_EDITORA    VL_REAL PUBLICACAO           VOLUME       CD_AUTOR     
---------- ---------- ---------- -------------------- ---------- ----------     
NOME                                               DT_NASCI CD_EDITORA          
-------------------------------------------------- -------- ----------          
RAZAO                                                        CNPJ               
------------------------------------------------------------ --------------     
ENDERECO                                                                        
--------------------------------------------------                              
CIDADE                                                                          
--------------------------------------------------                              
                                                                                

TITULO                                                                          
--------------------------------------------------------------------------------
  CD_AUTOR CD_EDITORA    VL_REAL PUBLICACAO           VOLUME       CD_AUTOR     
---------- ---------- ---------- -------------------- ---------- ----------     
NOME                                               DT_NASCI CD_EDITORA          
-------------------------------------------------- -------- ----------          
RAZAO                                                        CNPJ               
------------------------------------------------------------ --------------     
ENDERECO                                                                        
--------------------------------------------------                              
CIDADE                                                                          
--------------------------------------------------                              
BANCO DE DADOS: MODELO CONCEITUAL · IMPLEMENTAÇO FÖSICA                        

TITULO                                                                          
--------------------------------------------------------------------------------
  CD_AUTOR CD_EDITORA    VL_REAL PUBLICACAO           VOLUME       CD_AUTOR     
---------- ---------- ---------- -------------------- ---------- ----------     
NOME                                               DT_NASCI CD_EDITORA          
-------------------------------------------------- -------- ----------          
RAZAO                                                        CNPJ               
------------------------------------------------------------ --------------     
ENDERECO                                                                        
--------------------------------------------------                              
CIDADE                                                                          
--------------------------------------------------                              
         4         30       35,7                      1                   3     

TITULO                                                                          
--------------------------------------------------------------------------------
  CD_AUTOR CD_EDITORA    VL_REAL PUBLICACAO           VOLUME       CD_AUTOR     
---------- ---------- ---------- -------------------- ---------- ----------     
NOME                                               DT_NASCI CD_EDITORA          
-------------------------------------------------- -------- ----------          
RAZAO                                                        CNPJ               
------------------------------------------------------------ --------------     
ENDERECO                                                                        
--------------------------------------------------                              
CIDADE                                                                          
--------------------------------------------------                              
CARLOS CORONEL                                     02/11/64         20          

TITULO                                                                          
--------------------------------------------------------------------------------
  CD_AUTOR CD_EDITORA    VL_REAL PUBLICACAO           VOLUME       CD_AUTOR     
---------- ---------- ---------- -------------------- ---------- ----------     
NOME                                               DT_NASCI CD_EDITORA          
-------------------------------------------------- -------- ----------          
RAZAO                                                        CNPJ               
------------------------------------------------------------ --------------     
ENDERECO                                                                        
--------------------------------------------------                              
CIDADE                                                                          
--------------------------------------------------                              
CENGAGE                                                      12345670001        

TITULO                                                                          
--------------------------------------------------------------------------------
  CD_AUTOR CD_EDITORA    VL_REAL PUBLICACAO           VOLUME       CD_AUTOR     
---------- ---------- ---------- -------------------- ---------- ----------     
NOME                                               DT_NASCI CD_EDITORA          
-------------------------------------------------- -------- ----------          
RAZAO                                                        CNPJ               
------------------------------------------------------------ --------------     
ENDERECO                                                                        
--------------------------------------------------                              
CIDADE                                                                          
--------------------------------------------------                              
AV. ENSINO,14                                                                   

TITULO                                                                          
--------------------------------------------------------------------------------
  CD_AUTOR CD_EDITORA    VL_REAL PUBLICACAO           VOLUME       CD_AUTOR     
---------- ---------- ---------- -------------------- ---------- ----------     
NOME                                               DT_NASCI CD_EDITORA          
-------------------------------------------------- -------- ----------          
RAZAO                                                        CNPJ               
------------------------------------------------------------ --------------     
ENDERECO                                                                        
--------------------------------------------------                              
CIDADE                                                                          
--------------------------------------------------                              
RIO DE JANEIRO                                                                  

TITULO                                                                          
--------------------------------------------------------------------------------
  CD_AUTOR CD_EDITORA    VL_REAL PUBLICACAO           VOLUME       CD_AUTOR     
---------- ---------- ---------- -------------------- ---------- ----------     
NOME                                               DT_NASCI CD_EDITORA          
-------------------------------------------------- -------- ----------          
RAZAO                                                        CNPJ               
------------------------------------------------------------ --------------     
ENDERECO                                                                        
--------------------------------------------------                              
CIDADE                                                                          
--------------------------------------------------                              
                                                                                

TITULO                                                                          
--------------------------------------------------------------------------------
  CD_AUTOR CD_EDITORA    VL_REAL PUBLICACAO           VOLUME       CD_AUTOR     
---------- ---------- ---------- -------------------- ---------- ----------     
NOME                                               DT_NASCI CD_EDITORA          
-------------------------------------------------- -------- ----------          
RAZAO                                                        CNPJ               
------------------------------------------------------------ --------------     
ENDERECO                                                                        
--------------------------------------------------                              
CIDADE                                                                          
--------------------------------------------------                              
BANCO DE DADOS: MODELO CONCEITUAL · IMPLEMENTAÇO FÖSICA                        

TITULO                                                                          
--------------------------------------------------------------------------------
  CD_AUTOR CD_EDITORA    VL_REAL PUBLICACAO           VOLUME       CD_AUTOR     
---------- ---------- ---------- -------------------- ---------- ----------     
NOME                                               DT_NASCI CD_EDITORA          
-------------------------------------------------- -------- ----------          
RAZAO                                                        CNPJ               
------------------------------------------------------------ --------------     
ENDERECO                                                                        
--------------------------------------------------                              
CIDADE                                                                          
--------------------------------------------------                              
         4         30       35,7                      1                   4     

TITULO                                                                          
--------------------------------------------------------------------------------
  CD_AUTOR CD_EDITORA    VL_REAL PUBLICACAO           VOLUME       CD_AUTOR     
---------- ---------- ---------- -------------------- ---------- ----------     
NOME                                               DT_NASCI CD_EDITORA          
-------------------------------------------------- -------- ----------          
RAZAO                                                        CNPJ               
------------------------------------------------------------ --------------     
ENDERECO                                                                        
--------------------------------------------------                              
CIDADE                                                                          
--------------------------------------------------                              
IVAN MECENAS                                       10/02/60         20          

TITULO                                                                          
--------------------------------------------------------------------------------
  CD_AUTOR CD_EDITORA    VL_REAL PUBLICACAO           VOLUME       CD_AUTOR     
---------- ---------- ---------- -------------------- ---------- ----------     
NOME                                               DT_NASCI CD_EDITORA          
-------------------------------------------------- -------- ----------          
RAZAO                                                        CNPJ               
------------------------------------------------------------ --------------     
ENDERECO                                                                        
--------------------------------------------------                              
CIDADE                                                                          
--------------------------------------------------                              
CENGAGE                                                      12345670001        

TITULO                                                                          
--------------------------------------------------------------------------------
  CD_AUTOR CD_EDITORA    VL_REAL PUBLICACAO           VOLUME       CD_AUTOR     
---------- ---------- ---------- -------------------- ---------- ----------     
NOME                                               DT_NASCI CD_EDITORA          
-------------------------------------------------- -------- ----------          
RAZAO                                                        CNPJ               
------------------------------------------------------------ --------------     
ENDERECO                                                                        
--------------------------------------------------                              
CIDADE                                                                          
--------------------------------------------------                              
AV. ENSINO,14                                                                   

TITULO                                                                          
--------------------------------------------------------------------------------
  CD_AUTOR CD_EDITORA    VL_REAL PUBLICACAO           VOLUME       CD_AUTOR     
---------- ---------- ---------- -------------------- ---------- ----------     
NOME                                               DT_NASCI CD_EDITORA          
-------------------------------------------------- -------- ----------          
RAZAO                                                        CNPJ               
------------------------------------------------------------ --------------     
ENDERECO                                                                        
--------------------------------------------------                              
CIDADE                                                                          
--------------------------------------------------                              
RIO DE JANEIRO                                                                  

TITULO                                                                          
--------------------------------------------------------------------------------
  CD_AUTOR CD_EDITORA    VL_REAL PUBLICACAO           VOLUME       CD_AUTOR     
---------- ---------- ---------- -------------------- ---------- ----------     
NOME                                               DT_NASCI CD_EDITORA          
-------------------------------------------------- -------- ----------          
RAZAO                                                        CNPJ               
------------------------------------------------------------ --------------     
ENDERECO                                                                        
--------------------------------------------------                              
CIDADE                                                                          
--------------------------------------------------                              
                                                                                

TITULO                                                                          
--------------------------------------------------------------------------------
  CD_AUTOR CD_EDITORA    VL_REAL PUBLICACAO           VOLUME       CD_AUTOR     
---------- ---------- ---------- -------------------- ---------- ----------     
NOME                                               DT_NASCI CD_EDITORA          
-------------------------------------------------- -------- ----------          
RAZAO                                                        CNPJ               
------------------------------------------------------------ --------------     
ENDERECO                                                                        
--------------------------------------------------                              
CIDADE                                                                          
--------------------------------------------------                              
BANCO DE DADOS: MODELO CONCEITUAL · IMPLEMENTAÇO FÖSICA                        

TITULO                                                                          
--------------------------------------------------------------------------------
  CD_AUTOR CD_EDITORA    VL_REAL PUBLICACAO           VOLUME       CD_AUTOR     
---------- ---------- ---------- -------------------- ---------- ----------     
NOME                                               DT_NASCI CD_EDITORA          
-------------------------------------------------- -------- ----------          
RAZAO                                                        CNPJ               
------------------------------------------------------------ --------------     
ENDERECO                                                                        
--------------------------------------------------                              
CIDADE                                                                          
--------------------------------------------------                              
         4         30       35,7                      1                   5     

TITULO                                                                          
--------------------------------------------------------------------------------
  CD_AUTOR CD_EDITORA    VL_REAL PUBLICACAO           VOLUME       CD_AUTOR     
---------- ---------- ---------- -------------------- ---------- ----------     
NOME                                               DT_NASCI CD_EDITORA          
-------------------------------------------------- -------- ----------          
RAZAO                                                        CNPJ               
------------------------------------------------------------ --------------     
ENDERECO                                                                        
--------------------------------------------------                              
CIDADE                                                                          
--------------------------------------------------                              
IVAN MECENAS                                                        20          

TITULO                                                                          
--------------------------------------------------------------------------------
  CD_AUTOR CD_EDITORA    VL_REAL PUBLICACAO           VOLUME       CD_AUTOR     
---------- ---------- ---------- -------------------- ---------- ----------     
NOME                                               DT_NASCI CD_EDITORA          
-------------------------------------------------- -------- ----------          
RAZAO                                                        CNPJ               
------------------------------------------------------------ --------------     
ENDERECO                                                                        
--------------------------------------------------                              
CIDADE                                                                          
--------------------------------------------------                              
CENGAGE                                                      12345670001        

TITULO                                                                          
--------------------------------------------------------------------------------
  CD_AUTOR CD_EDITORA    VL_REAL PUBLICACAO           VOLUME       CD_AUTOR     
---------- ---------- ---------- -------------------- ---------- ----------     
NOME                                               DT_NASCI CD_EDITORA          
-------------------------------------------------- -------- ----------          
RAZAO                                                        CNPJ               
------------------------------------------------------------ --------------     
ENDERECO                                                                        
--------------------------------------------------                              
CIDADE                                                                          
--------------------------------------------------                              
AV. ENSINO,14                                                                   

TITULO                                                                          
--------------------------------------------------------------------------------
  CD_AUTOR CD_EDITORA    VL_REAL PUBLICACAO           VOLUME       CD_AUTOR     
---------- ---------- ---------- -------------------- ---------- ----------     
NOME                                               DT_NASCI CD_EDITORA          
-------------------------------------------------- -------- ----------          
RAZAO                                                        CNPJ               
------------------------------------------------------------ --------------     
ENDERECO                                                                        
--------------------------------------------------                              
CIDADE                                                                          
--------------------------------------------------                              
RIO DE JANEIRO                                                                  

TITULO                                                                          
--------------------------------------------------------------------------------
  CD_AUTOR CD_EDITORA    VL_REAL PUBLICACAO           VOLUME       CD_AUTOR     
---------- ---------- ---------- -------------------- ---------- ----------     
NOME                                               DT_NASCI CD_EDITORA          
-------------------------------------------------- -------- ----------          
RAZAO                                                        CNPJ               
------------------------------------------------------------ --------------     
ENDERECO                                                                        
--------------------------------------------------                              
CIDADE                                                                          
--------------------------------------------------                              
                                                                                

TITULO                                                                          
--------------------------------------------------------------------------------
  CD_AUTOR CD_EDITORA    VL_REAL PUBLICACAO           VOLUME       CD_AUTOR     
---------- ---------- ---------- -------------------- ---------- ----------     
NOME                                               DT_NASCI CD_EDITORA          
-------------------------------------------------- -------- ----------          
RAZAO                                                        CNPJ               
------------------------------------------------------------ --------------     
ENDERECO                                                                        
--------------------------------------------------                              
CIDADE                                                                          
--------------------------------------------------                              
BANCO DE DADOS: MODELO CONCEITUAL · IMPLEMENTAÇO FÖSICA                        

TITULO                                                                          
--------------------------------------------------------------------------------
  CD_AUTOR CD_EDITORA    VL_REAL PUBLICACAO           VOLUME       CD_AUTOR     
---------- ---------- ---------- -------------------- ---------- ----------     
NOME                                               DT_NASCI CD_EDITORA          
-------------------------------------------------- -------- ----------          
RAZAO                                                        CNPJ               
------------------------------------------------------------ --------------     
ENDERECO                                                                        
--------------------------------------------------                              
CIDADE                                                                          
--------------------------------------------------                              
         5         30       35,7                      1                   1     

TITULO                                                                          
--------------------------------------------------------------------------------
  CD_AUTOR CD_EDITORA    VL_REAL PUBLICACAO           VOLUME       CD_AUTOR     
---------- ---------- ---------- -------------------- ---------- ----------     
NOME                                               DT_NASCI CD_EDITORA          
-------------------------------------------------- -------- ----------          
RAZAO                                                        CNPJ               
------------------------------------------------------------ --------------     
ENDERECO                                                                        
--------------------------------------------------                              
CIDADE                                                                          
--------------------------------------------------                              
FELIPE NERY RODRIGUES MACHADO                      26/04/77         20          

TITULO                                                                          
--------------------------------------------------------------------------------
  CD_AUTOR CD_EDITORA    VL_REAL PUBLICACAO           VOLUME       CD_AUTOR     
---------- ---------- ---------- -------------------- ---------- ----------     
NOME                                               DT_NASCI CD_EDITORA          
-------------------------------------------------- -------- ----------          
RAZAO                                                        CNPJ               
------------------------------------------------------------ --------------     
ENDERECO                                                                        
--------------------------------------------------                              
CIDADE                                                                          
--------------------------------------------------                              
CENGAGE                                                      12345670001        

TITULO                                                                          
--------------------------------------------------------------------------------
  CD_AUTOR CD_EDITORA    VL_REAL PUBLICACAO           VOLUME       CD_AUTOR     
---------- ---------- ---------- -------------------- ---------- ----------     
NOME                                               DT_NASCI CD_EDITORA          
-------------------------------------------------- -------- ----------          
RAZAO                                                        CNPJ               
------------------------------------------------------------ --------------     
ENDERECO                                                                        
--------------------------------------------------                              
CIDADE                                                                          
--------------------------------------------------                              
AV. ENSINO,14                                                                   

TITULO                                                                          
--------------------------------------------------------------------------------
  CD_AUTOR CD_EDITORA    VL_REAL PUBLICACAO           VOLUME       CD_AUTOR     
---------- ---------- ---------- -------------------- ---------- ----------     
NOME                                               DT_NASCI CD_EDITORA          
-------------------------------------------------- -------- ----------          
RAZAO                                                        CNPJ               
------------------------------------------------------------ --------------     
ENDERECO                                                                        
--------------------------------------------------                              
CIDADE                                                                          
--------------------------------------------------                              
RIO DE JANEIRO                                                                  

TITULO                                                                          
--------------------------------------------------------------------------------
  CD_AUTOR CD_EDITORA    VL_REAL PUBLICACAO           VOLUME       CD_AUTOR     
---------- ---------- ---------- -------------------- ---------- ----------     
NOME                                               DT_NASCI CD_EDITORA          
-------------------------------------------------- -------- ----------          
RAZAO                                                        CNPJ               
------------------------------------------------------------ --------------     
ENDERECO                                                                        
--------------------------------------------------                              
CIDADE                                                                          
--------------------------------------------------                              
                                                                                

TITULO                                                                          
--------------------------------------------------------------------------------
  CD_AUTOR CD_EDITORA    VL_REAL PUBLICACAO           VOLUME       CD_AUTOR     
---------- ---------- ---------- -------------------- ---------- ----------     
NOME                                               DT_NASCI CD_EDITORA          
-------------------------------------------------- -------- ----------          
RAZAO                                                        CNPJ               
------------------------------------------------------------ --------------     
ENDERECO                                                                        
--------------------------------------------------                              
CIDADE                                                                          
--------------------------------------------------                              
BANCO DE DADOS: MODELO CONCEITUAL · IMPLEMENTAÇO FÖSICA                        

TITULO                                                                          
--------------------------------------------------------------------------------
  CD_AUTOR CD_EDITORA    VL_REAL PUBLICACAO           VOLUME       CD_AUTOR     
---------- ---------- ---------- -------------------- ---------- ----------     
NOME                                               DT_NASCI CD_EDITORA          
-------------------------------------------------- -------- ----------          
RAZAO                                                        CNPJ               
------------------------------------------------------------ --------------     
ENDERECO                                                                        
--------------------------------------------------                              
CIDADE                                                                          
--------------------------------------------------                              
         5         30       35,7                      1                   2     

TITULO                                                                          
--------------------------------------------------------------------------------
  CD_AUTOR CD_EDITORA    VL_REAL PUBLICACAO           VOLUME       CD_AUTOR     
---------- ---------- ---------- -------------------- ---------- ----------     
NOME                                               DT_NASCI CD_EDITORA          
-------------------------------------------------- -------- ----------          
RAZAO                                                        CNPJ               
------------------------------------------------------------ --------------     
ENDERECO                                                                        
--------------------------------------------------                              
CIDADE                                                                          
--------------------------------------------------                              
PETER ROB                                          09/08/54         20          

TITULO                                                                          
--------------------------------------------------------------------------------
  CD_AUTOR CD_EDITORA    VL_REAL PUBLICACAO           VOLUME       CD_AUTOR     
---------- ---------- ---------- -------------------- ---------- ----------     
NOME                                               DT_NASCI CD_EDITORA          
-------------------------------------------------- -------- ----------          
RAZAO                                                        CNPJ               
------------------------------------------------------------ --------------     
ENDERECO                                                                        
--------------------------------------------------                              
CIDADE                                                                          
--------------------------------------------------                              
CENGAGE                                                      12345670001        

TITULO                                                                          
--------------------------------------------------------------------------------
  CD_AUTOR CD_EDITORA    VL_REAL PUBLICACAO           VOLUME       CD_AUTOR     
---------- ---------- ---------- -------------------- ---------- ----------     
NOME                                               DT_NASCI CD_EDITORA          
-------------------------------------------------- -------- ----------          
RAZAO                                                        CNPJ               
------------------------------------------------------------ --------------     
ENDERECO                                                                        
--------------------------------------------------                              
CIDADE                                                                          
--------------------------------------------------                              
AV. ENSINO,14                                                                   

TITULO                                                                          
--------------------------------------------------------------------------------
  CD_AUTOR CD_EDITORA    VL_REAL PUBLICACAO           VOLUME       CD_AUTOR     
---------- ---------- ---------- -------------------- ---------- ----------     
NOME                                               DT_NASCI CD_EDITORA          
-------------------------------------------------- -------- ----------          
RAZAO                                                        CNPJ               
------------------------------------------------------------ --------------     
ENDERECO                                                                        
--------------------------------------------------                              
CIDADE                                                                          
--------------------------------------------------                              
RIO DE JANEIRO                                                                  

TITULO                                                                          
--------------------------------------------------------------------------------
  CD_AUTOR CD_EDITORA    VL_REAL PUBLICACAO           VOLUME       CD_AUTOR     
---------- ---------- ---------- -------------------- ---------- ----------     
NOME                                               DT_NASCI CD_EDITORA          
-------------------------------------------------- -------- ----------          
RAZAO                                                        CNPJ               
------------------------------------------------------------ --------------     
ENDERECO                                                                        
--------------------------------------------------                              
CIDADE                                                                          
--------------------------------------------------                              
                                                                                

TITULO                                                                          
--------------------------------------------------------------------------------
  CD_AUTOR CD_EDITORA    VL_REAL PUBLICACAO           VOLUME       CD_AUTOR     
---------- ---------- ---------- -------------------- ---------- ----------     
NOME                                               DT_NASCI CD_EDITORA          
-------------------------------------------------- -------- ----------          
RAZAO                                                        CNPJ               
------------------------------------------------------------ --------------     
ENDERECO                                                                        
--------------------------------------------------                              
CIDADE                                                                          
--------------------------------------------------                              
BANCO DE DADOS: MODELO CONCEITUAL · IMPLEMENTAÇO FÖSICA                        

TITULO                                                                          
--------------------------------------------------------------------------------
  CD_AUTOR CD_EDITORA    VL_REAL PUBLICACAO           VOLUME       CD_AUTOR     
---------- ---------- ---------- -------------------- ---------- ----------     
NOME                                               DT_NASCI CD_EDITORA          
-------------------------------------------------- -------- ----------          
RAZAO                                                        CNPJ               
------------------------------------------------------------ --------------     
ENDERECO                                                                        
--------------------------------------------------                              
CIDADE                                                                          
--------------------------------------------------                              
         5         30       35,7                      1                   3     

TITULO                                                                          
--------------------------------------------------------------------------------
  CD_AUTOR CD_EDITORA    VL_REAL PUBLICACAO           VOLUME       CD_AUTOR     
---------- ---------- ---------- -------------------- ---------- ----------     
NOME                                               DT_NASCI CD_EDITORA          
-------------------------------------------------- -------- ----------          
RAZAO                                                        CNPJ               
------------------------------------------------------------ --------------     
ENDERECO                                                                        
--------------------------------------------------                              
CIDADE                                                                          
--------------------------------------------------                              
CARLOS CORONEL                                     02/11/64         20          

TITULO                                                                          
--------------------------------------------------------------------------------
  CD_AUTOR CD_EDITORA    VL_REAL PUBLICACAO           VOLUME       CD_AUTOR     
---------- ---------- ---------- -------------------- ---------- ----------     
NOME                                               DT_NASCI CD_EDITORA          
-------------------------------------------------- -------- ----------          
RAZAO                                                        CNPJ               
------------------------------------------------------------ --------------     
ENDERECO                                                                        
--------------------------------------------------                              
CIDADE                                                                          
--------------------------------------------------                              
CENGAGE                                                      12345670001        

TITULO                                                                          
--------------------------------------------------------------------------------
  CD_AUTOR CD_EDITORA    VL_REAL PUBLICACAO           VOLUME       CD_AUTOR     
---------- ---------- ---------- -------------------- ---------- ----------     
NOME                                               DT_NASCI CD_EDITORA          
-------------------------------------------------- -------- ----------          
RAZAO                                                        CNPJ               
------------------------------------------------------------ --------------     
ENDERECO                                                                        
--------------------------------------------------                              
CIDADE                                                                          
--------------------------------------------------                              
AV. ENSINO,14                                                                   

TITULO                                                                          
--------------------------------------------------------------------------------
  CD_AUTOR CD_EDITORA    VL_REAL PUBLICACAO           VOLUME       CD_AUTOR     
---------- ---------- ---------- -------------------- ---------- ----------     
NOME                                               DT_NASCI CD_EDITORA          
-------------------------------------------------- -------- ----------          
RAZAO                                                        CNPJ               
------------------------------------------------------------ --------------     
ENDERECO                                                                        
--------------------------------------------------                              
CIDADE                                                                          
--------------------------------------------------                              
RIO DE JANEIRO                                                                  

TITULO                                                                          
--------------------------------------------------------------------------------
  CD_AUTOR CD_EDITORA    VL_REAL PUBLICACAO           VOLUME       CD_AUTOR     
---------- ---------- ---------- -------------------- ---------- ----------     
NOME                                               DT_NASCI CD_EDITORA          
-------------------------------------------------- -------- ----------          
RAZAO                                                        CNPJ               
------------------------------------------------------------ --------------     
ENDERECO                                                                        
--------------------------------------------------                              
CIDADE                                                                          
--------------------------------------------------                              
                                                                                

TITULO                                                                          
--------------------------------------------------------------------------------
  CD_AUTOR CD_EDITORA    VL_REAL PUBLICACAO           VOLUME       CD_AUTOR     
---------- ---------- ---------- -------------------- ---------- ----------     
NOME                                               DT_NASCI CD_EDITORA          
-------------------------------------------------- -------- ----------          
RAZAO                                                        CNPJ               
------------------------------------------------------------ --------------     
ENDERECO                                                                        
--------------------------------------------------                              
CIDADE                                                                          
--------------------------------------------------                              
BANCO DE DADOS: MODELO CONCEITUAL · IMPLEMENTAÇO FÖSICA                        

TITULO                                                                          
--------------------------------------------------------------------------------
  CD_AUTOR CD_EDITORA    VL_REAL PUBLICACAO           VOLUME       CD_AUTOR     
---------- ---------- ---------- -------------------- ---------- ----------     
NOME                                               DT_NASCI CD_EDITORA          
-------------------------------------------------- -------- ----------          
RAZAO                                                        CNPJ               
------------------------------------------------------------ --------------     
ENDERECO                                                                        
--------------------------------------------------                              
CIDADE                                                                          
--------------------------------------------------                              
         5         30       35,7                      1                   4     

TITULO                                                                          
--------------------------------------------------------------------------------
  CD_AUTOR CD_EDITORA    VL_REAL PUBLICACAO           VOLUME       CD_AUTOR     
---------- ---------- ---------- -------------------- ---------- ----------     
NOME                                               DT_NASCI CD_EDITORA          
-------------------------------------------------- -------- ----------          
RAZAO                                                        CNPJ               
------------------------------------------------------------ --------------     
ENDERECO                                                                        
--------------------------------------------------                              
CIDADE                                                                          
--------------------------------------------------                              
IVAN MECENAS                                       10/02/60         20          

TITULO                                                                          
--------------------------------------------------------------------------------
  CD_AUTOR CD_EDITORA    VL_REAL PUBLICACAO           VOLUME       CD_AUTOR     
---------- ---------- ---------- -------------------- ---------- ----------     
NOME                                               DT_NASCI CD_EDITORA          
-------------------------------------------------- -------- ----------          
RAZAO                                                        CNPJ               
------------------------------------------------------------ --------------     
ENDERECO                                                                        
--------------------------------------------------                              
CIDADE                                                                          
--------------------------------------------------                              
CENGAGE                                                      12345670001        

TITULO                                                                          
--------------------------------------------------------------------------------
  CD_AUTOR CD_EDITORA    VL_REAL PUBLICACAO           VOLUME       CD_AUTOR     
---------- ---------- ---------- -------------------- ---------- ----------     
NOME                                               DT_NASCI CD_EDITORA          
-------------------------------------------------- -------- ----------          
RAZAO                                                        CNPJ               
------------------------------------------------------------ --------------     
ENDERECO                                                                        
--------------------------------------------------                              
CIDADE                                                                          
--------------------------------------------------                              
AV. ENSINO,14                                                                   

TITULO                                                                          
--------------------------------------------------------------------------------
  CD_AUTOR CD_EDITORA    VL_REAL PUBLICACAO           VOLUME       CD_AUTOR     
---------- ---------- ---------- -------------------- ---------- ----------     
NOME                                               DT_NASCI CD_EDITORA          
-------------------------------------------------- -------- ----------          
RAZAO                                                        CNPJ               
------------------------------------------------------------ --------------     
ENDERECO                                                                        
--------------------------------------------------                              
CIDADE                                                                          
--------------------------------------------------                              
RIO DE JANEIRO                                                                  

TITULO                                                                          
--------------------------------------------------------------------------------
  CD_AUTOR CD_EDITORA    VL_REAL PUBLICACAO           VOLUME       CD_AUTOR     
---------- ---------- ---------- -------------------- ---------- ----------     
NOME                                               DT_NASCI CD_EDITORA          
-------------------------------------------------- -------- ----------          
RAZAO                                                        CNPJ               
------------------------------------------------------------ --------------     
ENDERECO                                                                        
--------------------------------------------------                              
CIDADE                                                                          
--------------------------------------------------                              
                                                                                

TITULO                                                                          
--------------------------------------------------------------------------------
  CD_AUTOR CD_EDITORA    VL_REAL PUBLICACAO           VOLUME       CD_AUTOR     
---------- ---------- ---------- -------------------- ---------- ----------     
NOME                                               DT_NASCI CD_EDITORA          
-------------------------------------------------- -------- ----------          
RAZAO                                                        CNPJ               
------------------------------------------------------------ --------------     
ENDERECO                                                                        
--------------------------------------------------                              
CIDADE                                                                          
--------------------------------------------------                              
BANCO DE DADOS: MODELO CONCEITUAL · IMPLEMENTAÇO FÖSICA                        

TITULO                                                                          
--------------------------------------------------------------------------------
  CD_AUTOR CD_EDITORA    VL_REAL PUBLICACAO           VOLUME       CD_AUTOR     
---------- ---------- ---------- -------------------- ---------- ----------     
NOME                                               DT_NASCI CD_EDITORA          
-------------------------------------------------- -------- ----------          
RAZAO                                                        CNPJ               
------------------------------------------------------------ --------------     
ENDERECO                                                                        
--------------------------------------------------                              
CIDADE                                                                          
--------------------------------------------------                              
         5         30       35,7                      1                   5     

TITULO                                                                          
--------------------------------------------------------------------------------
  CD_AUTOR CD_EDITORA    VL_REAL PUBLICACAO           VOLUME       CD_AUTOR     
---------- ---------- ---------- -------------------- ---------- ----------     
NOME                                               DT_NASCI CD_EDITORA          
-------------------------------------------------- -------- ----------          
RAZAO                                                        CNPJ               
------------------------------------------------------------ --------------     
ENDERECO                                                                        
--------------------------------------------------                              
CIDADE                                                                          
--------------------------------------------------                              
IVAN MECENAS                                                        20          

TITULO                                                                          
--------------------------------------------------------------------------------
  CD_AUTOR CD_EDITORA    VL_REAL PUBLICACAO           VOLUME       CD_AUTOR     
---------- ---------- ---------- -------------------- ---------- ----------     
NOME                                               DT_NASCI CD_EDITORA          
-------------------------------------------------- -------- ----------          
RAZAO                                                        CNPJ               
------------------------------------------------------------ --------------     
ENDERECO                                                                        
--------------------------------------------------                              
CIDADE                                                                          
--------------------------------------------------                              
CENGAGE                                                      12345670001        

TITULO                                                                          
--------------------------------------------------------------------------------
  CD_AUTOR CD_EDITORA    VL_REAL PUBLICACAO           VOLUME       CD_AUTOR     
---------- ---------- ---------- -------------------- ---------- ----------     
NOME                                               DT_NASCI CD_EDITORA          
-------------------------------------------------- -------- ----------          
RAZAO                                                        CNPJ               
------------------------------------------------------------ --------------     
ENDERECO                                                                        
--------------------------------------------------                              
CIDADE                                                                          
--------------------------------------------------                              
AV. ENSINO,14                                                                   

TITULO                                                                          
--------------------------------------------------------------------------------
  CD_AUTOR CD_EDITORA    VL_REAL PUBLICACAO           VOLUME       CD_AUTOR     
---------- ---------- ---------- -------------------- ---------- ----------     
NOME                                               DT_NASCI CD_EDITORA          
-------------------------------------------------- -------- ----------          
RAZAO                                                        CNPJ               
------------------------------------------------------------ --------------     
ENDERECO                                                                        
--------------------------------------------------                              
CIDADE                                                                          
--------------------------------------------------                              
RIO DE JANEIRO                                                                  

TITULO                                                                          
--------------------------------------------------------------------------------
  CD_AUTOR CD_EDITORA    VL_REAL PUBLICACAO           VOLUME       CD_AUTOR     
---------- ---------- ---------- -------------------- ---------- ----------     
NOME                                               DT_NASCI CD_EDITORA          
-------------------------------------------------- -------- ----------          
RAZAO                                                        CNPJ               
------------------------------------------------------------ --------------     
ENDERECO                                                                        
--------------------------------------------------                              
CIDADE                                                                          
--------------------------------------------------                              
                                                                                

TITULO                                                                          
--------------------------------------------------------------------------------
  CD_AUTOR CD_EDITORA    VL_REAL PUBLICACAO           VOLUME       CD_AUTOR     
---------- ---------- ---------- -------------------- ---------- ----------     
NOME                                               DT_NASCI CD_EDITORA          
-------------------------------------------------- -------- ----------          
RAZAO                                                        CNPJ               
------------------------------------------------------------ --------------     
ENDERECO                                                                        
--------------------------------------------------                              
CIDADE                                                                          
--------------------------------------------------                              
SISTEMAS DE BANCO DE DADOS-PROJETO,IMPLEMENTAÇO E ADMINISTRAÇO                

TITULO                                                                          
--------------------------------------------------------------------------------
  CD_AUTOR CD_EDITORA    VL_REAL PUBLICACAO           VOLUME       CD_AUTOR     
---------- ---------- ---------- -------------------- ---------- ----------     
NOME                                               DT_NASCI CD_EDITORA          
-------------------------------------------------- -------- ----------          
RAZAO                                                        CNPJ               
------------------------------------------------------------ --------------     
ENDERECO                                                                        
--------------------------------------------------                              
CIDADE                                                                          
--------------------------------------------------                              
         2         20      100,8                      1                   1     

TITULO                                                                          
--------------------------------------------------------------------------------
  CD_AUTOR CD_EDITORA    VL_REAL PUBLICACAO           VOLUME       CD_AUTOR     
---------- ---------- ---------- -------------------- ---------- ----------     
NOME                                               DT_NASCI CD_EDITORA          
-------------------------------------------------- -------- ----------          
RAZAO                                                        CNPJ               
------------------------------------------------------------ --------------     
ENDERECO                                                                        
--------------------------------------------------                              
CIDADE                                                                          
--------------------------------------------------                              
FELIPE NERY RODRIGUES MACHADO                      26/04/77         20          

TITULO                                                                          
--------------------------------------------------------------------------------
  CD_AUTOR CD_EDITORA    VL_REAL PUBLICACAO           VOLUME       CD_AUTOR     
---------- ---------- ---------- -------------------- ---------- ----------     
NOME                                               DT_NASCI CD_EDITORA          
-------------------------------------------------- -------- ----------          
RAZAO                                                        CNPJ               
------------------------------------------------------------ --------------     
ENDERECO                                                                        
--------------------------------------------------                              
CIDADE                                                                          
--------------------------------------------------                              
CENGAGE                                                      12345670001        

TITULO                                                                          
--------------------------------------------------------------------------------
  CD_AUTOR CD_EDITORA    VL_REAL PUBLICACAO           VOLUME       CD_AUTOR     
---------- ---------- ---------- -------------------- ---------- ----------     
NOME                                               DT_NASCI CD_EDITORA          
-------------------------------------------------- -------- ----------          
RAZAO                                                        CNPJ               
------------------------------------------------------------ --------------     
ENDERECO                                                                        
--------------------------------------------------                              
CIDADE                                                                          
--------------------------------------------------                              
AV. ENSINO,14                                                                   

TITULO                                                                          
--------------------------------------------------------------------------------
  CD_AUTOR CD_EDITORA    VL_REAL PUBLICACAO           VOLUME       CD_AUTOR     
---------- ---------- ---------- -------------------- ---------- ----------     
NOME                                               DT_NASCI CD_EDITORA          
-------------------------------------------------- -------- ----------          
RAZAO                                                        CNPJ               
------------------------------------------------------------ --------------     
ENDERECO                                                                        
--------------------------------------------------                              
CIDADE                                                                          
--------------------------------------------------                              
RIO DE JANEIRO                                                                  

TITULO                                                                          
--------------------------------------------------------------------------------
  CD_AUTOR CD_EDITORA    VL_REAL PUBLICACAO           VOLUME       CD_AUTOR     
---------- ---------- ---------- -------------------- ---------- ----------     
NOME                                               DT_NASCI CD_EDITORA          
-------------------------------------------------- -------- ----------          
RAZAO                                                        CNPJ               
------------------------------------------------------------ --------------     
ENDERECO                                                                        
--------------------------------------------------                              
CIDADE                                                                          
--------------------------------------------------                              
                                                                                

TITULO                                                                          
--------------------------------------------------------------------------------
  CD_AUTOR CD_EDITORA    VL_REAL PUBLICACAO           VOLUME       CD_AUTOR     
---------- ---------- ---------- -------------------- ---------- ----------     
NOME                                               DT_NASCI CD_EDITORA          
-------------------------------------------------- -------- ----------          
RAZAO                                                        CNPJ               
------------------------------------------------------------ --------------     
ENDERECO                                                                        
--------------------------------------------------                              
CIDADE                                                                          
--------------------------------------------------                              
SISTEMAS DE BANCO DE DADOS-PROJETO,IMPLEMENTAÇO E ADMINISTRAÇO                

TITULO                                                                          
--------------------------------------------------------------------------------
  CD_AUTOR CD_EDITORA    VL_REAL PUBLICACAO           VOLUME       CD_AUTOR     
---------- ---------- ---------- -------------------- ---------- ----------     
NOME                                               DT_NASCI CD_EDITORA          
-------------------------------------------------- -------- ----------          
RAZAO                                                        CNPJ               
------------------------------------------------------------ --------------     
ENDERECO                                                                        
--------------------------------------------------                              
CIDADE                                                                          
--------------------------------------------------                              
         2         20      100,8                      1                   2     

TITULO                                                                          
--------------------------------------------------------------------------------
  CD_AUTOR CD_EDITORA    VL_REAL PUBLICACAO           VOLUME       CD_AUTOR     
---------- ---------- ---------- -------------------- ---------- ----------     
NOME                                               DT_NASCI CD_EDITORA          
-------------------------------------------------- -------- ----------          
RAZAO                                                        CNPJ               
------------------------------------------------------------ --------------     
ENDERECO                                                                        
--------------------------------------------------                              
CIDADE                                                                          
--------------------------------------------------                              
PETER ROB                                          09/08/54         20          

TITULO                                                                          
--------------------------------------------------------------------------------
  CD_AUTOR CD_EDITORA    VL_REAL PUBLICACAO           VOLUME       CD_AUTOR     
---------- ---------- ---------- -------------------- ---------- ----------     
NOME                                               DT_NASCI CD_EDITORA          
-------------------------------------------------- -------- ----------          
RAZAO                                                        CNPJ               
------------------------------------------------------------ --------------     
ENDERECO                                                                        
--------------------------------------------------                              
CIDADE                                                                          
--------------------------------------------------                              
CENGAGE                                                      12345670001        

TITULO                                                                          
--------------------------------------------------------------------------------
  CD_AUTOR CD_EDITORA    VL_REAL PUBLICACAO           VOLUME       CD_AUTOR     
---------- ---------- ---------- -------------------- ---------- ----------     
NOME                                               DT_NASCI CD_EDITORA          
-------------------------------------------------- -------- ----------          
RAZAO                                                        CNPJ               
------------------------------------------------------------ --------------     
ENDERECO                                                                        
--------------------------------------------------                              
CIDADE                                                                          
--------------------------------------------------                              
AV. ENSINO,14                                                                   

TITULO                                                                          
--------------------------------------------------------------------------------
  CD_AUTOR CD_EDITORA    VL_REAL PUBLICACAO           VOLUME       CD_AUTOR     
---------- ---------- ---------- -------------------- ---------- ----------     
NOME                                               DT_NASCI CD_EDITORA          
-------------------------------------------------- -------- ----------          
RAZAO                                                        CNPJ               
------------------------------------------------------------ --------------     
ENDERECO                                                                        
--------------------------------------------------                              
CIDADE                                                                          
--------------------------------------------------                              
RIO DE JANEIRO                                                                  

TITULO                                                                          
--------------------------------------------------------------------------------
  CD_AUTOR CD_EDITORA    VL_REAL PUBLICACAO           VOLUME       CD_AUTOR     
---------- ---------- ---------- -------------------- ---------- ----------     
NOME                                               DT_NASCI CD_EDITORA          
-------------------------------------------------- -------- ----------          
RAZAO                                                        CNPJ               
------------------------------------------------------------ --------------     
ENDERECO                                                                        
--------------------------------------------------                              
CIDADE                                                                          
--------------------------------------------------                              
                                                                                

TITULO                                                                          
--------------------------------------------------------------------------------
  CD_AUTOR CD_EDITORA    VL_REAL PUBLICACAO           VOLUME       CD_AUTOR     
---------- ---------- ---------- -------------------- ---------- ----------     
NOME                                               DT_NASCI CD_EDITORA          
-------------------------------------------------- -------- ----------          
RAZAO                                                        CNPJ               
------------------------------------------------------------ --------------     
ENDERECO                                                                        
--------------------------------------------------                              
CIDADE                                                                          
--------------------------------------------------                              
SISTEMAS DE BANCO DE DADOS-PROJETO,IMPLEMENTAÇO E ADMINISTRAÇO                

TITULO                                                                          
--------------------------------------------------------------------------------
  CD_AUTOR CD_EDITORA    VL_REAL PUBLICACAO           VOLUME       CD_AUTOR     
---------- ---------- ---------- -------------------- ---------- ----------     
NOME                                               DT_NASCI CD_EDITORA          
-------------------------------------------------- -------- ----------          
RAZAO                                                        CNPJ               
------------------------------------------------------------ --------------     
ENDERECO                                                                        
--------------------------------------------------                              
CIDADE                                                                          
--------------------------------------------------                              
         2         20      100,8                      1                   3     

TITULO                                                                          
--------------------------------------------------------------------------------
  CD_AUTOR CD_EDITORA    VL_REAL PUBLICACAO           VOLUME       CD_AUTOR     
---------- ---------- ---------- -------------------- ---------- ----------     
NOME                                               DT_NASCI CD_EDITORA          
-------------------------------------------------- -------- ----------          
RAZAO                                                        CNPJ               
------------------------------------------------------------ --------------     
ENDERECO                                                                        
--------------------------------------------------                              
CIDADE                                                                          
--------------------------------------------------                              
CARLOS CORONEL                                     02/11/64         20          

TITULO                                                                          
--------------------------------------------------------------------------------
  CD_AUTOR CD_EDITORA    VL_REAL PUBLICACAO           VOLUME       CD_AUTOR     
---------- ---------- ---------- -------------------- ---------- ----------     
NOME                                               DT_NASCI CD_EDITORA          
-------------------------------------------------- -------- ----------          
RAZAO                                                        CNPJ               
------------------------------------------------------------ --------------     
ENDERECO                                                                        
--------------------------------------------------                              
CIDADE                                                                          
--------------------------------------------------                              
CENGAGE                                                      12345670001        

TITULO                                                                          
--------------------------------------------------------------------------------
  CD_AUTOR CD_EDITORA    VL_REAL PUBLICACAO           VOLUME       CD_AUTOR     
---------- ---------- ---------- -------------------- ---------- ----------     
NOME                                               DT_NASCI CD_EDITORA          
-------------------------------------------------- -------- ----------          
RAZAO                                                        CNPJ               
------------------------------------------------------------ --------------     
ENDERECO                                                                        
--------------------------------------------------                              
CIDADE                                                                          
--------------------------------------------------                              
AV. ENSINO,14                                                                   

TITULO                                                                          
--------------------------------------------------------------------------------
  CD_AUTOR CD_EDITORA    VL_REAL PUBLICACAO           VOLUME       CD_AUTOR     
---------- ---------- ---------- -------------------- ---------- ----------     
NOME                                               DT_NASCI CD_EDITORA          
-------------------------------------------------- -------- ----------          
RAZAO                                                        CNPJ               
------------------------------------------------------------ --------------     
ENDERECO                                                                        
--------------------------------------------------                              
CIDADE                                                                          
--------------------------------------------------                              
RIO DE JANEIRO                                                                  

TITULO                                                                          
--------------------------------------------------------------------------------
  CD_AUTOR CD_EDITORA    VL_REAL PUBLICACAO           VOLUME       CD_AUTOR     
---------- ---------- ---------- -------------------- ---------- ----------     
NOME                                               DT_NASCI CD_EDITORA          
-------------------------------------------------- -------- ----------          
RAZAO                                                        CNPJ               
------------------------------------------------------------ --------------     
ENDERECO                                                                        
--------------------------------------------------                              
CIDADE                                                                          
--------------------------------------------------                              
                                                                                

TITULO                                                                          
--------------------------------------------------------------------------------
  CD_AUTOR CD_EDITORA    VL_REAL PUBLICACAO           VOLUME       CD_AUTOR     
---------- ---------- ---------- -------------------- ---------- ----------     
NOME                                               DT_NASCI CD_EDITORA          
-------------------------------------------------- -------- ----------          
RAZAO                                                        CNPJ               
------------------------------------------------------------ --------------     
ENDERECO                                                                        
--------------------------------------------------                              
CIDADE                                                                          
--------------------------------------------------                              
SISTEMAS DE BANCO DE DADOS-PROJETO,IMPLEMENTAÇO E ADMINISTRAÇO                

TITULO                                                                          
--------------------------------------------------------------------------------
  CD_AUTOR CD_EDITORA    VL_REAL PUBLICACAO           VOLUME       CD_AUTOR     
---------- ---------- ---------- -------------------- ---------- ----------     
NOME                                               DT_NASCI CD_EDITORA          
-------------------------------------------------- -------- ----------          
RAZAO                                                        CNPJ               
------------------------------------------------------------ --------------     
ENDERECO                                                                        
--------------------------------------------------                              
CIDADE                                                                          
--------------------------------------------------                              
         2         20      100,8                      1                   4     

TITULO                                                                          
--------------------------------------------------------------------------------
  CD_AUTOR CD_EDITORA    VL_REAL PUBLICACAO           VOLUME       CD_AUTOR     
---------- ---------- ---------- -------------------- ---------- ----------     
NOME                                               DT_NASCI CD_EDITORA          
-------------------------------------------------- -------- ----------          
RAZAO                                                        CNPJ               
------------------------------------------------------------ --------------     
ENDERECO                                                                        
--------------------------------------------------                              
CIDADE                                                                          
--------------------------------------------------                              
IVAN MECENAS                                       10/02/60         20          

TITULO                                                                          
--------------------------------------------------------------------------------
  CD_AUTOR CD_EDITORA    VL_REAL PUBLICACAO           VOLUME       CD_AUTOR     
---------- ---------- ---------- -------------------- ---------- ----------     
NOME                                               DT_NASCI CD_EDITORA          
-------------------------------------------------- -------- ----------          
RAZAO                                                        CNPJ               
------------------------------------------------------------ --------------     
ENDERECO                                                                        
--------------------------------------------------                              
CIDADE                                                                          
--------------------------------------------------                              
CENGAGE                                                      12345670001        

TITULO                                                                          
--------------------------------------------------------------------------------
  CD_AUTOR CD_EDITORA    VL_REAL PUBLICACAO           VOLUME       CD_AUTOR     
---------- ---------- ---------- -------------------- ---------- ----------     
NOME                                               DT_NASCI CD_EDITORA          
-------------------------------------------------- -------- ----------          
RAZAO                                                        CNPJ               
------------------------------------------------------------ --------------     
ENDERECO                                                                        
--------------------------------------------------                              
CIDADE                                                                          
--------------------------------------------------                              
AV. ENSINO,14                                                                   

TITULO                                                                          
--------------------------------------------------------------------------------
  CD_AUTOR CD_EDITORA    VL_REAL PUBLICACAO           VOLUME       CD_AUTOR     
---------- ---------- ---------- -------------------- ---------- ----------     
NOME                                               DT_NASCI CD_EDITORA          
-------------------------------------------------- -------- ----------          
RAZAO                                                        CNPJ               
------------------------------------------------------------ --------------     
ENDERECO                                                                        
--------------------------------------------------                              
CIDADE                                                                          
--------------------------------------------------                              
RIO DE JANEIRO                                                                  

TITULO                                                                          
--------------------------------------------------------------------------------
  CD_AUTOR CD_EDITORA    VL_REAL PUBLICACAO           VOLUME       CD_AUTOR     
---------- ---------- ---------- -------------------- ---------- ----------     
NOME                                               DT_NASCI CD_EDITORA          
-------------------------------------------------- -------- ----------          
RAZAO                                                        CNPJ               
------------------------------------------------------------ --------------     
ENDERECO                                                                        
--------------------------------------------------                              
CIDADE                                                                          
--------------------------------------------------                              
                                                                                

TITULO                                                                          
--------------------------------------------------------------------------------
  CD_AUTOR CD_EDITORA    VL_REAL PUBLICACAO           VOLUME       CD_AUTOR     
---------- ---------- ---------- -------------------- ---------- ----------     
NOME                                               DT_NASCI CD_EDITORA          
-------------------------------------------------- -------- ----------          
RAZAO                                                        CNPJ               
------------------------------------------------------------ --------------     
ENDERECO                                                                        
--------------------------------------------------                              
CIDADE                                                                          
--------------------------------------------------                              
SISTEMAS DE BANCO DE DADOS-PROJETO,IMPLEMENTAÇO E ADMINISTRAÇO                

TITULO                                                                          
--------------------------------------------------------------------------------
  CD_AUTOR CD_EDITORA    VL_REAL PUBLICACAO           VOLUME       CD_AUTOR     
---------- ---------- ---------- -------------------- ---------- ----------     
NOME                                               DT_NASCI CD_EDITORA          
-------------------------------------------------- -------- ----------          
RAZAO                                                        CNPJ               
------------------------------------------------------------ --------------     
ENDERECO                                                                        
--------------------------------------------------                              
CIDADE                                                                          
--------------------------------------------------                              
         2         20      100,8                      1                   5     

TITULO                                                                          
--------------------------------------------------------------------------------
  CD_AUTOR CD_EDITORA    VL_REAL PUBLICACAO           VOLUME       CD_AUTOR     
---------- ---------- ---------- -------------------- ---------- ----------     
NOME                                               DT_NASCI CD_EDITORA          
-------------------------------------------------- -------- ----------          
RAZAO                                                        CNPJ               
------------------------------------------------------------ --------------     
ENDERECO                                                                        
--------------------------------------------------                              
CIDADE                                                                          
--------------------------------------------------                              
IVAN MECENAS                                                        20          

TITULO                                                                          
--------------------------------------------------------------------------------
  CD_AUTOR CD_EDITORA    VL_REAL PUBLICACAO           VOLUME       CD_AUTOR     
---------- ---------- ---------- -------------------- ---------- ----------     
NOME                                               DT_NASCI CD_EDITORA          
-------------------------------------------------- -------- ----------          
RAZAO                                                        CNPJ               
------------------------------------------------------------ --------------     
ENDERECO                                                                        
--------------------------------------------------                              
CIDADE                                                                          
--------------------------------------------------                              
CENGAGE                                                      12345670001        

TITULO                                                                          
--------------------------------------------------------------------------------
  CD_AUTOR CD_EDITORA    VL_REAL PUBLICACAO           VOLUME       CD_AUTOR     
---------- ---------- ---------- -------------------- ---------- ----------     
NOME                                               DT_NASCI CD_EDITORA          
-------------------------------------------------- -------- ----------          
RAZAO                                                        CNPJ               
------------------------------------------------------------ --------------     
ENDERECO                                                                        
--------------------------------------------------                              
CIDADE                                                                          
--------------------------------------------------                              
AV. ENSINO,14                                                                   

TITULO                                                                          
--------------------------------------------------------------------------------
  CD_AUTOR CD_EDITORA    VL_REAL PUBLICACAO           VOLUME       CD_AUTOR     
---------- ---------- ---------- -------------------- ---------- ----------     
NOME                                               DT_NASCI CD_EDITORA          
-------------------------------------------------- -------- ----------          
RAZAO                                                        CNPJ               
------------------------------------------------------------ --------------     
ENDERECO                                                                        
--------------------------------------------------                              
CIDADE                                                                          
--------------------------------------------------                              
RIO DE JANEIRO                                                                  

TITULO                                                                          
--------------------------------------------------------------------------------
  CD_AUTOR CD_EDITORA    VL_REAL PUBLICACAO           VOLUME       CD_AUTOR     
---------- ---------- ---------- -------------------- ---------- ----------     
NOME                                               DT_NASCI CD_EDITORA          
-------------------------------------------------- -------- ----------          
RAZAO                                                        CNPJ               
------------------------------------------------------------ --------------     
ENDERECO                                                                        
--------------------------------------------------                              
CIDADE                                                                          
--------------------------------------------------                              
                                                                                

TITULO                                                                          
--------------------------------------------------------------------------------
  CD_AUTOR CD_EDITORA    VL_REAL PUBLICACAO           VOLUME       CD_AUTOR     
---------- ---------- ---------- -------------------- ---------- ----------     
NOME                                               DT_NASCI CD_EDITORA          
-------------------------------------------------- -------- ----------          
RAZAO                                                        CNPJ               
------------------------------------------------------------ --------------     
ENDERECO                                                                        
--------------------------------------------------                              
CIDADE                                                                          
--------------------------------------------------                              
SISTEMAS DE BANCO DE DADOS-PROJETO,IMPLEMENTAÇO E ADMINISTRAÇO                

TITULO                                                                          
--------------------------------------------------------------------------------
  CD_AUTOR CD_EDITORA    VL_REAL PUBLICACAO           VOLUME       CD_AUTOR     
---------- ---------- ---------- -------------------- ---------- ----------     
NOME                                               DT_NASCI CD_EDITORA          
-------------------------------------------------- -------- ----------          
RAZAO                                                        CNPJ               
------------------------------------------------------------ --------------     
ENDERECO                                                                        
--------------------------------------------------                              
CIDADE                                                                          
--------------------------------------------------                              
         3         20      100,8                      2                   1     

TITULO                                                                          
--------------------------------------------------------------------------------
  CD_AUTOR CD_EDITORA    VL_REAL PUBLICACAO           VOLUME       CD_AUTOR     
---------- ---------- ---------- -------------------- ---------- ----------     
NOME                                               DT_NASCI CD_EDITORA          
-------------------------------------------------- -------- ----------          
RAZAO                                                        CNPJ               
------------------------------------------------------------ --------------     
ENDERECO                                                                        
--------------------------------------------------                              
CIDADE                                                                          
--------------------------------------------------                              
FELIPE NERY RODRIGUES MACHADO                      26/04/77         20          

TITULO                                                                          
--------------------------------------------------------------------------------
  CD_AUTOR CD_EDITORA    VL_REAL PUBLICACAO           VOLUME       CD_AUTOR     
---------- ---------- ---------- -------------------- ---------- ----------     
NOME                                               DT_NASCI CD_EDITORA          
-------------------------------------------------- -------- ----------          
RAZAO                                                        CNPJ               
------------------------------------------------------------ --------------     
ENDERECO                                                                        
--------------------------------------------------                              
CIDADE                                                                          
--------------------------------------------------                              
CENGAGE                                                      12345670001        

TITULO                                                                          
--------------------------------------------------------------------------------
  CD_AUTOR CD_EDITORA    VL_REAL PUBLICACAO           VOLUME       CD_AUTOR     
---------- ---------- ---------- -------------------- ---------- ----------     
NOME                                               DT_NASCI CD_EDITORA          
-------------------------------------------------- -------- ----------          
RAZAO                                                        CNPJ               
------------------------------------------------------------ --------------     
ENDERECO                                                                        
--------------------------------------------------                              
CIDADE                                                                          
--------------------------------------------------                              
AV. ENSINO,14                                                                   

TITULO                                                                          
--------------------------------------------------------------------------------
  CD_AUTOR CD_EDITORA    VL_REAL PUBLICACAO           VOLUME       CD_AUTOR     
---------- ---------- ---------- -------------------- ---------- ----------     
NOME                                               DT_NASCI CD_EDITORA          
-------------------------------------------------- -------- ----------          
RAZAO                                                        CNPJ               
------------------------------------------------------------ --------------     
ENDERECO                                                                        
--------------------------------------------------                              
CIDADE                                                                          
--------------------------------------------------                              
RIO DE JANEIRO                                                                  

TITULO                                                                          
--------------------------------------------------------------------------------
  CD_AUTOR CD_EDITORA    VL_REAL PUBLICACAO           VOLUME       CD_AUTOR     
---------- ---------- ---------- -------------------- ---------- ----------     
NOME                                               DT_NASCI CD_EDITORA          
-------------------------------------------------- -------- ----------          
RAZAO                                                        CNPJ               
------------------------------------------------------------ --------------     
ENDERECO                                                                        
--------------------------------------------------                              
CIDADE                                                                          
--------------------------------------------------                              
                                                                                

TITULO                                                                          
--------------------------------------------------------------------------------
  CD_AUTOR CD_EDITORA    VL_REAL PUBLICACAO           VOLUME       CD_AUTOR     
---------- ---------- ---------- -------------------- ---------- ----------     
NOME                                               DT_NASCI CD_EDITORA          
-------------------------------------------------- -------- ----------          
RAZAO                                                        CNPJ               
------------------------------------------------------------ --------------     
ENDERECO                                                                        
--------------------------------------------------                              
CIDADE                                                                          
--------------------------------------------------                              
SISTEMAS DE BANCO DE DADOS-PROJETO,IMPLEMENTAÇO E ADMINISTRAÇO                

TITULO                                                                          
--------------------------------------------------------------------------------
  CD_AUTOR CD_EDITORA    VL_REAL PUBLICACAO           VOLUME       CD_AUTOR     
---------- ---------- ---------- -------------------- ---------- ----------     
NOME                                               DT_NASCI CD_EDITORA          
-------------------------------------------------- -------- ----------          
RAZAO                                                        CNPJ               
------------------------------------------------------------ --------------     
ENDERECO                                                                        
--------------------------------------------------                              
CIDADE                                                                          
--------------------------------------------------                              
         3         20      100,8                      2                   2     

TITULO                                                                          
--------------------------------------------------------------------------------
  CD_AUTOR CD_EDITORA    VL_REAL PUBLICACAO           VOLUME       CD_AUTOR     
---------- ---------- ---------- -------------------- ---------- ----------     
NOME                                               DT_NASCI CD_EDITORA          
-------------------------------------------------- -------- ----------          
RAZAO                                                        CNPJ               
------------------------------------------------------------ --------------     
ENDERECO                                                                        
--------------------------------------------------                              
CIDADE                                                                          
--------------------------------------------------                              
PETER ROB                                          09/08/54         20          

TITULO                                                                          
--------------------------------------------------------------------------------
  CD_AUTOR CD_EDITORA    VL_REAL PUBLICACAO           VOLUME       CD_AUTOR     
---------- ---------- ---------- -------------------- ---------- ----------     
NOME                                               DT_NASCI CD_EDITORA          
-------------------------------------------------- -------- ----------          
RAZAO                                                        CNPJ               
------------------------------------------------------------ --------------     
ENDERECO                                                                        
--------------------------------------------------                              
CIDADE                                                                          
--------------------------------------------------                              
CENGAGE                                                      12345670001        

TITULO                                                                          
--------------------------------------------------------------------------------
  CD_AUTOR CD_EDITORA    VL_REAL PUBLICACAO           VOLUME       CD_AUTOR     
---------- ---------- ---------- -------------------- ---------- ----------     
NOME                                               DT_NASCI CD_EDITORA          
-------------------------------------------------- -------- ----------          
RAZAO                                                        CNPJ               
------------------------------------------------------------ --------------     
ENDERECO                                                                        
--------------------------------------------------                              
CIDADE                                                                          
--------------------------------------------------                              
AV. ENSINO,14                                                                   

TITULO                                                                          
--------------------------------------------------------------------------------
  CD_AUTOR CD_EDITORA    VL_REAL PUBLICACAO           VOLUME       CD_AUTOR     
---------- ---------- ---------- -------------------- ---------- ----------     
NOME                                               DT_NASCI CD_EDITORA          
-------------------------------------------------- -------- ----------          
RAZAO                                                        CNPJ               
------------------------------------------------------------ --------------     
ENDERECO                                                                        
--------------------------------------------------                              
CIDADE                                                                          
--------------------------------------------------                              
RIO DE JANEIRO                                                                  

TITULO                                                                          
--------------------------------------------------------------------------------
  CD_AUTOR CD_EDITORA    VL_REAL PUBLICACAO           VOLUME       CD_AUTOR     
---------- ---------- ---------- -------------------- ---------- ----------     
NOME                                               DT_NASCI CD_EDITORA          
-------------------------------------------------- -------- ----------          
RAZAO                                                        CNPJ               
------------------------------------------------------------ --------------     
ENDERECO                                                                        
--------------------------------------------------                              
CIDADE                                                                          
--------------------------------------------------                              
                                                                                

TITULO                                                                          
--------------------------------------------------------------------------------
  CD_AUTOR CD_EDITORA    VL_REAL PUBLICACAO           VOLUME       CD_AUTOR     
---------- ---------- ---------- -------------------- ---------- ----------     
NOME                                               DT_NASCI CD_EDITORA          
-------------------------------------------------- -------- ----------          
RAZAO                                                        CNPJ               
------------------------------------------------------------ --------------     
ENDERECO                                                                        
--------------------------------------------------                              
CIDADE                                                                          
--------------------------------------------------                              
SISTEMAS DE BANCO DE DADOS-PROJETO,IMPLEMENTAÇO E ADMINISTRAÇO                

TITULO                                                                          
--------------------------------------------------------------------------------
  CD_AUTOR CD_EDITORA    VL_REAL PUBLICACAO           VOLUME       CD_AUTOR     
---------- ---------- ---------- -------------------- ---------- ----------     
NOME                                               DT_NASCI CD_EDITORA          
-------------------------------------------------- -------- ----------          
RAZAO                                                        CNPJ               
------------------------------------------------------------ --------------     
ENDERECO                                                                        
--------------------------------------------------                              
CIDADE                                                                          
--------------------------------------------------                              
         3         20      100,8                      2                   3     

TITULO                                                                          
--------------------------------------------------------------------------------
  CD_AUTOR CD_EDITORA    VL_REAL PUBLICACAO           VOLUME       CD_AUTOR     
---------- ---------- ---------- -------------------- ---------- ----------     
NOME                                               DT_NASCI CD_EDITORA          
-------------------------------------------------- -------- ----------          
RAZAO                                                        CNPJ               
------------------------------------------------------------ --------------     
ENDERECO                                                                        
--------------------------------------------------                              
CIDADE                                                                          
--------------------------------------------------                              
CARLOS CORONEL                                     02/11/64         20          

TITULO                                                                          
--------------------------------------------------------------------------------
  CD_AUTOR CD_EDITORA    VL_REAL PUBLICACAO           VOLUME       CD_AUTOR     
---------- ---------- ---------- -------------------- ---------- ----------     
NOME                                               DT_NASCI CD_EDITORA          
-------------------------------------------------- -------- ----------          
RAZAO                                                        CNPJ               
------------------------------------------------------------ --------------     
ENDERECO                                                                        
--------------------------------------------------                              
CIDADE                                                                          
--------------------------------------------------                              
CENGAGE                                                      12345670001        

TITULO                                                                          
--------------------------------------------------------------------------------
  CD_AUTOR CD_EDITORA    VL_REAL PUBLICACAO           VOLUME       CD_AUTOR     
---------- ---------- ---------- -------------------- ---------- ----------     
NOME                                               DT_NASCI CD_EDITORA          
-------------------------------------------------- -------- ----------          
RAZAO                                                        CNPJ               
------------------------------------------------------------ --------------     
ENDERECO                                                                        
--------------------------------------------------                              
CIDADE                                                                          
--------------------------------------------------                              
AV. ENSINO,14                                                                   

TITULO                                                                          
--------------------------------------------------------------------------------
  CD_AUTOR CD_EDITORA    VL_REAL PUBLICACAO           VOLUME       CD_AUTOR     
---------- ---------- ---------- -------------------- ---------- ----------     
NOME                                               DT_NASCI CD_EDITORA          
-------------------------------------------------- -------- ----------          
RAZAO                                                        CNPJ               
------------------------------------------------------------ --------------     
ENDERECO                                                                        
--------------------------------------------------                              
CIDADE                                                                          
--------------------------------------------------                              
RIO DE JANEIRO                                                                  

TITULO                                                                          
--------------------------------------------------------------------------------
  CD_AUTOR CD_EDITORA    VL_REAL PUBLICACAO           VOLUME       CD_AUTOR     
---------- ---------- ---------- -------------------- ---------- ----------     
NOME                                               DT_NASCI CD_EDITORA          
-------------------------------------------------- -------- ----------          
RAZAO                                                        CNPJ               
------------------------------------------------------------ --------------     
ENDERECO                                                                        
--------------------------------------------------                              
CIDADE                                                                          
--------------------------------------------------                              
                                                                                

TITULO                                                                          
--------------------------------------------------------------------------------
  CD_AUTOR CD_EDITORA    VL_REAL PUBLICACAO           VOLUME       CD_AUTOR     
---------- ---------- ---------- -------------------- ---------- ----------     
NOME                                               DT_NASCI CD_EDITORA          
-------------------------------------------------- -------- ----------          
RAZAO                                                        CNPJ               
------------------------------------------------------------ --------------     
ENDERECO                                                                        
--------------------------------------------------                              
CIDADE                                                                          
--------------------------------------------------                              
SISTEMAS DE BANCO DE DADOS-PROJETO,IMPLEMENTAÇO E ADMINISTRAÇO                

TITULO                                                                          
--------------------------------------------------------------------------------
  CD_AUTOR CD_EDITORA    VL_REAL PUBLICACAO           VOLUME       CD_AUTOR     
---------- ---------- ---------- -------------------- ---------- ----------     
NOME                                               DT_NASCI CD_EDITORA          
-------------------------------------------------- -------- ----------          
RAZAO                                                        CNPJ               
------------------------------------------------------------ --------------     
ENDERECO                                                                        
--------------------------------------------------                              
CIDADE                                                                          
--------------------------------------------------                              
         3         20      100,8                      2                   4     

TITULO                                                                          
--------------------------------------------------------------------------------
  CD_AUTOR CD_EDITORA    VL_REAL PUBLICACAO           VOLUME       CD_AUTOR     
---------- ---------- ---------- -------------------- ---------- ----------     
NOME                                               DT_NASCI CD_EDITORA          
-------------------------------------------------- -------- ----------          
RAZAO                                                        CNPJ               
------------------------------------------------------------ --------------     
ENDERECO                                                                        
--------------------------------------------------                              
CIDADE                                                                          
--------------------------------------------------                              
IVAN MECENAS                                       10/02/60         20          

TITULO                                                                          
--------------------------------------------------------------------------------
  CD_AUTOR CD_EDITORA    VL_REAL PUBLICACAO           VOLUME       CD_AUTOR     
---------- ---------- ---------- -------------------- ---------- ----------     
NOME                                               DT_NASCI CD_EDITORA          
-------------------------------------------------- -------- ----------          
RAZAO                                                        CNPJ               
------------------------------------------------------------ --------------     
ENDERECO                                                                        
--------------------------------------------------                              
CIDADE                                                                          
--------------------------------------------------                              
CENGAGE                                                      12345670001        

TITULO                                                                          
--------------------------------------------------------------------------------
  CD_AUTOR CD_EDITORA    VL_REAL PUBLICACAO           VOLUME       CD_AUTOR     
---------- ---------- ---------- -------------------- ---------- ----------     
NOME                                               DT_NASCI CD_EDITORA          
-------------------------------------------------- -------- ----------          
RAZAO                                                        CNPJ               
------------------------------------------------------------ --------------     
ENDERECO                                                                        
--------------------------------------------------                              
CIDADE                                                                          
--------------------------------------------------                              
AV. ENSINO,14                                                                   

TITULO                                                                          
--------------------------------------------------------------------------------
  CD_AUTOR CD_EDITORA    VL_REAL PUBLICACAO           VOLUME       CD_AUTOR     
---------- ---------- ---------- -------------------- ---------- ----------     
NOME                                               DT_NASCI CD_EDITORA          
-------------------------------------------------- -------- ----------          
RAZAO                                                        CNPJ               
------------------------------------------------------------ --------------     
ENDERECO                                                                        
--------------------------------------------------                              
CIDADE                                                                          
--------------------------------------------------                              
RIO DE JANEIRO                                                                  

TITULO                                                                          
--------------------------------------------------------------------------------
  CD_AUTOR CD_EDITORA    VL_REAL PUBLICACAO           VOLUME       CD_AUTOR     
---------- ---------- ---------- -------------------- ---------- ----------     
NOME                                               DT_NASCI CD_EDITORA          
-------------------------------------------------- -------- ----------          
RAZAO                                                        CNPJ               
------------------------------------------------------------ --------------     
ENDERECO                                                                        
--------------------------------------------------                              
CIDADE                                                                          
--------------------------------------------------                              
                                                                                

TITULO                                                                          
--------------------------------------------------------------------------------
  CD_AUTOR CD_EDITORA    VL_REAL PUBLICACAO           VOLUME       CD_AUTOR     
---------- ---------- ---------- -------------------- ---------- ----------     
NOME                                               DT_NASCI CD_EDITORA          
-------------------------------------------------- -------- ----------          
RAZAO                                                        CNPJ               
------------------------------------------------------------ --------------     
ENDERECO                                                                        
--------------------------------------------------                              
CIDADE                                                                          
--------------------------------------------------                              
SISTEMAS DE BANCO DE DADOS-PROJETO,IMPLEMENTAÇO E ADMINISTRAÇO                

TITULO                                                                          
--------------------------------------------------------------------------------
  CD_AUTOR CD_EDITORA    VL_REAL PUBLICACAO           VOLUME       CD_AUTOR     
---------- ---------- ---------- -------------------- ---------- ----------     
NOME                                               DT_NASCI CD_EDITORA          
-------------------------------------------------- -------- ----------          
RAZAO                                                        CNPJ               
------------------------------------------------------------ --------------     
ENDERECO                                                                        
--------------------------------------------------                              
CIDADE                                                                          
--------------------------------------------------                              
         3         20      100,8                      2                   5     

TITULO                                                                          
--------------------------------------------------------------------------------
  CD_AUTOR CD_EDITORA    VL_REAL PUBLICACAO           VOLUME       CD_AUTOR     
---------- ---------- ---------- -------------------- ---------- ----------     
NOME                                               DT_NASCI CD_EDITORA          
-------------------------------------------------- -------- ----------          
RAZAO                                                        CNPJ               
------------------------------------------------------------ --------------     
ENDERECO                                                                        
--------------------------------------------------                              
CIDADE                                                                          
--------------------------------------------------                              
IVAN MECENAS                                                        20          

TITULO                                                                          
--------------------------------------------------------------------------------
  CD_AUTOR CD_EDITORA    VL_REAL PUBLICACAO           VOLUME       CD_AUTOR     
---------- ---------- ---------- -------------------- ---------- ----------     
NOME                                               DT_NASCI CD_EDITORA          
-------------------------------------------------- -------- ----------          
RAZAO                                                        CNPJ               
------------------------------------------------------------ --------------     
ENDERECO                                                                        
--------------------------------------------------                              
CIDADE                                                                          
--------------------------------------------------                              
CENGAGE                                                      12345670001        

TITULO                                                                          
--------------------------------------------------------------------------------
  CD_AUTOR CD_EDITORA    VL_REAL PUBLICACAO           VOLUME       CD_AUTOR     
---------- ---------- ---------- -------------------- ---------- ----------     
NOME                                               DT_NASCI CD_EDITORA          
-------------------------------------------------- -------- ----------          
RAZAO                                                        CNPJ               
------------------------------------------------------------ --------------     
ENDERECO                                                                        
--------------------------------------------------                              
CIDADE                                                                          
--------------------------------------------------                              
AV. ENSINO,14                                                                   

TITULO                                                                          
--------------------------------------------------------------------------------
  CD_AUTOR CD_EDITORA    VL_REAL PUBLICACAO           VOLUME       CD_AUTOR     
---------- ---------- ---------- -------------------- ---------- ----------     
NOME                                               DT_NASCI CD_EDITORA          
-------------------------------------------------- -------- ----------          
RAZAO                                                        CNPJ               
------------------------------------------------------------ --------------     
ENDERECO                                                                        
--------------------------------------------------                              
CIDADE                                                                          
--------------------------------------------------                              
RIO DE JANEIRO                                                                  

TITULO                                                                          
--------------------------------------------------------------------------------
  CD_AUTOR CD_EDITORA    VL_REAL PUBLICACAO           VOLUME       CD_AUTOR     
---------- ---------- ---------- -------------------- ---------- ----------     
NOME                                               DT_NASCI CD_EDITORA          
-------------------------------------------------- -------- ----------          
RAZAO                                                        CNPJ               
------------------------------------------------------------ --------------     
ENDERECO                                                                        
--------------------------------------------------                              
CIDADE                                                                          
--------------------------------------------------                              
                                                                                

TITULO                                                                          
--------------------------------------------------------------------------------
  CD_AUTOR CD_EDITORA    VL_REAL PUBLICACAO           VOLUME       CD_AUTOR     
---------- ---------- ---------- -------------------- ---------- ----------     
NOME                                               DT_NASCI CD_EDITORA          
-------------------------------------------------- -------- ----------          
RAZAO                                                        CNPJ               
------------------------------------------------------------ --------------     
ENDERECO                                                                        
--------------------------------------------------                              
CIDADE                                                                          
--------------------------------------------------                              
BANCO DE DADOS PROJETO E IMPLEMENTAÇO                                          

TITULO                                                                          
--------------------------------------------------------------------------------
  CD_AUTOR CD_EDITORA    VL_REAL PUBLICACAO           VOLUME       CD_AUTOR     
---------- ---------- ---------- -------------------- ---------- ----------     
NOME                                               DT_NASCI CD_EDITORA          
-------------------------------------------------- -------- ----------          
RAZAO                                                        CNPJ               
------------------------------------------------------------ --------------     
ENDERECO                                                                        
--------------------------------------------------                              
CIDADE                                                                          
--------------------------------------------------                              
         1         10       45,6                      1                   1     

TITULO                                                                          
--------------------------------------------------------------------------------
  CD_AUTOR CD_EDITORA    VL_REAL PUBLICACAO           VOLUME       CD_AUTOR     
---------- ---------- ---------- -------------------- ---------- ----------     
NOME                                               DT_NASCI CD_EDITORA          
-------------------------------------------------- -------- ----------          
RAZAO                                                        CNPJ               
------------------------------------------------------------ --------------     
ENDERECO                                                                        
--------------------------------------------------                              
CIDADE                                                                          
--------------------------------------------------                              
FELIPE NERY RODRIGUES MACHADO                      26/04/77         30          

TITULO                                                                          
--------------------------------------------------------------------------------
  CD_AUTOR CD_EDITORA    VL_REAL PUBLICACAO           VOLUME       CD_AUTOR     
---------- ---------- ---------- -------------------- ---------- ----------     
NOME                                               DT_NASCI CD_EDITORA          
-------------------------------------------------- -------- ----------          
RAZAO                                                        CNPJ               
------------------------------------------------------------ --------------     
ENDERECO                                                                        
--------------------------------------------------                              
CIDADE                                                                          
--------------------------------------------------                              
ALTA BOOKS                                                   98712360001        

TITULO                                                                          
--------------------------------------------------------------------------------
  CD_AUTOR CD_EDITORA    VL_REAL PUBLICACAO           VOLUME       CD_AUTOR     
---------- ---------- ---------- -------------------- ---------- ----------     
NOME                                               DT_NASCI CD_EDITORA          
-------------------------------------------------- -------- ----------          
RAZAO                                                        CNPJ               
------------------------------------------------------------ --------------     
ENDERECO                                                                        
--------------------------------------------------                              
CIDADE                                                                          
--------------------------------------------------                              
PRAA LIVRO,231                                                                 

TITULO                                                                          
--------------------------------------------------------------------------------
  CD_AUTOR CD_EDITORA    VL_REAL PUBLICACAO           VOLUME       CD_AUTOR     
---------- ---------- ---------- -------------------- ---------- ----------     
NOME                                               DT_NASCI CD_EDITORA          
-------------------------------------------------- -------- ----------          
RAZAO                                                        CNPJ               
------------------------------------------------------------ --------------     
ENDERECO                                                                        
--------------------------------------------------                              
CIDADE                                                                          
--------------------------------------------------                              
RIO DE JANEIRO                                                                  

TITULO                                                                          
--------------------------------------------------------------------------------
  CD_AUTOR CD_EDITORA    VL_REAL PUBLICACAO           VOLUME       CD_AUTOR     
---------- ---------- ---------- -------------------- ---------- ----------     
NOME                                               DT_NASCI CD_EDITORA          
-------------------------------------------------- -------- ----------          
RAZAO                                                        CNPJ               
------------------------------------------------------------ --------------     
ENDERECO                                                                        
--------------------------------------------------                              
CIDADE                                                                          
--------------------------------------------------                              
                                                                                

TITULO                                                                          
--------------------------------------------------------------------------------
  CD_AUTOR CD_EDITORA    VL_REAL PUBLICACAO           VOLUME       CD_AUTOR     
---------- ---------- ---------- -------------------- ---------- ----------     
NOME                                               DT_NASCI CD_EDITORA          
-------------------------------------------------- -------- ----------          
RAZAO                                                        CNPJ               
------------------------------------------------------------ --------------     
ENDERECO                                                                        
--------------------------------------------------                              
CIDADE                                                                          
--------------------------------------------------                              
BANCO DE DADOS PROJETO E IMPLEMENTAÇO                                          

TITULO                                                                          
--------------------------------------------------------------------------------
  CD_AUTOR CD_EDITORA    VL_REAL PUBLICACAO           VOLUME       CD_AUTOR     
---------- ---------- ---------- -------------------- ---------- ----------     
NOME                                               DT_NASCI CD_EDITORA          
-------------------------------------------------- -------- ----------          
RAZAO                                                        CNPJ               
------------------------------------------------------------ --------------     
ENDERECO                                                                        
--------------------------------------------------                              
CIDADE                                                                          
--------------------------------------------------                              
         1         10       45,6                      1                   2     

TITULO                                                                          
--------------------------------------------------------------------------------
  CD_AUTOR CD_EDITORA    VL_REAL PUBLICACAO           VOLUME       CD_AUTOR     
---------- ---------- ---------- -------------------- ---------- ----------     
NOME                                               DT_NASCI CD_EDITORA          
-------------------------------------------------- -------- ----------          
RAZAO                                                        CNPJ               
------------------------------------------------------------ --------------     
ENDERECO                                                                        
--------------------------------------------------                              
CIDADE                                                                          
--------------------------------------------------                              
PETER ROB                                          09/08/54         30          

TITULO                                                                          
--------------------------------------------------------------------------------
  CD_AUTOR CD_EDITORA    VL_REAL PUBLICACAO           VOLUME       CD_AUTOR     
---------- ---------- ---------- -------------------- ---------- ----------     
NOME                                               DT_NASCI CD_EDITORA          
-------------------------------------------------- -------- ----------          
RAZAO                                                        CNPJ               
------------------------------------------------------------ --------------     
ENDERECO                                                                        
--------------------------------------------------                              
CIDADE                                                                          
--------------------------------------------------                              
ALTA BOOKS                                                   98712360001        

TITULO                                                                          
--------------------------------------------------------------------------------
  CD_AUTOR CD_EDITORA    VL_REAL PUBLICACAO           VOLUME       CD_AUTOR     
---------- ---------- ---------- -------------------- ---------- ----------     
NOME                                               DT_NASCI CD_EDITORA          
-------------------------------------------------- -------- ----------          
RAZAO                                                        CNPJ               
------------------------------------------------------------ --------------     
ENDERECO                                                                        
--------------------------------------------------                              
CIDADE                                                                          
--------------------------------------------------                              
PRAA LIVRO,231                                                                 

TITULO                                                                          
--------------------------------------------------------------------------------
  CD_AUTOR CD_EDITORA    VL_REAL PUBLICACAO           VOLUME       CD_AUTOR     
---------- ---------- ---------- -------------------- ---------- ----------     
NOME                                               DT_NASCI CD_EDITORA          
-------------------------------------------------- -------- ----------          
RAZAO                                                        CNPJ               
------------------------------------------------------------ --------------     
ENDERECO                                                                        
--------------------------------------------------                              
CIDADE                                                                          
--------------------------------------------------                              
RIO DE JANEIRO                                                                  

TITULO                                                                          
--------------------------------------------------------------------------------
  CD_AUTOR CD_EDITORA    VL_REAL PUBLICACAO           VOLUME       CD_AUTOR     
---------- ---------- ---------- -------------------- ---------- ----------     
NOME                                               DT_NASCI CD_EDITORA          
-------------------------------------------------- -------- ----------          
RAZAO                                                        CNPJ               
------------------------------------------------------------ --------------     
ENDERECO                                                                        
--------------------------------------------------                              
CIDADE                                                                          
--------------------------------------------------                              
                                                                                

TITULO                                                                          
--------------------------------------------------------------------------------
  CD_AUTOR CD_EDITORA    VL_REAL PUBLICACAO           VOLUME       CD_AUTOR     
---------- ---------- ---------- -------------------- ---------- ----------     
NOME                                               DT_NASCI CD_EDITORA          
-------------------------------------------------- -------- ----------          
RAZAO                                                        CNPJ               
------------------------------------------------------------ --------------     
ENDERECO                                                                        
--------------------------------------------------                              
CIDADE                                                                          
--------------------------------------------------                              
BANCO DE DADOS PROJETO E IMPLEMENTAÇO                                          

TITULO                                                                          
--------------------------------------------------------------------------------
  CD_AUTOR CD_EDITORA    VL_REAL PUBLICACAO           VOLUME       CD_AUTOR     
---------- ---------- ---------- -------------------- ---------- ----------     
NOME                                               DT_NASCI CD_EDITORA          
-------------------------------------------------- -------- ----------          
RAZAO                                                        CNPJ               
------------------------------------------------------------ --------------     
ENDERECO                                                                        
--------------------------------------------------                              
CIDADE                                                                          
--------------------------------------------------                              
         1         10       45,6                      1                   3     

TITULO                                                                          
--------------------------------------------------------------------------------
  CD_AUTOR CD_EDITORA    VL_REAL PUBLICACAO           VOLUME       CD_AUTOR     
---------- ---------- ---------- -------------------- ---------- ----------     
NOME                                               DT_NASCI CD_EDITORA          
-------------------------------------------------- -------- ----------          
RAZAO                                                        CNPJ               
------------------------------------------------------------ --------------     
ENDERECO                                                                        
--------------------------------------------------                              
CIDADE                                                                          
--------------------------------------------------                              
CARLOS CORONEL                                     02/11/64         30          

TITULO                                                                          
--------------------------------------------------------------------------------
  CD_AUTOR CD_EDITORA    VL_REAL PUBLICACAO           VOLUME       CD_AUTOR     
---------- ---------- ---------- -------------------- ---------- ----------     
NOME                                               DT_NASCI CD_EDITORA          
-------------------------------------------------- -------- ----------          
RAZAO                                                        CNPJ               
------------------------------------------------------------ --------------     
ENDERECO                                                                        
--------------------------------------------------                              
CIDADE                                                                          
--------------------------------------------------                              
ALTA BOOKS                                                   98712360001        

TITULO                                                                          
--------------------------------------------------------------------------------
  CD_AUTOR CD_EDITORA    VL_REAL PUBLICACAO           VOLUME       CD_AUTOR     
---------- ---------- ---------- -------------------- ---------- ----------     
NOME                                               DT_NASCI CD_EDITORA          
-------------------------------------------------- -------- ----------          
RAZAO                                                        CNPJ               
------------------------------------------------------------ --------------     
ENDERECO                                                                        
--------------------------------------------------                              
CIDADE                                                                          
--------------------------------------------------                              
PRAA LIVRO,231                                                                 

TITULO                                                                          
--------------------------------------------------------------------------------
  CD_AUTOR CD_EDITORA    VL_REAL PUBLICACAO           VOLUME       CD_AUTOR     
---------- ---------- ---------- -------------------- ---------- ----------     
NOME                                               DT_NASCI CD_EDITORA          
-------------------------------------------------- -------- ----------          
RAZAO                                                        CNPJ               
------------------------------------------------------------ --------------     
ENDERECO                                                                        
--------------------------------------------------                              
CIDADE                                                                          
--------------------------------------------------                              
RIO DE JANEIRO                                                                  

TITULO                                                                          
--------------------------------------------------------------------------------
  CD_AUTOR CD_EDITORA    VL_REAL PUBLICACAO           VOLUME       CD_AUTOR     
---------- ---------- ---------- -------------------- ---------- ----------     
NOME                                               DT_NASCI CD_EDITORA          
-------------------------------------------------- -------- ----------          
RAZAO                                                        CNPJ               
------------------------------------------------------------ --------------     
ENDERECO                                                                        
--------------------------------------------------                              
CIDADE                                                                          
--------------------------------------------------                              
                                                                                

TITULO                                                                          
--------------------------------------------------------------------------------
  CD_AUTOR CD_EDITORA    VL_REAL PUBLICACAO           VOLUME       CD_AUTOR     
---------- ---------- ---------- -------------------- ---------- ----------     
NOME                                               DT_NASCI CD_EDITORA          
-------------------------------------------------- -------- ----------          
RAZAO                                                        CNPJ               
------------------------------------------------------------ --------------     
ENDERECO                                                                        
--------------------------------------------------                              
CIDADE                                                                          
--------------------------------------------------                              
BANCO DE DADOS PROJETO E IMPLEMENTAÇO                                          

TITULO                                                                          
--------------------------------------------------------------------------------
  CD_AUTOR CD_EDITORA    VL_REAL PUBLICACAO           VOLUME       CD_AUTOR     
---------- ---------- ---------- -------------------- ---------- ----------     
NOME                                               DT_NASCI CD_EDITORA          
-------------------------------------------------- -------- ----------          
RAZAO                                                        CNPJ               
------------------------------------------------------------ --------------     
ENDERECO                                                                        
--------------------------------------------------                              
CIDADE                                                                          
--------------------------------------------------                              
         1         10       45,6                      1                   4     

TITULO                                                                          
--------------------------------------------------------------------------------
  CD_AUTOR CD_EDITORA    VL_REAL PUBLICACAO           VOLUME       CD_AUTOR     
---------- ---------- ---------- -------------------- ---------- ----------     
NOME                                               DT_NASCI CD_EDITORA          
-------------------------------------------------- -------- ----------          
RAZAO                                                        CNPJ               
------------------------------------------------------------ --------------     
ENDERECO                                                                        
--------------------------------------------------                              
CIDADE                                                                          
--------------------------------------------------                              
IVAN MECENAS                                       10/02/60         30          

TITULO                                                                          
--------------------------------------------------------------------------------
  CD_AUTOR CD_EDITORA    VL_REAL PUBLICACAO           VOLUME       CD_AUTOR     
---------- ---------- ---------- -------------------- ---------- ----------     
NOME                                               DT_NASCI CD_EDITORA          
-------------------------------------------------- -------- ----------          
RAZAO                                                        CNPJ               
------------------------------------------------------------ --------------     
ENDERECO                                                                        
--------------------------------------------------                              
CIDADE                                                                          
--------------------------------------------------                              
ALTA BOOKS                                                   98712360001        

TITULO                                                                          
--------------------------------------------------------------------------------
  CD_AUTOR CD_EDITORA    VL_REAL PUBLICACAO           VOLUME       CD_AUTOR     
---------- ---------- ---------- -------------------- ---------- ----------     
NOME                                               DT_NASCI CD_EDITORA          
-------------------------------------------------- -------- ----------          
RAZAO                                                        CNPJ               
------------------------------------------------------------ --------------     
ENDERECO                                                                        
--------------------------------------------------                              
CIDADE                                                                          
--------------------------------------------------                              
PRAA LIVRO,231                                                                 

TITULO                                                                          
--------------------------------------------------------------------------------
  CD_AUTOR CD_EDITORA    VL_REAL PUBLICACAO           VOLUME       CD_AUTOR     
---------- ---------- ---------- -------------------- ---------- ----------     
NOME                                               DT_NASCI CD_EDITORA          
-------------------------------------------------- -------- ----------          
RAZAO                                                        CNPJ               
------------------------------------------------------------ --------------     
ENDERECO                                                                        
--------------------------------------------------                              
CIDADE                                                                          
--------------------------------------------------                              
RIO DE JANEIRO                                                                  

TITULO                                                                          
--------------------------------------------------------------------------------
  CD_AUTOR CD_EDITORA    VL_REAL PUBLICACAO           VOLUME       CD_AUTOR     
---------- ---------- ---------- -------------------- ---------- ----------     
NOME                                               DT_NASCI CD_EDITORA          
-------------------------------------------------- -------- ----------          
RAZAO                                                        CNPJ               
------------------------------------------------------------ --------------     
ENDERECO                                                                        
--------------------------------------------------                              
CIDADE                                                                          
--------------------------------------------------                              
                                                                                

TITULO                                                                          
--------------------------------------------------------------------------------
  CD_AUTOR CD_EDITORA    VL_REAL PUBLICACAO           VOLUME       CD_AUTOR     
---------- ---------- ---------- -------------------- ---------- ----------     
NOME                                               DT_NASCI CD_EDITORA          
-------------------------------------------------- -------- ----------          
RAZAO                                                        CNPJ               
------------------------------------------------------------ --------------     
ENDERECO                                                                        
--------------------------------------------------                              
CIDADE                                                                          
--------------------------------------------------                              
BANCO DE DADOS PROJETO E IMPLEMENTAÇO                                          

TITULO                                                                          
--------------------------------------------------------------------------------
  CD_AUTOR CD_EDITORA    VL_REAL PUBLICACAO           VOLUME       CD_AUTOR     
---------- ---------- ---------- -------------------- ---------- ----------     
NOME                                               DT_NASCI CD_EDITORA          
-------------------------------------------------- -------- ----------          
RAZAO                                                        CNPJ               
------------------------------------------------------------ --------------     
ENDERECO                                                                        
--------------------------------------------------                              
CIDADE                                                                          
--------------------------------------------------                              
         1         10       45,6                      1                   5     

TITULO                                                                          
--------------------------------------------------------------------------------
  CD_AUTOR CD_EDITORA    VL_REAL PUBLICACAO           VOLUME       CD_AUTOR     
---------- ---------- ---------- -------------------- ---------- ----------     
NOME                                               DT_NASCI CD_EDITORA          
-------------------------------------------------- -------- ----------          
RAZAO                                                        CNPJ               
------------------------------------------------------------ --------------     
ENDERECO                                                                        
--------------------------------------------------                              
CIDADE                                                                          
--------------------------------------------------                              
IVAN MECENAS                                                        30          

TITULO                                                                          
--------------------------------------------------------------------------------
  CD_AUTOR CD_EDITORA    VL_REAL PUBLICACAO           VOLUME       CD_AUTOR     
---------- ---------- ---------- -------------------- ---------- ----------     
NOME                                               DT_NASCI CD_EDITORA          
-------------------------------------------------- -------- ----------          
RAZAO                                                        CNPJ               
------------------------------------------------------------ --------------     
ENDERECO                                                                        
--------------------------------------------------                              
CIDADE                                                                          
--------------------------------------------------                              
ALTA BOOKS                                                   98712360001        

TITULO                                                                          
--------------------------------------------------------------------------------
  CD_AUTOR CD_EDITORA    VL_REAL PUBLICACAO           VOLUME       CD_AUTOR     
---------- ---------- ---------- -------------------- ---------- ----------     
NOME                                               DT_NASCI CD_EDITORA          
-------------------------------------------------- -------- ----------          
RAZAO                                                        CNPJ               
------------------------------------------------------------ --------------     
ENDERECO                                                                        
--------------------------------------------------                              
CIDADE                                                                          
--------------------------------------------------                              
PRAA LIVRO,231                                                                 

TITULO                                                                          
--------------------------------------------------------------------------------
  CD_AUTOR CD_EDITORA    VL_REAL PUBLICACAO           VOLUME       CD_AUTOR     
---------- ---------- ---------- -------------------- ---------- ----------     
NOME                                               DT_NASCI CD_EDITORA          
-------------------------------------------------- -------- ----------          
RAZAO                                                        CNPJ               
------------------------------------------------------------ --------------     
ENDERECO                                                                        
--------------------------------------------------                              
CIDADE                                                                          
--------------------------------------------------                              
RIO DE JANEIRO                                                                  

TITULO                                                                          
--------------------------------------------------------------------------------
  CD_AUTOR CD_EDITORA    VL_REAL PUBLICACAO           VOLUME       CD_AUTOR     
---------- ---------- ---------- -------------------- ---------- ----------     
NOME                                               DT_NASCI CD_EDITORA          
-------------------------------------------------- -------- ----------          
RAZAO                                                        CNPJ               
------------------------------------------------------------ --------------     
ENDERECO                                                                        
--------------------------------------------------                              
CIDADE                                                                          
--------------------------------------------------                              
                                                                                

TITULO                                                                          
--------------------------------------------------------------------------------
  CD_AUTOR CD_EDITORA    VL_REAL PUBLICACAO           VOLUME       CD_AUTOR     
---------- ---------- ---------- -------------------- ---------- ----------     
NOME                                               DT_NASCI CD_EDITORA          
-------------------------------------------------- -------- ----------          
RAZAO                                                        CNPJ               
------------------------------------------------------------ --------------     
ENDERECO                                                                        
--------------------------------------------------                              
CIDADE                                                                          
--------------------------------------------------                              
BANCO DE DADOS: MODELO CONCEITUAL · IMPLEMENTAÇO FÖSICA                        

TITULO                                                                          
--------------------------------------------------------------------------------
  CD_AUTOR CD_EDITORA    VL_REAL PUBLICACAO           VOLUME       CD_AUTOR     
---------- ---------- ---------- -------------------- ---------- ----------     
NOME                                               DT_NASCI CD_EDITORA          
-------------------------------------------------- -------- ----------          
RAZAO                                                        CNPJ               
------------------------------------------------------------ --------------     
ENDERECO                                                                        
--------------------------------------------------                              
CIDADE                                                                          
--------------------------------------------------                              
         4         30       35,7                      1                   1     

TITULO                                                                          
--------------------------------------------------------------------------------
  CD_AUTOR CD_EDITORA    VL_REAL PUBLICACAO           VOLUME       CD_AUTOR     
---------- ---------- ---------- -------------------- ---------- ----------     
NOME                                               DT_NASCI CD_EDITORA          
-------------------------------------------------- -------- ----------          
RAZAO                                                        CNPJ               
------------------------------------------------------------ --------------     
ENDERECO                                                                        
--------------------------------------------------                              
CIDADE                                                                          
--------------------------------------------------                              
FELIPE NERY RODRIGUES MACHADO                      26/04/77         30          

TITULO                                                                          
--------------------------------------------------------------------------------
  CD_AUTOR CD_EDITORA    VL_REAL PUBLICACAO           VOLUME       CD_AUTOR     
---------- ---------- ---------- -------------------- ---------- ----------     
NOME                                               DT_NASCI CD_EDITORA          
-------------------------------------------------- -------- ----------          
RAZAO                                                        CNPJ               
------------------------------------------------------------ --------------     
ENDERECO                                                                        
--------------------------------------------------                              
CIDADE                                                                          
--------------------------------------------------                              
ALTA BOOKS                                                   98712360001        

TITULO                                                                          
--------------------------------------------------------------------------------
  CD_AUTOR CD_EDITORA    VL_REAL PUBLICACAO           VOLUME       CD_AUTOR     
---------- ---------- ---------- -------------------- ---------- ----------     
NOME                                               DT_NASCI CD_EDITORA          
-------------------------------------------------- -------- ----------          
RAZAO                                                        CNPJ               
------------------------------------------------------------ --------------     
ENDERECO                                                                        
--------------------------------------------------                              
CIDADE                                                                          
--------------------------------------------------                              
PRAA LIVRO,231                                                                 

TITULO                                                                          
--------------------------------------------------------------------------------
  CD_AUTOR CD_EDITORA    VL_REAL PUBLICACAO           VOLUME       CD_AUTOR     
---------- ---------- ---------- -------------------- ---------- ----------     
NOME                                               DT_NASCI CD_EDITORA          
-------------------------------------------------- -------- ----------          
RAZAO                                                        CNPJ               
------------------------------------------------------------ --------------     
ENDERECO                                                                        
--------------------------------------------------                              
CIDADE                                                                          
--------------------------------------------------                              
RIO DE JANEIRO                                                                  

TITULO                                                                          
--------------------------------------------------------------------------------
  CD_AUTOR CD_EDITORA    VL_REAL PUBLICACAO           VOLUME       CD_AUTOR     
---------- ---------- ---------- -------------------- ---------- ----------     
NOME                                               DT_NASCI CD_EDITORA          
-------------------------------------------------- -------- ----------          
RAZAO                                                        CNPJ               
------------------------------------------------------------ --------------     
ENDERECO                                                                        
--------------------------------------------------                              
CIDADE                                                                          
--------------------------------------------------                              
                                                                                

TITULO                                                                          
--------------------------------------------------------------------------------
  CD_AUTOR CD_EDITORA    VL_REAL PUBLICACAO           VOLUME       CD_AUTOR     
---------- ---------- ---------- -------------------- ---------- ----------     
NOME                                               DT_NASCI CD_EDITORA          
-------------------------------------------------- -------- ----------          
RAZAO                                                        CNPJ               
------------------------------------------------------------ --------------     
ENDERECO                                                                        
--------------------------------------------------                              
CIDADE                                                                          
--------------------------------------------------                              
BANCO DE DADOS: MODELO CONCEITUAL · IMPLEMENTAÇO FÖSICA                        

TITULO                                                                          
--------------------------------------------------------------------------------
  CD_AUTOR CD_EDITORA    VL_REAL PUBLICACAO           VOLUME       CD_AUTOR     
---------- ---------- ---------- -------------------- ---------- ----------     
NOME                                               DT_NASCI CD_EDITORA          
-------------------------------------------------- -------- ----------          
RAZAO                                                        CNPJ               
------------------------------------------------------------ --------------     
ENDERECO                                                                        
--------------------------------------------------                              
CIDADE                                                                          
--------------------------------------------------                              
         4         30       35,7                      1                   2     

TITULO                                                                          
--------------------------------------------------------------------------------
  CD_AUTOR CD_EDITORA    VL_REAL PUBLICACAO           VOLUME       CD_AUTOR     
---------- ---------- ---------- -------------------- ---------- ----------     
NOME                                               DT_NASCI CD_EDITORA          
-------------------------------------------------- -------- ----------          
RAZAO                                                        CNPJ               
------------------------------------------------------------ --------------     
ENDERECO                                                                        
--------------------------------------------------                              
CIDADE                                                                          
--------------------------------------------------                              
PETER ROB                                          09/08/54         30          

TITULO                                                                          
--------------------------------------------------------------------------------
  CD_AUTOR CD_EDITORA    VL_REAL PUBLICACAO           VOLUME       CD_AUTOR     
---------- ---------- ---------- -------------------- ---------- ----------     
NOME                                               DT_NASCI CD_EDITORA          
-------------------------------------------------- -------- ----------          
RAZAO                                                        CNPJ               
------------------------------------------------------------ --------------     
ENDERECO                                                                        
--------------------------------------------------                              
CIDADE                                                                          
--------------------------------------------------                              
ALTA BOOKS                                                   98712360001        

TITULO                                                                          
--------------------------------------------------------------------------------
  CD_AUTOR CD_EDITORA    VL_REAL PUBLICACAO           VOLUME       CD_AUTOR     
---------- ---------- ---------- -------------------- ---------- ----------     
NOME                                               DT_NASCI CD_EDITORA          
-------------------------------------------------- -------- ----------          
RAZAO                                                        CNPJ               
------------------------------------------------------------ --------------     
ENDERECO                                                                        
--------------------------------------------------                              
CIDADE                                                                          
--------------------------------------------------                              
PRAA LIVRO,231                                                                 

TITULO                                                                          
--------------------------------------------------------------------------------
  CD_AUTOR CD_EDITORA    VL_REAL PUBLICACAO           VOLUME       CD_AUTOR     
---------- ---------- ---------- -------------------- ---------- ----------     
NOME                                               DT_NASCI CD_EDITORA          
-------------------------------------------------- -------- ----------          
RAZAO                                                        CNPJ               
------------------------------------------------------------ --------------     
ENDERECO                                                                        
--------------------------------------------------                              
CIDADE                                                                          
--------------------------------------------------                              
RIO DE JANEIRO                                                                  

TITULO                                                                          
--------------------------------------------------------------------------------
  CD_AUTOR CD_EDITORA    VL_REAL PUBLICACAO           VOLUME       CD_AUTOR     
---------- ---------- ---------- -------------------- ---------- ----------     
NOME                                               DT_NASCI CD_EDITORA          
-------------------------------------------------- -------- ----------          
RAZAO                                                        CNPJ               
------------------------------------------------------------ --------------     
ENDERECO                                                                        
--------------------------------------------------                              
CIDADE                                                                          
--------------------------------------------------                              
                                                                                

TITULO                                                                          
--------------------------------------------------------------------------------
  CD_AUTOR CD_EDITORA    VL_REAL PUBLICACAO           VOLUME       CD_AUTOR     
---------- ---------- ---------- -------------------- ---------- ----------     
NOME                                               DT_NASCI CD_EDITORA          
-------------------------------------------------- -------- ----------          
RAZAO                                                        CNPJ               
------------------------------------------------------------ --------------     
ENDERECO                                                                        
--------------------------------------------------                              
CIDADE                                                                          
--------------------------------------------------                              
BANCO DE DADOS: MODELO CONCEITUAL · IMPLEMENTAÇO FÖSICA                        

TITULO                                                                          
--------------------------------------------------------------------------------
  CD_AUTOR CD_EDITORA    VL_REAL PUBLICACAO           VOLUME       CD_AUTOR     
---------- ---------- ---------- -------------------- ---------- ----------     
NOME                                               DT_NASCI CD_EDITORA          
-------------------------------------------------- -------- ----------          
RAZAO                                                        CNPJ               
------------------------------------------------------------ --------------     
ENDERECO                                                                        
--------------------------------------------------                              
CIDADE                                                                          
--------------------------------------------------                              
         4         30       35,7                      1                   3     

TITULO                                                                          
--------------------------------------------------------------------------------
  CD_AUTOR CD_EDITORA    VL_REAL PUBLICACAO           VOLUME       CD_AUTOR     
---------- ---------- ---------- -------------------- ---------- ----------     
NOME                                               DT_NASCI CD_EDITORA          
-------------------------------------------------- -------- ----------          
RAZAO                                                        CNPJ               
------------------------------------------------------------ --------------     
ENDERECO                                                                        
--------------------------------------------------                              
CIDADE                                                                          
--------------------------------------------------                              
CARLOS CORONEL                                     02/11/64         30          

TITULO                                                                          
--------------------------------------------------------------------------------
  CD_AUTOR CD_EDITORA    VL_REAL PUBLICACAO           VOLUME       CD_AUTOR     
---------- ---------- ---------- -------------------- ---------- ----------     
NOME                                               DT_NASCI CD_EDITORA          
-------------------------------------------------- -------- ----------          
RAZAO                                                        CNPJ               
------------------------------------------------------------ --------------     
ENDERECO                                                                        
--------------------------------------------------                              
CIDADE                                                                          
--------------------------------------------------                              
ALTA BOOKS                                                   98712360001        

TITULO                                                                          
--------------------------------------------------------------------------------
  CD_AUTOR CD_EDITORA    VL_REAL PUBLICACAO           VOLUME       CD_AUTOR     
---------- ---------- ---------- -------------------- ---------- ----------     
NOME                                               DT_NASCI CD_EDITORA          
-------------------------------------------------- -------- ----------          
RAZAO                                                        CNPJ               
------------------------------------------------------------ --------------     
ENDERECO                                                                        
--------------------------------------------------                              
CIDADE                                                                          
--------------------------------------------------                              
PRAA LIVRO,231                                                                 

TITULO                                                                          
--------------------------------------------------------------------------------
  CD_AUTOR CD_EDITORA    VL_REAL PUBLICACAO           VOLUME       CD_AUTOR     
---------- ---------- ---------- -------------------- ---------- ----------     
NOME                                               DT_NASCI CD_EDITORA          
-------------------------------------------------- -------- ----------          
RAZAO                                                        CNPJ               
------------------------------------------------------------ --------------     
ENDERECO                                                                        
--------------------------------------------------                              
CIDADE                                                                          
--------------------------------------------------                              
RIO DE JANEIRO                                                                  

TITULO                                                                          
--------------------------------------------------------------------------------
  CD_AUTOR CD_EDITORA    VL_REAL PUBLICACAO           VOLUME       CD_AUTOR     
---------- ---------- ---------- -------------------- ---------- ----------     
NOME                                               DT_NASCI CD_EDITORA          
-------------------------------------------------- -------- ----------          
RAZAO                                                        CNPJ               
------------------------------------------------------------ --------------     
ENDERECO                                                                        
--------------------------------------------------                              
CIDADE                                                                          
--------------------------------------------------                              
                                                                                

TITULO                                                                          
--------------------------------------------------------------------------------
  CD_AUTOR CD_EDITORA    VL_REAL PUBLICACAO           VOLUME       CD_AUTOR     
---------- ---------- ---------- -------------------- ---------- ----------     
NOME                                               DT_NASCI CD_EDITORA          
-------------------------------------------------- -------- ----------          
RAZAO                                                        CNPJ               
------------------------------------------------------------ --------------     
ENDERECO                                                                        
--------------------------------------------------                              
CIDADE                                                                          
--------------------------------------------------                              
BANCO DE DADOS: MODELO CONCEITUAL · IMPLEMENTAÇO FÖSICA                        

TITULO                                                                          
--------------------------------------------------------------------------------
  CD_AUTOR CD_EDITORA    VL_REAL PUBLICACAO           VOLUME       CD_AUTOR     
---------- ---------- ---------- -------------------- ---------- ----------     
NOME                                               DT_NASCI CD_EDITORA          
-------------------------------------------------- -------- ----------          
RAZAO                                                        CNPJ               
------------------------------------------------------------ --------------     
ENDERECO                                                                        
--------------------------------------------------                              
CIDADE                                                                          
--------------------------------------------------                              
         4         30       35,7                      1                   4     

TITULO                                                                          
--------------------------------------------------------------------------------
  CD_AUTOR CD_EDITORA    VL_REAL PUBLICACAO           VOLUME       CD_AUTOR     
---------- ---------- ---------- -------------------- ---------- ----------     
NOME                                               DT_NASCI CD_EDITORA          
-------------------------------------------------- -------- ----------          
RAZAO                                                        CNPJ               
------------------------------------------------------------ --------------     
ENDERECO                                                                        
--------------------------------------------------                              
CIDADE                                                                          
--------------------------------------------------                              
IVAN MECENAS                                       10/02/60         30          

TITULO                                                                          
--------------------------------------------------------------------------------
  CD_AUTOR CD_EDITORA    VL_REAL PUBLICACAO           VOLUME       CD_AUTOR     
---------- ---------- ---------- -------------------- ---------- ----------     
NOME                                               DT_NASCI CD_EDITORA          
-------------------------------------------------- -------- ----------          
RAZAO                                                        CNPJ               
------------------------------------------------------------ --------------     
ENDERECO                                                                        
--------------------------------------------------                              
CIDADE                                                                          
--------------------------------------------------                              
ALTA BOOKS                                                   98712360001        

TITULO                                                                          
--------------------------------------------------------------------------------
  CD_AUTOR CD_EDITORA    VL_REAL PUBLICACAO           VOLUME       CD_AUTOR     
---------- ---------- ---------- -------------------- ---------- ----------     
NOME                                               DT_NASCI CD_EDITORA          
-------------------------------------------------- -------- ----------          
RAZAO                                                        CNPJ               
------------------------------------------------------------ --------------     
ENDERECO                                                                        
--------------------------------------------------                              
CIDADE                                                                          
--------------------------------------------------                              
PRAA LIVRO,231                                                                 

TITULO                                                                          
--------------------------------------------------------------------------------
  CD_AUTOR CD_EDITORA    VL_REAL PUBLICACAO           VOLUME       CD_AUTOR     
---------- ---------- ---------- -------------------- ---------- ----------     
NOME                                               DT_NASCI CD_EDITORA          
-------------------------------------------------- -------- ----------          
RAZAO                                                        CNPJ               
------------------------------------------------------------ --------------     
ENDERECO                                                                        
--------------------------------------------------                              
CIDADE                                                                          
--------------------------------------------------                              
RIO DE JANEIRO                                                                  

TITULO                                                                          
--------------------------------------------------------------------------------
  CD_AUTOR CD_EDITORA    VL_REAL PUBLICACAO           VOLUME       CD_AUTOR     
---------- ---------- ---------- -------------------- ---------- ----------     
NOME                                               DT_NASCI CD_EDITORA          
-------------------------------------------------- -------- ----------          
RAZAO                                                        CNPJ               
------------------------------------------------------------ --------------     
ENDERECO                                                                        
--------------------------------------------------                              
CIDADE                                                                          
--------------------------------------------------                              
                                                                                

TITULO                                                                          
--------------------------------------------------------------------------------
  CD_AUTOR CD_EDITORA    VL_REAL PUBLICACAO           VOLUME       CD_AUTOR     
---------- ---------- ---------- -------------------- ---------- ----------     
NOME                                               DT_NASCI CD_EDITORA          
-------------------------------------------------- -------- ----------          
RAZAO                                                        CNPJ               
------------------------------------------------------------ --------------     
ENDERECO                                                                        
--------------------------------------------------                              
CIDADE                                                                          
--------------------------------------------------                              
BANCO DE DADOS: MODELO CONCEITUAL · IMPLEMENTAÇO FÖSICA                        

TITULO                                                                          
--------------------------------------------------------------------------------
  CD_AUTOR CD_EDITORA    VL_REAL PUBLICACAO           VOLUME       CD_AUTOR     
---------- ---------- ---------- -------------------- ---------- ----------     
NOME                                               DT_NASCI CD_EDITORA          
-------------------------------------------------- -------- ----------          
RAZAO                                                        CNPJ               
------------------------------------------------------------ --------------     
ENDERECO                                                                        
--------------------------------------------------                              
CIDADE                                                                          
--------------------------------------------------                              
         4         30       35,7                      1                   5     

TITULO                                                                          
--------------------------------------------------------------------------------
  CD_AUTOR CD_EDITORA    VL_REAL PUBLICACAO           VOLUME       CD_AUTOR     
---------- ---------- ---------- -------------------- ---------- ----------     
NOME                                               DT_NASCI CD_EDITORA          
-------------------------------------------------- -------- ----------          
RAZAO                                                        CNPJ               
------------------------------------------------------------ --------------     
ENDERECO                                                                        
--------------------------------------------------                              
CIDADE                                                                          
--------------------------------------------------                              
IVAN MECENAS                                                        30          

TITULO                                                                          
--------------------------------------------------------------------------------
  CD_AUTOR CD_EDITORA    VL_REAL PUBLICACAO           VOLUME       CD_AUTOR     
---------- ---------- ---------- -------------------- ---------- ----------     
NOME                                               DT_NASCI CD_EDITORA          
-------------------------------------------------- -------- ----------          
RAZAO                                                        CNPJ               
------------------------------------------------------------ --------------     
ENDERECO                                                                        
--------------------------------------------------                              
CIDADE                                                                          
--------------------------------------------------                              
ALTA BOOKS                                                   98712360001        

TITULO                                                                          
--------------------------------------------------------------------------------
  CD_AUTOR CD_EDITORA    VL_REAL PUBLICACAO           VOLUME       CD_AUTOR     
---------- ---------- ---------- -------------------- ---------- ----------     
NOME                                               DT_NASCI CD_EDITORA          
-------------------------------------------------- -------- ----------          
RAZAO                                                        CNPJ               
------------------------------------------------------------ --------------     
ENDERECO                                                                        
--------------------------------------------------                              
CIDADE                                                                          
--------------------------------------------------                              
PRAA LIVRO,231                                                                 

TITULO                                                                          
--------------------------------------------------------------------------------
  CD_AUTOR CD_EDITORA    VL_REAL PUBLICACAO           VOLUME       CD_AUTOR     
---------- ---------- ---------- -------------------- ---------- ----------     
NOME                                               DT_NASCI CD_EDITORA          
-------------------------------------------------- -------- ----------          
RAZAO                                                        CNPJ               
------------------------------------------------------------ --------------     
ENDERECO                                                                        
--------------------------------------------------                              
CIDADE                                                                          
--------------------------------------------------                              
RIO DE JANEIRO                                                                  

TITULO                                                                          
--------------------------------------------------------------------------------
  CD_AUTOR CD_EDITORA    VL_REAL PUBLICACAO           VOLUME       CD_AUTOR     
---------- ---------- ---------- -------------------- ---------- ----------     
NOME                                               DT_NASCI CD_EDITORA          
-------------------------------------------------- -------- ----------          
RAZAO                                                        CNPJ               
------------------------------------------------------------ --------------     
ENDERECO                                                                        
--------------------------------------------------                              
CIDADE                                                                          
--------------------------------------------------                              
                                                                                

TITULO                                                                          
--------------------------------------------------------------------------------
  CD_AUTOR CD_EDITORA    VL_REAL PUBLICACAO           VOLUME       CD_AUTOR     
---------- ---------- ---------- -------------------- ---------- ----------     
NOME                                               DT_NASCI CD_EDITORA          
-------------------------------------------------- -------- ----------          
RAZAO                                                        CNPJ               
------------------------------------------------------------ --------------     
ENDERECO                                                                        
--------------------------------------------------                              
CIDADE                                                                          
--------------------------------------------------                              
BANCO DE DADOS: MODELO CONCEITUAL · IMPLEMENTAÇO FÖSICA                        

TITULO                                                                          
--------------------------------------------------------------------------------
  CD_AUTOR CD_EDITORA    VL_REAL PUBLICACAO           VOLUME       CD_AUTOR     
---------- ---------- ---------- -------------------- ---------- ----------     
NOME                                               DT_NASCI CD_EDITORA          
-------------------------------------------------- -------- ----------          
RAZAO                                                        CNPJ               
------------------------------------------------------------ --------------     
ENDERECO                                                                        
--------------------------------------------------                              
CIDADE                                                                          
--------------------------------------------------                              
         5         30       35,7                      1                   1     

TITULO                                                                          
--------------------------------------------------------------------------------
  CD_AUTOR CD_EDITORA    VL_REAL PUBLICACAO           VOLUME       CD_AUTOR     
---------- ---------- ---------- -------------------- ---------- ----------     
NOME                                               DT_NASCI CD_EDITORA          
-------------------------------------------------- -------- ----------          
RAZAO                                                        CNPJ               
------------------------------------------------------------ --------------     
ENDERECO                                                                        
--------------------------------------------------                              
CIDADE                                                                          
--------------------------------------------------                              
FELIPE NERY RODRIGUES MACHADO                      26/04/77         30          

TITULO                                                                          
--------------------------------------------------------------------------------
  CD_AUTOR CD_EDITORA    VL_REAL PUBLICACAO           VOLUME       CD_AUTOR     
---------- ---------- ---------- -------------------- ---------- ----------     
NOME                                               DT_NASCI CD_EDITORA          
-------------------------------------------------- -------- ----------          
RAZAO                                                        CNPJ               
------------------------------------------------------------ --------------     
ENDERECO                                                                        
--------------------------------------------------                              
CIDADE                                                                          
--------------------------------------------------                              
ALTA BOOKS                                                   98712360001        

TITULO                                                                          
--------------------------------------------------------------------------------
  CD_AUTOR CD_EDITORA    VL_REAL PUBLICACAO           VOLUME       CD_AUTOR     
---------- ---------- ---------- -------------------- ---------- ----------     
NOME                                               DT_NASCI CD_EDITORA          
-------------------------------------------------- -------- ----------          
RAZAO                                                        CNPJ               
------------------------------------------------------------ --------------     
ENDERECO                                                                        
--------------------------------------------------                              
CIDADE                                                                          
--------------------------------------------------                              
PRAA LIVRO,231                                                                 

TITULO                                                                          
--------------------------------------------------------------------------------
  CD_AUTOR CD_EDITORA    VL_REAL PUBLICACAO           VOLUME       CD_AUTOR     
---------- ---------- ---------- -------------------- ---------- ----------     
NOME                                               DT_NASCI CD_EDITORA          
-------------------------------------------------- -------- ----------          
RAZAO                                                        CNPJ               
------------------------------------------------------------ --------------     
ENDERECO                                                                        
--------------------------------------------------                              
CIDADE                                                                          
--------------------------------------------------                              
RIO DE JANEIRO                                                                  

TITULO                                                                          
--------------------------------------------------------------------------------
  CD_AUTOR CD_EDITORA    VL_REAL PUBLICACAO           VOLUME       CD_AUTOR     
---------- ---------- ---------- -------------------- ---------- ----------     
NOME                                               DT_NASCI CD_EDITORA          
-------------------------------------------------- -------- ----------          
RAZAO                                                        CNPJ               
------------------------------------------------------------ --------------     
ENDERECO                                                                        
--------------------------------------------------                              
CIDADE                                                                          
--------------------------------------------------                              
                                                                                

TITULO                                                                          
--------------------------------------------------------------------------------
  CD_AUTOR CD_EDITORA    VL_REAL PUBLICACAO           VOLUME       CD_AUTOR     
---------- ---------- ---------- -------------------- ---------- ----------     
NOME                                               DT_NASCI CD_EDITORA          
-------------------------------------------------- -------- ----------          
RAZAO                                                        CNPJ               
------------------------------------------------------------ --------------     
ENDERECO                                                                        
--------------------------------------------------                              
CIDADE                                                                          
--------------------------------------------------                              
BANCO DE DADOS: MODELO CONCEITUAL · IMPLEMENTAÇO FÖSICA                        

TITULO                                                                          
--------------------------------------------------------------------------------
  CD_AUTOR CD_EDITORA    VL_REAL PUBLICACAO           VOLUME       CD_AUTOR     
---------- ---------- ---------- -------------------- ---------- ----------     
NOME                                               DT_NASCI CD_EDITORA          
-------------------------------------------------- -------- ----------          
RAZAO                                                        CNPJ               
------------------------------------------------------------ --------------     
ENDERECO                                                                        
--------------------------------------------------                              
CIDADE                                                                          
--------------------------------------------------                              
         5         30       35,7                      1                   2     

TITULO                                                                          
--------------------------------------------------------------------------------
  CD_AUTOR CD_EDITORA    VL_REAL PUBLICACAO           VOLUME       CD_AUTOR     
---------- ---------- ---------- -------------------- ---------- ----------     
NOME                                               DT_NASCI CD_EDITORA          
-------------------------------------------------- -------- ----------          
RAZAO                                                        CNPJ               
------------------------------------------------------------ --------------     
ENDERECO                                                                        
--------------------------------------------------                              
CIDADE                                                                          
--------------------------------------------------                              
PETER ROB                                          09/08/54         30          

TITULO                                                                          
--------------------------------------------------------------------------------
  CD_AUTOR CD_EDITORA    VL_REAL PUBLICACAO           VOLUME       CD_AUTOR     
---------- ---------- ---------- -------------------- ---------- ----------     
NOME                                               DT_NASCI CD_EDITORA          
-------------------------------------------------- -------- ----------          
RAZAO                                                        CNPJ               
------------------------------------------------------------ --------------     
ENDERECO                                                                        
--------------------------------------------------                              
CIDADE                                                                          
--------------------------------------------------                              
ALTA BOOKS                                                   98712360001        

TITULO                                                                          
--------------------------------------------------------------------------------
  CD_AUTOR CD_EDITORA    VL_REAL PUBLICACAO           VOLUME       CD_AUTOR     
---------- ---------- ---------- -------------------- ---------- ----------     
NOME                                               DT_NASCI CD_EDITORA          
-------------------------------------------------- -------- ----------          
RAZAO                                                        CNPJ               
------------------------------------------------------------ --------------     
ENDERECO                                                                        
--------------------------------------------------                              
CIDADE                                                                          
--------------------------------------------------                              
PRAA LIVRO,231                                                                 

TITULO                                                                          
--------------------------------------------------------------------------------
  CD_AUTOR CD_EDITORA    VL_REAL PUBLICACAO           VOLUME       CD_AUTOR     
---------- ---------- ---------- -------------------- ---------- ----------     
NOME                                               DT_NASCI CD_EDITORA          
-------------------------------------------------- -------- ----------          
RAZAO                                                        CNPJ               
------------------------------------------------------------ --------------     
ENDERECO                                                                        
--------------------------------------------------                              
CIDADE                                                                          
--------------------------------------------------                              
RIO DE JANEIRO                                                                  

TITULO                                                                          
--------------------------------------------------------------------------------
  CD_AUTOR CD_EDITORA    VL_REAL PUBLICACAO           VOLUME       CD_AUTOR     
---------- ---------- ---------- -------------------- ---------- ----------     
NOME                                               DT_NASCI CD_EDITORA          
-------------------------------------------------- -------- ----------          
RAZAO                                                        CNPJ               
------------------------------------------------------------ --------------     
ENDERECO                                                                        
--------------------------------------------------                              
CIDADE                                                                          
--------------------------------------------------                              
                                                                                

TITULO                                                                          
--------------------------------------------------------------------------------
  CD_AUTOR CD_EDITORA    VL_REAL PUBLICACAO           VOLUME       CD_AUTOR     
---------- ---------- ---------- -------------------- ---------- ----------     
NOME                                               DT_NASCI CD_EDITORA          
-------------------------------------------------- -------- ----------          
RAZAO                                                        CNPJ               
------------------------------------------------------------ --------------     
ENDERECO                                                                        
--------------------------------------------------                              
CIDADE                                                                          
--------------------------------------------------                              
BANCO DE DADOS: MODELO CONCEITUAL · IMPLEMENTAÇO FÖSICA                        

TITULO                                                                          
--------------------------------------------------------------------------------
  CD_AUTOR CD_EDITORA    VL_REAL PUBLICACAO           VOLUME       CD_AUTOR     
---------- ---------- ---------- -------------------- ---------- ----------     
NOME                                               DT_NASCI CD_EDITORA          
-------------------------------------------------- -------- ----------          
RAZAO                                                        CNPJ               
------------------------------------------------------------ --------------     
ENDERECO                                                                        
--------------------------------------------------                              
CIDADE                                                                          
--------------------------------------------------                              
         5         30       35,7                      1                   3     

TITULO                                                                          
--------------------------------------------------------------------------------
  CD_AUTOR CD_EDITORA    VL_REAL PUBLICACAO           VOLUME       CD_AUTOR     
---------- ---------- ---------- -------------------- ---------- ----------     
NOME                                               DT_NASCI CD_EDITORA          
-------------------------------------------------- -------- ----------          
RAZAO                                                        CNPJ               
------------------------------------------------------------ --------------     
ENDERECO                                                                        
--------------------------------------------------                              
CIDADE                                                                          
--------------------------------------------------                              
CARLOS CORONEL                                     02/11/64         30          

TITULO                                                                          
--------------------------------------------------------------------------------
  CD_AUTOR CD_EDITORA    VL_REAL PUBLICACAO           VOLUME       CD_AUTOR     
---------- ---------- ---------- -------------------- ---------- ----------     
NOME                                               DT_NASCI CD_EDITORA          
-------------------------------------------------- -------- ----------          
RAZAO                                                        CNPJ               
------------------------------------------------------------ --------------     
ENDERECO                                                                        
--------------------------------------------------                              
CIDADE                                                                          
--------------------------------------------------                              
ALTA BOOKS                                                   98712360001        

TITULO                                                                          
--------------------------------------------------------------------------------
  CD_AUTOR CD_EDITORA    VL_REAL PUBLICACAO           VOLUME       CD_AUTOR     
---------- ---------- ---------- -------------------- ---------- ----------     
NOME                                               DT_NASCI CD_EDITORA          
-------------------------------------------------- -------- ----------          
RAZAO                                                        CNPJ               
------------------------------------------------------------ --------------     
ENDERECO                                                                        
--------------------------------------------------                              
CIDADE                                                                          
--------------------------------------------------                              
PRAA LIVRO,231                                                                 

TITULO                                                                          
--------------------------------------------------------------------------------
  CD_AUTOR CD_EDITORA    VL_REAL PUBLICACAO           VOLUME       CD_AUTOR     
---------- ---------- ---------- -------------------- ---------- ----------     
NOME                                               DT_NASCI CD_EDITORA          
-------------------------------------------------- -------- ----------          
RAZAO                                                        CNPJ               
------------------------------------------------------------ --------------     
ENDERECO                                                                        
--------------------------------------------------                              
CIDADE                                                                          
--------------------------------------------------                              
RIO DE JANEIRO                                                                  

TITULO                                                                          
--------------------------------------------------------------------------------
  CD_AUTOR CD_EDITORA    VL_REAL PUBLICACAO           VOLUME       CD_AUTOR     
---------- ---------- ---------- -------------------- ---------- ----------     
NOME                                               DT_NASCI CD_EDITORA          
-------------------------------------------------- -------- ----------          
RAZAO                                                        CNPJ               
------------------------------------------------------------ --------------     
ENDERECO                                                                        
--------------------------------------------------                              
CIDADE                                                                          
--------------------------------------------------                              
                                                                                

TITULO                                                                          
--------------------------------------------------------------------------------
  CD_AUTOR CD_EDITORA    VL_REAL PUBLICACAO           VOLUME       CD_AUTOR     
---------- ---------- ---------- -------------------- ---------- ----------     
NOME                                               DT_NASCI CD_EDITORA          
-------------------------------------------------- -------- ----------          
RAZAO                                                        CNPJ               
------------------------------------------------------------ --------------     
ENDERECO                                                                        
--------------------------------------------------                              
CIDADE                                                                          
--------------------------------------------------                              
BANCO DE DADOS: MODELO CONCEITUAL · IMPLEMENTAÇO FÖSICA                        

TITULO                                                                          
--------------------------------------------------------------------------------
  CD_AUTOR CD_EDITORA    VL_REAL PUBLICACAO           VOLUME       CD_AUTOR     
---------- ---------- ---------- -------------------- ---------- ----------     
NOME                                               DT_NASCI CD_EDITORA          
-------------------------------------------------- -------- ----------          
RAZAO                                                        CNPJ               
------------------------------------------------------------ --------------     
ENDERECO                                                                        
--------------------------------------------------                              
CIDADE                                                                          
--------------------------------------------------                              
         5         30       35,7                      1                   4     

TITULO                                                                          
--------------------------------------------------------------------------------
  CD_AUTOR CD_EDITORA    VL_REAL PUBLICACAO           VOLUME       CD_AUTOR     
---------- ---------- ---------- -------------------- ---------- ----------     
NOME                                               DT_NASCI CD_EDITORA          
-------------------------------------------------- -------- ----------          
RAZAO                                                        CNPJ               
------------------------------------------------------------ --------------     
ENDERECO                                                                        
--------------------------------------------------                              
CIDADE                                                                          
--------------------------------------------------                              
IVAN MECENAS                                       10/02/60         30          

TITULO                                                                          
--------------------------------------------------------------------------------
  CD_AUTOR CD_EDITORA    VL_REAL PUBLICACAO           VOLUME       CD_AUTOR     
---------- ---------- ---------- -------------------- ---------- ----------     
NOME                                               DT_NASCI CD_EDITORA          
-------------------------------------------------- -------- ----------          
RAZAO                                                        CNPJ               
------------------------------------------------------------ --------------     
ENDERECO                                                                        
--------------------------------------------------                              
CIDADE                                                                          
--------------------------------------------------                              
ALTA BOOKS                                                   98712360001        

TITULO                                                                          
--------------------------------------------------------------------------------
  CD_AUTOR CD_EDITORA    VL_REAL PUBLICACAO           VOLUME       CD_AUTOR     
---------- ---------- ---------- -------------------- ---------- ----------     
NOME                                               DT_NASCI CD_EDITORA          
-------------------------------------------------- -------- ----------          
RAZAO                                                        CNPJ               
------------------------------------------------------------ --------------     
ENDERECO                                                                        
--------------------------------------------------                              
CIDADE                                                                          
--------------------------------------------------                              
PRAA LIVRO,231                                                                 

TITULO                                                                          
--------------------------------------------------------------------------------
  CD_AUTOR CD_EDITORA    VL_REAL PUBLICACAO           VOLUME       CD_AUTOR     
---------- ---------- ---------- -------------------- ---------- ----------     
NOME                                               DT_NASCI CD_EDITORA          
-------------------------------------------------- -------- ----------          
RAZAO                                                        CNPJ               
------------------------------------------------------------ --------------     
ENDERECO                                                                        
--------------------------------------------------                              
CIDADE                                                                          
--------------------------------------------------                              
RIO DE JANEIRO                                                                  

TITULO                                                                          
--------------------------------------------------------------------------------
  CD_AUTOR CD_EDITORA    VL_REAL PUBLICACAO           VOLUME       CD_AUTOR     
---------- ---------- ---------- -------------------- ---------- ----------     
NOME                                               DT_NASCI CD_EDITORA          
-------------------------------------------------- -------- ----------          
RAZAO                                                        CNPJ               
------------------------------------------------------------ --------------     
ENDERECO                                                                        
--------------------------------------------------                              
CIDADE                                                                          
--------------------------------------------------                              
                                                                                

TITULO                                                                          
--------------------------------------------------------------------------------
  CD_AUTOR CD_EDITORA    VL_REAL PUBLICACAO           VOLUME       CD_AUTOR     
---------- ---------- ---------- -------------------- ---------- ----------     
NOME                                               DT_NASCI CD_EDITORA          
-------------------------------------------------- -------- ----------          
RAZAO                                                        CNPJ               
------------------------------------------------------------ --------------     
ENDERECO                                                                        
--------------------------------------------------                              
CIDADE                                                                          
--------------------------------------------------                              
BANCO DE DADOS: MODELO CONCEITUAL · IMPLEMENTAÇO FÖSICA                        

TITULO                                                                          
--------------------------------------------------------------------------------
  CD_AUTOR CD_EDITORA    VL_REAL PUBLICACAO           VOLUME       CD_AUTOR     
---------- ---------- ---------- -------------------- ---------- ----------     
NOME                                               DT_NASCI CD_EDITORA          
-------------------------------------------------- -------- ----------          
RAZAO                                                        CNPJ               
------------------------------------------------------------ --------------     
ENDERECO                                                                        
--------------------------------------------------                              
CIDADE                                                                          
--------------------------------------------------                              
         5         30       35,7                      1                   5     

TITULO                                                                          
--------------------------------------------------------------------------------
  CD_AUTOR CD_EDITORA    VL_REAL PUBLICACAO           VOLUME       CD_AUTOR     
---------- ---------- ---------- -------------------- ---------- ----------     
NOME                                               DT_NASCI CD_EDITORA          
-------------------------------------------------- -------- ----------          
RAZAO                                                        CNPJ               
------------------------------------------------------------ --------------     
ENDERECO                                                                        
--------------------------------------------------                              
CIDADE                                                                          
--------------------------------------------------                              
IVAN MECENAS                                                        30          

TITULO                                                                          
--------------------------------------------------------------------------------
  CD_AUTOR CD_EDITORA    VL_REAL PUBLICACAO           VOLUME       CD_AUTOR     
---------- ---------- ---------- -------------------- ---------- ----------     
NOME                                               DT_NASCI CD_EDITORA          
-------------------------------------------------- -------- ----------          
RAZAO                                                        CNPJ               
------------------------------------------------------------ --------------     
ENDERECO                                                                        
--------------------------------------------------                              
CIDADE                                                                          
--------------------------------------------------                              
ALTA BOOKS                                                   98712360001        

TITULO                                                                          
--------------------------------------------------------------------------------
  CD_AUTOR CD_EDITORA    VL_REAL PUBLICACAO           VOLUME       CD_AUTOR     
---------- ---------- ---------- -------------------- ---------- ----------     
NOME                                               DT_NASCI CD_EDITORA          
-------------------------------------------------- -------- ----------          
RAZAO                                                        CNPJ               
------------------------------------------------------------ --------------     
ENDERECO                                                                        
--------------------------------------------------                              
CIDADE                                                                          
--------------------------------------------------                              
PRAA LIVRO,231                                                                 

TITULO                                                                          
--------------------------------------------------------------------------------
  CD_AUTOR CD_EDITORA    VL_REAL PUBLICACAO           VOLUME       CD_AUTOR     
---------- ---------- ---------- -------------------- ---------- ----------     
NOME                                               DT_NASCI CD_EDITORA          
-------------------------------------------------- -------- ----------          
RAZAO                                                        CNPJ               
------------------------------------------------------------ --------------     
ENDERECO                                                                        
--------------------------------------------------                              
CIDADE                                                                          
--------------------------------------------------                              
RIO DE JANEIRO                                                                  

TITULO                                                                          
--------------------------------------------------------------------------------
  CD_AUTOR CD_EDITORA    VL_REAL PUBLICACAO           VOLUME       CD_AUTOR     
---------- ---------- ---------- -------------------- ---------- ----------     
NOME                                               DT_NASCI CD_EDITORA          
-------------------------------------------------- -------- ----------          
RAZAO                                                        CNPJ               
------------------------------------------------------------ --------------     
ENDERECO                                                                        
--------------------------------------------------                              
CIDADE                                                                          
--------------------------------------------------                              
                                                                                

TITULO                                                                          
--------------------------------------------------------------------------------
  CD_AUTOR CD_EDITORA    VL_REAL PUBLICACAO           VOLUME       CD_AUTOR     
---------- ---------- ---------- -------------------- ---------- ----------     
NOME                                               DT_NASCI CD_EDITORA          
-------------------------------------------------- -------- ----------          
RAZAO                                                        CNPJ               
------------------------------------------------------------ --------------     
ENDERECO                                                                        
--------------------------------------------------                              
CIDADE                                                                          
--------------------------------------------------                              
SISTEMAS DE BANCO DE DADOS-PROJETO,IMPLEMENTAÇO E ADMINISTRAÇO                

TITULO                                                                          
--------------------------------------------------------------------------------
  CD_AUTOR CD_EDITORA    VL_REAL PUBLICACAO           VOLUME       CD_AUTOR     
---------- ---------- ---------- -------------------- ---------- ----------     
NOME                                               DT_NASCI CD_EDITORA          
-------------------------------------------------- -------- ----------          
RAZAO                                                        CNPJ               
------------------------------------------------------------ --------------     
ENDERECO                                                                        
--------------------------------------------------                              
CIDADE                                                                          
--------------------------------------------------                              
         2         20      100,8                      1                   1     

TITULO                                                                          
--------------------------------------------------------------------------------
  CD_AUTOR CD_EDITORA    VL_REAL PUBLICACAO           VOLUME       CD_AUTOR     
---------- ---------- ---------- -------------------- ---------- ----------     
NOME                                               DT_NASCI CD_EDITORA          
-------------------------------------------------- -------- ----------          
RAZAO                                                        CNPJ               
------------------------------------------------------------ --------------     
ENDERECO                                                                        
--------------------------------------------------                              
CIDADE                                                                          
--------------------------------------------------                              
FELIPE NERY RODRIGUES MACHADO                      26/04/77         30          

TITULO                                                                          
--------------------------------------------------------------------------------
  CD_AUTOR CD_EDITORA    VL_REAL PUBLICACAO           VOLUME       CD_AUTOR     
---------- ---------- ---------- -------------------- ---------- ----------     
NOME                                               DT_NASCI CD_EDITORA          
-------------------------------------------------- -------- ----------          
RAZAO                                                        CNPJ               
------------------------------------------------------------ --------------     
ENDERECO                                                                        
--------------------------------------------------                              
CIDADE                                                                          
--------------------------------------------------                              
ALTA BOOKS                                                   98712360001        

TITULO                                                                          
--------------------------------------------------------------------------------
  CD_AUTOR CD_EDITORA    VL_REAL PUBLICACAO           VOLUME       CD_AUTOR     
---------- ---------- ---------- -------------------- ---------- ----------     
NOME                                               DT_NASCI CD_EDITORA          
-------------------------------------------------- -------- ----------          
RAZAO                                                        CNPJ               
------------------------------------------------------------ --------------     
ENDERECO                                                                        
--------------------------------------------------                              
CIDADE                                                                          
--------------------------------------------------                              
PRAA LIVRO,231                                                                 

TITULO                                                                          
--------------------------------------------------------------------------------
  CD_AUTOR CD_EDITORA    VL_REAL PUBLICACAO           VOLUME       CD_AUTOR     
---------- ---------- ---------- -------------------- ---------- ----------     
NOME                                               DT_NASCI CD_EDITORA          
-------------------------------------------------- -------- ----------          
RAZAO                                                        CNPJ               
------------------------------------------------------------ --------------     
ENDERECO                                                                        
--------------------------------------------------                              
CIDADE                                                                          
--------------------------------------------------                              
RIO DE JANEIRO                                                                  

TITULO                                                                          
--------------------------------------------------------------------------------
  CD_AUTOR CD_EDITORA    VL_REAL PUBLICACAO           VOLUME       CD_AUTOR     
---------- ---------- ---------- -------------------- ---------- ----------     
NOME                                               DT_NASCI CD_EDITORA          
-------------------------------------------------- -------- ----------          
RAZAO                                                        CNPJ               
------------------------------------------------------------ --------------     
ENDERECO                                                                        
--------------------------------------------------                              
CIDADE                                                                          
--------------------------------------------------                              
                                                                                

TITULO                                                                          
--------------------------------------------------------------------------------
  CD_AUTOR CD_EDITORA    VL_REAL PUBLICACAO           VOLUME       CD_AUTOR     
---------- ---------- ---------- -------------------- ---------- ----------     
NOME                                               DT_NASCI CD_EDITORA          
-------------------------------------------------- -------- ----------          
RAZAO                                                        CNPJ               
------------------------------------------------------------ --------------     
ENDERECO                                                                        
--------------------------------------------------                              
CIDADE                                                                          
--------------------------------------------------                              
SISTEMAS DE BANCO DE DADOS-PROJETO,IMPLEMENTAÇO E ADMINISTRAÇO                

TITULO                                                                          
--------------------------------------------------------------------------------
  CD_AUTOR CD_EDITORA    VL_REAL PUBLICACAO           VOLUME       CD_AUTOR     
---------- ---------- ---------- -------------------- ---------- ----------     
NOME                                               DT_NASCI CD_EDITORA          
-------------------------------------------------- -------- ----------          
RAZAO                                                        CNPJ               
------------------------------------------------------------ --------------     
ENDERECO                                                                        
--------------------------------------------------                              
CIDADE                                                                          
--------------------------------------------------                              
         2         20      100,8                      1                   2     

TITULO                                                                          
--------------------------------------------------------------------------------
  CD_AUTOR CD_EDITORA    VL_REAL PUBLICACAO           VOLUME       CD_AUTOR     
---------- ---------- ---------- -------------------- ---------- ----------     
NOME                                               DT_NASCI CD_EDITORA          
-------------------------------------------------- -------- ----------          
RAZAO                                                        CNPJ               
------------------------------------------------------------ --------------     
ENDERECO                                                                        
--------------------------------------------------                              
CIDADE                                                                          
--------------------------------------------------                              
PETER ROB                                          09/08/54         30          

TITULO                                                                          
--------------------------------------------------------------------------------
  CD_AUTOR CD_EDITORA    VL_REAL PUBLICACAO           VOLUME       CD_AUTOR     
---------- ---------- ---------- -------------------- ---------- ----------     
NOME                                               DT_NASCI CD_EDITORA          
-------------------------------------------------- -------- ----------          
RAZAO                                                        CNPJ               
------------------------------------------------------------ --------------     
ENDERECO                                                                        
--------------------------------------------------                              
CIDADE                                                                          
--------------------------------------------------                              
ALTA BOOKS                                                   98712360001        

TITULO                                                                          
--------------------------------------------------------------------------------
  CD_AUTOR CD_EDITORA    VL_REAL PUBLICACAO           VOLUME       CD_AUTOR     
---------- ---------- ---------- -------------------- ---------- ----------     
NOME                                               DT_NASCI CD_EDITORA          
-------------------------------------------------- -------- ----------          
RAZAO                                                        CNPJ               
------------------------------------------------------------ --------------     
ENDERECO                                                                        
--------------------------------------------------                              
CIDADE                                                                          
--------------------------------------------------                              
PRAA LIVRO,231                                                                 

TITULO                                                                          
--------------------------------------------------------------------------------
  CD_AUTOR CD_EDITORA    VL_REAL PUBLICACAO           VOLUME       CD_AUTOR     
---------- ---------- ---------- -------------------- ---------- ----------     
NOME                                               DT_NASCI CD_EDITORA          
-------------------------------------------------- -------- ----------          
RAZAO                                                        CNPJ               
------------------------------------------------------------ --------------     
ENDERECO                                                                        
--------------------------------------------------                              
CIDADE                                                                          
--------------------------------------------------                              
RIO DE JANEIRO                                                                  

TITULO                                                                          
--------------------------------------------------------------------------------
  CD_AUTOR CD_EDITORA    VL_REAL PUBLICACAO           VOLUME       CD_AUTOR     
---------- ---------- ---------- -------------------- ---------- ----------     
NOME                                               DT_NASCI CD_EDITORA          
-------------------------------------------------- -------- ----------          
RAZAO                                                        CNPJ               
------------------------------------------------------------ --------------     
ENDERECO                                                                        
--------------------------------------------------                              
CIDADE                                                                          
--------------------------------------------------                              
                                                                                

TITULO                                                                          
--------------------------------------------------------------------------------
  CD_AUTOR CD_EDITORA    VL_REAL PUBLICACAO           VOLUME       CD_AUTOR     
---------- ---------- ---------- -------------------- ---------- ----------     
NOME                                               DT_NASCI CD_EDITORA          
-------------------------------------------------- -------- ----------          
RAZAO                                                        CNPJ               
------------------------------------------------------------ --------------     
ENDERECO                                                                        
--------------------------------------------------                              
CIDADE                                                                          
--------------------------------------------------                              
SISTEMAS DE BANCO DE DADOS-PROJETO,IMPLEMENTAÇO E ADMINISTRAÇO                

TITULO                                                                          
--------------------------------------------------------------------------------
  CD_AUTOR CD_EDITORA    VL_REAL PUBLICACAO           VOLUME       CD_AUTOR     
---------- ---------- ---------- -------------------- ---------- ----------     
NOME                                               DT_NASCI CD_EDITORA          
-------------------------------------------------- -------- ----------          
RAZAO                                                        CNPJ               
------------------------------------------------------------ --------------     
ENDERECO                                                                        
--------------------------------------------------                              
CIDADE                                                                          
--------------------------------------------------                              
         2         20      100,8                      1                   3     

TITULO                                                                          
--------------------------------------------------------------------------------
  CD_AUTOR CD_EDITORA    VL_REAL PUBLICACAO           VOLUME       CD_AUTOR     
---------- ---------- ---------- -------------------- ---------- ----------     
NOME                                               DT_NASCI CD_EDITORA          
-------------------------------------------------- -------- ----------          
RAZAO                                                        CNPJ               
------------------------------------------------------------ --------------     
ENDERECO                                                                        
--------------------------------------------------                              
CIDADE                                                                          
--------------------------------------------------                              
CARLOS CORONEL                                     02/11/64         30          

TITULO                                                                          
--------------------------------------------------------------------------------
  CD_AUTOR CD_EDITORA    VL_REAL PUBLICACAO           VOLUME       CD_AUTOR     
---------- ---------- ---------- -------------------- ---------- ----------     
NOME                                               DT_NASCI CD_EDITORA          
-------------------------------------------------- -------- ----------          
RAZAO                                                        CNPJ               
------------------------------------------------------------ --------------     
ENDERECO                                                                        
--------------------------------------------------                              
CIDADE                                                                          
--------------------------------------------------                              
ALTA BOOKS                                                   98712360001        

TITULO                                                                          
--------------------------------------------------------------------------------
  CD_AUTOR CD_EDITORA    VL_REAL PUBLICACAO           VOLUME       CD_AUTOR     
---------- ---------- ---------- -------------------- ---------- ----------     
NOME                                               DT_NASCI CD_EDITORA          
-------------------------------------------------- -------- ----------          
RAZAO                                                        CNPJ               
------------------------------------------------------------ --------------     
ENDERECO                                                                        
--------------------------------------------------                              
CIDADE                                                                          
--------------------------------------------------                              
PRAA LIVRO,231                                                                 

TITULO                                                                          
--------------------------------------------------------------------------------
  CD_AUTOR CD_EDITORA    VL_REAL PUBLICACAO           VOLUME       CD_AUTOR     
---------- ---------- ---------- -------------------- ---------- ----------     
NOME                                               DT_NASCI CD_EDITORA          
-------------------------------------------------- -------- ----------          
RAZAO                                                        CNPJ               
------------------------------------------------------------ --------------     
ENDERECO                                                                        
--------------------------------------------------                              
CIDADE                                                                          
--------------------------------------------------                              
RIO DE JANEIRO                                                                  

TITULO                                                                          
--------------------------------------------------------------------------------
  CD_AUTOR CD_EDITORA    VL_REAL PUBLICACAO           VOLUME       CD_AUTOR     
---------- ---------- ---------- -------------------- ---------- ----------     
NOME                                               DT_NASCI CD_EDITORA          
-------------------------------------------------- -------- ----------          
RAZAO                                                        CNPJ               
------------------------------------------------------------ --------------     
ENDERECO                                                                        
--------------------------------------------------                              
CIDADE                                                                          
--------------------------------------------------                              
                                                                                

TITULO                                                                          
--------------------------------------------------------------------------------
  CD_AUTOR CD_EDITORA    VL_REAL PUBLICACAO           VOLUME       CD_AUTOR     
---------- ---------- ---------- -------------------- ---------- ----------     
NOME                                               DT_NASCI CD_EDITORA          
-------------------------------------------------- -------- ----------          
RAZAO                                                        CNPJ               
------------------------------------------------------------ --------------     
ENDERECO                                                                        
--------------------------------------------------                              
CIDADE                                                                          
--------------------------------------------------                              
SISTEMAS DE BANCO DE DADOS-PROJETO,IMPLEMENTAÇO E ADMINISTRAÇO                

TITULO                                                                          
--------------------------------------------------------------------------------
  CD_AUTOR CD_EDITORA    VL_REAL PUBLICACAO           VOLUME       CD_AUTOR     
---------- ---------- ---------- -------------------- ---------- ----------     
NOME                                               DT_NASCI CD_EDITORA          
-------------------------------------------------- -------- ----------          
RAZAO                                                        CNPJ               
------------------------------------------------------------ --------------     
ENDERECO                                                                        
--------------------------------------------------                              
CIDADE                                                                          
--------------------------------------------------                              
         2         20      100,8                      1                   4     

TITULO                                                                          
--------------------------------------------------------------------------------
  CD_AUTOR CD_EDITORA    VL_REAL PUBLICACAO           VOLUME       CD_AUTOR     
---------- ---------- ---------- -------------------- ---------- ----------     
NOME                                               DT_NASCI CD_EDITORA          
-------------------------------------------------- -------- ----------          
RAZAO                                                        CNPJ               
------------------------------------------------------------ --------------     
ENDERECO                                                                        
--------------------------------------------------                              
CIDADE                                                                          
--------------------------------------------------                              
IVAN MECENAS                                       10/02/60         30          

TITULO                                                                          
--------------------------------------------------------------------------------
  CD_AUTOR CD_EDITORA    VL_REAL PUBLICACAO           VOLUME       CD_AUTOR     
---------- ---------- ---------- -------------------- ---------- ----------     
NOME                                               DT_NASCI CD_EDITORA          
-------------------------------------------------- -------- ----------          
RAZAO                                                        CNPJ               
------------------------------------------------------------ --------------     
ENDERECO                                                                        
--------------------------------------------------                              
CIDADE                                                                          
--------------------------------------------------                              
ALTA BOOKS                                                   98712360001        

TITULO                                                                          
--------------------------------------------------------------------------------
  CD_AUTOR CD_EDITORA    VL_REAL PUBLICACAO           VOLUME       CD_AUTOR     
---------- ---------- ---------- -------------------- ---------- ----------     
NOME                                               DT_NASCI CD_EDITORA          
-------------------------------------------------- -------- ----------          
RAZAO                                                        CNPJ               
------------------------------------------------------------ --------------     
ENDERECO                                                                        
--------------------------------------------------                              
CIDADE                                                                          
--------------------------------------------------                              
PRAA LIVRO,231                                                                 

TITULO                                                                          
--------------------------------------------------------------------------------
  CD_AUTOR CD_EDITORA    VL_REAL PUBLICACAO           VOLUME       CD_AUTOR     
---------- ---------- ---------- -------------------- ---------- ----------     
NOME                                               DT_NASCI CD_EDITORA          
-------------------------------------------------- -------- ----------          
RAZAO                                                        CNPJ               
------------------------------------------------------------ --------------     
ENDERECO                                                                        
--------------------------------------------------                              
CIDADE                                                                          
--------------------------------------------------                              
RIO DE JANEIRO                                                                  

TITULO                                                                          
--------------------------------------------------------------------------------
  CD_AUTOR CD_EDITORA    VL_REAL PUBLICACAO           VOLUME       CD_AUTOR     
---------- ---------- ---------- -------------------- ---------- ----------     
NOME                                               DT_NASCI CD_EDITORA          
-------------------------------------------------- -------- ----------          
RAZAO                                                        CNPJ               
------------------------------------------------------------ --------------     
ENDERECO                                                                        
--------------------------------------------------                              
CIDADE                                                                          
--------------------------------------------------                              
                                                                                

TITULO                                                                          
--------------------------------------------------------------------------------
  CD_AUTOR CD_EDITORA    VL_REAL PUBLICACAO           VOLUME       CD_AUTOR     
---------- ---------- ---------- -------------------- ---------- ----------     
NOME                                               DT_NASCI CD_EDITORA          
-------------------------------------------------- -------- ----------          
RAZAO                                                        CNPJ               
------------------------------------------------------------ --------------     
ENDERECO                                                                        
--------------------------------------------------                              
CIDADE                                                                          
--------------------------------------------------                              
SISTEMAS DE BANCO DE DADOS-PROJETO,IMPLEMENTAÇO E ADMINISTRAÇO                

TITULO                                                                          
--------------------------------------------------------------------------------
  CD_AUTOR CD_EDITORA    VL_REAL PUBLICACAO           VOLUME       CD_AUTOR     
---------- ---------- ---------- -------------------- ---------- ----------     
NOME                                               DT_NASCI CD_EDITORA          
-------------------------------------------------- -------- ----------          
RAZAO                                                        CNPJ               
------------------------------------------------------------ --------------     
ENDERECO                                                                        
--------------------------------------------------                              
CIDADE                                                                          
--------------------------------------------------                              
         2         20      100,8                      1                   5     

TITULO                                                                          
--------------------------------------------------------------------------------
  CD_AUTOR CD_EDITORA    VL_REAL PUBLICACAO           VOLUME       CD_AUTOR     
---------- ---------- ---------- -------------------- ---------- ----------     
NOME                                               DT_NASCI CD_EDITORA          
-------------------------------------------------- -------- ----------          
RAZAO                                                        CNPJ               
------------------------------------------------------------ --------------     
ENDERECO                                                                        
--------------------------------------------------                              
CIDADE                                                                          
--------------------------------------------------                              
IVAN MECENAS                                                        30          

TITULO                                                                          
--------------------------------------------------------------------------------
  CD_AUTOR CD_EDITORA    VL_REAL PUBLICACAO           VOLUME       CD_AUTOR     
---------- ---------- ---------- -------------------- ---------- ----------     
NOME                                               DT_NASCI CD_EDITORA          
-------------------------------------------------- -------- ----------          
RAZAO                                                        CNPJ               
------------------------------------------------------------ --------------     
ENDERECO                                                                        
--------------------------------------------------                              
CIDADE                                                                          
--------------------------------------------------                              
ALTA BOOKS                                                   98712360001        

TITULO                                                                          
--------------------------------------------------------------------------------
  CD_AUTOR CD_EDITORA    VL_REAL PUBLICACAO           VOLUME       CD_AUTOR     
---------- ---------- ---------- -------------------- ---------- ----------     
NOME                                               DT_NASCI CD_EDITORA          
-------------------------------------------------- -------- ----------          
RAZAO                                                        CNPJ               
------------------------------------------------------------ --------------     
ENDERECO                                                                        
--------------------------------------------------                              
CIDADE                                                                          
--------------------------------------------------                              
PRAA LIVRO,231                                                                 

TITULO                                                                          
--------------------------------------------------------------------------------
  CD_AUTOR CD_EDITORA    VL_REAL PUBLICACAO           VOLUME       CD_AUTOR     
---------- ---------- ---------- -------------------- ---------- ----------     
NOME                                               DT_NASCI CD_EDITORA          
-------------------------------------------------- -------- ----------          
RAZAO                                                        CNPJ               
------------------------------------------------------------ --------------     
ENDERECO                                                                        
--------------------------------------------------                              
CIDADE                                                                          
--------------------------------------------------                              
RIO DE JANEIRO                                                                  

TITULO                                                                          
--------------------------------------------------------------------------------
  CD_AUTOR CD_EDITORA    VL_REAL PUBLICACAO           VOLUME       CD_AUTOR     
---------- ---------- ---------- -------------------- ---------- ----------     
NOME                                               DT_NASCI CD_EDITORA          
-------------------------------------------------- -------- ----------          
RAZAO                                                        CNPJ               
------------------------------------------------------------ --------------     
ENDERECO                                                                        
--------------------------------------------------                              
CIDADE                                                                          
--------------------------------------------------                              
                                                                                

TITULO                                                                          
--------------------------------------------------------------------------------
  CD_AUTOR CD_EDITORA    VL_REAL PUBLICACAO           VOLUME       CD_AUTOR     
---------- ---------- ---------- -------------------- ---------- ----------     
NOME                                               DT_NASCI CD_EDITORA          
-------------------------------------------------- -------- ----------          
RAZAO                                                        CNPJ               
------------------------------------------------------------ --------------     
ENDERECO                                                                        
--------------------------------------------------                              
CIDADE                                                                          
--------------------------------------------------                              
SISTEMAS DE BANCO DE DADOS-PROJETO,IMPLEMENTAÇO E ADMINISTRAÇO                

TITULO                                                                          
--------------------------------------------------------------------------------
  CD_AUTOR CD_EDITORA    VL_REAL PUBLICACAO           VOLUME       CD_AUTOR     
---------- ---------- ---------- -------------------- ---------- ----------     
NOME                                               DT_NASCI CD_EDITORA          
-------------------------------------------------- -------- ----------          
RAZAO                                                        CNPJ               
------------------------------------------------------------ --------------     
ENDERECO                                                                        
--------------------------------------------------                              
CIDADE                                                                          
--------------------------------------------------                              
         3         20      100,8                      2                   1     

TITULO                                                                          
--------------------------------------------------------------------------------
  CD_AUTOR CD_EDITORA    VL_REAL PUBLICACAO           VOLUME       CD_AUTOR     
---------- ---------- ---------- -------------------- ---------- ----------     
NOME                                               DT_NASCI CD_EDITORA          
-------------------------------------------------- -------- ----------          
RAZAO                                                        CNPJ               
------------------------------------------------------------ --------------     
ENDERECO                                                                        
--------------------------------------------------                              
CIDADE                                                                          
--------------------------------------------------                              
FELIPE NERY RODRIGUES MACHADO                      26/04/77         30          

TITULO                                                                          
--------------------------------------------------------------------------------
  CD_AUTOR CD_EDITORA    VL_REAL PUBLICACAO           VOLUME       CD_AUTOR     
---------- ---------- ---------- -------------------- ---------- ----------     
NOME                                               DT_NASCI CD_EDITORA          
-------------------------------------------------- -------- ----------          
RAZAO                                                        CNPJ               
------------------------------------------------------------ --------------     
ENDERECO                                                                        
--------------------------------------------------                              
CIDADE                                                                          
--------------------------------------------------                              
ALTA BOOKS                                                   98712360001        

TITULO                                                                          
--------------------------------------------------------------------------------
  CD_AUTOR CD_EDITORA    VL_REAL PUBLICACAO           VOLUME       CD_AUTOR     
---------- ---------- ---------- -------------------- ---------- ----------     
NOME                                               DT_NASCI CD_EDITORA          
-------------------------------------------------- -------- ----------          
RAZAO                                                        CNPJ               
------------------------------------------------------------ --------------     
ENDERECO                                                                        
--------------------------------------------------                              
CIDADE                                                                          
--------------------------------------------------                              
PRAA LIVRO,231                                                                 

TITULO                                                                          
--------------------------------------------------------------------------------
  CD_AUTOR CD_EDITORA    VL_REAL PUBLICACAO           VOLUME       CD_AUTOR     
---------- ---------- ---------- -------------------- ---------- ----------     
NOME                                               DT_NASCI CD_EDITORA          
-------------------------------------------------- -------- ----------          
RAZAO                                                        CNPJ               
------------------------------------------------------------ --------------     
ENDERECO                                                                        
--------------------------------------------------                              
CIDADE                                                                          
--------------------------------------------------                              
RIO DE JANEIRO                                                                  

TITULO                                                                          
--------------------------------------------------------------------------------
  CD_AUTOR CD_EDITORA    VL_REAL PUBLICACAO           VOLUME       CD_AUTOR     
---------- ---------- ---------- -------------------- ---------- ----------     
NOME                                               DT_NASCI CD_EDITORA          
-------------------------------------------------- -------- ----------          
RAZAO                                                        CNPJ               
------------------------------------------------------------ --------------     
ENDERECO                                                                        
--------------------------------------------------                              
CIDADE                                                                          
--------------------------------------------------                              
                                                                                

TITULO                                                                          
--------------------------------------------------------------------------------
  CD_AUTOR CD_EDITORA    VL_REAL PUBLICACAO           VOLUME       CD_AUTOR     
---------- ---------- ---------- -------------------- ---------- ----------     
NOME                                               DT_NASCI CD_EDITORA          
-------------------------------------------------- -------- ----------          
RAZAO                                                        CNPJ               
------------------------------------------------------------ --------------     
ENDERECO                                                                        
--------------------------------------------------                              
CIDADE                                                                          
--------------------------------------------------                              
SISTEMAS DE BANCO DE DADOS-PROJETO,IMPLEMENTAÇO E ADMINISTRAÇO                

TITULO                                                                          
--------------------------------------------------------------------------------
  CD_AUTOR CD_EDITORA    VL_REAL PUBLICACAO           VOLUME       CD_AUTOR     
---------- ---------- ---------- -------------------- ---------- ----------     
NOME                                               DT_NASCI CD_EDITORA          
-------------------------------------------------- -------- ----------          
RAZAO                                                        CNPJ               
------------------------------------------------------------ --------------     
ENDERECO                                                                        
--------------------------------------------------                              
CIDADE                                                                          
--------------------------------------------------                              
         3         20      100,8                      2                   2     

TITULO                                                                          
--------------------------------------------------------------------------------
  CD_AUTOR CD_EDITORA    VL_REAL PUBLICACAO           VOLUME       CD_AUTOR     
---------- ---------- ---------- -------------------- ---------- ----------     
NOME                                               DT_NASCI CD_EDITORA          
-------------------------------------------------- -------- ----------          
RAZAO                                                        CNPJ               
------------------------------------------------------------ --------------     
ENDERECO                                                                        
--------------------------------------------------                              
CIDADE                                                                          
--------------------------------------------------                              
PETER ROB                                          09/08/54         30          

TITULO                                                                          
--------------------------------------------------------------------------------
  CD_AUTOR CD_EDITORA    VL_REAL PUBLICACAO           VOLUME       CD_AUTOR     
---------- ---------- ---------- -------------------- ---------- ----------     
NOME                                               DT_NASCI CD_EDITORA          
-------------------------------------------------- -------- ----------          
RAZAO                                                        CNPJ               
------------------------------------------------------------ --------------     
ENDERECO                                                                        
--------------------------------------------------                              
CIDADE                                                                          
--------------------------------------------------                              
ALTA BOOKS                                                   98712360001        

TITULO                                                                          
--------------------------------------------------------------------------------
  CD_AUTOR CD_EDITORA    VL_REAL PUBLICACAO           VOLUME       CD_AUTOR     
---------- ---------- ---------- -------------------- ---------- ----------     
NOME                                               DT_NASCI CD_EDITORA          
-------------------------------------------------- -------- ----------          
RAZAO                                                        CNPJ               
------------------------------------------------------------ --------------     
ENDERECO                                                                        
--------------------------------------------------                              
CIDADE                                                                          
--------------------------------------------------                              
PRAA LIVRO,231                                                                 

TITULO                                                                          
--------------------------------------------------------------------------------
  CD_AUTOR CD_EDITORA    VL_REAL PUBLICACAO           VOLUME       CD_AUTOR     
---------- ---------- ---------- -------------------- ---------- ----------     
NOME                                               DT_NASCI CD_EDITORA          
-------------------------------------------------- -------- ----------          
RAZAO                                                        CNPJ               
------------------------------------------------------------ --------------     
ENDERECO                                                                        
--------------------------------------------------                              
CIDADE                                                                          
--------------------------------------------------                              
RIO DE JANEIRO                                                                  

TITULO                                                                          
--------------------------------------------------------------------------------
  CD_AUTOR CD_EDITORA    VL_REAL PUBLICACAO           VOLUME       CD_AUTOR     
---------- ---------- ---------- -------------------- ---------- ----------     
NOME                                               DT_NASCI CD_EDITORA          
-------------------------------------------------- -------- ----------          
RAZAO                                                        CNPJ               
------------------------------------------------------------ --------------     
ENDERECO                                                                        
--------------------------------------------------                              
CIDADE                                                                          
--------------------------------------------------                              
                                                                                

TITULO                                                                          
--------------------------------------------------------------------------------
  CD_AUTOR CD_EDITORA    VL_REAL PUBLICACAO           VOLUME       CD_AUTOR     
---------- ---------- ---------- -------------------- ---------- ----------     
NOME                                               DT_NASCI CD_EDITORA          
-------------------------------------------------- -------- ----------          
RAZAO                                                        CNPJ               
------------------------------------------------------------ --------------     
ENDERECO                                                                        
--------------------------------------------------                              
CIDADE                                                                          
--------------------------------------------------                              
SISTEMAS DE BANCO DE DADOS-PROJETO,IMPLEMENTAÇO E ADMINISTRAÇO                

TITULO                                                                          
--------------------------------------------------------------------------------
  CD_AUTOR CD_EDITORA    VL_REAL PUBLICACAO           VOLUME       CD_AUTOR     
---------- ---------- ---------- -------------------- ---------- ----------     
NOME                                               DT_NASCI CD_EDITORA          
-------------------------------------------------- -------- ----------          
RAZAO                                                        CNPJ               
------------------------------------------------------------ --------------     
ENDERECO                                                                        
--------------------------------------------------                              
CIDADE                                                                          
--------------------------------------------------                              
         3         20      100,8                      2                   3     

TITULO                                                                          
--------------------------------------------------------------------------------
  CD_AUTOR CD_EDITORA    VL_REAL PUBLICACAO           VOLUME       CD_AUTOR     
---------- ---------- ---------- -------------------- ---------- ----------     
NOME                                               DT_NASCI CD_EDITORA          
-------------------------------------------------- -------- ----------          
RAZAO                                                        CNPJ               
------------------------------------------------------------ --------------     
ENDERECO                                                                        
--------------------------------------------------                              
CIDADE                                                                          
--------------------------------------------------                              
CARLOS CORONEL                                     02/11/64         30          

TITULO                                                                          
--------------------------------------------------------------------------------
  CD_AUTOR CD_EDITORA    VL_REAL PUBLICACAO           VOLUME       CD_AUTOR     
---------- ---------- ---------- -------------------- ---------- ----------     
NOME                                               DT_NASCI CD_EDITORA          
-------------------------------------------------- -------- ----------          
RAZAO                                                        CNPJ               
------------------------------------------------------------ --------------     
ENDERECO                                                                        
--------------------------------------------------                              
CIDADE                                                                          
--------------------------------------------------                              
ALTA BOOKS                                                   98712360001        

TITULO                                                                          
--------------------------------------------------------------------------------
  CD_AUTOR CD_EDITORA    VL_REAL PUBLICACAO           VOLUME       CD_AUTOR     
---------- ---------- ---------- -------------------- ---------- ----------     
NOME                                               DT_NASCI CD_EDITORA          
-------------------------------------------------- -------- ----------          
RAZAO                                                        CNPJ               
------------------------------------------------------------ --------------     
ENDERECO                                                                        
--------------------------------------------------                              
CIDADE                                                                          
--------------------------------------------------                              
PRAA LIVRO,231                                                                 

TITULO                                                                          
--------------------------------------------------------------------------------
  CD_AUTOR CD_EDITORA    VL_REAL PUBLICACAO           VOLUME       CD_AUTOR     
---------- ---------- ---------- -------------------- ---------- ----------     
NOME                                               DT_NASCI CD_EDITORA          
-------------------------------------------------- -------- ----------          
RAZAO                                                        CNPJ               
------------------------------------------------------------ --------------     
ENDERECO                                                                        
--------------------------------------------------                              
CIDADE                                                                          
--------------------------------------------------                              
RIO DE JANEIRO                                                                  

TITULO                                                                          
--------------------------------------------------------------------------------
  CD_AUTOR CD_EDITORA    VL_REAL PUBLICACAO           VOLUME       CD_AUTOR     
---------- ---------- ---------- -------------------- ---------- ----------     
NOME                                               DT_NASCI CD_EDITORA          
-------------------------------------------------- -------- ----------          
RAZAO                                                        CNPJ               
------------------------------------------------------------ --------------     
ENDERECO                                                                        
--------------------------------------------------                              
CIDADE                                                                          
--------------------------------------------------                              
                                                                                

TITULO                                                                          
--------------------------------------------------------------------------------
  CD_AUTOR CD_EDITORA    VL_REAL PUBLICACAO           VOLUME       CD_AUTOR     
---------- ---------- ---------- -------------------- ---------- ----------     
NOME                                               DT_NASCI CD_EDITORA          
-------------------------------------------------- -------- ----------          
RAZAO                                                        CNPJ               
------------------------------------------------------------ --------------     
ENDERECO                                                                        
--------------------------------------------------                              
CIDADE                                                                          
--------------------------------------------------                              
SISTEMAS DE BANCO DE DADOS-PROJETO,IMPLEMENTAÇO E ADMINISTRAÇO                

TITULO                                                                          
--------------------------------------------------------------------------------
  CD_AUTOR CD_EDITORA    VL_REAL PUBLICACAO           VOLUME       CD_AUTOR     
---------- ---------- ---------- -------------------- ---------- ----------     
NOME                                               DT_NASCI CD_EDITORA          
-------------------------------------------------- -------- ----------          
RAZAO                                                        CNPJ               
------------------------------------------------------------ --------------     
ENDERECO                                                                        
--------------------------------------------------                              
CIDADE                                                                          
--------------------------------------------------                              
         3         20      100,8                      2                   4     

TITULO                                                                          
--------------------------------------------------------------------------------
  CD_AUTOR CD_EDITORA    VL_REAL PUBLICACAO           VOLUME       CD_AUTOR     
---------- ---------- ---------- -------------------- ---------- ----------     
NOME                                               DT_NASCI CD_EDITORA          
-------------------------------------------------- -------- ----------          
RAZAO                                                        CNPJ               
------------------------------------------------------------ --------------     
ENDERECO                                                                        
--------------------------------------------------                              
CIDADE                                                                          
--------------------------------------------------                              
IVAN MECENAS                                       10/02/60         30          

TITULO                                                                          
--------------------------------------------------------------------------------
  CD_AUTOR CD_EDITORA    VL_REAL PUBLICACAO           VOLUME       CD_AUTOR     
---------- ---------- ---------- -------------------- ---------- ----------     
NOME                                               DT_NASCI CD_EDITORA          
-------------------------------------------------- -------- ----------          
RAZAO                                                        CNPJ               
------------------------------------------------------------ --------------     
ENDERECO                                                                        
--------------------------------------------------                              
CIDADE                                                                          
--------------------------------------------------                              
ALTA BOOKS                                                   98712360001        

TITULO                                                                          
--------------------------------------------------------------------------------
  CD_AUTOR CD_EDITORA    VL_REAL PUBLICACAO           VOLUME       CD_AUTOR     
---------- ---------- ---------- -------------------- ---------- ----------     
NOME                                               DT_NASCI CD_EDITORA          
-------------------------------------------------- -------- ----------          
RAZAO                                                        CNPJ               
------------------------------------------------------------ --------------     
ENDERECO                                                                        
--------------------------------------------------                              
CIDADE                                                                          
--------------------------------------------------                              
PRAA LIVRO,231                                                                 

TITULO                                                                          
--------------------------------------------------------------------------------
  CD_AUTOR CD_EDITORA    VL_REAL PUBLICACAO           VOLUME       CD_AUTOR     
---------- ---------- ---------- -------------------- ---------- ----------     
NOME                                               DT_NASCI CD_EDITORA          
-------------------------------------------------- -------- ----------          
RAZAO                                                        CNPJ               
------------------------------------------------------------ --------------     
ENDERECO                                                                        
--------------------------------------------------                              
CIDADE                                                                          
--------------------------------------------------                              
RIO DE JANEIRO                                                                  

TITULO                                                                          
--------------------------------------------------------------------------------
  CD_AUTOR CD_EDITORA    VL_REAL PUBLICACAO           VOLUME       CD_AUTOR     
---------- ---------- ---------- -------------------- ---------- ----------     
NOME                                               DT_NASCI CD_EDITORA          
-------------------------------------------------- -------- ----------          
RAZAO                                                        CNPJ               
------------------------------------------------------------ --------------     
ENDERECO                                                                        
--------------------------------------------------                              
CIDADE                                                                          
--------------------------------------------------                              
                                                                                

TITULO                                                                          
--------------------------------------------------------------------------------
  CD_AUTOR CD_EDITORA    VL_REAL PUBLICACAO           VOLUME       CD_AUTOR     
---------- ---------- ---------- -------------------- ---------- ----------     
NOME                                               DT_NASCI CD_EDITORA          
-------------------------------------------------- -------- ----------          
RAZAO                                                        CNPJ               
------------------------------------------------------------ --------------     
ENDERECO                                                                        
--------------------------------------------------                              
CIDADE                                                                          
--------------------------------------------------                              
SISTEMAS DE BANCO DE DADOS-PROJETO,IMPLEMENTAÇO E ADMINISTRAÇO                

TITULO                                                                          
--------------------------------------------------------------------------------
  CD_AUTOR CD_EDITORA    VL_REAL PUBLICACAO           VOLUME       CD_AUTOR     
---------- ---------- ---------- -------------------- ---------- ----------     
NOME                                               DT_NASCI CD_EDITORA          
-------------------------------------------------- -------- ----------          
RAZAO                                                        CNPJ               
------------------------------------------------------------ --------------     
ENDERECO                                                                        
--------------------------------------------------                              
CIDADE                                                                          
--------------------------------------------------                              
         3         20      100,8                      2                   5     

TITULO                                                                          
--------------------------------------------------------------------------------
  CD_AUTOR CD_EDITORA    VL_REAL PUBLICACAO           VOLUME       CD_AUTOR     
---------- ---------- ---------- -------------------- ---------- ----------     
NOME                                               DT_NASCI CD_EDITORA          
-------------------------------------------------- -------- ----------          
RAZAO                                                        CNPJ               
------------------------------------------------------------ --------------     
ENDERECO                                                                        
--------------------------------------------------                              
CIDADE                                                                          
--------------------------------------------------                              
IVAN MECENAS                                                        30          

TITULO                                                                          
--------------------------------------------------------------------------------
  CD_AUTOR CD_EDITORA    VL_REAL PUBLICACAO           VOLUME       CD_AUTOR     
---------- ---------- ---------- -------------------- ---------- ----------     
NOME                                               DT_NASCI CD_EDITORA          
-------------------------------------------------- -------- ----------          
RAZAO                                                        CNPJ               
------------------------------------------------------------ --------------     
ENDERECO                                                                        
--------------------------------------------------                              
CIDADE                                                                          
--------------------------------------------------                              
ALTA BOOKS                                                   98712360001        

TITULO                                                                          
--------------------------------------------------------------------------------
  CD_AUTOR CD_EDITORA    VL_REAL PUBLICACAO           VOLUME       CD_AUTOR     
---------- ---------- ---------- -------------------- ---------- ----------     
NOME                                               DT_NASCI CD_EDITORA          
-------------------------------------------------- -------- ----------          
RAZAO                                                        CNPJ               
------------------------------------------------------------ --------------     
ENDERECO                                                                        
--------------------------------------------------                              
CIDADE                                                                          
--------------------------------------------------                              
PRAA LIVRO,231                                                                 

TITULO                                                                          
--------------------------------------------------------------------------------
  CD_AUTOR CD_EDITORA    VL_REAL PUBLICACAO           VOLUME       CD_AUTOR     
---------- ---------- ---------- -------------------- ---------- ----------     
NOME                                               DT_NASCI CD_EDITORA          
-------------------------------------------------- -------- ----------          
RAZAO                                                        CNPJ               
------------------------------------------------------------ --------------     
ENDERECO                                                                        
--------------------------------------------------                              
CIDADE                                                                          
--------------------------------------------------                              
RIO DE JANEIRO                                                                  

TITULO                                                                          
--------------------------------------------------------------------------------
  CD_AUTOR CD_EDITORA    VL_REAL PUBLICACAO           VOLUME       CD_AUTOR     
---------- ---------- ---------- -------------------- ---------- ----------     
NOME                                               DT_NASCI CD_EDITORA          
-------------------------------------------------- -------- ----------          
RAZAO                                                        CNPJ               
------------------------------------------------------------ --------------     
ENDERECO                                                                        
--------------------------------------------------                              
CIDADE                                                                          
--------------------------------------------------                              
                                                                                

75 linhas selecionadas.

SQL> CREATE TABLE A( AZ NUMBER(1));

Tabela criada.

SQL> SEECT 'DROP TABLE' ||A|| ';' FROM USER_TABLES;
SP2-0734: início de comando desconhecido "SEECT 'DR..." - restante da linha ignorado.
SQL> SELECT 'DROP TABLE' ||A|| ';' FROM USER_TABLES;
SELECT 'DROP TABLE' ||A|| ';' FROM USER_TABLES
                      *
ERRO na linha 1:
ORA-00904: "A": identificador inválido 


SQL> SELECT 'DROP TABLE' ||AUTOR|| ';' FROM USER_TABLES;
SELECT 'DROP TABLE' ||AUTOR|| ';' FROM USER_TABLES
                      *
ERRO na linha 1:
ORA-00904: "AUTOR": identificador inválido 


SQL> SELECT 'DROP TABLE' ||A|| ';' FROM ALL_TABLES;
SELECT 'DROP TABLE' ||A|| ';' FROM ALL_TABLES
                      *
ERRO na linha 1:
ORA-00904: "A": identificador inválido 


                                                              

1121 linhas selecionadas.

SQL> SELECT * FROM RECYCLEBIN;

OBJECT_NAME                    ORIGINAL_NAME                    OPERATION       
------------------------------ -------------------------------- ---------       
TYPE                      TS_NAME                        CREATETIME             
------------------------- ------------------------------ -------------------    
DROPTIME               DROPSCN PARTITION_NAME                   CAN CAN         
------------------- ---------- -------------------------------- --- ---         
   RELATED BASE_OBJECT PURGE_OBJECT      SPACE                                  
---------- ----------- ------------ ----------                                  
BIN$cR+WSTwXQLeEFkpaDQlKzg==$0 LIVRO                            DROP            
TABLE                     USERS                          2018-03-01:16:05:55    
2018-03-01:16:28:54     562225                                  YES YES         
     13881       13881        13881          8                                  
                                                                                

SQL> SPOOL OFF
