SQL> CONNECT system/root
Conectado.
SQL> ALTER USER HR IDFENTIFIED BY HR ACCOUNT UNLOCK;
ALTER USER HR IDFENTIFIED BY HR ACCOUNT UNLOCK
              *
ERRO na linha 1:
ORA-00922: opção não encontrada ou inválida 


SQL> ALTER USER HR IDENTIFIED BY HR ACCOUNT UNLOCK;

Usuário alterado.

SQL> CONNECT HR/HR
Conectado.
SQL> DESC EMPLOYEES
 Nome                                      Nulo?    Tipo
 ----------------------------------------- -------- ----------------------------
 EMPLOYEE_ID                               NOT NULL NUMBER(6)
 FIRST_NAME                                         VARCHAR2(20)
 LAST_NAME                                 NOT NULL VARCHAR2(25)
 EMAIL                                     NOT NULL VARCHAR2(25)
 PHONE_NUMBER                                       VARCHAR2(20)
 HIRE_DATE                                 NOT NULL DATE
 JOB_ID                                    NOT NULL VARCHAR2(10)
 SALARY                                             NUMBER(8,2)
 COMMISSION_PCT                                     NUMBER(2,2)
 MANAGER_ID                                         NUMBER(6)
 DEPARTMENT_ID                                      NUMBER(4)

SQL> SELECT FIRST_NAME||' '||LAST_NAME, JOB_ID FROM EMPLOYEES;

FIRST_NAME||''||LAST_NAME                      JOB_ID                           
---------------------------------------------- ----------                       
William Gietz                                  AC_ACCOUNT                       
Shelley Higgins                                AC_MGR                           
Jennifer Whalen                                AD_ASST                          
Steven King                                    AD_PRES                          
Neena Kochhar                                  AD_VP                            
Lex De Haan                                    AD_VP                            
Daniel Faviet                                  FI_ACCOUNT                       
John Chen                                      FI_ACCOUNT                       
Ismael Sciarra                                 FI_ACCOUNT                       
Jose Manuel Urman                              FI_ACCOUNT                       
Luis Popp                                      FI_ACCOUNT                       

FIRST_NAME||''||LAST_NAME                      JOB_ID                           
---------------------------------------------- ----------                       
Nancy Greenberg                                FI_MGR                           
Susan Mavris                                   HR_REP                           
Alexander Hunold                               IT_PROG                          
Bruce Ernst                                    IT_PROG                          
David Austin                                   IT_PROG                          
Valli Pataballa                                IT_PROG                          
Diana Lorentz                                  IT_PROG                          
Michael Hartstein                              MK_MAN                           
Pat Fay                                        MK_REP                           
Hermann Baer                                   PR_REP                           
Alexander Khoo                                 PU_CLERK                         

FIRST_NAME||''||LAST_NAME                      JOB_ID                           
---------------------------------------------- ----------                       
Shelli Baida                                   PU_CLERK                         
Sigal Tobias                                   PU_CLERK                         
Guy Himuro                                     PU_CLERK                         
Karen Colmenares                               PU_CLERK                         
Den Raphaely                                   PU_MAN                           
John Russell                                   SA_MAN                           
Karen Partners                                 SA_MAN                           
Alberto Errazuriz                              SA_MAN                           
Gerald Cambrault                               SA_MAN                           
Eleni Zlotkey                                  SA_MAN                           
Peter Tucker                                   SA_REP                           

FIRST_NAME||''||LAST_NAME                      JOB_ID                           
---------------------------------------------- ----------                       
David Bernstein                                SA_REP                           
Peter Hall                                     SA_REP                           
Christopher Olsen                              SA_REP                           
Nanette Cambrault                              SA_REP                           
Oliver Tuvault                                 SA_REP                           
Janette King                                   SA_REP                           
Patrick Sully                                  SA_REP                           
Allan McEwen                                   SA_REP                           
Lindsey Smith                                  SA_REP                           
Louise Doran                                   SA_REP                           
Sarath Sewall                                  SA_REP                           

FIRST_NAME||''||LAST_NAME                      JOB_ID                           
---------------------------------------------- ----------                       
Clara Vishney                                  SA_REP                           
Danielle Greene                                SA_REP                           
Mattea Marvins                                 SA_REP                           
David Lee                                      SA_REP                           
Sundar Ande                                    SA_REP                           
Amit Banda                                     SA_REP                           
Lisa Ozer                                      SA_REP                           
Harrison Bloom                                 SA_REP                           
Tayler Fox                                     SA_REP                           
William Smith                                  SA_REP                           
Elizabeth Bates                                SA_REP                           

FIRST_NAME||''||LAST_NAME                      JOB_ID                           
---------------------------------------------- ----------                       
Sundita Kumar                                  SA_REP                           
Ellen Abel                                     SA_REP                           
Alyssa Hutton                                  SA_REP                           
Jonathon Taylor                                SA_REP                           
Jack Livingston                                SA_REP                           
Kimberely Grant                                SA_REP                           
Charles Johnson                                SA_REP                           
Winston Taylor                                 SH_CLERK                         
Jean Fleaur                                    SH_CLERK                         
Martha Sullivan                                SH_CLERK                         
Girard Geoni                                   SH_CLERK                         

FIRST_NAME||''||LAST_NAME                      JOB_ID                           
---------------------------------------------- ----------                       
Nandita Sarchand                               SH_CLERK                         
Alexis Bull                                    SH_CLERK                         
Julia Dellinger                                SH_CLERK                         
Anthony Cabrio                                 SH_CLERK                         
Kelly Chung                                    SH_CLERK                         
Jennifer Dilly                                 SH_CLERK                         
Timothy Gates                                  SH_CLERK                         
Randall Perkins                                SH_CLERK                         
Sarah Bell                                     SH_CLERK                         
Britney Everett                                SH_CLERK                         
Samuel McCain                                  SH_CLERK                         

FIRST_NAME||''||LAST_NAME                      JOB_ID                           
---------------------------------------------- ----------                       
Vance Jones                                    SH_CLERK                         
Alana Walsh                                    SH_CLERK                         
Kevin Feeney                                   SH_CLERK                         
Donald OConnell                                SH_CLERK                         
Douglas Grant                                  SH_CLERK                         
Julia Nayer                                    ST_CLERK                         
Irene Mikkilineni                              ST_CLERK                         
James Landry                                   ST_CLERK                         
Steven Markle                                  ST_CLERK                         
Laura Bissot                                   ST_CLERK                         
Mozhe Atkinson                                 ST_CLERK                         

FIRST_NAME||''||LAST_NAME                      JOB_ID                           
---------------------------------------------- ----------                       
James Marlow                                   ST_CLERK                         
TJ Olson                                       ST_CLERK                         
Jason Mallin                                   ST_CLERK                         
Michael Rogers                                 ST_CLERK                         
Ki Gee                                         ST_CLERK                         
Hazel Philtanker                               ST_CLERK                         
Renske Ladwig                                  ST_CLERK                         
Stephen Stiles                                 ST_CLERK                         
John Seo                                       ST_CLERK                         
Joshua Patel                                   ST_CLERK                         
Trenna Rajs                                    ST_CLERK                         

FIRST_NAME||''||LAST_NAME                      JOB_ID                           
---------------------------------------------- ----------                       
Curtis Davies                                  ST_CLERK                         
Randall Matos                                  ST_CLERK                         
Peter Vargas                                   ST_CLERK                         
Matthew Weiss                                  ST_MAN                           
Adam Fripp                                     ST_MAN                           
Payam Kaufling                                 ST_MAN                           
Shanta Vollman                                 ST_MAN                           
Kevin Mourgos                                  ST_MAN                           

107 linhas selecionadas.

SQL> SELECT FIRST_NAME||' '||LAST_NAME AS "NOME", JOB_ID AS " PROFISSÇO" FROM EMPLOYEES;

NOME                                            PROFISSÇO                       
---------------------------------------------- ----------                       
William Gietz                                  AC_ACCOUNT                       
Shelley Higgins                                AC_MGR                           
Jennifer Whalen                                AD_ASST                          
Steven King                                    AD_PRES                          
Neena Kochhar                                  AD_VP                            
Lex De Haan                                    AD_VP                            
Daniel Faviet                                  FI_ACCOUNT                       
John Chen                                      FI_ACCOUNT                       
Ismael Sciarra                                 FI_ACCOUNT                       
Jose Manuel Urman                              FI_ACCOUNT                       
Luis Popp                                      FI_ACCOUNT                       

NOME                                            PROFISSÇO                       
---------------------------------------------- ----------                       
Nancy Greenberg                                FI_MGR                           
Susan Mavris                                   HR_REP                           
Alexander Hunold                               IT_PROG                          
Bruce Ernst                                    IT_PROG                          
David Austin                                   IT_PROG                          
Valli Pataballa                                IT_PROG                          
Diana Lorentz                                  IT_PROG                          
Michael Hartstein                              MK_MAN                           
Pat Fay                                        MK_REP                           
Hermann Baer                                   PR_REP                           
Alexander Khoo                                 PU_CLERK                         

NOME                                            PROFISSÇO                       
---------------------------------------------- ----------                       
Shelli Baida                                   PU_CLERK                         
Sigal Tobias                                   PU_CLERK                         
Guy Himuro                                     PU_CLERK                         
Karen Colmenares                               PU_CLERK                         
Den Raphaely                                   PU_MAN                           
John Russell                                   SA_MAN                           
Karen Partners                                 SA_MAN                           
Alberto Errazuriz                              SA_MAN                           
Gerald Cambrault                               SA_MAN                           
Eleni Zlotkey                                  SA_MAN                           
Peter Tucker                                   SA_REP                           

NOME                                            PROFISSÇO                       
---------------------------------------------- ----------                       
David Bernstein                                SA_REP                           
Peter Hall                                     SA_REP                           
Christopher Olsen                              SA_REP                           
Nanette Cambrault                              SA_REP                           
Oliver Tuvault                                 SA_REP                           
Janette King                                   SA_REP                           
Patrick Sully                                  SA_REP                           
Allan McEwen                                   SA_REP                           
Lindsey Smith                                  SA_REP                           
Louise Doran                                   SA_REP                           
Sarath Sewall                                  SA_REP                           

NOME                                            PROFISSÇO                       
---------------------------------------------- ----------                       
Clara Vishney                                  SA_REP                           
Danielle Greene                                SA_REP                           
Mattea Marvins                                 SA_REP                           
David Lee                                      SA_REP                           
Sundar Ande                                    SA_REP                           
Amit Banda                                     SA_REP                           
Lisa Ozer                                      SA_REP                           
Harrison Bloom                                 SA_REP                           
Tayler Fox                                     SA_REP                           
William Smith                                  SA_REP                           
Elizabeth Bates                                SA_REP                           

NOME                                            PROFISSÇO                       
---------------------------------------------- ----------                       
Sundita Kumar                                  SA_REP                           
Ellen Abel                                     SA_REP                           
Alyssa Hutton                                  SA_REP                           
Jonathon Taylor                                SA_REP                           
Jack Livingston                                SA_REP                           
Kimberely Grant                                SA_REP                           
Charles Johnson                                SA_REP                           
Winston Taylor                                 SH_CLERK                         
Jean Fleaur                                    SH_CLERK                         
Martha Sullivan                                SH_CLERK                         
Girard Geoni                                   SH_CLERK                         

NOME                                            PROFISSÇO                       
---------------------------------------------- ----------                       
Nandita Sarchand                               SH_CLERK                         
Alexis Bull                                    SH_CLERK                         
Julia Dellinger                                SH_CLERK                         
Anthony Cabrio                                 SH_CLERK                         
Kelly Chung                                    SH_CLERK                         
Jennifer Dilly                                 SH_CLERK                         
Timothy Gates                                  SH_CLERK                         
Randall Perkins                                SH_CLERK                         
Sarah Bell                                     SH_CLERK                         
Britney Everett                                SH_CLERK                         
Samuel McCain                                  SH_CLERK                         

NOME                                            PROFISSÇO                       
---------------------------------------------- ----------                       
Vance Jones                                    SH_CLERK                         
Alana Walsh                                    SH_CLERK                         
Kevin Feeney                                   SH_CLERK                         
Donald OConnell                                SH_CLERK                         
Douglas Grant                                  SH_CLERK                         
Julia Nayer                                    ST_CLERK                         
Irene Mikkilineni                              ST_CLERK                         
James Landry                                   ST_CLERK                         
Steven Markle                                  ST_CLERK                         
Laura Bissot                                   ST_CLERK                         
Mozhe Atkinson                                 ST_CLERK                         

NOME                                            PROFISSÇO                       
---------------------------------------------- ----------                       
James Marlow                                   ST_CLERK                         
TJ Olson                                       ST_CLERK                         
Jason Mallin                                   ST_CLERK                         
Michael Rogers                                 ST_CLERK                         
Ki Gee                                         ST_CLERK                         
Hazel Philtanker                               ST_CLERK                         
Renske Ladwig                                  ST_CLERK                         
Stephen Stiles                                 ST_CLERK                         
John Seo                                       ST_CLERK                         
Joshua Patel                                   ST_CLERK                         
Trenna Rajs                                    ST_CLERK                         

NOME                                            PROFISSÇO                       
---------------------------------------------- ----------                       
Curtis Davies                                  ST_CLERK                         
Randall Matos                                  ST_CLERK                         
Peter Vargas                                   ST_CLERK                         
Matthew Weiss                                  ST_MAN                           
Adam Fripp                                     ST_MAN                           
Payam Kaufling                                 ST_MAN                           
Shanta Vollman                                 ST_MAN                           
Kevin Mourgos                                  ST_MAN                           

107 linhas selecionadas.

SQL> SELECT FIRST_NAME||' '||LAST_NAME AS "NOME", JOB_ID AS " PROFISSÇO" FROM EMPLOYEES WHERE JOB_ID LIKE '% MAN%';

não há linhas selecionadas

SQL> SELECT FIRST_NAME||' '||LAST_NAME AS "NOME", JOB_ID AS " PROFISSÇO" FROM EMPLOYEES WHERE JOB_ID LIKE '%MAN%';

NOME                                            PROFISSÇO                       
---------------------------------------------- ----------                       
Michael Hartstein                              MK_MAN                           
Den Raphaely                                   PU_MAN                           
John Russell                                   SA_MAN                           
Karen Partners                                 SA_MAN                           
Alberto Errazuriz                              SA_MAN                           
Gerald Cambrault                               SA_MAN                           
Eleni Zlotkey                                  SA_MAN                           
Matthew Weiss                                  ST_MAN                           
Adam Fripp                                     ST_MAN                           
Payam Kaufling                                 ST_MAN                           
Shanta Vollman                                 ST_MAN                           

NOME                                            PROFISSÇO                       
---------------------------------------------- ----------                       
Kevin Mourgos                                  ST_MAN                           

12 linhas selecionadas.

SQL> SELECT TABLE_NAME FROM ALL_TABLES;

TABLE_NAME                                                                      
------------------------------                                                  
DUAL                                                                            
SYSTEM_PRIVILEGE_MAP                                                            
TABLE_PRIVILEGE_MAP                                                             
STMT_AUDIT_OPTION_MAP                                                           
AUDIT_ACTIONS                                                                   
WRR$_REPLAY_CALL_FILTER                                                         
HS_BULKLOAD_VIEW_OBJ                                                            
HS$_PARALLEL_METADATA                                                           
HS_PARTITION_COL_NAME                                                           
HS_PARTITION_COL_TYPE                                                           
HELP                                                                            

TABLE_NAME                                                                      
------------------------------                                                  
DR$OBJECT_ATTRIBUTE                                                             
DR$POLICY_TAB                                                                   
DR$THS                                                                          
DR$THS_PHRASE                                                                   
DR$NUMBER_SEQUENCE                                                              
SRSNAMESPACE_TABLE                                                              
OGIS_SPATIAL_REFERENCE_SYSTEMS                                                  
OGIS_GEOMETRY_COLUMNS                                                           
SDO_UNITS_OF_MEASURE                                                            
SDO_PRIME_MERIDIANS                                                             
SDO_ELLIPSOIDS                                                                  

TABLE_NAME                                                                      
------------------------------                                                  
SDO_DATUMS                                                                      
SDO_COORD_SYS                                                                   
SDO_COORD_AXIS_NAMES                                                            
SDO_COORD_AXES                                                                  
SDO_COORD_REF_SYS                                                               
SDO_COORD_OP_METHODS                                                            
SDO_COORD_OPS                                                                   
SDO_PREFERRED_OPS_SYSTEM                                                        
SDO_PREFERRED_OPS_USER                                                          
SDO_COORD_OP_PATHS                                                              
SDO_COORD_OP_PARAMS                                                             

TABLE_NAME                                                                      
------------------------------                                                  
SDO_COORD_OP_PARAM_USE                                                          
SDO_COORD_OP_PARAM_VALS                                                         
SDO_CS_SRS                                                                      
NTV2_XML_DATA                                                                   
SDO_CRS_GEOGRAPHIC_PLUS_HEIGHT                                                  
SDO_PROJECTIONS_OLD_SNAPSHOT                                                    
SDO_ELLIPSOIDS_OLD_SNAPSHOT                                                     
SDO_DATUMS_OLD_SNAPSHOT                                                         
SDO_XML_SCHEMAS                                                                 
REGIONS                                                                         
LOCATIONS                                                                       

TABLE_NAME                                                                      
------------------------------                                                  
DEPARTMENTS                                                                     
JOBS                                                                            
EMPLOYEES                                                                       
JOB_HISTORY                                                                     
WWV_FLOW_DUAL100                                                                
WWV_FLOW_TEMP_TABLE                                                             
WWV_FLOW_LOV_TEMP                                                               
COUNTRIES                                                                       
SDO_TOPO_DATA$                                                                  
SDO_TOPO_RELATION_DATA                                                          
SDO_TOPO_TRANSACT_DATA                                                          

TABLE_NAME                                                                      
------------------------------                                                  
SDO_CS_CONTEXT_INFORMATION                                                      
SDO_TXN_IDX_EXP_UPD_RGN                                                         
SDO_TXN_IDX_DELETES                                                             
SDO_TXN_IDX_INSERTS                                                             
SDO_ST_TOLERANCE                                                                
XDB$XIDX_IMP_T                                                                  
KU$_DATAPUMP_MASTER_10_1                                                        
KU$_DATAPUMP_MASTER_11_1                                                        
KU$_DATAPUMP_MASTER_11_1_0_7                                                    
KU$_DATAPUMP_MASTER_11_2                                                        
IMPDP_STATS                                                                     

TABLE_NAME                                                                      
------------------------------                                                  
ODCI_PMO_ROWIDS$                                                                
ODCI_WARNINGS$                                                                  
ODCI_SECOBJ$                                                                    
KU$_LIST_FILTER_TEMP_2                                                          
KU$_LIST_FILTER_TEMP                                                            
KU$NOEXP_TAB                                                                    
OL$NODES                                                                        
OL$HINTS                                                                        
OL$                                                                             
PLAN_TABLE$                                                                     
WRI$_ADV_ASA_RECO_DATA                                                          

TABLE_NAME                                                                      
------------------------------                                                  
PSTUBTBL                                                                        

78 linhas selecionadas.

SQL> DESC DEPARTMENTS
 Nome                                      Nulo?    Tipo
 ----------------------------------------- -------- ----------------------------
 DEPARTMENT_ID                             NOT NULL NUMBER(4)
 DEPARTMENT_NAME                           NOT NULL VARCHAR2(30)
 MANAGER_ID                                         NUMBER(6)
 LOCATION_ID                                        NUMBER(4)

SQL> SELECT FIRST_NAME||' '||LAST_NAME AS "NOME", JOB_ID AS " PROFISSÇO" ,DEPARTMENT_NAME AS "DEPARTAMENTO" FROM EMPLOYEES E NATURAL JOIN DEPARTMENTS D ;

NOME                                            PROFISSÇO                       
---------------------------------------------- ----------                       
DEPARTAMENTO                                                                    
------------------------------                                                  
Neena Kochhar                                  AD_VP                            
Executive                                                                       
                                                                                
Lex De Haan                                    AD_VP                            
Executive                                                                       
                                                                                
Bruce Ernst                                    IT_PROG                          
IT                                                                              
                                                                                

NOME                                            PROFISSÇO                       
---------------------------------------------- ----------                       
DEPARTAMENTO                                                                    
------------------------------                                                  
David Austin                                   IT_PROG                          
IT                                                                              
                                                                                
Valli Pataballa                                IT_PROG                          
IT                                                                              
                                                                                
Diana Lorentz                                  IT_PROG                          
IT                                                                              
                                                                                

NOME                                            PROFISSÇO                       
---------------------------------------------- ----------                       
DEPARTAMENTO                                                                    
------------------------------                                                  
Daniel Faviet                                  FI_ACCOUNT                       
Finance                                                                         
                                                                                
John Chen                                      FI_ACCOUNT                       
Finance                                                                         
                                                                                
Ismael Sciarra                                 FI_ACCOUNT                       
Finance                                                                         
                                                                                

NOME                                            PROFISSÇO                       
---------------------------------------------- ----------                       
DEPARTAMENTO                                                                    
------------------------------                                                  
Jose Manuel Urman                              FI_ACCOUNT                       
Finance                                                                         
                                                                                
Luis Popp                                      FI_ACCOUNT                       
Finance                                                                         
                                                                                
Alexander Khoo                                 PU_CLERK                         
Purchasing                                                                      
                                                                                

NOME                                            PROFISSÇO                       
---------------------------------------------- ----------                       
DEPARTAMENTO                                                                    
------------------------------                                                  
Shelli Baida                                   PU_CLERK                         
Purchasing                                                                      
                                                                                
Sigal Tobias                                   PU_CLERK                         
Purchasing                                                                      
                                                                                
Guy Himuro                                     PU_CLERK                         
Purchasing                                                                      
                                                                                

NOME                                            PROFISSÇO                       
---------------------------------------------- ----------                       
DEPARTAMENTO                                                                    
------------------------------                                                  
Karen Colmenares                               PU_CLERK                         
Purchasing                                                                      
                                                                                
Laura Bissot                                   ST_CLERK                         
Shipping                                                                        
                                                                                
Mozhe Atkinson                                 ST_CLERK                         
Shipping                                                                        
                                                                                

NOME                                            PROFISSÇO                       
---------------------------------------------- ----------                       
DEPARTAMENTO                                                                    
------------------------------                                                  
James Marlow                                   ST_CLERK                         
Shipping                                                                        
                                                                                
TJ Olson                                       ST_CLERK                         
Shipping                                                                        
                                                                                
Peter Tucker                                   SA_REP                           
Sales                                                                           
                                                                                

NOME                                            PROFISSÇO                       
---------------------------------------------- ----------                       
DEPARTAMENTO                                                                    
------------------------------                                                  
David Bernstein                                SA_REP                           
Sales                                                                           
                                                                                
Peter Hall                                     SA_REP                           
Sales                                                                           
                                                                                
Christopher Olsen                              SA_REP                           
Sales                                                                           
                                                                                

NOME                                            PROFISSÇO                       
---------------------------------------------- ----------                       
DEPARTAMENTO                                                                    
------------------------------                                                  
Nanette Cambrault                              SA_REP                           
Sales                                                                           
                                                                                
Oliver Tuvault                                 SA_REP                           
Sales                                                                           
                                                                                
Nandita Sarchand                               SH_CLERK                         
Shipping                                                                        
                                                                                

NOME                                            PROFISSÇO                       
---------------------------------------------- ----------                       
DEPARTAMENTO                                                                    
------------------------------                                                  
Alexis Bull                                    SH_CLERK                         
Shipping                                                                        
                                                                                
Julia Dellinger                                SH_CLERK                         
Shipping                                                                        
                                                                                
Anthony Cabrio                                 SH_CLERK                         
Shipping                                                                        
                                                                                

NOME                                            PROFISSÇO                       
---------------------------------------------- ----------                       
DEPARTAMENTO                                                                    
------------------------------                                                  
Pat Fay                                        MK_REP                           
Marketing                                                                       
                                                                                
William Gietz                                  AC_ACCOUNT                       
Accounting                                                                      
                                                                                

32 linhas selecionadas.

SQL> SELECT * FROM REGIONS ;

 REGION_ID REGION_NAME                                                          
---------- -------------------------                                            
         1 Europe                                                               
         2 Americas                                                             
         3 Asia                                                                 
         4 Middle East and Africa                                               

SQL> SELECT * FROM REGIONS WHERE REGION_NAME LIKE '%A%'
  2  
SQL> SELECT * FROM REGIONS WHERE REGION_NAME LIKE '%A%';

 REGION_ID REGION_NAME                                                          
---------- -------------------------                                            
         2 Americas                                                             
         3 Asia                                                                 
         4 Middle East and Africa                                               

SQL> SELECT FIRST_NAME , EMPLOYEE_ID FROM EMPLOYEES;

FIRST_NAME           EMPLOYEE_ID                                                
-------------------- -----------                                                
Ellen                        174                                                
Sundar                       166                                                
Mozhe                        130                                                
David                        105                                                
Hermann                      204                                                
Shelli                       116                                                
Amit                         167                                                
Elizabeth                    172                                                
Sarah                        192                                                
David                        151                                                
Laura                        129                                                

FIRST_NAME           EMPLOYEE_ID                                                
-------------------- -----------                                                
Harrison                     169                                                
Alexis                       185                                                
Anthony                      187                                                
Gerald                       148                                                
Nanette                      154                                                
John                         110                                                
Kelly                        188                                                
Karen                        119                                                
Curtis                       142                                                
Lex                          102                                                
Julia                        186                                                

FIRST_NAME           EMPLOYEE_ID                                                
-------------------- -----------                                                
Jennifer                     189                                                
Louise                       160                                                
Bruce                        104                                                
Alberto                      147                                                
Britney                      193                                                
Daniel                       109                                                
Pat                          202                                                
Kevin                        197                                                
Jean                         181                                                
Tayler                       170                                                
Adam                         121                                                

FIRST_NAME           EMPLOYEE_ID                                                
-------------------- -----------                                                
Timothy                      190                                                
Ki                           135                                                
Girard                       183                                                
William                      206                                                
Douglas                      199                                                
Kimberely                    178                                                
Nancy                        108                                                
Danielle                     163                                                
Peter                        152                                                
Michael                      201                                                
Shelley                      205                                                

FIRST_NAME           EMPLOYEE_ID                                                
-------------------- -----------                                                
Guy                          118                                                
Alexander                    103                                                
Alyssa                       175                                                
Charles                      179                                                
Vance                        195                                                
Payam                        122                                                
Alexander                    115                                                
Janette                      156                                                
Steven                       100                                                
Neena                        101                                                
Sundita                      173                                                

FIRST_NAME           EMPLOYEE_ID                                                
-------------------- -----------                                                
Renske                       137                                                
James                        127                                                
David                        165                                                
Jack                         177                                                
Diana                        107                                                
Jason                        133                                                
Steven                       128                                                
James                        131                                                
Mattea                       164                                                
Randall                      143                                                
Susan                        203                                                

FIRST_NAME           EMPLOYEE_ID                                                
-------------------- -----------                                                
Samuel                       194                                                
Allan                        158                                                
Irene                        126                                                
Kevin                        124                                                
Julia                        125                                                
Donald                       198                                                
Christopher                  153                                                
TJ                           132                                                
Lisa                         168                                                
Karen                        146                                                
Valli                        106                                                

FIRST_NAME           EMPLOYEE_ID                                                
-------------------- -----------                                                
Joshua                       140                                                
Randall                      191                                                
Hazel                        136                                                
Luis                         113                                                
Trenna                       141                                                
Den                          114                                                
Michael                      134                                                
John                         145                                                
Nandita                      184                                                
Ismael                       111                                                
John                         139                                                

FIRST_NAME           EMPLOYEE_ID                                                
-------------------- -----------                                                
Sarath                       161                                                
Lindsey                      159                                                
William                      171                                                
Stephen                      138                                                
Martha                       182                                                
Patrick                      157                                                
Jonathon                     176                                                
Winston                      180                                                
Sigal                        117                                                
Peter                        150                                                
Oliver                       155                                                

FIRST_NAME           EMPLOYEE_ID                                                
-------------------- -----------                                                
Jose Manuel                  112                                                
Peter                        144                                                
Clara                        162                                                
Shanta                       123                                                
Alana                        196                                                
Matthew                      120                                                
Jennifer                     200                                                
Eleni                        149                                                

107 linhas selecionadas.

SQL> SELECT FIRST_NAME , EMPLOYEE_ID, DEPARTMENT_ID FROM EMPLOYEES,DEPARTMENTS;
SELECT FIRST_NAME , EMPLOYEE_ID, DEPARTMENT_ID FROM EMPLOYEES,DEPARTMENTS
                                 *
ERRO na linha 1:
ORA-00918: coluna definida de maneira ambígua 


SQL> SELECT FIRST_NAME , EMPLOYEE_ID, DEPARTMENT_ID FROM EMPLOYEES NATURAL JOIN DEPARTMENTS;

FIRST_NAME           EMPLOYEE_ID DEPARTMENT_ID                                  
-------------------- ----------- -------------                                  
Neena                        101            90                                  
Lex                          102            90                                  
Bruce                        104            60                                  
David                        105            60                                  
Valli                        106            60                                  
Diana                        107            60                                  
Daniel                       109           100                                  
John                         110           100                                  
Ismael                       111           100                                  
Jose Manuel                  112           100                                  
Luis                         113           100                                  

FIRST_NAME           EMPLOYEE_ID DEPARTMENT_ID                                  
-------------------- ----------- -------------                                  
Alexander                    115            30                                  
Shelli                       116            30                                  
Sigal                        117            30                                  
Guy                          118            30                                  
Karen                        119            30                                  
Laura                        129            50                                  
Mozhe                        130            50                                  
James                        131            50                                  
TJ                           132            50                                  
Peter                        150            80                                  
David                        151            80                                  

FIRST_NAME           EMPLOYEE_ID DEPARTMENT_ID                                  
-------------------- ----------- -------------                                  
Peter                        152            80                                  
Christopher                  153            80                                  
Nanette                      154            80                                  
Oliver                       155            80                                  
Nandita                      184            50                                  
Alexis                       185            50                                  
Julia                        186            50                                  
Anthony                      187            50                                  
Pat                          202            20                                  
William                      206           110                                  

32 linhas selecionadas.

SQL> L
  1* SELECT FIRST_NAME , EMPLOYEE_ID, DEPARTMENT_ID FROM EMPLOYEES NATURAL JOIN DEPARTMENTS
SQL> SELECT FIRST_NAME , EMPLOYEE_ID, DEPARTMENT_ID FROM EMPLOYEES JOIN DEPARTMENTS;
SELECT FIRST_NAME , EMPLOYEE_ID, DEPARTMENT_ID FROM EMPLOYEES JOIN DEPARTMENTS
                                                                             *
ERRO na linha 1:
ORA-00905: palavra-chave não encontrada 


SQL> SELECT FIRST_NAME , EMPLOYEE_ID, DEPARTMENT_ID FROM EMPLOYEES INNER JOIN DEPARTMENTS;
SELECT FIRST_NAME , EMPLOYEE_ID, DEPARTMENT_ID FROM EMPLOYEES INNER JOIN DEPARTMENTS
                                                                                   *
ERRO na linha 1:
ORA-00905: palavra-chave não encontrada 


SQL> CLEAR
SQL> CLEAR SCREEN

SQL> SET PAGESIZE 200;
SQL> SELECT FIRST_NAME , EMPLOYEE_ID FROM EMPLOYEES;

FIRST_NAME           EMPLOYEE_ID                                                
-------------------- -----------                                                
Ellen                        174                                                
Sundar                       166                                                
Mozhe                        130                                                
David                        105                                                
Hermann                      204                                                
Shelli                       116                                                
Amit                         167                                                
Elizabeth                    172                                                
Sarah                        192                                                
David                        151                                                
Laura                        129                                                
Harrison                     169                                                
Alexis                       185                                                
Anthony                      187                                                
Gerald                       148                                                
Nanette                      154                                                
John                         110                                                
Kelly                        188                                                
Karen                        119                                                
Curtis                       142                                                
Lex                          102                                                
Julia                        186                                                
Jennifer                     189                                                
Louise                       160                                                
Bruce                        104                                                
Alberto                      147                                                
Britney                      193                                                
Daniel                       109                                                
Pat                          202                                                
Kevin                        197                                                
Jean                         181                                                
Tayler                       170                                                
Adam                         121                                                
Timothy                      190                                                
Ki                           135                                                
Girard                       183                                                
William                      206                                                
Douglas                      199                                                
Kimberely                    178                                                
Nancy                        108                                                
Danielle                     163                                                
Peter                        152                                                
Michael                      201                                                
Shelley                      205                                                
Guy                          118                                                
Alexander                    103                                                
Alyssa                       175                                                
Charles                      179                                                
Vance                        195                                                
Payam                        122                                                
Alexander                    115                                                
Janette                      156                                                
Steven                       100                                                
Neena                        101                                                
Sundita                      173                                                
Renske                       137                                                
James                        127                                                
David                        165                                                
Jack                         177                                                
Diana                        107                                                
Jason                        133                                                
Steven                       128                                                
James                        131                                                
Mattea                       164                                                
Randall                      143                                                
Susan                        203                                                
Samuel                       194                                                
Allan                        158                                                
Irene                        126                                                
Kevin                        124                                                
Julia                        125                                                
Donald                       198                                                
Christopher                  153                                                
TJ                           132                                                
Lisa                         168                                                
Karen                        146                                                
Valli                        106                                                
Joshua                       140                                                
Randall                      191                                                
Hazel                        136                                                
Luis                         113                                                
Trenna                       141                                                
Den                          114                                                
Michael                      134                                                
John                         145                                                
Nandita                      184                                                
Ismael                       111                                                
John                         139                                                
Sarath                       161                                                
Lindsey                      159                                                
William                      171                                                
Stephen                      138                                                
Martha                       182                                                
Patrick                      157                                                
Jonathon                     176                                                
Winston                      180                                                
Sigal                        117                                                
Peter                        150                                                
Oliver                       155                                                
Jose Manuel                  112                                                
Peter                        144                                                
Clara                        162                                                
Shanta                       123                                                
Alana                        196                                                
Matthew                      120                                                
Jennifer                     200                                                
Eleni                        149                                                

107 linhas selecionadas.

SQL> SELECT FIRST_NAME , EMPLOYEE_ID FROM EMPLOYEES;

FIRST_NAME           EMPLOYEE_ID                                                
-------------------- -----------                                                
Ellen                        174                                                
Sundar                       166                                                
Mozhe                        130                                                
David                        105                                                
Hermann                      204                                                
Shelli                       116                                                
Amit                         167                                                
Elizabeth                    172                                                
Sarah                        192                                                
David                        151                                                
Laura                        129                                                
Harrison                     169                                                
Alexis                       185                                                
Anthony                      187                                                
Gerald                       148                                                
Nanette                      154                                                
John                         110                                                
Kelly                        188                                                
Karen                        119                                                
Curtis                       142                                                
Lex                          102                                                
Julia                        186                                                
Jennifer                     189                                                
Louise                       160                                                
Bruce                        104                                                
Alberto                      147                                                
Britney                      193                                                
Daniel                       109                                                
Pat                          202                                                
Kevin                        197                                                
Jean                         181                                                
Tayler                       170                                                
Adam                         121                                                
Timothy                      190                                                
Ki                           135                                                
Girard                       183                                                
William                      206                                                
Douglas                      199                                                
Kimberely                    178                                                
Nancy                        108                                                
Danielle                     163                                                
Peter                        152                                                
Michael                      201                                                
Shelley                      205                                                
Guy                          118                                                
Alexander                    103                                                
Alyssa                       175                                                
Charles                      179                                                
Vance                        195                                                
Payam                        122                                                
Alexander                    115                                                
Janette                      156                                                
Steven                       100                                                
Neena                        101                                                
Sundita                      173                                                
Renske                       137                                                
James                        127                                                
David                        165                                                
Jack                         177                                                
Diana                        107                                                
Jason                        133                                                
Steven                       128                                                
James                        131                                                
Mattea                       164                                                
Randall                      143                                                
Susan                        203                                                
Samuel                       194                                                
Allan                        158                                                
Irene                        126                                                
Kevin                        124                                                
Julia                        125                                                
Donald                       198                                                
Christopher                  153                                                
TJ                           132                                                
Lisa                         168                                                
Karen                        146                                                
Valli                        106                                                
Joshua                       140                                                
Randall                      191                                                
Hazel                        136                                                
Luis                         113                                                
Trenna                       141                                                
Den                          114                                                
Michael                      134                                                
John                         145                                                
Nandita                      184                                                
Ismael                       111                                                
John                         139                                                
Sarath                       161                                                
Lindsey                      159                                                
William                      171                                                
Stephen                      138                                                
Martha                       182                                                
Patrick                      157                                                
Jonathon                     176                                                
Winston                      180                                                
Sigal                        117                                                
Peter                        150                                                
Oliver                       155                                                
Jose Manuel                  112                                                
Peter                        144                                                
Clara                        162                                                
Shanta                       123                                                
Alana                        196                                                
Matthew                      120                                                
Jennifer                     200                                                
Eleni                        149                                                

107 linhas selecionadas.

SQL> SELECT FIRST_NAME||' '||LAST_NAME AS "Nome" , EMPLOYEE_ID AS "IdentificaÆo", SALARY AS "Sal rio " FROM EMPLOYEES ORDER BY FIRST_NAME;

Nome                                           IdentificaÆo   Sal rio          
---------------------------------------------- ------------- ----------         
Adam Fripp                                               121       8200         
Alana Walsh                                              196       3100         
Alberto Errazuriz                                        147      12000         
Alexander Hunold                                         103       9000         
Alexander Khoo                                           115       3100         
Alexis Bull                                              185       4100         
Allan McEwen                                             158       9000         
Alyssa Hutton                                            175       8800         
Amit Banda                                               167       6200         
Anthony Cabrio                                           187       3000         
Britney Everett                                          193       3900         
Bruce Ernst                                              104       6000         
Charles Johnson                                          179       6200         
Christopher Olsen                                        153       8000         
Clara Vishney                                            162      10500         
Curtis Davies                                            142       3100         
Daniel Faviet                                            109       9000         
Danielle Greene                                          163       9500         
David Austin                                             105       4800         
David Bernstein                                          151       9500         
David Lee                                                165       6800         
Den Raphaely                                             114      11000         
Diana Lorentz                                            107       4200         
Donald OConnell                                          198       2600         
Douglas Grant                                            199       2600         
Eleni Zlotkey                                            149      10500         
Elizabeth Bates                                          172       7300         
Ellen Abel                                               174      11000         
Gerald Cambrault                                         148      11000         
Girard Geoni                                             183       2800         
Guy Himuro                                               118       2600         
Harrison Bloom                                           169      10000         
Hazel Philtanker                                         136       2200         
Hermann Baer                                             204      10000         
Irene Mikkilineni                                        126       2700         
Ismael Sciarra                                           111       7700         
Jack Livingston                                          177       8400         
James Marlow                                             131       2500         
James Landry                                             127       2400         
Janette King                                             156      10000         
Jason Mallin                                             133       3300         
Jean Fleaur                                              181       3100         
Jennifer Whalen                                          200       4400         
Jennifer Dilly                                           189       3600         
John Seo                                                 139       2700         
John Russell                                             145      14000         
John Chen                                                110       8200         
Jonathon Taylor                                          176       8600         
Jose Manuel Urman                                        112       7800         
Joshua Patel                                             140       2500         
Julia Dellinger                                          186       3400         
Julia Nayer                                              125       3200         
Karen Colmenares                                         119       2500         
Karen Partners                                           146      13500         
Kelly Chung                                              188       3800         
Kevin Feeney                                             197       3000         
Kevin Mourgos                                            124       5800         
Ki Gee                                                   135       2400         
Kimberely Grant                                          178       7000         
Laura Bissot                                             129       3300         
Lex De Haan                                              102      17000         
Lindsey Smith                                            159       8000         
Lisa Ozer                                                168      11500         
Louise Doran                                             160       7500         
Luis Popp                                                113       6900         
Martha Sullivan                                          182       2500         
Mattea Marvins                                           164       7200         
Matthew Weiss                                            120       8000         
Michael Hartstein                                        201      13000         
Michael Rogers                                           134       2900         
Mozhe Atkinson                                           130       2800         
Nancy Greenberg                                          108      12008         
Nandita Sarchand                                         184       4200         
Nanette Cambrault                                        154       7500         
Neena Kochhar                                            101      17000         
Oliver Tuvault                                           155       7000         
Pat Fay                                                  202       6000         
Patrick Sully                                            157       9500         
Payam Kaufling                                           122       7900         
Peter Hall                                               152       9000         
Peter Vargas                                             144       2500         
Peter Tucker                                             150      10000         
Randall Matos                                            143       2600         
Randall Perkins                                          191       2500         
Renske Ladwig                                            137       3600         
Samuel McCain                                            194       3200         
Sarah Bell                                               192       4000         
Sarath Sewall                                            161       7000         
Shanta Vollman                                           123       6500         
Shelley Higgins                                          205      12008         
Shelli Baida                                             116       2900         
Sigal Tobias                                             117       2800         
Stephen Stiles                                           138       3200         
Steven King                                              100      24000         
Steven Markle                                            128       2200         
Sundar Ande                                              166       6400         
Sundita Kumar                                            173       6100         
Susan Mavris                                             203       6500         
Tayler Fox                                               170       9600         
Timothy Gates                                            190       2900         
TJ Olson                                                 132       2100         
Trenna Rajs                                              141       3500         
Valli Pataballa                                          106       4800         
Vance Jones                                              195       2800         
William Gietz                                            206       8300         
William Smith                                            171       7400         
Winston Taylor                                           180       3200         

107 linhas selecionadas.

SQL> SELECT JOB_ID AS "ProfissÆo" FROM JOBS;

ProfissÆo                                                                       
----------                                                                      
AC_ACCOUNT                                                                      
AC_MGR                                                                          
AD_ASST                                                                         
AD_PRES                                                                         
AD_VP                                                                           
FI_ACCOUNT                                                                      
FI_MGR                                                                          
HR_REP                                                                          
IT_PROG                                                                         
MK_MAN                                                                          
MK_REP                                                                          
PR_REP                                                                          
PU_CLERK                                                                        
PU_MAN                                                                          
SA_MAN                                                                          
SA_REP                                                                          
SH_CLERK                                                                        
ST_CLERK                                                                        
ST_MAN                                                                          

19 linhas selecionadas.

SQL> SELECT JOB_ID AS "ProfissÆo" FROM EMPLOYEES;

ProfissÆo                                                                       
----------                                                                      
AC_ACCOUNT                                                                      
AC_MGR                                                                          
AD_ASST                                                                         
AD_PRES                                                                         
AD_VP                                                                           
AD_VP                                                                           
FI_ACCOUNT                                                                      
FI_ACCOUNT                                                                      
FI_ACCOUNT                                                                      
FI_ACCOUNT                                                                      
FI_ACCOUNT                                                                      
FI_MGR                                                                          
HR_REP                                                                          
IT_PROG                                                                         
IT_PROG                                                                         
IT_PROG                                                                         
IT_PROG                                                                         
IT_PROG                                                                         
MK_MAN                                                                          
MK_REP                                                                          
PR_REP                                                                          
PU_CLERK                                                                        
PU_CLERK                                                                        
PU_CLERK                                                                        
PU_CLERK                                                                        
PU_CLERK                                                                        
PU_MAN                                                                          
SA_MAN                                                                          
SA_MAN                                                                          
SA_MAN                                                                          
SA_MAN                                                                          
SA_MAN                                                                          
SA_REP                                                                          
SA_REP                                                                          
SA_REP                                                                          
SA_REP                                                                          
SA_REP                                                                          
SA_REP                                                                          
SA_REP                                                                          
SA_REP                                                                          
SA_REP                                                                          
SA_REP                                                                          
SA_REP                                                                          
SA_REP                                                                          
SA_REP                                                                          
SA_REP                                                                          
SA_REP                                                                          
SA_REP                                                                          
SA_REP                                                                          
SA_REP                                                                          
SA_REP                                                                          
SA_REP                                                                          
SA_REP                                                                          
SA_REP                                                                          
SA_REP                                                                          
SA_REP                                                                          
SA_REP                                                                          
SA_REP                                                                          
SA_REP                                                                          
SA_REP                                                                          
SA_REP                                                                          
SA_REP                                                                          
SH_CLERK                                                                        
SH_CLERK                                                                        
SH_CLERK                                                                        
SH_CLERK                                                                        
SH_CLERK                                                                        
SH_CLERK                                                                        
SH_CLERK                                                                        
SH_CLERK                                                                        
SH_CLERK                                                                        
SH_CLERK                                                                        
SH_CLERK                                                                        
SH_CLERK                                                                        
SH_CLERK                                                                        
SH_CLERK                                                                        
SH_CLERK                                                                        
SH_CLERK                                                                        
SH_CLERK                                                                        
SH_CLERK                                                                        
SH_CLERK                                                                        
SH_CLERK                                                                        
ST_CLERK                                                                        
ST_CLERK                                                                        
ST_CLERK                                                                        
ST_CLERK                                                                        
ST_CLERK                                                                        
ST_CLERK                                                                        
ST_CLERK                                                                        
ST_CLERK                                                                        
ST_CLERK                                                                        
ST_CLERK                                                                        
ST_CLERK                                                                        
ST_CLERK                                                                        
ST_CLERK                                                                        
ST_CLERK                                                                        
ST_CLERK                                                                        
ST_CLERK                                                                        
ST_CLERK                                                                        
ST_CLERK                                                                        
ST_CLERK                                                                        
ST_CLERK                                                                        
ST_MAN                                                                          
ST_MAN                                                                          
ST_MAN                                                                          
ST_MAN                                                                          
ST_MAN                                                                          

107 linhas selecionadas.

SQL> SELECT FIRST_NAME||' '||LAST_NAME AS "Nome" , EMPLOYEE_ID AS "IdentificaÆo", SALARY AS "Sal rio " , JOB_ID AS "ProfissÆo" FROM EMPLOYEES ORDER BY FIRST_NAME;

Nome                                           IdentificaÆo   Sal rio          
---------------------------------------------- ------------- ----------         
ProfissÆo                                                                       
----------                                                                      
Adam Fripp                                               121       8200         
ST_MAN                                                                          
                                                                                
Alana Walsh                                              196       3100         
SH_CLERK                                                                        
                                                                                
Alberto Errazuriz                                        147      12000         
SA_MAN                                                                          
                                                                                
Alexander Hunold                                         103       9000         
IT_PROG                                                                         
                                                                                
Alexander Khoo                                           115       3100         
PU_CLERK                                                                        
                                                                                
Alexis Bull                                              185       4100         
SH_CLERK                                                                        
                                                                                
Allan McEwen                                             158       9000         
SA_REP                                                                          
                                                                                
Alyssa Hutton                                            175       8800         
SA_REP                                                                          
                                                                                
Amit Banda                                               167       6200         
SA_REP                                                                          
                                                                                
Anthony Cabrio                                           187       3000         
SH_CLERK                                                                        
                                                                                
Britney Everett                                          193       3900         
SH_CLERK                                                                        
                                                                                
Bruce Ernst                                              104       6000         
IT_PROG                                                                         
                                                                                
Charles Johnson                                          179       6200         
SA_REP                                                                          
                                                                                
Christopher Olsen                                        153       8000         
SA_REP                                                                          
                                                                                
Clara Vishney                                            162      10500         
SA_REP                                                                          
                                                                                
Curtis Davies                                            142       3100         
ST_CLERK                                                                        
                                                                                
Daniel Faviet                                            109       9000         
FI_ACCOUNT                                                                      
                                                                                
Danielle Greene                                          163       9500         
SA_REP                                                                          
                                                                                
David Austin                                             105       4800         
IT_PROG                                                                         
                                                                                
David Bernstein                                          151       9500         
SA_REP                                                                          
                                                                                
David Lee                                                165       6800         
SA_REP                                                                          
                                                                                
Den Raphaely                                             114      11000         
PU_MAN                                                                          
                                                                                
Diana Lorentz                                            107       4200         
IT_PROG                                                                         
                                                                                
Donald OConnell                                          198       2600         
SH_CLERK                                                                        
                                                                                
Douglas Grant                                            199       2600         
SH_CLERK                                                                        
                                                                                
Eleni Zlotkey                                            149      10500         
SA_MAN                                                                          
                                                                                
Elizabeth Bates                                          172       7300         
SA_REP                                                                          
                                                                                
Ellen Abel                                               174      11000         
SA_REP                                                                          
                                                                                
Gerald Cambrault                                         148      11000         
SA_MAN                                                                          
                                                                                
Girard Geoni                                             183       2800         
SH_CLERK                                                                        
                                                                                
Guy Himuro                                               118       2600         
PU_CLERK                                                                        
                                                                                
Harrison Bloom                                           169      10000         
SA_REP                                                                          
                                                                                
Hazel Philtanker                                         136       2200         
ST_CLERK                                                                        
                                                                                
Hermann Baer                                             204      10000         
PR_REP                                                                          
                                                                                
Irene Mikkilineni                                        126       2700         
ST_CLERK                                                                        
                                                                                
Ismael Sciarra                                           111       7700         
FI_ACCOUNT                                                                      
                                                                                
Jack Livingston                                          177       8400         
SA_REP                                                                          
                                                                                
James Marlow                                             131       2500         
ST_CLERK                                                                        
                                                                                
James Landry                                             127       2400         
ST_CLERK                                                                        
                                                                                
Janette King                                             156      10000         
SA_REP                                                                          
                                                                                
Jason Mallin                                             133       3300         
ST_CLERK                                                                        
                                                                                
Jean Fleaur                                              181       3100         
SH_CLERK                                                                        
                                                                                
Jennifer Whalen                                          200       4400         
AD_ASST                                                                         
                                                                                
Jennifer Dilly                                           189       3600         
SH_CLERK                                                                        
                                                                                
John Seo                                                 139       2700         
ST_CLERK                                                                        
                                                                                
John Russell                                             145      14000         
SA_MAN                                                                          
                                                                                
John Chen                                                110       8200         
FI_ACCOUNT                                                                      
                                                                                
Jonathon Taylor                                          176       8600         
SA_REP                                                                          
                                                                                
Jose Manuel Urman                                        112       7800         
FI_ACCOUNT                                                                      
                                                                                
Joshua Patel                                             140       2500         
ST_CLERK                                                                        
                                                                                
Julia Dellinger                                          186       3400         
SH_CLERK                                                                        
                                                                                
Julia Nayer                                              125       3200         
ST_CLERK                                                                        
                                                                                
Karen Colmenares                                         119       2500         
PU_CLERK                                                                        
                                                                                
Karen Partners                                           146      13500         
SA_MAN                                                                          
                                                                                
Kelly Chung                                              188       3800         
SH_CLERK                                                                        
                                                                                
Kevin Feeney                                             197       3000         
SH_CLERK                                                                        
                                                                                
Kevin Mourgos                                            124       5800         
ST_MAN                                                                          
                                                                                
Ki Gee                                                   135       2400         
ST_CLERK                                                                        
                                                                                
Kimberely Grant                                          178       7000         
SA_REP                                                                          
                                                                                
Laura Bissot                                             129       3300         
ST_CLERK                                                                        
                                                                                
Lex De Haan                                              102      17000         
AD_VP                                                                           
                                                                                
Lindsey Smith                                            159       8000         
SA_REP                                                                          
                                                                                
Lisa Ozer                                                168      11500         
SA_REP                                                                          
                                                                                
Louise Doran                                             160       7500         
SA_REP                                                                          
                                                                                
Luis Popp                                                113       6900         
FI_ACCOUNT                                                                      
                                                                                

Nome                                           IdentificaÆo   Sal rio          
---------------------------------------------- ------------- ----------         
ProfissÆo                                                                       
----------                                                                      
Martha Sullivan                                          182       2500         
SH_CLERK                                                                        
                                                                                
Mattea Marvins                                           164       7200         
SA_REP                                                                          
                                                                                
Matthew Weiss                                            120       8000         
ST_MAN                                                                          
                                                                                
Michael Hartstein                                        201      13000         
MK_MAN                                                                          
                                                                                
Michael Rogers                                           134       2900         
ST_CLERK                                                                        
                                                                                
Mozhe Atkinson                                           130       2800         
ST_CLERK                                                                        
                                                                                
Nancy Greenberg                                          108      12008         
FI_MGR                                                                          
                                                                                
Nandita Sarchand                                         184       4200         
SH_CLERK                                                                        
                                                                                
Nanette Cambrault                                        154       7500         
SA_REP                                                                          
                                                                                
Neena Kochhar                                            101      17000         
AD_VP                                                                           
                                                                                
Oliver Tuvault                                           155       7000         
SA_REP                                                                          
                                                                                
Pat Fay                                                  202       6000         
MK_REP                                                                          
                                                                                
Patrick Sully                                            157       9500         
SA_REP                                                                          
                                                                                
Payam Kaufling                                           122       7900         
ST_MAN                                                                          
                                                                                
Peter Hall                                               152       9000         
SA_REP                                                                          
                                                                                
Peter Vargas                                             144       2500         
ST_CLERK                                                                        
                                                                                
Peter Tucker                                             150      10000         
SA_REP                                                                          
                                                                                
Randall Matos                                            143       2600         
ST_CLERK                                                                        
                                                                                
Randall Perkins                                          191       2500         
SH_CLERK                                                                        
                                                                                
Renske Ladwig                                            137       3600         
ST_CLERK                                                                        
                                                                                
Samuel McCain                                            194       3200         
SH_CLERK                                                                        
                                                                                
Sarah Bell                                               192       4000         
SH_CLERK                                                                        
                                                                                
Sarath Sewall                                            161       7000         
SA_REP                                                                          
                                                                                
Shanta Vollman                                           123       6500         
ST_MAN                                                                          
                                                                                
Shelley Higgins                                          205      12008         
AC_MGR                                                                          
                                                                                
Shelli Baida                                             116       2900         
PU_CLERK                                                                        
                                                                                
Sigal Tobias                                             117       2800         
PU_CLERK                                                                        
                                                                                
Stephen Stiles                                           138       3200         
ST_CLERK                                                                        
                                                                                
Steven King                                              100      24000         
AD_PRES                                                                         
                                                                                
Steven Markle                                            128       2200         
ST_CLERK                                                                        
                                                                                
Sundar Ande                                              166       6400         
SA_REP                                                                          
                                                                                
Sundita Kumar                                            173       6100         
SA_REP                                                                          
                                                                                
Susan Mavris                                             203       6500         
HR_REP                                                                          
                                                                                
Tayler Fox                                               170       9600         
SA_REP                                                                          
                                                                                
Timothy Gates                                            190       2900         
SH_CLERK                                                                        
                                                                                
TJ Olson                                                 132       2100         
ST_CLERK                                                                        
                                                                                
Trenna Rajs                                              141       3500         
ST_CLERK                                                                        
                                                                                
Valli Pataballa                                          106       4800         
IT_PROG                                                                         
                                                                                
Vance Jones                                              195       2800         
SH_CLERK                                                                        
                                                                                
William Gietz                                            206       8300         
AC_ACCOUNT                                                                      
                                                                                
William Smith                                            171       7400         
SA_REP                                                                          
                                                                                
Winston Taylor                                           180       3200         
SH_CLERK                                                                        
                                                                                

107 linhas selecionadas.

SQL> SELECT DISTINCT JOB_ID AS "CARGO" FROM EMPLOYEES;

CARGO                                                                           
----------                                                                      
AC_ACCOUNT                                                                      
AC_MGR                                                                          
AD_ASST                                                                         
AD_PRES                                                                         
AD_VP                                                                           
FI_ACCOUNT                                                                      
FI_MGR                                                                          
HR_REP                                                                          
IT_PROG                                                                         
MK_MAN                                                                          
MK_REP                                                                          
PR_REP                                                                          
PU_CLERK                                                                        
PU_MAN                                                                          
SA_MAN                                                                          
SA_REP                                                                          
SH_CLERK                                                                        
ST_CLERK                                                                        
ST_MAN                                                                          

19 linhas selecionadas.

SQL> SELECT LAST_NAME||' Trabalha desde ' || HIRE_DATE FROM EMPLOYEES:
  2  
SQL> SELECT LAST_NAME||' Trabalha desde ' || HIRE_DATE FROM EMPLOYEES;

LAST_NAME||'TRABALHADESDE'||HIRE_DATE                                           
-------------------------------------------------                               
King Trabalha desde 17/06/03                                                    
Kochhar Trabalha desde 21/09/05                                                 
De Haan Trabalha desde 13/01/01                                                 
Hunold Trabalha desde 03/01/06                                                  
Ernst Trabalha desde 21/05/07                                                   
Austin Trabalha desde 25/06/05                                                  
Pataballa Trabalha desde 05/02/06                                               
Lorentz Trabalha desde 07/02/07                                                 
Greenberg Trabalha desde 17/08/02                                               
Faviet Trabalha desde 16/08/02                                                  
Chen Trabalha desde 28/09/05                                                    
Sciarra Trabalha desde 30/09/05                                                 
Urman Trabalha desde 07/03/06                                                   
Popp Trabalha desde 07/12/07                                                    
Raphaely Trabalha desde 07/12/02                                                
Khoo Trabalha desde 18/05/03                                                    
Baida Trabalha desde 24/12/05                                                   
Tobias Trabalha desde 24/07/05                                                  
Himuro Trabalha desde 15/11/06                                                  
Colmenares Trabalha desde 10/08/07                                              
Weiss Trabalha desde 18/07/04                                                   
Fripp Trabalha desde 10/04/05                                                   
Kaufling Trabalha desde 01/05/03                                                
Vollman Trabalha desde 10/10/05                                                 
Mourgos Trabalha desde 16/11/07                                                 
Nayer Trabalha desde 16/07/05                                                   
Mikkilineni Trabalha desde 28/09/06                                             
Landry Trabalha desde 14/01/07                                                  
Markle Trabalha desde 08/03/08                                                  
Bissot Trabalha desde 20/08/05                                                  
Atkinson Trabalha desde 30/10/05                                                
Marlow Trabalha desde 16/02/05                                                  
Olson Trabalha desde 10/04/07                                                   
Mallin Trabalha desde 14/06/04                                                  
Rogers Trabalha desde 26/08/06                                                  
Gee Trabalha desde 12/12/07                                                     
Philtanker Trabalha desde 06/02/08                                              
Ladwig Trabalha desde 14/07/03                                                  
Stiles Trabalha desde 26/10/05                                                  
Seo Trabalha desde 12/02/06                                                     
Patel Trabalha desde 06/04/06                                                   
Rajs Trabalha desde 17/10/03                                                    
Davies Trabalha desde 29/01/05                                                  
Matos Trabalha desde 15/03/06                                                   
Vargas Trabalha desde 09/07/06                                                  
Russell Trabalha desde 01/10/04                                                 
Partners Trabalha desde 05/01/05                                                
Errazuriz Trabalha desde 10/03/05                                               
Cambrault Trabalha desde 15/10/07                                               
Zlotkey Trabalha desde 29/01/08                                                 
Tucker Trabalha desde 30/01/05                                                  
Bernstein Trabalha desde 24/03/05                                               
Hall Trabalha desde 20/08/05                                                    
Olsen Trabalha desde 30/03/06                                                   
Cambrault Trabalha desde 09/12/06                                               
Tuvault Trabalha desde 23/11/07                                                 
King Trabalha desde 30/01/04                                                    
Sully Trabalha desde 04/03/04                                                   
McEwen Trabalha desde 01/08/04                                                  
Smith Trabalha desde 10/03/05                                                   
Doran Trabalha desde 15/12/05                                                   
Sewall Trabalha desde 03/11/06                                                  
Vishney Trabalha desde 11/11/05                                                 
Greene Trabalha desde 19/03/07                                                  
Marvins Trabalha desde 24/01/08                                                 
Lee Trabalha desde 23/02/08                                                     
Ande Trabalha desde 24/03/08                                                    
Banda Trabalha desde 21/04/08                                                   
Ozer Trabalha desde 11/03/05                                                    
Bloom Trabalha desde 23/03/06                                                   
Fox Trabalha desde 24/01/06                                                     
Smith Trabalha desde 23/02/07                                                   
Bates Trabalha desde 24/03/07                                                   
Kumar Trabalha desde 21/04/08                                                   
Abel Trabalha desde 11/05/04                                                    
Hutton Trabalha desde 19/03/05                                                  
Taylor Trabalha desde 24/03/06                                                  
Livingston Trabalha desde 23/04/06                                              
Grant Trabalha desde 24/05/07                                                   
Johnson Trabalha desde 04/01/08                                                 
Taylor Trabalha desde 24/01/06                                                  
Fleaur Trabalha desde 23/02/06                                                  
Sullivan Trabalha desde 21/06/07                                                
Geoni Trabalha desde 03/02/08                                                   
Sarchand Trabalha desde 27/01/04                                                
Bull Trabalha desde 20/02/05                                                    
Dellinger Trabalha desde 24/06/06                                               
Cabrio Trabalha desde 07/02/07                                                  
Chung Trabalha desde 14/06/05                                                   
Dilly Trabalha desde 13/08/05                                                   
Gates Trabalha desde 11/07/06                                                   
Perkins Trabalha desde 19/12/07                                                 
Bell Trabalha desde 04/02/04                                                    
Everett Trabalha desde 03/03/05                                                 
McCain Trabalha desde 01/07/06                                                  
Jones Trabalha desde 17/03/07                                                   
Walsh Trabalha desde 24/04/06                                                   
Feeney Trabalha desde 23/05/06                                                  
OConnell Trabalha desde 21/06/07                                                
Grant Trabalha desde 13/01/08                                                   
Whalen Trabalha desde 17/09/03                                                  
Hartstein Trabalha desde 17/02/04                                               
Fay Trabalha desde 17/08/05                                                     
Mavris Trabalha desde 07/06/02                                                  
Baer Trabalha desde 07/06/02                                                    
Higgins Trabalha desde 07/06/02                                                 
Gietz Trabalha desde 07/06/02                                                   

107 linhas selecionadas.

SQL> SELECT FIRST_NAME||' '||LAST_NAME||' Trabalha desde ' || HIRE_DATE FROM EMPLOYEES;

FIRST_NAME||''||LAST_NAME||'TRABALHADESDE'||HIRE_DATE                           
----------------------------------------------------------------------          
Steven King Trabalha desde 17/06/03                                             
Neena Kochhar Trabalha desde 21/09/05                                           
Lex De Haan Trabalha desde 13/01/01                                             
Alexander Hunold Trabalha desde 03/01/06                                        
Bruce Ernst Trabalha desde 21/05/07                                             
David Austin Trabalha desde 25/06/05                                            
Valli Pataballa Trabalha desde 05/02/06                                         
Diana Lorentz Trabalha desde 07/02/07                                           
Nancy Greenberg Trabalha desde 17/08/02                                         
Daniel Faviet Trabalha desde 16/08/02                                           
John Chen Trabalha desde 28/09/05                                               
Ismael Sciarra Trabalha desde 30/09/05                                          
Jose Manuel Urman Trabalha desde 07/03/06                                       
Luis Popp Trabalha desde 07/12/07                                               
Den Raphaely Trabalha desde 07/12/02                                            
Alexander Khoo Trabalha desde 18/05/03                                          
Shelli Baida Trabalha desde 24/12/05                                            
Sigal Tobias Trabalha desde 24/07/05                                            
Guy Himuro Trabalha desde 15/11/06                                              
Karen Colmenares Trabalha desde 10/08/07                                        
Matthew Weiss Trabalha desde 18/07/04                                           
Adam Fripp Trabalha desde 10/04/05                                              
Payam Kaufling Trabalha desde 01/05/03                                          
Shanta Vollman Trabalha desde 10/10/05                                          
Kevin Mourgos Trabalha desde 16/11/07                                           
Julia Nayer Trabalha desde 16/07/05                                             
Irene Mikkilineni Trabalha desde 28/09/06                                       
James Landry Trabalha desde 14/01/07                                            
Steven Markle Trabalha desde 08/03/08                                           
Laura Bissot Trabalha desde 20/08/05                                            
Mozhe Atkinson Trabalha desde 30/10/05                                          
James Marlow Trabalha desde 16/02/05                                            
TJ Olson Trabalha desde 10/04/07                                                
Jason Mallin Trabalha desde 14/06/04                                            
Michael Rogers Trabalha desde 26/08/06                                          
Ki Gee Trabalha desde 12/12/07                                                  
Hazel Philtanker Trabalha desde 06/02/08                                        
Renske Ladwig Trabalha desde 14/07/03                                           
Stephen Stiles Trabalha desde 26/10/05                                          
John Seo Trabalha desde 12/02/06                                                
Joshua Patel Trabalha desde 06/04/06                                            
Trenna Rajs Trabalha desde 17/10/03                                             
Curtis Davies Trabalha desde 29/01/05                                           
Randall Matos Trabalha desde 15/03/06                                           
Peter Vargas Trabalha desde 09/07/06                                            
John Russell Trabalha desde 01/10/04                                            
Karen Partners Trabalha desde 05/01/05                                          
Alberto Errazuriz Trabalha desde 10/03/05                                       
Gerald Cambrault Trabalha desde 15/10/07                                        
Eleni Zlotkey Trabalha desde 29/01/08                                           
Peter Tucker Trabalha desde 30/01/05                                            
David Bernstein Trabalha desde 24/03/05                                         
Peter Hall Trabalha desde 20/08/05                                              
Christopher Olsen Trabalha desde 30/03/06                                       
Nanette Cambrault Trabalha desde 09/12/06                                       
Oliver Tuvault Trabalha desde 23/11/07                                          
Janette King Trabalha desde 30/01/04                                            
Patrick Sully Trabalha desde 04/03/04                                           
Allan McEwen Trabalha desde 01/08/04                                            
Lindsey Smith Trabalha desde 10/03/05                                           
Louise Doran Trabalha desde 15/12/05                                            
Sarath Sewall Trabalha desde 03/11/06                                           
Clara Vishney Trabalha desde 11/11/05                                           
Danielle Greene Trabalha desde 19/03/07                                         
Mattea Marvins Trabalha desde 24/01/08                                          
David Lee Trabalha desde 23/02/08                                               
Sundar Ande Trabalha desde 24/03/08                                             
Amit Banda Trabalha desde 21/04/08                                              
Lisa Ozer Trabalha desde 11/03/05                                               
Harrison Bloom Trabalha desde 23/03/06                                          
Tayler Fox Trabalha desde 24/01/06                                              
William Smith Trabalha desde 23/02/07                                           
Elizabeth Bates Trabalha desde 24/03/07                                         
Sundita Kumar Trabalha desde 21/04/08                                           
Ellen Abel Trabalha desde 11/05/04                                              
Alyssa Hutton Trabalha desde 19/03/05                                           
Jonathon Taylor Trabalha desde 24/03/06                                         
Jack Livingston Trabalha desde 23/04/06                                         
Kimberely Grant Trabalha desde 24/05/07                                         
Charles Johnson Trabalha desde 04/01/08                                         
Winston Taylor Trabalha desde 24/01/06                                          
Jean Fleaur Trabalha desde 23/02/06                                             
Martha Sullivan Trabalha desde 21/06/07                                         
Girard Geoni Trabalha desde 03/02/08                                            
Nandita Sarchand Trabalha desde 27/01/04                                        
Alexis Bull Trabalha desde 20/02/05                                             
Julia Dellinger Trabalha desde 24/06/06                                         
Anthony Cabrio Trabalha desde 07/02/07                                          
Kelly Chung Trabalha desde 14/06/05                                             
Jennifer Dilly Trabalha desde 13/08/05                                          
Timothy Gates Trabalha desde 11/07/06                                           
Randall Perkins Trabalha desde 19/12/07                                         
Sarah Bell Trabalha desde 04/02/04                                              
Britney Everett Trabalha desde 03/03/05                                         
Samuel McCain Trabalha desde 01/07/06                                           
Vance Jones Trabalha desde 17/03/07                                             
Alana Walsh Trabalha desde 24/04/06                                             
Kevin Feeney Trabalha desde 23/05/06                                            
Donald OConnell Trabalha desde 21/06/07                                         
Douglas Grant Trabalha desde 13/01/08                                           
Jennifer Whalen Trabalha desde 17/09/03                                         
Michael Hartstein Trabalha desde 17/02/04                                       
Pat Fay Trabalha desde 17/08/05                                                 
Susan Mavris Trabalha desde 07/06/02                                            
Hermann Baer Trabalha desde 07/06/02                                            
Shelley Higgins Trabalha desde 07/06/02                                         
William Gietz Trabalha desde 07/06/02                                           

107 linhas selecionadas.

SQL> SAVE C:\AA.SQL
SP2-0110: Não é possível criar arquivo "C:\AA.SQL"
SQL> SAVE C:\ORACLEEXE\AA.SQL
SP2-0110: Não é possível criar arquivo "C:\ORACLEEXE\AA.SQL"
SQL> CLEAR SCREEN

SQL> -- PROJEÇO--
SQL> SELECT  EMPLOYEE_ID, SALARY *12 AS " Salario anual" from  EMPLOYEES;

EMPLOYEE_ID  Salario anual                                                      
----------- --------------                                                      
        100         288000                                                      
        101         204000                                                      
        102         204000                                                      
        103         108000                                                      
        104          72000                                                      
        105          57600                                                      
        106          57600                                                      
        107          50400                                                      
        108         144096                                                      
        109         108000                                                      
        110          98400                                                      
        111          92400                                                      
        112          93600                                                      
        113          82800                                                      
        114         132000                                                      
        115          37200                                                      
        116          34800                                                      
        117          33600                                                      
        118          31200                                                      
        119          30000                                                      
        120          96000                                                      
        121          98400                                                      
        122          94800                                                      
        123          78000                                                      
        124          69600                                                      
        125          38400                                                      
        126          32400                                                      
        127          28800                                                      
        128          26400                                                      
        129          39600                                                      
        130          33600                                                      
        131          30000                                                      
        132          25200                                                      
        133          39600                                                      
        134          34800                                                      
        135          28800                                                      
        136          26400                                                      
        137          43200                                                      
        138          38400                                                      
        139          32400                                                      
        140          30000                                                      
        141          42000                                                      
        142          37200                                                      
        143          31200                                                      
        144          30000                                                      
        145         168000                                                      
        146         162000                                                      
        147         144000                                                      
        148         132000                                                      
        149         126000                                                      
        150         120000                                                      
        151         114000                                                      
        152         108000                                                      
        153          96000                                                      
        154          90000                                                      
        155          84000                                                      
        156         120000                                                      
        157         114000                                                      
        158         108000                                                      
        159          96000                                                      
        160          90000                                                      
        161          84000                                                      
        162         126000                                                      
        163         114000                                                      
        164          86400                                                      
        165          81600                                                      
        166          76800                                                      
        167          74400                                                      
        168         138000                                                      
        169         120000                                                      
        170         115200                                                      
        171          88800                                                      
        172          87600                                                      
        173          73200                                                      
        174         132000                                                      
        175         105600                                                      
        176         103200                                                      
        177         100800                                                      
        178          84000                                                      
        179          74400                                                      
        180          38400                                                      
        181          37200                                                      
        182          30000                                                      
        183          33600                                                      
        184          50400                                                      
        185          49200                                                      
        186          40800                                                      
        187          36000                                                      
        188          45600                                                      
        189          43200                                                      
        190          34800                                                      
        191          30000                                                      
        192          48000                                                      
        193          46800                                                      
        194          38400                                                      
        195          33600                                                      
        196          37200                                                      
        197          36000                                                      
        198          31200                                                      
        199          31200                                                      
        200          52800                                                      
        201         156000                                                      
        202          72000                                                      
        203          78000                                                      
        204         120000                                                      
        205         144096                                                      
        206          99600                                                      

107 linhas selecionadas.

SQL> SELECT FIRST_NAME FROM EMPLOYEES WHERE (SELECT * FROM DEPARTMENTS WHERE MIN_SALARY <7000);
SELECT FIRST_NAME FROM EMPLOYEES WHERE (SELECT * FROM DEPARTMENTS WHERE MIN_SALARY <7000)
                                                                                        *
ERRO na linha 1:
ORA-00936: expressão não encontrada 


SQL> SELECT FIRST_NAME FROM EMPLOYEES WHERE (SELECT * FROM DEPARTMENTS WHERE MIN_SALARY <7000);
SELECT FIRST_NAME FROM EMPLOYEES WHERE (SELECT * FROM DEPARTMENTS WHERE MIN_SALARY <7000)
                                                                                        *
ERRO na linha 1:
ORA-00936: expressão não encontrada 


SQL> CLEAR SCREEN

SQL> SELECT SALARY,COMMINSSION_PCT,SALARY*COMMISSION_PCT FROM EMPLOYEES;
SELECT SALARY,COMMINSSION_PCT,SALARY*COMMISSION_PCT FROM EMPLOYEES
              *
ERRO na linha 1:
ORA-00904: "COMMINSSION_PCT": identificador inválido 


SQL> SELECT SALARY,COMMISSION_PCT,SALARY*COMMISSION_PCT FROM EMPLOYEES;

    SALARY COMMISSION_PCT SALARY*COMMISSION_PCT                                 
---------- -------------- ---------------------                                 
     24000                                                                      
     17000                                                                      
     17000                                                                      
      9000                                                                      
      6000                                                                      
      4800                                                                      
      4800                                                                      
      4200                                                                      
     12008                                                                      
      9000                                                                      
      8200                                                                      
      7700                                                                      
      7800                                                                      
      6900                                                                      
     11000                                                                      
      3100                                                                      
      2900                                                                      
      2800                                                                      
      2600                                                                      
      2500                                                                      
      8000                                                                      
      8200                                                                      
      7900                                                                      
      6500                                                                      
      5800                                                                      
      3200                                                                      
      2700                                                                      
      2400                                                                      
      2200                                                                      
      3300                                                                      
      2800                                                                      
      2500                                                                      
      2100                                                                      
      3300                                                                      
      2900                                                                      
      2400                                                                      
      2200                                                                      
      3600                                                                      
      3200                                                                      
      2700                                                                      
      2500                                                                      
      3500                                                                      
      3100                                                                      
      2600                                                                      
      2500                                                                      
     14000             ,4                  5600                                 
     13500             ,3                  4050                                 
     12000             ,3                  3600                                 
     11000             ,3                  3300                                 
     10500             ,2                  2100                                 
     10000             ,3                  3000                                 
      9500            ,25                  2375                                 
      9000            ,25                  2250                                 
      8000             ,2                  1600                                 
      7500             ,2                  1500                                 
      7000            ,15                  1050                                 
     10000            ,35                  3500                                 
      9500            ,35                  3325                                 
      9000            ,35                  3150                                 
      8000             ,3                  2400                                 
      7500             ,3                  2250                                 
      7000            ,25                  1750                                 
     10500            ,25                  2625                                 
      9500            ,15                  1425                                 
      7200             ,1                   720                                 
      6800             ,1                   680                                 
      6400             ,1                   640                                 
      6200             ,1                   620                                 
     11500            ,25                  2875                                 
     10000             ,2                  2000                                 
      9600             ,2                  1920                                 
      7400            ,15                  1110                                 
      7300            ,15                  1095                                 
      6100             ,1                   610                                 
     11000             ,3                  3300                                 
      8800            ,25                  2200                                 
      8600             ,2                  1720                                 
      8400             ,2                  1680                                 
      7000            ,15                  1050                                 
      6200             ,1                   620                                 
      3200                                                                      
      3100                                                                      
      2500                                                                      
      2800                                                                      
      4200                                                                      
      4100                                                                      
      3400                                                                      
      3000                                                                      
      3800                                                                      
      3600                                                                      
      2900                                                                      
      2500                                                                      
      4000                                                                      
      3900                                                                      
      3200                                                                      
      2800                                                                      
      3100                                                                      
      3000                                                                      
      2600                                                                      
      2600                                                                      
      4400                                                                      
     13000                                                                      
      6000                                                                      
      6500                                                                      
     10000                                                                      
     12008                                                                      
      8300                                                                      

107 linhas selecionadas.

SQL> SELECT FIRST_NAME FROM EMPLOYEES WHERE (SELECT * FROM JOBS WHERE JOB_ID <> 2;
SELECT FIRST_NAME FROM EMPLOYEES WHERE (SELECT * FROM JOBS WHERE JOB_ID <> 2
                                        *
ERRO na linha 1:
ORA-00936: expressão não encontrada 


SQL> SELECT FIRST_NAME FROM EMPLOYEES WHERE (SELECT * FROM JOBS WHERE JOB_ID <> 2);
SELECT FIRST_NAME FROM EMPLOYEES WHERE (SELECT * FROM JOBS WHERE JOB_ID <> 2)
                                                                            *
ERRO na linha 1:
ORA-00936: expressão não encontrada 


SQL> CLEAR SCREEN

SQL> SELECT SALARY,COMMISSION_PCT,SALARY*COMMISSION_PCT FROM EMPLOYEES;

    SALARY COMMISSION_PCT SALARY*COMMISSION_PCT                                 
---------- -------------- ---------------------                                 
     24000                                                                      
     17000                                                                      
     17000                                                                      
      9000                                                                      
      6000                                                                      
      4800                                                                      
      4800                                                                      
      4200                                                                      
     12008                                                                      
      9000                                                                      
      8200                                                                      
      7700                                                                      
      7800                                                                      
      6900                                                                      
     11000                                                                      
      3100                                                                      
      2900                                                                      
      2800                                                                      
      2600                                                                      
      2500                                                                      
      8000                                                                      
      8200                                                                      
      7900                                                                      
      6500                                                                      
      5800                                                                      
      3200                                                                      
      2700                                                                      
      2400                                                                      
      2200                                                                      
      3300                                                                      
      2800                                                                      
      2500                                                                      
      2100                                                                      
      3300                                                                      
      2900                                                                      
      2400                                                                      
      2200                                                                      
      3600                                                                      
      3200                                                                      
      2700                                                                      
      2500                                                                      
      3500                                                                      
      3100                                                                      
      2600                                                                      
      2500                                                                      
     14000             ,4                  5600                                 
     13500             ,3                  4050                                 
     12000             ,3                  3600                                 
     11000             ,3                  3300                                 
     10500             ,2                  2100                                 
     10000             ,3                  3000                                 
      9500            ,25                  2375                                 
      9000            ,25                  2250                                 
      8000             ,2                  1600                                 
      7500             ,2                  1500                                 
      7000            ,15                  1050                                 
     10000            ,35                  3500                                 
      9500            ,35                  3325                                 
      9000            ,35                  3150                                 
      8000             ,3                  2400                                 
      7500             ,3                  2250                                 
      7000            ,25                  1750                                 
     10500            ,25                  2625                                 
      9500            ,15                  1425                                 
      7200             ,1                   720                                 
      6800             ,1                   680                                 
      6400             ,1                   640                                 
      6200             ,1                   620                                 
     11500            ,25                  2875                                 
     10000             ,2                  2000                                 
      9600             ,2                  1920                                 
      7400            ,15                  1110                                 
      7300            ,15                  1095                                 
      6100             ,1                   610                                 
     11000             ,3                  3300                                 
      8800            ,25                  2200                                 
      8600             ,2                  1720                                 
      8400             ,2                  1680                                 
      7000            ,15                  1050                                 
      6200             ,1                   620                                 
      3200                                                                      
      3100                                                                      
      2500                                                                      
      2800                                                                      
      4200                                                                      
      4100                                                                      
      3400                                                                      
      3000                                                                      
      3800                                                                      
      3600                                                                      
      2900                                                                      
      2500                                                                      
      4000                                                                      
      3900                                                                      
      3200                                                                      
      2800                                                                      
      3100                                                                      
      3000                                                                      
      2600                                                                      
      2600                                                                      
      4400                                                                      
     13000                                                                      
      6000                                                                      
      6500                                                                      
     10000                                                                      
     12008                                                                      
      8300                                                                      

107 linhas selecionadas.

SQL> EDIT
Gravou file afiedt.buf

  1* SELECT SALARY,COMMISSION_PCT,SALARY+(SALARY*COMMISSION_PCT) FROM EMPLOYEES
SQL> 
SQL> /

    SALARY COMMISSION_PCT SALARY+(SALARY*COMMISSION_PCT)                        
---------- -------------- ------------------------------                        
     24000                                                                      
     17000                                                                      
     17000                                                                      
      9000                                                                      
      6000                                                                      
      4800                                                                      
      4800                                                                      
      4200                                                                      
     12008                                                                      
      9000                                                                      
      8200                                                                      
      7700                                                                      
      7800                                                                      
      6900                                                                      
     11000                                                                      
      3100                                                                      
      2900                                                                      
      2800                                                                      
      2600                                                                      
      2500                                                                      
      8000                                                                      
      8200                                                                      
      7900                                                                      
      6500                                                                      
      5800                                                                      
      3200                                                                      
      2700                                                                      
      2400                                                                      
      2200                                                                      
      3300                                                                      
      2800                                                                      
      2500                                                                      
      2100                                                                      
      3300                                                                      
      2900                                                                      
      2400                                                                      
      2200                                                                      
      3600                                                                      
      3200                                                                      
      2700                                                                      
      2500                                                                      
      3500                                                                      
      3100                                                                      
      2600                                                                      
      2500                                                                      
     14000             ,4                          19600                        
     13500             ,3                          17550                        
     12000             ,3                          15600                        
     11000             ,3                          14300                        
     10500             ,2                          12600                        
     10000             ,3                          13000                        
      9500            ,25                          11875                        
      9000            ,25                          11250                        
      8000             ,2                           9600                        
      7500             ,2                           9000                        
      7000            ,15                           8050                        
     10000            ,35                          13500                        
      9500            ,35                          12825                        
      9000            ,35                          12150                        
      8000             ,3                          10400                        
      7500             ,3                           9750                        
      7000            ,25                           8750                        
     10500            ,25                          13125                        
      9500            ,15                          10925                        
      7200             ,1                           7920                        
      6800             ,1                           7480                        
      6400             ,1                           7040                        
      6200             ,1                           6820                        
     11500            ,25                          14375                        
     10000             ,2                          12000                        
      9600             ,2                          11520                        
      7400            ,15                           8510                        
      7300            ,15                           8395                        
      6100             ,1                           6710                        
     11000             ,3                          14300                        
      8800            ,25                          11000                        
      8600             ,2                          10320                        
      8400             ,2                          10080                        
      7000            ,15                           8050                        
      6200             ,1                           6820                        
      3200                                                                      
      3100                                                                      
      2500                                                                      
      2800                                                                      
      4200                                                                      
      4100                                                                      
      3400                                                                      
      3000                                                                      
      3800                                                                      
      3600                                                                      
      2900                                                                      
      2500                                                                      
      4000                                                                      
      3900                                                                      
      3200                                                                      
      2800                                                                      
      3100                                                                      
      3000                                                                      
      2600                                                                      
      2600                                                                      
      4400                                                                      
     13000                                                                      
      6000                                                                      
      6500                                                                      
     10000                                                                      
     12008                                                                      
      8300                                                                      

107 linhas selecionadas.

SQL> EDIT
Gravou file afiedt.buf

  1* SELECT SALARY,COMMISSION_PCT,SALARY+(SALARY*COMMISSION_PCT) FROM EMPLOYEES
SQL> L
  1* SELECT SALARY,COMMISSION_PCT,SALARY+(SALARY*COMMISSION_PCT) FROM EMPLOYEES
SQL> /

    SALARY COMMISSION_PCT SALARY+(SALARY*COMMISSION_PCT)                        
---------- -------------- ------------------------------                        
     24000                                                                      
     17000                                                                      
     17000                                                                      
      9000                                                                      
      6000                                                                      
      4800                                                                      
      4800                                                                      
      4200                                                                      
     12008                                                                      
      9000                                                                      
      8200                                                                      
      7700                                                                      
      7800                                                                      
      6900                                                                      
     11000                                                                      
      3100                                                                      
      2900                                                                      
      2800                                                                      
      2600                                                                      
      2500                                                                      
      8000                                                                      
      8200                                                                      
      7900                                                                      
      6500                                                                      
      5800                                                                      
      3200                                                                      
      2700                                                                      
      2400                                                                      
      2200                                                                      
      3300                                                                      
      2800                                                                      
      2500                                                                      
      2100                                                                      
      3300                                                                      
      2900                                                                      
      2400                                                                      
      2200                                                                      
      3600                                                                      
      3200                                                                      
      2700                                                                      
      2500                                                                      
      3500                                                                      
      3100                                                                      
      2600                                                                      
      2500                                                                      
     14000             ,4                          19600                        
     13500             ,3                          17550                        
     12000             ,3                          15600                        
     11000             ,3                          14300                        
     10500             ,2                          12600                        
     10000             ,3                          13000                        
      9500            ,25                          11875                        
      9000            ,25                          11250                        
      8000             ,2                           9600                        
      7500             ,2                           9000                        
      7000            ,15                           8050                        
     10000            ,35                          13500                        
      9500            ,35                          12825                        
      9000            ,35                          12150                        
      8000             ,3                          10400                        
      7500             ,3                           9750                        
      7000            ,25                           8750                        
     10500            ,25                          13125                        
      9500            ,15                          10925                        
      7200             ,1                           7920                        
      6800             ,1                           7480                        
      6400             ,1                           7040                        
      6200             ,1                           6820                        
     11500            ,25                          14375                        
     10000             ,2                          12000                        
      9600             ,2                          11520                        
      7400            ,15                           8510                        
      7300            ,15                           8395                        
      6100             ,1                           6710                        
     11000             ,3                          14300                        
      8800            ,25                          11000                        
      8600             ,2                          10320                        
      8400             ,2                          10080                        
      7000            ,15                           8050                        
      6200             ,1                           6820                        
      3200                                                                      
      3100                                                                      
      2500                                                                      
      2800                                                                      
      4200                                                                      
      4100                                                                      
      3400                                                                      
      3000                                                                      
      3800                                                                      
      3600                                                                      
      2900                                                                      
      2500                                                                      
      4000                                                                      
      3900                                                                      
      3200                                                                      
      2800                                                                      
      3100                                                                      
      3000                                                                      
      2600                                                                      
      2600                                                                      
      4400                                                                      
     13000                                                                      
      6000                                                                      
      6500                                                                      
     10000                                                                      
     12008                                                                      
      8300                                                                      

107 linhas selecionadas.

SQL> --TRATAR VALORES NULOS--
SQL> SELECT SALARY,COMMISSION_PCT,SALARY*NVL(COMMISSION_PCT) FROM EMPLOYEES;
SELECT SALARY,COMMISSION_PCT,SALARY*NVL(COMMISSION_PCT) FROM EMPLOYEES
                                    *
ERRO na linha 1:
ORA-00909: número de argumentos inválido 


SQL> SELECT SALARY,COMMISSION_PCT,SALARY*NVL(COMMISSION_PCT,0) FROM EMPLOYEES;

    SALARY COMMISSION_PCT SALARY*NVL(COMMISSION_PCT,0)                          
---------- -------------- ----------------------------                          
     24000                                           0                          
     17000                                           0                          
     17000                                           0                          
      9000                                           0                          
      6000                                           0                          
      4800                                           0                          
      4800                                           0                          
      4200                                           0                          
     12008                                           0                          
      9000                                           0                          
      8200                                           0                          
      7700                                           0                          
      7800                                           0                          
      6900                                           0                          
     11000                                           0                          
      3100                                           0                          
      2900                                           0                          
      2800                                           0                          
      2600                                           0                          
      2500                                           0                          
      8000                                           0                          
      8200                                           0                          
      7900                                           0                          
      6500                                           0                          
      5800                                           0                          
      3200                                           0                          
      2700                                           0                          
      2400                                           0                          
      2200                                           0                          
      3300                                           0                          
      2800                                           0                          
      2500                                           0                          
      2100                                           0                          
      3300                                           0                          
      2900                                           0                          
      2400                                           0                          
      2200                                           0                          
      3600                                           0                          
      3200                                           0                          
      2700                                           0                          
      2500                                           0                          
      3500                                           0                          
      3100                                           0                          
      2600                                           0                          
      2500                                           0                          
     14000             ,4                         5600                          
     13500             ,3                         4050                          
     12000             ,3                         3600                          
     11000             ,3                         3300                          
     10500             ,2                         2100                          
     10000             ,3                         3000                          
      9500            ,25                         2375                          
      9000            ,25                         2250                          
      8000             ,2                         1600                          
      7500             ,2                         1500                          
      7000            ,15                         1050                          
     10000            ,35                         3500                          
      9500            ,35                         3325                          
      9000            ,35                         3150                          
      8000             ,3                         2400                          
      7500             ,3                         2250                          
      7000            ,25                         1750                          
     10500            ,25                         2625                          
      9500            ,15                         1425                          
      7200             ,1                          720                          
      6800             ,1                          680                          
      6400             ,1                          640                          
      6200             ,1                          620                          
     11500            ,25                         2875                          
     10000             ,2                         2000                          
      9600             ,2                         1920                          
      7400            ,15                         1110                          
      7300            ,15                         1095                          
      6100             ,1                          610                          
     11000             ,3                         3300                          
      8800            ,25                         2200                          
      8600             ,2                         1720                          
      8400             ,2                         1680                          
      7000            ,15                         1050                          
      6200             ,1                          620                          
      3200                                           0                          
      3100                                           0                          
      2500                                           0                          
      2800                                           0                          
      4200                                           0                          
      4100                                           0                          
      3400                                           0                          
      3000                                           0                          
      3800                                           0                          
      3600                                           0                          
      2900                                           0                          
      2500                                           0                          
      4000                                           0                          
      3900                                           0                          
      3200                                           0                          
      2800                                           0                          
      3100                                           0                          
      3000                                           0                          
      2600                                           0                          
      2600                                           0                          
      4400                                           0                          
     13000                                           0                          
      6000                                           0                          
      6500                                           0                          
     10000                                           0                          
     12008                                           0                          
      8300                                           0                          

107 linhas selecionadas.

SQL> SELECT SALARY,COMMISSION_PCT,SALARY*NVL(COMMISSION_PCT,'NÆo tem') FROM EMPLOYEES;
SELECT SALARY,COMMISSION_PCT,SALARY*NVL(COMMISSION_PCT,'NÆo tem') FROM EMPLOYEES
                                                       *
ERRO na linha 1:
ORA-01722: número inválido 


SQL> SELECT SALARY,COMMISSION_PCT,SALARY,NVL(COMMISSION_PCT,'NÆo tem') FROM EMPLOYEES;
SELECT SALARY,COMMISSION_PCT,SALARY,NVL(COMMISSION_PCT,'NÆo tem') FROM EMPLOYEES
                                                       *
ERRO na linha 1:
ORA-01722: número inválido 


SQL> SELECT SALARY,COMMISSION_PCT,SALARY,NVL(to_char(COMMISSION_PCT,'NÆo tem')) FROM EMPLOYEES;
SELECT SALARY,COMMISSION_PCT,SALARY,NVL(to_char(COMMISSION_PCT,'NÆo tem')) FROM EMPLOYEES
                                    *
ERRO na linha 1:
ORA-00909: número de argumentos inválido 


SQL> SELECT SALARY,COMMISSION_PCT,SALARY,NVL(to_char(COMMISSION_PCT),'NÆo tem') FROM EMPLOYEES;

    SALARY COMMISSION_PCT     SALARY NVL(TO_CHAR(COMMISSION_PCT),'NÆOTEM')      
---------- -------------- ---------- ----------------------------------------   
     24000                     24000 NÆo tem                                    
     17000                     17000 NÆo tem                                    
     17000                     17000 NÆo tem                                    
      9000                      9000 NÆo tem                                    
      6000                      6000 NÆo tem                                    
      4800                      4800 NÆo tem                                    
      4800                      4800 NÆo tem                                    
      4200                      4200 NÆo tem                                    
     12008                     12008 NÆo tem                                    
      9000                      9000 NÆo tem                                    
      8200                      8200 NÆo tem                                    
      7700                      7700 NÆo tem                                    
      7800                      7800 NÆo tem                                    
      6900                      6900 NÆo tem                                    
     11000                     11000 NÆo tem                                    
      3100                      3100 NÆo tem                                    
      2900                      2900 NÆo tem                                    
      2800                      2800 NÆo tem                                    
      2600                      2600 NÆo tem                                    
      2500                      2500 NÆo tem                                    
      8000                      8000 NÆo tem                                    
      8200                      8200 NÆo tem                                    
      7900                      7900 NÆo tem                                    
      6500                      6500 NÆo tem                                    
      5800                      5800 NÆo tem                                    
      3200                      3200 NÆo tem                                    
      2700                      2700 NÆo tem                                    
      2400                      2400 NÆo tem                                    
      2200                      2200 NÆo tem                                    
      3300                      3300 NÆo tem                                    
      2800                      2800 NÆo tem                                    
      2500                      2500 NÆo tem                                    
      2100                      2100 NÆo tem                                    
      3300                      3300 NÆo tem                                    
      2900                      2900 NÆo tem                                    
      2400                      2400 NÆo tem                                    
      2200                      2200 NÆo tem                                    
      3600                      3600 NÆo tem                                    
      3200                      3200 NÆo tem                                    
      2700                      2700 NÆo tem                                    
      2500                      2500 NÆo tem                                    
      3500                      3500 NÆo tem                                    
      3100                      3100 NÆo tem                                    
      2600                      2600 NÆo tem                                    
      2500                      2500 NÆo tem                                    
     14000             ,4      14000 ,4                                         
     13500             ,3      13500 ,3                                         
     12000             ,3      12000 ,3                                         
     11000             ,3      11000 ,3                                         
     10500             ,2      10500 ,2                                         
     10000             ,3      10000 ,3                                         
      9500            ,25       9500 ,25                                        
      9000            ,25       9000 ,25                                        
      8000             ,2       8000 ,2                                         
      7500             ,2       7500 ,2                                         
      7000            ,15       7000 ,15                                        
     10000            ,35      10000 ,35                                        
      9500            ,35       9500 ,35                                        
      9000            ,35       9000 ,35                                        
      8000             ,3       8000 ,3                                         
      7500             ,3       7500 ,3                                         
      7000            ,25       7000 ,25                                        
     10500            ,25      10500 ,25                                        
      9500            ,15       9500 ,15                                        
      7200             ,1       7200 ,1                                         
      6800             ,1       6800 ,1                                         
      6400             ,1       6400 ,1                                         
      6200             ,1       6200 ,1                                         
     11500            ,25      11500 ,25                                        
     10000             ,2      10000 ,2                                         
      9600             ,2       9600 ,2                                         
      7400            ,15       7400 ,15                                        
      7300            ,15       7300 ,15                                        
      6100             ,1       6100 ,1                                         
     11000             ,3      11000 ,3                                         
      8800            ,25       8800 ,25                                        
      8600             ,2       8600 ,2                                         
      8400             ,2       8400 ,2                                         
      7000            ,15       7000 ,15                                        
      6200             ,1       6200 ,1                                         
      3200                      3200 NÆo tem                                    
      3100                      3100 NÆo tem                                    
      2500                      2500 NÆo tem                                    
      2800                      2800 NÆo tem                                    
      4200                      4200 NÆo tem                                    
      4100                      4100 NÆo tem                                    
      3400                      3400 NÆo tem                                    
      3000                      3000 NÆo tem                                    
      3800                      3800 NÆo tem                                    
      3600                      3600 NÆo tem                                    
      2900                      2900 NÆo tem                                    
      2500                      2500 NÆo tem                                    
      4000                      4000 NÆo tem                                    
      3900                      3900 NÆo tem                                    
      3200                      3200 NÆo tem                                    
      2800                      2800 NÆo tem                                    
      3100                      3100 NÆo tem                                    
      3000                      3000 NÆo tem                                    
      2600                      2600 NÆo tem                                    
      2600                      2600 NÆo tem                                    
      4400                      4400 NÆo tem                                    
     13000                     13000 NÆo tem                                    
      6000                      6000 NÆo tem                                    
      6500                      6500 NÆo tem                                    
     10000                     10000 NÆo tem                                    
     12008                     12008 NÆo tem                                    
      8300                      8300 NÆo tem                                    

107 linhas selecionadas.

SQL> L
  1* SELECT SALARY,COMMISSION_PCT,SALARY,NVL(to_char(COMMISSION_PCT),'NÆo tem') FROM EMPLOYEES
SQL> SELECT SALARY,COMMISSION_PCT,NVL(to_char(COMMISSION_PCT),'NÆo tem') FROM EMPLOYEES;

    SALARY COMMISSION_PCT NVL(TO_CHAR(COMMISSION_PCT),'NÆOTEM')                 
---------- -------------- ----------------------------------------              
     24000                NÆo tem                                               
     17000                NÆo tem                                               
     17000                NÆo tem                                               
      9000                NÆo tem                                               
      6000                NÆo tem                                               
      4800                NÆo tem                                               
      4800                NÆo tem                                               
      4200                NÆo tem                                               
     12008                NÆo tem                                               
      9000                NÆo tem                                               
      8200                NÆo tem                                               
      7700                NÆo tem                                               
      7800                NÆo tem                                               
      6900                NÆo tem                                               
     11000                NÆo tem                                               
      3100                NÆo tem                                               
      2900                NÆo tem                                               
      2800                NÆo tem                                               
      2600                NÆo tem                                               
      2500                NÆo tem                                               
      8000                NÆo tem                                               
      8200                NÆo tem                                               
      7900                NÆo tem                                               
      6500                NÆo tem                                               
      5800                NÆo tem                                               
      3200                NÆo tem                                               
      2700                NÆo tem                                               
      2400                NÆo tem                                               
      2200                NÆo tem                                               
      3300                NÆo tem                                               
      2800                NÆo tem                                               
      2500                NÆo tem                                               
      2100                NÆo tem                                               
      3300                NÆo tem                                               
      2900                NÆo tem                                               
      2400                NÆo tem                                               
      2200                NÆo tem                                               
      3600                NÆo tem                                               
      3200                NÆo tem                                               
      2700                NÆo tem                                               
      2500                NÆo tem                                               
      3500                NÆo tem                                               
      3100                NÆo tem                                               
      2600                NÆo tem                                               
      2500                NÆo tem                                               
     14000             ,4 ,4                                                    
     13500             ,3 ,3                                                    
     12000             ,3 ,3                                                    
     11000             ,3 ,3                                                    
     10500             ,2 ,2                                                    
     10000             ,3 ,3                                                    
      9500            ,25 ,25                                                   
      9000            ,25 ,25                                                   
      8000             ,2 ,2                                                    
      7500             ,2 ,2                                                    
      7000            ,15 ,15                                                   
     10000            ,35 ,35                                                   
      9500            ,35 ,35                                                   
      9000            ,35 ,35                                                   
      8000             ,3 ,3                                                    
      7500             ,3 ,3                                                    
      7000            ,25 ,25                                                   
     10500            ,25 ,25                                                   
      9500            ,15 ,15                                                   
      7200             ,1 ,1                                                    
      6800             ,1 ,1                                                    
      6400             ,1 ,1                                                    
      6200             ,1 ,1                                                    
     11500            ,25 ,25                                                   
     10000             ,2 ,2                                                    
      9600             ,2 ,2                                                    
      7400            ,15 ,15                                                   
      7300            ,15 ,15                                                   
      6100             ,1 ,1                                                    
     11000             ,3 ,3                                                    
      8800            ,25 ,25                                                   
      8600             ,2 ,2                                                    
      8400             ,2 ,2                                                    
      7000            ,15 ,15                                                   
      6200             ,1 ,1                                                    
      3200                NÆo tem                                               
      3100                NÆo tem                                               
      2500                NÆo tem                                               
      2800                NÆo tem                                               
      4200                NÆo tem                                               
      4100                NÆo tem                                               
      3400                NÆo tem                                               
      3000                NÆo tem                                               
      3800                NÆo tem                                               
      3600                NÆo tem                                               
      2900                NÆo tem                                               
      2500                NÆo tem                                               
      4000                NÆo tem                                               
      3900                NÆo tem                                               
      3200                NÆo tem                                               
      2800                NÆo tem                                               
      3100                NÆo tem                                               
      3000                NÆo tem                                               
      2600                NÆo tem                                               
      2600                NÆo tem                                               
      4400                NÆo tem                                               
     13000                NÆo tem                                               
      6000                NÆo tem                                               
      6500                NÆo tem                                               
     10000                NÆo tem                                               
     12008                NÆo tem                                               
      8300                NÆo tem                                               

107 linhas selecionadas.

SQL> CLEAR SCREEN

SQL> SELECT FIRST_NAME, SALARY , DEPARTMENT_ID
  2  FROM EMPLOYEES
  3  WHERE DEPARTMENT_ID = 20;

FIRST_NAME               SALARY DEPARTMENT_ID                                   
-------------------- ---------- -------------                                   
Michael                   13000            20                                   
Pat                        6000            20                                   

SQL> SELECT FIRST_NAME FROM EMPLOYEES E WHERE EXISTS(SELECT * FROM DEPARTMENTS WHERE E.EMPLOYEE_ID = 10);

não há linhas selecionadas

SQL> SELECT FIRST_NAME FROM EMPLOYEES E WHERE EXISTS(SELECT * FROM DEPARTMENTS WHERE E.EMPLOYEE_ID >= 10);

FIRST_NAME                                                                      
--------------------                                                            
Ellen                                                                           
Sundar                                                                          
Mozhe                                                                           
David                                                                           
Hermann                                                                         
Shelli                                                                          
Amit                                                                            
Elizabeth                                                                       
Sarah                                                                           
David                                                                           
Laura                                                                           
Harrison                                                                        
Alexis                                                                          
Anthony                                                                         
Gerald                                                                          
Nanette                                                                         
John                                                                            
Kelly                                                                           
Karen                                                                           
Curtis                                                                          
Lex                                                                             
Julia                                                                           
Jennifer                                                                        
Louise                                                                          
Bruce                                                                           
Alberto                                                                         
Britney                                                                         
Daniel                                                                          
Pat                                                                             
Kevin                                                                           
Jean                                                                            
Tayler                                                                          
Adam                                                                            
Timothy                                                                         
Ki                                                                              
Girard                                                                          
William                                                                         
Douglas                                                                         
Kimberely                                                                       
Nancy                                                                           
Danielle                                                                        
Peter                                                                           
Michael                                                                         
Shelley                                                                         
Guy                                                                             
Alexander                                                                       
Alyssa                                                                          
Charles                                                                         
Vance                                                                           
Payam                                                                           
Alexander                                                                       
Janette                                                                         
Steven                                                                          
Neena                                                                           
Sundita                                                                         
Renske                                                                          
James                                                                           
David                                                                           
Jack                                                                            
Diana                                                                           
Jason                                                                           
Steven                                                                          
James                                                                           
Mattea                                                                          
Randall                                                                         
Susan                                                                           
Samuel                                                                          
Allan                                                                           
Irene                                                                           
Kevin                                                                           
Julia                                                                           
Donald                                                                          
Christopher                                                                     
TJ                                                                              
Lisa                                                                            
Karen                                                                           
Valli                                                                           
Joshua                                                                          
Randall                                                                         
Hazel                                                                           
Luis                                                                            
Trenna                                                                          
Den                                                                             
Michael                                                                         
John                                                                            
Nandita                                                                         
Ismael                                                                          
John                                                                            
Sarath                                                                          
Lindsey                                                                         
William                                                                         
Stephen                                                                         
Martha                                                                          
Patrick                                                                         
Jonathon                                                                        
Winston                                                                         
Sigal                                                                           
Peter                                                                           
Oliver                                                                          
Jose Manuel                                                                     
Peter                                                                           
Clara                                                                           
Shanta                                                                          
Alana                                                                           
Matthew                                                                         
Jennifer                                                                        
Eleni                                                                           

107 linhas selecionadas.

SQL> SELECT FIRST_NAME FROM EMPLOYEES E WHERE EXISTS(SELECT * FROM DEPARTMENTS WHERE E.EMPLOYEE_ID  <= 100 );

FIRST_NAME                                                                      
--------------------                                                            
Steven                                                                          

SQL> SELECT FIRST_NAME FROM EMPLOYEES E WHERE EXISTS(SELECT * FROM DEPARTMENTS WHERE E.EMPLOYEE_ID  <= 100 OR DEPARTMENT_ID <100);

FIRST_NAME                                                                      
--------------------                                                            
Ellen                                                                           
Sundar                                                                          
Mozhe                                                                           
David                                                                           
Hermann                                                                         
Shelli                                                                          
Amit                                                                            
Elizabeth                                                                       
Sarah                                                                           
David                                                                           
Laura                                                                           
Harrison                                                                        
Alexis                                                                          
Anthony                                                                         
Gerald                                                                          
Nanette                                                                         
John                                                                            
Kelly                                                                           
Karen                                                                           
Curtis                                                                          
Lex                                                                             
Julia                                                                           
Jennifer                                                                        
Louise                                                                          
Bruce                                                                           
Alberto                                                                         
Britney                                                                         
Daniel                                                                          
Pat                                                                             
Kevin                                                                           
Jean                                                                            
Tayler                                                                          
Adam                                                                            
Timothy                                                                         
Ki                                                                              
Girard                                                                          
William                                                                         
Douglas                                                                         
Kimberely                                                                       
Nancy                                                                           
Danielle                                                                        
Peter                                                                           
Michael                                                                         
Shelley                                                                         
Guy                                                                             
Alexander                                                                       
Alyssa                                                                          
Charles                                                                         
Vance                                                                           
Payam                                                                           
Alexander                                                                       
Janette                                                                         
Steven                                                                          
Neena                                                                           
Sundita                                                                         
Renske                                                                          
James                                                                           
David                                                                           
Jack                                                                            
Diana                                                                           
Jason                                                                           
Steven                                                                          
James                                                                           
Mattea                                                                          
Randall                                                                         
Susan                                                                           
Samuel                                                                          
Allan                                                                           
Irene                                                                           
Kevin                                                                           
Julia                                                                           
Donald                                                                          
Christopher                                                                     
TJ                                                                              
Lisa                                                                            
Karen                                                                           
Valli                                                                           
Joshua                                                                          
Randall                                                                         
Hazel                                                                           
Luis                                                                            
Trenna                                                                          
Den                                                                             
Michael                                                                         
John                                                                            
Nandita                                                                         
Ismael                                                                          
John                                                                            
Sarath                                                                          
Lindsey                                                                         
William                                                                         
Stephen                                                                         
Martha                                                                          
Patrick                                                                         
Jonathon                                                                        
Winston                                                                         
Sigal                                                                           
Peter                                                                           
Oliver                                                                          
Jose Manuel                                                                     
Peter                                                                           
Clara                                                                           
Shanta                                                                          
Alana                                                                           
Matthew                                                                         
Jennifer                                                                        
Eleni                                                                           

107 linhas selecionadas.

SQL> SELECT FIRST_NAME FROM EMPLOYEES E WHERE EXISTS(SELECT * FROM DEPARTMENTS WHERE E.EMPLOYEE_ID  <= 100 OR DEPARTMENT_ID = 100);

FIRST_NAME                                                                      
--------------------                                                            
Ellen                                                                           
Sundar                                                                          
Mozhe                                                                           
David                                                                           
Hermann                                                                         
Shelli                                                                          
Amit                                                                            
Elizabeth                                                                       
Sarah                                                                           
David                                                                           
Laura                                                                           
Harrison                                                                        
Alexis                                                                          
Anthony                                                                         
Gerald                                                                          
Nanette                                                                         
John                                                                            
Kelly                                                                           
Karen                                                                           
Curtis                                                                          
Lex                                                                             
Julia                                                                           
Jennifer                                                                        
Louise                                                                          
Bruce                                                                           
Alberto                                                                         
Britney                                                                         
Daniel                                                                          
Pat                                                                             
Kevin                                                                           
Jean                                                                            
Tayler                                                                          
Adam                                                                            
Timothy                                                                         
Ki                                                                              
Girard                                                                          
William                                                                         
Douglas                                                                         
Kimberely                                                                       
Nancy                                                                           
Danielle                                                                        
Peter                                                                           
Michael                                                                         
Shelley                                                                         
Guy                                                                             
Alexander                                                                       
Alyssa                                                                          
Charles                                                                         
Vance                                                                           
Payam                                                                           
Alexander                                                                       
Janette                                                                         
Steven                                                                          
Neena                                                                           
Sundita                                                                         
Renske                                                                          
James                                                                           
David                                                                           
Jack                                                                            
Diana                                                                           
Jason                                                                           
Steven                                                                          
James                                                                           
Mattea                                                                          
Randall                                                                         
Susan                                                                           
Samuel                                                                          
Allan                                                                           
Irene                                                                           
Kevin                                                                           
Julia                                                                           
Donald                                                                          
Christopher                                                                     
TJ                                                                              
Lisa                                                                            
Karen                                                                           
Valli                                                                           
Joshua                                                                          
Randall                                                                         
Hazel                                                                           
Luis                                                                            
Trenna                                                                          
Den                                                                             
Michael                                                                         
John                                                                            
Nandita                                                                         
Ismael                                                                          
John                                                                            
Sarath                                                                          
Lindsey                                                                         
William                                                                         
Stephen                                                                         
Martha                                                                          
Patrick                                                                         
Jonathon                                                                        
Winston                                                                         
Sigal                                                                           
Peter                                                                           
Oliver                                                                          
Jose Manuel                                                                     
Peter                                                                           
Clara                                                                           
Shanta                                                                          
Alana                                                                           
Matthew                                                                         
Jennifer                                                                        
Eleni                                                                           

107 linhas selecionadas.

SQL> SELECT FIRST_NAME FROM EMPLOYEES E WHERE EXISTS(SELECT * FROM DEPARTMENTS WHERE E.EMPLOYEE_ID  <= 100 OR DEPARTMENT_NAME = 'Alo');

FIRST_NAME                                                                      
--------------------                                                            
Steven                                                                          

SQL> SELECT FIRST_NAME, SALARY, DEPARTMENT_ID
  2  FROM EPLOYEES
  3  WHERE DEPARTMENT_ID = 20 OR DEPARTMENT_ID = 10;
FROM EPLOYEES
     *
ERRO na linha 2:
ORA-00942: a tabela ou view não existe 


SQL> SELECT FIRST_NAME, SALARY, DEPARTMENT_ID
  2  FROM EMPLOYEES
  3  WHERE DEPARTMENT_ID = 20 OR DEPARTMENT_ID = 10;

FIRST_NAME               SALARY DEPARTMENT_ID                                   
-------------------- ---------- -------------                                   
Jennifer                   4400            10                                   
Michael                   13000            20                                   
Pat                        6000            20                                   

SQL> SELECT FIRST_NAME, SALARY, DEPARTMENT_ID
  2  FROM EMPLOYEES
  3  WHERE DEPARTMENT_ID IN (10,20);

FIRST_NAME               SALARY DEPARTMENT_ID                                   
-------------------- ---------- -------------                                   
Jennifer                   4400            10                                   
Michael                   13000            20                                   
Pat                        6000            20                                   

SQL> WHERE DEPARTMENT_ID IN (10,20) ORDER BY FIRST_NAME;
SP2-0734: início de comando desconhecido "WHERE DEPA..." - restante da linha ignorado.
SQL> SELECT FIRST_NAME, SALARY, DEPARTMENT_ID
  2  
SQL> 
SQL> 
SQL> 
SQL> CLEAR SCREEN

SQL> SELECT FIRST_NAME, SALARY, DEPARTMENT_ID FROM EMPLOYEES WHERE DEPARTMENT_ID IN (10,20) ORDER BY FIRST_NAME;

FIRST_NAME               SALARY DEPARTMENT_ID                                   
-------------------- ---------- -------------                                   
Jennifer                   4400            10                                   
Michael                   13000            20                                   
Pat                        6000            20                                   

SQL> SELECT FIRST_NAME, SALARY, DEPARTMENT_ID FROM EMPLOYEES WHERE DEPARTMENT_ID IN (10,20) AND SALARY > 5000 ORDER BY FIRST_NAME;

FIRST_NAME               SALARY DEPARTMENT_ID                                   
-------------------- ---------- -------------                                   
Michael                   13000            20                                   
Pat                        6000            20                                   

SQL> SELECT FIRST_NAME, SALARY FROM EMPLOYEES WHERE FIRST_NAME LIKE  '_l%';

FIRST_NAME               SALARY                                                 
-------------------- ----------                                                 
Alexander                  9000                                                 
Alexander                  3100                                                 
Alberto                   12000                                                 
Eleni                     10500                                                 
Oliver                     7000                                                 
Allan                      9000                                                 
Clara                     10500                                                 
Elizabeth                  7300                                                 
Ellen                     11000                                                 
Alyssa                     8800                                                 
Alexis                     4100                                                 
Alana                      3100                                                 

12 linhas selecionadas.

SQL> SELECT FIRST_NAME, SALARY FROM EMPLOYEES WHERE FIRST_NAME LIKE  'Al%';

FIRST_NAME               SALARY                                                 
-------------------- ----------                                                 
Alexis                     4100                                                 
Alberto                   12000                                                 
Alexander                  9000                                                 
Alyssa                     8800                                                 
Alexander                  3100                                                 
Allan                      9000                                                 
Alana                      3100                                                 

7 linhas selecionadas.

SQL> SELECT FIRST_NAME, SALARY FROM EMPLOYEES WHERE FIRST_NAME LIKE  '%Al%';

FIRST_NAME               SALARY                                                 
-------------------- ----------                                                 
Alexander                  9000                                                 
Alexander                  3100                                                 
Alberto                   12000                                                 
Allan                      9000                                                 
Alyssa                     8800                                                 
Alexis                     4100                                                 
Alana                      3100                                                 

7 linhas selecionadas.

SQL> SELECT FIRST_NAME, SALARY FROM EMPLOYEES WHERE FIRST_NAME LIKE  '%__U%';

não há linhas selecionadas

SQL> SELECT FIRST_NAME, SALARY FROM EMPLOYEES WHERE FIRST_NAME LIKE  '__u%';

FIRST_NAME               SALARY                                                 
-------------------- ----------                                                 
Bruce                      6000                                                 
Laura                      3300                                                 
Louise                     7500                                                 
Douglas                    2600                                                 

SQL> SELECT FIRST_NAME FROM EMPLOYEES E WHERE EXISTS(SELECT * FROM DEPARTMENTS WHERE E.EMPLOYEE_ID  <= 100 OR DEPARTMENT_ID = 100);

FIRST_NAME                                                                      
--------------------                                                            
Ellen                                                                           
Sundar                                                                          
Mozhe                                                                           
David                                                                           
Hermann                                                                         
Shelli                                                                          
Amit                                                                            
Elizabeth                                                                       
Sarah                                                                           
David                                                                           
Laura                                                                           
Harrison                                                                        
Alexis                                                                          
Anthony                                                                         
Gerald                                                                          
Nanette                                                                         
John                                                                            
Kelly                                                                           
Karen                                                                           
Curtis                                                                          
Lex                                                                             
Julia                                                                           
Jennifer                                                                        
Louise                                                                          
Bruce                                                                           
Alberto                                                                         
Britney                                                                         
Daniel                                                                          
Pat                                                                             
Kevin                                                                           
Jean                                                                            
Tayler                                                                          
Adam                                                                            
Timothy                                                                         
Ki                                                                              
Girard                                                                          
William                                                                         
Douglas                                                                         
Kimberely                                                                       
Nancy                                                                           
Danielle                                                                        
Peter                                                                           
Michael                                                                         
Shelley                                                                         
Guy                                                                             
Alexander                                                                       
Alyssa                                                                          
Charles                                                                         
Vance                                                                           
Payam                                                                           
Alexander                                                                       
Janette                                                                         
Steven                                                                          
Neena                                                                           
Sundita                                                                         
Renske                                                                          
James                                                                           
David                                                                           
Jack                                                                            
Diana                                                                           
Jason                                                                           
Steven                                                                          
James                                                                           
Mattea                                                                          
Randall                                                                         
Susan                                                                           
Samuel                                                                          
Allan                                                                           
Irene                                                                           
Kevin                                                                           
Julia                                                                           
Donald                                                                          
Christopher                                                                     
TJ                                                                              
Lisa                                                                            
Karen                                                                           
Valli                                                                           
Joshua                                                                          
Randall                                                                         
Hazel                                                                           
Luis                                                                            
Trenna                                                                          
Den                                                                             
Michael                                                                         
John                                                                            
Nandita                                                                         
Ismael                                                                          
John                                                                            
Sarath                                                                          
Lindsey                                                                         
William                                                                         
Stephen                                                                         
Martha                                                                          
Patrick                                                                         
Jonathon                                                                        
Winston                                                                         
Sigal                                                                           
Peter                                                                           
Oliver                                                                          
Jose Manuel                                                                     
Peter                                                                           
Clara                                                                           
Shanta                                                                          
Alana                                                                           
Matthew                                                                         
Jennifer                                                                        
Eleni                                                                           

107 linhas selecionadas.

SQL> SELECT FIRST_NAME FROM EMPLOYEES E WHERE EXISTS(SELECT * FROM DEPARTMENTS WHERE E.EMPLOYEE_ID  <= 100 OR DEPARTMENT_ID <> 100);

FIRST_NAME                                                                      
--------------------                                                            
Ellen                                                                           
Sundar                                                                          
Mozhe                                                                           
David                                                                           
Hermann                                                                         
Shelli                                                                          
Amit                                                                            
Elizabeth                                                                       
Sarah                                                                           
David                                                                           
Laura                                                                           
Harrison                                                                        
Alexis                                                                          
Anthony                                                                         
Gerald                                                                          
Nanette                                                                         
John                                                                            
Kelly                                                                           
Karen                                                                           
Curtis                                                                          
Lex                                                                             
Julia                                                                           
Jennifer                                                                        
Louise                                                                          
Bruce                                                                           
Alberto                                                                         
Britney                                                                         
Daniel                                                                          
Pat                                                                             
Kevin                                                                           
Jean                                                                            
Tayler                                                                          
Adam                                                                            
Timothy                                                                         
Ki                                                                              
Girard                                                                          
William                                                                         
Douglas                                                                         
Kimberely                                                                       
Nancy                                                                           
Danielle                                                                        
Peter                                                                           
Michael                                                                         
Shelley                                                                         
Guy                                                                             
Alexander                                                                       
Alyssa                                                                          
Charles                                                                         
Vance                                                                           
Payam                                                                           
Alexander                                                                       
Janette                                                                         
Steven                                                                          
Neena                                                                           
Sundita                                                                         
Renske                                                                          
James                                                                           
David                                                                           
Jack                                                                            
Diana                                                                           
Jason                                                                           
Steven                                                                          
James                                                                           
Mattea                                                                          
Randall                                                                         
Susan                                                                           
Samuel                                                                          
Allan                                                                           
Irene                                                                           
Kevin                                                                           
Julia                                                                           
Donald                                                                          
Christopher                                                                     
TJ                                                                              
Lisa                                                                            
Karen                                                                           
Valli                                                                           
Joshua                                                                          
Randall                                                                         
Hazel                                                                           
Luis                                                                            
Trenna                                                                          
Den                                                                             
Michael                                                                         
John                                                                            
Nandita                                                                         
Ismael                                                                          
John                                                                            
Sarath                                                                          
Lindsey                                                                         
William                                                                         
Stephen                                                                         
Martha                                                                          
Patrick                                                                         
Jonathon                                                                        
Winston                                                                         
Sigal                                                                           
Peter                                                                           
Oliver                                                                          
Jose Manuel                                                                     
Peter                                                                           
Clara                                                                           
Shanta                                                                          
Alana                                                                           
Matthew                                                                         
Jennifer                                                                        
Eleni                                                                           

107 linhas selecionadas.

SQL> SELECT FIRST_NAME FROM EMPLOYEES E WHERE EXISTS(SELECT * FROM DEPARTMENTS WHERE E.EMPLOYEE_ID  <= 100 ;
SELECT FIRST_NAME FROM EMPLOYEES E WHERE EXISTS(SELECT * FROM DEPARTMENTS WHERE E.EMPLOYEE_ID  <= 100 
                                                                                                     *
ERRO na linha 1:
ORA-00907: parêntese direito não encontrado 


SQL> SELECT FIRST_NAME FROM EMPLOYEES E WHERE EXISTS(SELECT * FROM DEPARTMENTS WHERE E.EMPLOYEE_ID  <= 100) ;

FIRST_NAME                                                                      
--------------------                                                            
Steven                                                                          

SQL> SELECT FIRST_NAME FROM EMPLOYEES E WHERE EXISTS(SELECT * FROM DEPARTMENTS WHERE EMPLOYEE_ID  <= 100) ;

FIRST_NAME                                                                      
--------------------                                                            
Steven                                                                          

SQL> clear screen

SQL> SELECT FIRST_NAME, SALARY, HIRE_DATE FROM EMPLOYEES WHERE HIRE_DATE LIKE '%/00';

não há linhas selecionadas

SQL> SELECT FIRST_NAME, SALARY, HIRE_DATE FROM EMPLOYEES WHERE HIRE_DATE LIKE '%/12';

não há linhas selecionadas

SQL> SELECT FIRST_NAME, SALARY, HIRE_DATE FROM EMPLOYEES WHERE HIRE_DATE LIKE '%/2011';

não há linhas selecionadas

SQL> SELECT FIRST_NAME, SALARY, HIRE_DATE FROM EMPLOYEES WHERE HIRE_DATE LIKE '%/99';

não há linhas selecionadas

SQL> SELECT FIRST_NAME, SALARY, HIRE_DATE FROM EMPLOYEES WHERE HIRE_DATE LIKE '%/91';

não há linhas selecionadas

SQL> SELECT FIRST_NAME, SALARY, HIRE_DATE FROM EMPLOYEES WHERE HIRE_DATE LIKE '%/02';

FIRST_NAME               SALARY HIRE_DAT                                        
-------------------- ---------- --------                                        
Nancy                     12008 17/08/02                                        
Daniel                     9000 16/08/02                                        
Den                       11000 07/12/02                                        
Susan                      6500 07/06/02                                        
Hermann                   10000 07/06/02                                        
Shelley                   12008 07/06/02                                        
William                    8300 07/06/02                                        

7 linhas selecionadas.

SQL> SELECT FIRST_NAME, SALARY, HIRE_DATE FROM EMPLOYEES WHERE HIRE_DATE LIKE '%/04';

FIRST_NAME               SALARY HIRE_DAT                                        
-------------------- ---------- --------                                        
Matthew                    8000 18/07/04                                        
Jason                      3300 14/06/04                                        
John                      14000 01/10/04                                        
Janette                   10000 30/01/04                                        
Patrick                    9500 04/03/04                                        
Allan                      9000 01/08/04                                        
Ellen                     11000 11/05/04                                        
Nandita                    4200 27/01/04                                        
Sarah                      4000 04/02/04                                        
Michael                   13000 17/02/04                                        

10 linhas selecionadas.

SQL> SELECT FIRST_NAME, SALARY, HIRE_DATE FROM EMPLOYEES WHERE SALARY BETWEEN 10000 AND 15000 ORDER BY FIRST_NAME;

FIRST_NAME               SALARY HIRE_DAT                                        
-------------------- ---------- --------                                        
Alberto                   12000 10/03/05                                        
Clara                     10500 11/11/05                                        
Den                       11000 07/12/02                                        
Eleni                     10500 29/01/08                                        
Ellen                     11000 11/05/04                                        
Gerald                    11000 15/10/07                                        
Harrison                  10000 23/03/06                                        
Hermann                   10000 07/06/02                                        
Janette                   10000 30/01/04                                        
John                      14000 01/10/04                                        
Karen                     13500 05/01/05                                        
Lisa                      11500 11/03/05                                        
Michael                   13000 17/02/04                                        
Nancy                     12008 17/08/02                                        
Peter                     10000 30/01/05                                        
Shelley                   12008 07/06/02                                        

16 linhas selecionadas.

SQL> SELECT EMPLOYEE
  2  
SQL> SELECT EMPLOYEE_NAME FROM EMPLOYEES UNION SELECT DEPARTMENT_NAME FROM DEPARTMENTS;
SELECT EMPLOYEE_NAME FROM EMPLOYEES UNION SELECT DEPARTMENT_NAME FROM DEPARTMENTS
       *
ERRO na linha 1:
ORA-00904: "EMPLOYEE_NAME": identificador inválido 


SQL> SELECT FIRST_NAME FROM EMPLOYEES UNION SELECT DEPARTMENT_NAME FROM DEPARTMENTS;

FIRST_NAME                                                                      
------------------------------                                                  
Accounting                                                                      
Adam                                                                            
Administration                                                                  
Alana                                                                           
Alberto                                                                         
Alexander                                                                       
Alexis                                                                          
Allan                                                                           
Alyssa                                                                          
Amit                                                                            
Anthony                                                                         
Benefits                                                                        
Britney                                                                         
Bruce                                                                           
Charles                                                                         
Christopher                                                                     
Clara                                                                           
Construction                                                                    
Contracting                                                                     
Control And Credit                                                              
Corporate Tax                                                                   
Curtis                                                                          
Daniel                                                                          
Danielle                                                                        
David                                                                           
Den                                                                             
Diana                                                                           
Donald                                                                          
Douglas                                                                         
Eleni                                                                           
Elizabeth                                                                       
Ellen                                                                           
Executive                                                                       
Finance                                                                         
Gerald                                                                          
Girard                                                                          
Government Sales                                                                
Guy                                                                             
Harrison                                                                        
Hazel                                                                           
Hermann                                                                         
Human Resources                                                                 
IT                                                                              
IT Helpdesk                                                                     
IT Support                                                                      
Irene                                                                           
Ismael                                                                          
Jack                                                                            
James                                                                           
Janette                                                                         
Jason                                                                           
Jean                                                                            
Jennifer                                                                        
John                                                                            
Jonathon                                                                        
Jose Manuel                                                                     
Joshua                                                                          
Julia                                                                           
Karen                                                                           
Kelly                                                                           
Kevin                                                                           
Ki                                                                              
Kimberely                                                                       
Laura                                                                           
Lex                                                                             
Lindsey                                                                         
Lisa                                                                            
Louise                                                                          
Luis                                                                            
Manufacturing                                                                   
Marketing                                                                       
Martha                                                                          
Mattea                                                                          
Matthew                                                                         
Michael                                                                         
Mozhe                                                                           
NOC                                                                             
Nancy                                                                           
Nandita                                                                         
Nanette                                                                         
Neena                                                                           
Oliver                                                                          
Operations                                                                      
Pat                                                                             
Patrick                                                                         
Payam                                                                           
Payroll                                                                         
Peter                                                                           
Public Relations                                                                
Purchasing                                                                      
Randall                                                                         
Recruiting                                                                      
Renske                                                                          
Retail Sales                                                                    
Sales                                                                           
Samuel                                                                          
Sarah                                                                           
Sarath                                                                          
Shanta                                                                          
Shareholder Services                                                            
Shelley                                                                         
Shelli                                                                          
Shipping                                                                        
Sigal                                                                           
Stephen                                                                         
Steven                                                                          
Sundar                                                                          
Sundita                                                                         
Susan                                                                           
TJ                                                                              
Tayler                                                                          
Timothy                                                                         
Treasury                                                                        
Trenna                                                                          
Valli                                                                           
Vance                                                                           
William                                                                         
Winston                                                                         

118 linhas selecionadas.

SQL> SELECT FIRST_NAME, SALARY, HIRE_DATE FROM EMPLOYEES WHERE SALARY BETWEEN 10000 AND 15000 ORDER BY HIRE_DATE;

FIRST_NAME               SALARY HIRE_DAT                                        
-------------------- ---------- --------                                        
Shelley                   12008 07/06/02                                        
Hermann                   10000 07/06/02                                        
Nancy                     12008 17/08/02                                        
Den                       11000 07/12/02                                        
Janette                   10000 30/01/04                                        
Michael                   13000 17/02/04                                        
Ellen                     11000 11/05/04                                        
John                      14000 01/10/04                                        
Karen                     13500 05/01/05                                        
Peter                     10000 30/01/05                                        
Alberto                   12000 10/03/05                                        
Lisa                      11500 11/03/05                                        
Clara                     10500 11/11/05                                        
Harrison                  10000 23/03/06                                        
Gerald                    11000 15/10/07                                        
Eleni                     10500 29/01/08                                        

16 linhas selecionadas.

SQL> SELECT FIRST_NAME, SALARY, HIRE_DATE FROM EMPLOYEES WHERE SALARY BETWEEN 10000 AND 15000 ORDER BY DEPARTMENT_ID;

FIRST_NAME               SALARY HIRE_DAT                                        
-------------------- ---------- --------                                        
Michael                   13000 17/02/04                                        
Den                       11000 07/12/02                                        
Hermann                   10000 07/06/02                                        
Karen                     13500 05/01/05                                        
Alberto                   12000 10/03/05                                        
Gerald                    11000 15/10/07                                        
Eleni                     10500 29/01/08                                        
Peter                     10000 30/01/05                                        
Janette                   10000 30/01/04                                        
John                      14000 01/10/04                                        
Lisa                      11500 11/03/05                                        
Harrison                  10000 23/03/06                                        
Ellen                     11000 11/05/04                                        
Clara                     10500 11/11/05                                        
Nancy                     12008 17/08/02                                        
Shelley                   12008 07/06/02                                        

16 linhas selecionadas.

SQL> SELECT FIRST_NAME, SALARY, HIRE_DATE FROM EMPLOYEES WHERE SALARY BETWEEN 10000 AND 15000 ORDER BY SALARY DESC;

FIRST_NAME               SALARY HIRE_DAT                                        
-------------------- ---------- --------                                        
John                      14000 01/10/04                                        
Karen                     13500 05/01/05                                        
Michael                   13000 17/02/04                                        
Nancy                     12008 17/08/02                                        
Shelley                   12008 07/06/02                                        
Alberto                   12000 10/03/05                                        
Lisa                      11500 11/03/05                                        
Den                       11000 07/12/02                                        
Ellen                     11000 11/05/04                                        
Gerald                    11000 15/10/07                                        
Eleni                     10500 29/01/08                                        
Clara                     10500 11/11/05                                        
Hermann                   10000 07/06/02                                        
Harrison                  10000 23/03/06                                        
Janette                   10000 30/01/04                                        
Peter                     10000 30/01/05                                        

16 linhas selecionadas.

SQL> SPOOL OFF
