SQL> SELECT * FROM EMPLOYEES;

EMPLOYEE_ID FIRST_NAME           LAST_NAME                                      
----------- -------------------- -------------------------                      
EMAIL                     PHONE_NUMBER         HIRE_DAT JOB_ID         SALARY   
------------------------- -------------------- -------- ---------- ----------   
COMMISSION_PCT MANAGER_ID DEPARTMENT_ID                                         
-------------- ---------- -------------                                         
        100 Steven               King                                           
SKING                     515.123.4567         17/06/03 AD_PRES         24000   
                                     90                                         
                                                                                
        101 Neena                Kochhar                                        
NKOCHHAR                  515.123.4568         21/09/05 AD_VP           17000   
                      100            90                                         

EMPLOYEE_ID FIRST_NAME           LAST_NAME                                      
----------- -------------------- -------------------------                      
EMAIL                     PHONE_NUMBER         HIRE_DAT JOB_ID         SALARY   
------------------------- -------------------- -------- ---------- ----------   
COMMISSION_PCT MANAGER_ID DEPARTMENT_ID                                         
-------------- ---------- -------------                                         
                                                                                
        102 Lex                  De Haan                                        
LDEHAAN                   515.123.4569         13/01/01 AD_VP           17000   
                      100            90                                         
                                                                                
        103 Alexander            Hunold                                         
AHUNOLD                   590.423.4567         03/01/06 IT_PROG          9000   

EMPLOYEE_ID FIRST_NAME           LAST_NAME                                      
----------- -------------------- -------------------------                      
EMAIL                     PHONE_NUMBER         HIRE_DAT JOB_ID         SALARY   
------------------------- -------------------- -------- ---------- ----------   
COMMISSION_PCT MANAGER_ID DEPARTMENT_ID                                         
-------------- ---------- -------------                                         
                      102            60                                         
                                                                                
        104 Bruce                Ernst                                          
BERNST                    590.423.4568         21/05/07 IT_PROG          6000   
                      103            60                                         
                                                                                
        105 David                Austin                                         

EMPLOYEE_ID FIRST_NAME           LAST_NAME                                      
----------- -------------------- -------------------------                      
EMAIL                     PHONE_NUMBER         HIRE_DAT JOB_ID         SALARY   
------------------------- -------------------- -------- ---------- ----------   
COMMISSION_PCT MANAGER_ID DEPARTMENT_ID                                         
-------------- ---------- -------------                                         
DAUSTIN                   590.423.4569         25/06/05 IT_PROG          4800   
                      103            60                                         
                                                                                
        106 Valli                Pataballa                                      
VPATABAL                  590.423.4560         05/02/06 IT_PROG          4800   
                      103            60                                         
                                                                                

EMPLOYEE_ID FIRST_NAME           LAST_NAME                                      
----------- -------------------- -------------------------                      
EMAIL                     PHONE_NUMBER         HIRE_DAT JOB_ID         SALARY   
------------------------- -------------------- -------- ---------- ----------   
COMMISSION_PCT MANAGER_ID DEPARTMENT_ID                                         
-------------- ---------- -------------                                         
        107 Diana                Lorentz                                        
DLORENTZ                  590.423.5567         07/02/07 IT_PROG          4200   
                      103            60                                         
                                                                                
        108 Nancy                Greenberg                                      
NGREENBE                  515.124.4569         17/08/02 FI_MGR          12008   
                      101           100                                         

EMPLOYEE_ID FIRST_NAME           LAST_NAME                                      
----------- -------------------- -------------------------                      
EMAIL                     PHONE_NUMBER         HIRE_DAT JOB_ID         SALARY   
------------------------- -------------------- -------- ---------- ----------   
COMMISSION_PCT MANAGER_ID DEPARTMENT_ID                                         
-------------- ---------- -------------                                         
                                                                                
        109 Daniel               Faviet                                         
DFAVIET                   515.124.4169         16/08/02 FI_ACCOUNT       9000   
                      108           100                                         
                                                                                
        110 John                 Chen                                           
JCHEN                     515.124.4269         28/09/05 FI_ACCOUNT       8200   

EMPLOYEE_ID FIRST_NAME           LAST_NAME                                      
----------- -------------------- -------------------------                      
EMAIL                     PHONE_NUMBER         HIRE_DAT JOB_ID         SALARY   
------------------------- -------------------- -------- ---------- ----------   
COMMISSION_PCT MANAGER_ID DEPARTMENT_ID                                         
-------------- ---------- -------------                                         
                      108           100                                         
                                                                                
        111 Ismael               Sciarra                                        
ISCIARRA                  515.124.4369         30/09/05 FI_ACCOUNT       7700   
                      108           100                                         
                                                                                
        112 Jose Manuel          Urman                                          

EMPLOYEE_ID FIRST_NAME           LAST_NAME                                      
----------- -------------------- -------------------------                      
EMAIL                     PHONE_NUMBER         HIRE_DAT JOB_ID         SALARY   
------------------------- -------------------- -------- ---------- ----------   
COMMISSION_PCT MANAGER_ID DEPARTMENT_ID                                         
-------------- ---------- -------------                                         
JMURMAN                   515.124.4469         07/03/06 FI_ACCOUNT       7800   
                      108           100                                         
                                                                                
        113 Luis                 Popp                                           
LPOPP                     515.124.4567         07/12/07 FI_ACCOUNT       6900   
                      108           100                                         
                                                                                

EMPLOYEE_ID FIRST_NAME           LAST_NAME                                      
----------- -------------------- -------------------------                      
EMAIL                     PHONE_NUMBER         HIRE_DAT JOB_ID         SALARY   
------------------------- -------------------- -------- ---------- ----------   
COMMISSION_PCT MANAGER_ID DEPARTMENT_ID                                         
-------------- ---------- -------------                                         
        114 Den                  Raphaely                                       
DRAPHEAL                  515.127.4561         07/12/02 PU_MAN          11000   
                      100            30                                         
                                                                                
        115 Alexander            Khoo                                           
AKHOO                     515.127.4562         18/05/03 PU_CLERK         3100   
                      114            30                                         

EMPLOYEE_ID FIRST_NAME           LAST_NAME                                      
----------- -------------------- -------------------------                      
EMAIL                     PHONE_NUMBER         HIRE_DAT JOB_ID         SALARY   
------------------------- -------------------- -------- ---------- ----------   
COMMISSION_PCT MANAGER_ID DEPARTMENT_ID                                         
-------------- ---------- -------------                                         
                                                                                
        116 Shelli               Baida                                          
SBAIDA                    515.127.4563         24/12/05 PU_CLERK         2900   
                      114            30                                         
                                                                                
        117 Sigal                Tobias                                         
STOBIAS                   515.127.4564         24/07/05 PU_CLERK         2800   

EMPLOYEE_ID FIRST_NAME           LAST_NAME                                      
----------- -------------------- -------------------------                      
EMAIL                     PHONE_NUMBER         HIRE_DAT JOB_ID         SALARY   
------------------------- -------------------- -------- ---------- ----------   
COMMISSION_PCT MANAGER_ID DEPARTMENT_ID                                         
-------------- ---------- -------------                                         
                      114            30                                         
                                                                                
        118 Guy                  Himuro                                         
GHIMURO                   515.127.4565         15/11/06 PU_CLERK         2600   
                      114            30                                         
                                                                                
        119 Karen                Colmenares                                     

EMPLOYEE_ID FIRST_NAME           LAST_NAME                                      
----------- -------------------- -------------------------                      
EMAIL                     PHONE_NUMBER         HIRE_DAT JOB_ID         SALARY   
------------------------- -------------------- -------- ---------- ----------   
COMMISSION_PCT MANAGER_ID DEPARTMENT_ID                                         
-------------- ---------- -------------                                         
KCOLMENA                  515.127.4566         10/08/07 PU_CLERK         2500   
                      114            30                                         
                                                                                
        120 Matthew              Weiss                                          
MWEISS                    650.123.1234         18/07/04 ST_MAN           8000   
                      100            50                                         
                                                                                

EMPLOYEE_ID FIRST_NAME           LAST_NAME                                      
----------- -------------------- -------------------------                      
EMAIL                     PHONE_NUMBER         HIRE_DAT JOB_ID         SALARY   
------------------------- -------------------- -------- ---------- ----------   
COMMISSION_PCT MANAGER_ID DEPARTMENT_ID                                         
-------------- ---------- -------------                                         
        121 Adam                 Fripp                                          
AFRIPP                    650.123.2234         10/04/05 ST_MAN           8200   
                      100            50                                         
                                                                                
        122 Payam                Kaufling                                       
PKAUFLIN                  650.123.3234         01/05/03 ST_MAN           7900   
                      100            50                                         

EMPLOYEE_ID FIRST_NAME           LAST_NAME                                      
----------- -------------------- -------------------------                      
EMAIL                     PHONE_NUMBER         HIRE_DAT JOB_ID         SALARY   
------------------------- -------------------- -------- ---------- ----------   
COMMISSION_PCT MANAGER_ID DEPARTMENT_ID                                         
-------------- ---------- -------------                                         
                                                                                
        123 Shanta               Vollman                                        
SVOLLMAN                  650.123.4234         10/10/05 ST_MAN           6500   
                      100            50                                         
                                                                                
        124 Kevin                Mourgos                                        
KMOURGOS                  650.123.5234         16/11/07 ST_MAN           5800   

EMPLOYEE_ID FIRST_NAME           LAST_NAME                                      
----------- -------------------- -------------------------                      
EMAIL                     PHONE_NUMBER         HIRE_DAT JOB_ID         SALARY   
------------------------- -------------------- -------- ---------- ----------   
COMMISSION_PCT MANAGER_ID DEPARTMENT_ID                                         
-------------- ---------- -------------                                         
                      100            50                                         
                                                                                
        125 Julia                Nayer                                          
JNAYER                    650.124.1214         16/07/05 ST_CLERK         3200   
                      120            50                                         
                                                                                
        126 Irene                Mikkilineni                                    

EMPLOYEE_ID FIRST_NAME           LAST_NAME                                      
----------- -------------------- -------------------------                      
EMAIL                     PHONE_NUMBER         HIRE_DAT JOB_ID         SALARY   
------------------------- -------------------- -------- ---------- ----------   
COMMISSION_PCT MANAGER_ID DEPARTMENT_ID                                         
-------------- ---------- -------------                                         
IMIKKILI                  650.124.1224         28/09/06 ST_CLERK         2700   
                      120            50                                         
                                                                                
        127 James                Landry                                         
JLANDRY                   650.124.1334         14/01/07 ST_CLERK         2400   
                      120            50                                         
                                                                                

EMPLOYEE_ID FIRST_NAME           LAST_NAME                                      
----------- -------------------- -------------------------                      
EMAIL                     PHONE_NUMBER         HIRE_DAT JOB_ID         SALARY   
------------------------- -------------------- -------- ---------- ----------   
COMMISSION_PCT MANAGER_ID DEPARTMENT_ID                                         
-------------- ---------- -------------                                         
        128 Steven               Markle                                         
SMARKLE                   650.124.1434         08/03/08 ST_CLERK         2200   
                      120            50                                         
                                                                                
        129 Laura                Bissot                                         
LBISSOT                   650.124.5234         20/08/05 ST_CLERK         3300   
                      121            50                                         

EMPLOYEE_ID FIRST_NAME           LAST_NAME                                      
----------- -------------------- -------------------------                      
EMAIL                     PHONE_NUMBER         HIRE_DAT JOB_ID         SALARY   
------------------------- -------------------- -------- ---------- ----------   
COMMISSION_PCT MANAGER_ID DEPARTMENT_ID                                         
-------------- ---------- -------------                                         
                                                                                
        130 Mozhe                Atkinson                                       
MATKINSO                  650.124.6234         30/10/05 ST_CLERK         2800   
                      121            50                                         
                                                                                
        131 James                Marlow                                         
JAMRLOW                   650.124.7234         16/02/05 ST_CLERK         2500   

EMPLOYEE_ID FIRST_NAME           LAST_NAME                                      
----------- -------------------- -------------------------                      
EMAIL                     PHONE_NUMBER         HIRE_DAT JOB_ID         SALARY   
------------------------- -------------------- -------- ---------- ----------   
COMMISSION_PCT MANAGER_ID DEPARTMENT_ID                                         
-------------- ---------- -------------                                         
                      121            50                                         
                                                                                
        132 TJ                   Olson                                          
TJOLSON                   650.124.8234         10/04/07 ST_CLERK         2100   
                      121            50                                         
                                                                                
        133 Jason                Mallin                                         

EMPLOYEE_ID FIRST_NAME           LAST_NAME                                      
----------- -------------------- -------------------------                      
EMAIL                     PHONE_NUMBER         HIRE_DAT JOB_ID         SALARY   
------------------------- -------------------- -------- ---------- ----------   
COMMISSION_PCT MANAGER_ID DEPARTMENT_ID                                         
-------------- ---------- -------------                                         
JMALLIN                   650.127.1934         14/06/04 ST_CLERK         3300   
                      122            50                                         
                                                                                
        134 Michael              Rogers                                         
MROGERS                   650.127.1834         26/08/06 ST_CLERK         2900   
                      122            50                                         
                                                                                

EMPLOYEE_ID FIRST_NAME           LAST_NAME                                      
----------- -------------------- -------------------------                      
EMAIL                     PHONE_NUMBER         HIRE_DAT JOB_ID         SALARY   
------------------------- -------------------- -------- ---------- ----------   
COMMISSION_PCT MANAGER_ID DEPARTMENT_ID                                         
-------------- ---------- -------------                                         
        135 Ki                   Gee                                            
KGEE                      650.127.1734         12/12/07 ST_CLERK         2400   
                      122            50                                         
                                                                                
        136 Hazel                Philtanker                                     
HPHILTAN                  650.127.1634         06/02/08 ST_CLERK         2200   
                      122            50                                         

EMPLOYEE_ID FIRST_NAME           LAST_NAME                                      
----------- -------------------- -------------------------                      
EMAIL                     PHONE_NUMBER         HIRE_DAT JOB_ID         SALARY   
------------------------- -------------------- -------- ---------- ----------   
COMMISSION_PCT MANAGER_ID DEPARTMENT_ID                                         
-------------- ---------- -------------                                         
                                                                                
        137 Renske               Ladwig                                         
RLADWIG                   650.121.1234         14/07/03 ST_CLERK         3600   
                      123            50                                         
                                                                                
        138 Stephen              Stiles                                         
SSTILES                   650.121.2034         26/10/05 ST_CLERK         3200   

EMPLOYEE_ID FIRST_NAME           LAST_NAME                                      
----------- -------------------- -------------------------                      
EMAIL                     PHONE_NUMBER         HIRE_DAT JOB_ID         SALARY   
------------------------- -------------------- -------- ---------- ----------   
COMMISSION_PCT MANAGER_ID DEPARTMENT_ID                                         
-------------- ---------- -------------                                         
                      123            50                                         
                                                                                
        139 John                 Seo                                            
JSEO                      650.121.2019         12/02/06 ST_CLERK         2700   
                      123            50                                         
                                                                                
        140 Joshua               Patel                                          

EMPLOYEE_ID FIRST_NAME           LAST_NAME                                      
----------- -------------------- -------------------------                      
EMAIL                     PHONE_NUMBER         HIRE_DAT JOB_ID         SALARY   
------------------------- -------------------- -------- ---------- ----------   
COMMISSION_PCT MANAGER_ID DEPARTMENT_ID                                         
-------------- ---------- -------------                                         
JPATEL                    650.121.1834         06/04/06 ST_CLERK         2500   
                      123            50                                         
                                                                                
        141 Trenna               Rajs                                           
TRAJS                     650.121.8009         17/10/03 ST_CLERK         3500   
                      124            50                                         
                                                                                

EMPLOYEE_ID FIRST_NAME           LAST_NAME                                      
----------- -------------------- -------------------------                      
EMAIL                     PHONE_NUMBER         HIRE_DAT JOB_ID         SALARY   
------------------------- -------------------- -------- ---------- ----------   
COMMISSION_PCT MANAGER_ID DEPARTMENT_ID                                         
-------------- ---------- -------------                                         
        142 Curtis               Davies                                         
CDAVIES                   650.121.2994         29/01/05 ST_CLERK         3100   
                      124            50                                         
                                                                                
        143 Randall              Matos                                          
RMATOS                    650.121.2874         15/03/06 ST_CLERK         2600   
                      124            50                                         

EMPLOYEE_ID FIRST_NAME           LAST_NAME                                      
----------- -------------------- -------------------------                      
EMAIL                     PHONE_NUMBER         HIRE_DAT JOB_ID         SALARY   
------------------------- -------------------- -------- ---------- ----------   
COMMISSION_PCT MANAGER_ID DEPARTMENT_ID                                         
-------------- ---------- -------------                                         
                                                                                
        144 Peter                Vargas                                         
PVARGAS                   650.121.2004         09/07/06 ST_CLERK         2500   
                      124            50                                         
                                                                                
        145 John                 Russell                                        
JRUSSEL                   011.44.1344.429268   01/10/04 SA_MAN          14000   

EMPLOYEE_ID FIRST_NAME           LAST_NAME                                      
----------- -------------------- -------------------------                      
EMAIL                     PHONE_NUMBER         HIRE_DAT JOB_ID         SALARY   
------------------------- -------------------- -------- ---------- ----------   
COMMISSION_PCT MANAGER_ID DEPARTMENT_ID                                         
-------------- ---------- -------------                                         
            ,4        100            80                                         
                                                                                
        146 Karen                Partners                                       
KPARTNER                  011.44.1344.467268   05/01/05 SA_MAN          13500   
            ,3        100            80                                         
                                                                                
        147 Alberto              Errazuriz                                      

EMPLOYEE_ID FIRST_NAME           LAST_NAME                                      
----------- -------------------- -------------------------                      
EMAIL                     PHONE_NUMBER         HIRE_DAT JOB_ID         SALARY   
------------------------- -------------------- -------- ---------- ----------   
COMMISSION_PCT MANAGER_ID DEPARTMENT_ID                                         
-------------- ---------- -------------                                         
AERRAZUR                  011.44.1344.429278   10/03/05 SA_MAN          12000   
            ,3        100            80                                         
                                                                                
        148 Gerald               Cambrault                                      
GCAMBRAU                  011.44.1344.619268   15/10/07 SA_MAN          11000   
            ,3        100            80                                         
                                                                                

EMPLOYEE_ID FIRST_NAME           LAST_NAME                                      
----------- -------------------- -------------------------                      
EMAIL                     PHONE_NUMBER         HIRE_DAT JOB_ID         SALARY   
------------------------- -------------------- -------- ---------- ----------   
COMMISSION_PCT MANAGER_ID DEPARTMENT_ID                                         
-------------- ---------- -------------                                         
        149 Eleni                Zlotkey                                        
EZLOTKEY                  011.44.1344.429018   29/01/08 SA_MAN          10500   
            ,2        100            80                                         
                                                                                
        150 Peter                Tucker                                         
PTUCKER                   011.44.1344.129268   30/01/05 SA_REP          10000   
            ,3        145            80                                         

EMPLOYEE_ID FIRST_NAME           LAST_NAME                                      
----------- -------------------- -------------------------                      
EMAIL                     PHONE_NUMBER         HIRE_DAT JOB_ID         SALARY   
------------------------- -------------------- -------- ---------- ----------   
COMMISSION_PCT MANAGER_ID DEPARTMENT_ID                                         
-------------- ---------- -------------                                         
                                                                                
        151 David                Bernstein                                      
DBERNSTE                  011.44.1344.345268   24/03/05 SA_REP           9500   
           ,25        145            80                                         
                                                                                
        152 Peter                Hall                                           
PHALL                     011.44.1344.478968   20/08/05 SA_REP           9000   

EMPLOYEE_ID FIRST_NAME           LAST_NAME                                      
----------- -------------------- -------------------------                      
EMAIL                     PHONE_NUMBER         HIRE_DAT JOB_ID         SALARY   
------------------------- -------------------- -------- ---------- ----------   
COMMISSION_PCT MANAGER_ID DEPARTMENT_ID                                         
-------------- ---------- -------------                                         
           ,25        145            80                                         
                                                                                
        153 Christopher          Olsen                                          
COLSEN                    011.44.1344.498718   30/03/06 SA_REP           8000   
            ,2        145            80                                         
                                                                                
        154 Nanette              Cambrault                                      

EMPLOYEE_ID FIRST_NAME           LAST_NAME                                      
----------- -------------------- -------------------------                      
EMAIL                     PHONE_NUMBER         HIRE_DAT JOB_ID         SALARY   
------------------------- -------------------- -------- ---------- ----------   
COMMISSION_PCT MANAGER_ID DEPARTMENT_ID                                         
-------------- ---------- -------------                                         
NCAMBRAU                  011.44.1344.987668   09/12/06 SA_REP           7500   
            ,2        145            80                                         
                                                                                
        155 Oliver               Tuvault                                        
OTUVAULT                  011.44.1344.486508   23/11/07 SA_REP           7000   
           ,15        145            80                                         
                                                                                

EMPLOYEE_ID FIRST_NAME           LAST_NAME                                      
----------- -------------------- -------------------------                      
EMAIL                     PHONE_NUMBER         HIRE_DAT JOB_ID         SALARY   
------------------------- -------------------- -------- ---------- ----------   
COMMISSION_PCT MANAGER_ID DEPARTMENT_ID                                         
-------------- ---------- -------------                                         
        156 Janette              King                                           
JKING                     011.44.1345.429268   30/01/04 SA_REP          10000   
           ,35        146            80                                         
                                                                                
        157 Patrick              Sully                                          
PSULLY                    011.44.1345.929268   04/03/04 SA_REP           9500   
           ,35        146            80                                         

EMPLOYEE_ID FIRST_NAME           LAST_NAME                                      
----------- -------------------- -------------------------                      
EMAIL                     PHONE_NUMBER         HIRE_DAT JOB_ID         SALARY   
------------------------- -------------------- -------- ---------- ----------   
COMMISSION_PCT MANAGER_ID DEPARTMENT_ID                                         
-------------- ---------- -------------                                         
                                                                                
        158 Allan                McEwen                                         
AMCEWEN                   011.44.1345.829268   01/08/04 SA_REP           9000   
           ,35        146            80                                         
                                                                                
        159 Lindsey              Smith                                          
LSMITH                    011.44.1345.729268   10/03/05 SA_REP           8000   

EMPLOYEE_ID FIRST_NAME           LAST_NAME                                      
----------- -------------------- -------------------------                      
EMAIL                     PHONE_NUMBER         HIRE_DAT JOB_ID         SALARY   
------------------------- -------------------- -------- ---------- ----------   
COMMISSION_PCT MANAGER_ID DEPARTMENT_ID                                         
-------------- ---------- -------------                                         
            ,3        146            80                                         
                                                                                
        160 Louise               Doran                                          
LDORAN                    011.44.1345.629268   15/12/05 SA_REP           7500   
            ,3        146            80                                         
                                                                                
        161 Sarath               Sewall                                         

EMPLOYEE_ID FIRST_NAME           LAST_NAME                                      
----------- -------------------- -------------------------                      
EMAIL                     PHONE_NUMBER         HIRE_DAT JOB_ID         SALARY   
------------------------- -------------------- -------- ---------- ----------   
COMMISSION_PCT MANAGER_ID DEPARTMENT_ID                                         
-------------- ---------- -------------                                         
SSEWALL                   011.44.1345.529268   03/11/06 SA_REP           7000   
           ,25        146            80                                         
                                                                                
        162 Clara                Vishney                                        
CVISHNEY                  011.44.1346.129268   11/11/05 SA_REP          10500   
           ,25        147            80                                         
                                                                                

EMPLOYEE_ID FIRST_NAME           LAST_NAME                                      
----------- -------------------- -------------------------                      
EMAIL                     PHONE_NUMBER         HIRE_DAT JOB_ID         SALARY   
------------------------- -------------------- -------- ---------- ----------   
COMMISSION_PCT MANAGER_ID DEPARTMENT_ID                                         
-------------- ---------- -------------                                         
        163 Danielle             Greene                                         
DGREENE                   011.44.1346.229268   19/03/07 SA_REP           9500   
           ,15        147            80                                         
                                                                                
        164 Mattea               Marvins                                        
MMARVINS                  011.44.1346.329268   24/01/08 SA_REP           7200   
            ,1        147            80                                         

EMPLOYEE_ID FIRST_NAME           LAST_NAME                                      
----------- -------------------- -------------------------                      
EMAIL                     PHONE_NUMBER         HIRE_DAT JOB_ID         SALARY   
------------------------- -------------------- -------- ---------- ----------   
COMMISSION_PCT MANAGER_ID DEPARTMENT_ID                                         
-------------- ---------- -------------                                         
                                                                                
        165 David                Lee                                            
DLEE                      011.44.1346.529268   23/02/08 SA_REP           6800   
            ,1        147            80                                         
                                                                                
        166 Sundar               Ande                                           
SANDE                     011.44.1346.629268   24/03/08 SA_REP           6400   

EMPLOYEE_ID FIRST_NAME           LAST_NAME                                      
----------- -------------------- -------------------------                      
EMAIL                     PHONE_NUMBER         HIRE_DAT JOB_ID         SALARY   
------------------------- -------------------- -------- ---------- ----------   
COMMISSION_PCT MANAGER_ID DEPARTMENT_ID                                         
-------------- ---------- -------------                                         
            ,1        147            80                                         
                                                                                
        167 Amit                 Banda                                          
ABANDA                    011.44.1346.729268   21/04/08 SA_REP           6200   
            ,1        147            80                                         
                                                                                
        168 Lisa                 Ozer                                           

EMPLOYEE_ID FIRST_NAME           LAST_NAME                                      
----------- -------------------- -------------------------                      
EMAIL                     PHONE_NUMBER         HIRE_DAT JOB_ID         SALARY   
------------------------- -------------------- -------- ---------- ----------   
COMMISSION_PCT MANAGER_ID DEPARTMENT_ID                                         
-------------- ---------- -------------                                         
LOZER                     011.44.1343.929268   11/03/05 SA_REP          11500   
           ,25        148            80                                         
                                                                                
        169 Harrison             Bloom                                          
HBLOOM                    011.44.1343.829268   23/03/06 SA_REP          10000   
            ,2        148            80                                         
                                                                                

EMPLOYEE_ID FIRST_NAME           LAST_NAME                                      
----------- -------------------- -------------------------                      
EMAIL                     PHONE_NUMBER         HIRE_DAT JOB_ID         SALARY   
------------------------- -------------------- -------- ---------- ----------   
COMMISSION_PCT MANAGER_ID DEPARTMENT_ID                                         
-------------- ---------- -------------                                         
        170 Tayler               Fox                                            
TFOX                      011.44.1343.729268   24/01/06 SA_REP           9600   
            ,2        148            80                                         
                                                                                
        171 William              Smith                                          
WSMITH                    011.44.1343.629268   23/02/07 SA_REP           7400   
           ,15        148            80                                         

EMPLOYEE_ID FIRST_NAME           LAST_NAME                                      
----------- -------------------- -------------------------                      
EMAIL                     PHONE_NUMBER         HIRE_DAT JOB_ID         SALARY   
------------------------- -------------------- -------- ---------- ----------   
COMMISSION_PCT MANAGER_ID DEPARTMENT_ID                                         
-------------- ---------- -------------                                         
                                                                                
        172 Elizabeth            Bates                                          
EBATES                    011.44.1343.529268   24/03/07 SA_REP           7300   
           ,15        148            80                                         
                                                                                
        173 Sundita              Kumar                                          
SKUMAR                    011.44.1343.329268   21/04/08 SA_REP           6100   

EMPLOYEE_ID FIRST_NAME           LAST_NAME                                      
----------- -------------------- -------------------------                      
EMAIL                     PHONE_NUMBER         HIRE_DAT JOB_ID         SALARY   
------------------------- -------------------- -------- ---------- ----------   
COMMISSION_PCT MANAGER_ID DEPARTMENT_ID                                         
-------------- ---------- -------------                                         
            ,1        148            80                                         
                                                                                
        174 Ellen                Abel                                           
EABEL                     011.44.1644.429267   11/05/04 SA_REP          11000   
            ,3        149            80                                         
                                                                                
        175 Alyssa               Hutton                                         

EMPLOYEE_ID FIRST_NAME           LAST_NAME                                      
----------- -------------------- -------------------------                      
EMAIL                     PHONE_NUMBER         HIRE_DAT JOB_ID         SALARY   
------------------------- -------------------- -------- ---------- ----------   
COMMISSION_PCT MANAGER_ID DEPARTMENT_ID                                         
-------------- ---------- -------------                                         
AHUTTON                   011.44.1644.429266   19/03/05 SA_REP           8800   
           ,25        149            80                                         
                                                                                
        176 Jonathon             Taylor                                         
JTAYLOR                   011.44.1644.429265   24/03/06 SA_REP           8600   
            ,2        149            80                                         
                                                                                

EMPLOYEE_ID FIRST_NAME           LAST_NAME                                      
----------- -------------------- -------------------------                      
EMAIL                     PHONE_NUMBER         HIRE_DAT JOB_ID         SALARY   
------------------------- -------------------- -------- ---------- ----------   
COMMISSION_PCT MANAGER_ID DEPARTMENT_ID                                         
-------------- ---------- -------------                                         
        177 Jack                 Livingston                                     
JLIVINGS                  011.44.1644.429264   23/04/06 SA_REP           8400   
            ,2        149            80                                         
                                                                                
        178 Kimberely            Grant                                          
KGRANT                    011.44.1644.429263   24/05/07 SA_REP           7000   
           ,15        149                                                       

EMPLOYEE_ID FIRST_NAME           LAST_NAME                                      
----------- -------------------- -------------------------                      
EMAIL                     PHONE_NUMBER         HIRE_DAT JOB_ID         SALARY   
------------------------- -------------------- -------- ---------- ----------   
COMMISSION_PCT MANAGER_ID DEPARTMENT_ID                                         
-------------- ---------- -------------                                         
                                                                                
        179 Charles              Johnson                                        
CJOHNSON                  011.44.1644.429262   04/01/08 SA_REP           6200   
            ,1        149            80                                         
                                                                                
        180 Winston              Taylor                                         
WTAYLOR                   650.507.9876         24/01/06 SH_CLERK         3200   

EMPLOYEE_ID FIRST_NAME           LAST_NAME                                      
----------- -------------------- -------------------------                      
EMAIL                     PHONE_NUMBER         HIRE_DAT JOB_ID         SALARY   
------------------------- -------------------- -------- ---------- ----------   
COMMISSION_PCT MANAGER_ID DEPARTMENT_ID                                         
-------------- ---------- -------------                                         
                      120            50                                         
                                                                                
        181 Jean                 Fleaur                                         
JFLEAUR                   650.507.9877         23/02/06 SH_CLERK         3100   
                      120            50                                         
                                                                                
        182 Martha               Sullivan                                       

EMPLOYEE_ID FIRST_NAME           LAST_NAME                                      
----------- -------------------- -------------------------                      
EMAIL                     PHONE_NUMBER         HIRE_DAT JOB_ID         SALARY   
------------------------- -------------------- -------- ---------- ----------   
COMMISSION_PCT MANAGER_ID DEPARTMENT_ID                                         
-------------- ---------- -------------                                         
MSULLIVA                  650.507.9878         21/06/07 SH_CLERK         2500   
                      120            50                                         
                                                                                
        183 Girard               Geoni                                          
GGEONI                    650.507.9879         03/02/08 SH_CLERK         2800   
                      120            50                                         
                                                                                

EMPLOYEE_ID FIRST_NAME           LAST_NAME                                      
----------- -------------------- -------------------------                      
EMAIL                     PHONE_NUMBER         HIRE_DAT JOB_ID         SALARY   
------------------------- -------------------- -------- ---------- ----------   
COMMISSION_PCT MANAGER_ID DEPARTMENT_ID                                         
-------------- ---------- -------------                                         
        184 Nandita              Sarchand                                       
NSARCHAN                  650.509.1876         27/01/04 SH_CLERK         4200   
                      121            50                                         
                                                                                
        185 Alexis               Bull                                           
ABULL                     650.509.2876         20/02/05 SH_CLERK         4100   
                      121            50                                         

EMPLOYEE_ID FIRST_NAME           LAST_NAME                                      
----------- -------------------- -------------------------                      
EMAIL                     PHONE_NUMBER         HIRE_DAT JOB_ID         SALARY   
------------------------- -------------------- -------- ---------- ----------   
COMMISSION_PCT MANAGER_ID DEPARTMENT_ID                                         
-------------- ---------- -------------                                         
                                                                                
        186 Julia                Dellinger                                      
JDELLING                  650.509.3876         24/06/06 SH_CLERK         3400   
                      121            50                                         
                                                                                
        187 Anthony              Cabrio                                         
ACABRIO                   650.509.4876         07/02/07 SH_CLERK         3000   

EMPLOYEE_ID FIRST_NAME           LAST_NAME                                      
----------- -------------------- -------------------------                      
EMAIL                     PHONE_NUMBER         HIRE_DAT JOB_ID         SALARY   
------------------------- -------------------- -------- ---------- ----------   
COMMISSION_PCT MANAGER_ID DEPARTMENT_ID                                         
-------------- ---------- -------------                                         
                      121            50                                         
                                                                                
        188 Kelly                Chung                                          
KCHUNG                    650.505.1876         14/06/05 SH_CLERK         3800   
                      122            50                                         
                                                                                
        189 Jennifer             Dilly                                          

EMPLOYEE_ID FIRST_NAME           LAST_NAME                                      
----------- -------------------- -------------------------                      
EMAIL                     PHONE_NUMBER         HIRE_DAT JOB_ID         SALARY   
------------------------- -------------------- -------- ---------- ----------   
COMMISSION_PCT MANAGER_ID DEPARTMENT_ID                                         
-------------- ---------- -------------                                         
JDILLY                    650.505.2876         13/08/05 SH_CLERK         3600   
                      122            50                                         
                                                                                
        190 Timothy              Gates                                          
TGATES                    650.505.3876         11/07/06 SH_CLERK         2900   
                      122            50                                         
                                                                                

EMPLOYEE_ID FIRST_NAME           LAST_NAME                                      
----------- -------------------- -------------------------                      
EMAIL                     PHONE_NUMBER         HIRE_DAT JOB_ID         SALARY   
------------------------- -------------------- -------- ---------- ----------   
COMMISSION_PCT MANAGER_ID DEPARTMENT_ID                                         
-------------- ---------- -------------                                         
        191 Randall              Perkins                                        
RPERKINS                  650.505.4876         19/12/07 SH_CLERK         2500   
                      122            50                                         
                                                                                
        192 Sarah                Bell                                           
SBELL                     650.501.1876         04/02/04 SH_CLERK         4000   
                      123            50                                         

EMPLOYEE_ID FIRST_NAME           LAST_NAME                                      
----------- -------------------- -------------------------                      
EMAIL                     PHONE_NUMBER         HIRE_DAT JOB_ID         SALARY   
------------------------- -------------------- -------- ---------- ----------   
COMMISSION_PCT MANAGER_ID DEPARTMENT_ID                                         
-------------- ---------- -------------                                         
                                                                                
        193 Britney              Everett                                        
BEVERETT                  650.501.2876         03/03/05 SH_CLERK         3900   
                      123            50                                         
                                                                                
        194 Samuel               McCain                                         
SMCCAIN                   650.501.3876         01/07/06 SH_CLERK         3200   

EMPLOYEE_ID FIRST_NAME           LAST_NAME                                      
----------- -------------------- -------------------------                      
EMAIL                     PHONE_NUMBER         HIRE_DAT JOB_ID         SALARY   
------------------------- -------------------- -------- ---------- ----------   
COMMISSION_PCT MANAGER_ID DEPARTMENT_ID                                         
-------------- ---------- -------------                                         
                      123            50                                         
                                                                                
        195 Vance                Jones                                          
VJONES                    650.501.4876         17/03/07 SH_CLERK         2800   
                      123            50                                         
                                                                                
        196 Alana                Walsh                                          

EMPLOYEE_ID FIRST_NAME           LAST_NAME                                      
----------- -------------------- -------------------------                      
EMAIL                     PHONE_NUMBER         HIRE_DAT JOB_ID         SALARY   
------------------------- -------------------- -------- ---------- ----------   
COMMISSION_PCT MANAGER_ID DEPARTMENT_ID                                         
-------------- ---------- -------------                                         
AWALSH                    650.507.9811         24/04/06 SH_CLERK         3100   
                      124            50                                         
                                                                                
        197 Kevin                Feeney                                         
KFEENEY                   650.507.9822         23/05/06 SH_CLERK         3000   
                      124            50                                         
                                                                                

EMPLOYEE_ID FIRST_NAME           LAST_NAME                                      
----------- -------------------- -------------------------                      
EMAIL                     PHONE_NUMBER         HIRE_DAT JOB_ID         SALARY   
------------------------- -------------------- -------- ---------- ----------   
COMMISSION_PCT MANAGER_ID DEPARTMENT_ID                                         
-------------- ---------- -------------                                         
        198 Donald               OConnell                                       
DOCONNEL                  650.507.9833         21/06/07 SH_CLERK         2600   
                      124            50                                         
                                                                                
        199 Douglas              Grant                                          
DGRANT                    650.507.9844         13/01/08 SH_CLERK         2600   
                      124            50                                         

EMPLOYEE_ID FIRST_NAME           LAST_NAME                                      
----------- -------------------- -------------------------                      
EMAIL                     PHONE_NUMBER         HIRE_DAT JOB_ID         SALARY   
------------------------- -------------------- -------- ---------- ----------   
COMMISSION_PCT MANAGER_ID DEPARTMENT_ID                                         
-------------- ---------- -------------                                         
                                                                                
        200 Jennifer             Whalen                                         
JWHALEN                   515.123.4444         17/09/03 AD_ASST          4400   
                      101            10                                         
                                                                                
        201 Michael              Hartstein                                      
MHARTSTE                  515.123.5555         17/02/04 MK_MAN          13000   

EMPLOYEE_ID FIRST_NAME           LAST_NAME                                      
----------- -------------------- -------------------------                      
EMAIL                     PHONE_NUMBER         HIRE_DAT JOB_ID         SALARY   
------------------------- -------------------- -------- ---------- ----------   
COMMISSION_PCT MANAGER_ID DEPARTMENT_ID                                         
-------------- ---------- -------------                                         
                      100            20                                         
                                                                                
        202 Pat                  Fay                                            
PFAY                      603.123.6666         17/08/05 MK_REP           6000   
                      201            20                                         
                                                                                
        203 Susan                Mavris                                         

EMPLOYEE_ID FIRST_NAME           LAST_NAME                                      
----------- -------------------- -------------------------                      
EMAIL                     PHONE_NUMBER         HIRE_DAT JOB_ID         SALARY   
------------------------- -------------------- -------- ---------- ----------   
COMMISSION_PCT MANAGER_ID DEPARTMENT_ID                                         
-------------- ---------- -------------                                         
SMAVRIS                   515.123.7777         07/06/02 HR_REP           6500   
                      101            40                                         
                                                                                
        204 Hermann              Baer                                           
HBAER                     515.123.8888         07/06/02 PR_REP          10000   
                      101            70                                         
                                                                                

EMPLOYEE_ID FIRST_NAME           LAST_NAME                                      
----------- -------------------- -------------------------                      
EMAIL                     PHONE_NUMBER         HIRE_DAT JOB_ID         SALARY   
------------------------- -------------------- -------- ---------- ----------   
COMMISSION_PCT MANAGER_ID DEPARTMENT_ID                                         
-------------- ---------- -------------                                         
        205 Shelley              Higgins                                        
SHIGGINS                  515.123.8080         07/06/02 AC_MGR          12008   
                      101           110                                         
                                                                                
        206 William              Gietz                                          
WGIETZ                    515.123.8181         07/06/02 AC_ACCOUNT       8300   
                      205           110                                         

EMPLOYEE_ID FIRST_NAME           LAST_NAME                                      
----------- -------------------- -------------------------                      
EMAIL                     PHONE_NUMBER         HIRE_DAT JOB_ID         SALARY   
------------------------- -------------------- -------- ---------- ----------   
COMMISSION_PCT MANAGER_ID DEPARTMENT_ID                                         
-------------- ---------- -------------                                         
                                                                                

107 linhas selecionadas.

SQL> SELECT FIRST_NAME||' '||LAST_NAME AS "NOME", JOB_ID AS "FUNO", HIRE_DATE AS "DATA DE ADMISSO" FROM EMPLOYEES;

NOME                                           FUNO     DATA DE               
---------------------------------------------- ---------- --------              
Steven King                                    AD_PRES    17/06/03              
Neena Kochhar                                  AD_VP      21/09/05              
Lex De Haan                                    AD_VP      13/01/01              
Alexander Hunold                               IT_PROG    03/01/06              
Bruce Ernst                                    IT_PROG    21/05/07              
David Austin                                   IT_PROG    25/06/05              
Valli Pataballa                                IT_PROG    05/02/06              
Diana Lorentz                                  IT_PROG    07/02/07              
Nancy Greenberg                                FI_MGR     17/08/02              
Daniel Faviet                                  FI_ACCOUNT 16/08/02              
John Chen                                      FI_ACCOUNT 28/09/05              

NOME                                           FUNO     DATA DE               
---------------------------------------------- ---------- --------              
Ismael Sciarra                                 FI_ACCOUNT 30/09/05              
Jose Manuel Urman                              FI_ACCOUNT 07/03/06              
Luis Popp                                      FI_ACCOUNT 07/12/07              
Den Raphaely                                   PU_MAN     07/12/02              
Alexander Khoo                                 PU_CLERK   18/05/03              
Shelli Baida                                   PU_CLERK   24/12/05              
Sigal Tobias                                   PU_CLERK   24/07/05              
Guy Himuro                                     PU_CLERK   15/11/06              
Karen Colmenares                               PU_CLERK   10/08/07              
Matthew Weiss                                  ST_MAN     18/07/04              
Adam Fripp                                     ST_MAN     10/04/05              

NOME                                           FUNO     DATA DE               
---------------------------------------------- ---------- --------              
Payam Kaufling                                 ST_MAN     01/05/03              
Shanta Vollman                                 ST_MAN     10/10/05              
Kevin Mourgos                                  ST_MAN     16/11/07              
Julia Nayer                                    ST_CLERK   16/07/05              
Irene Mikkilineni                              ST_CLERK   28/09/06              
James Landry                                   ST_CLERK   14/01/07              
Steven Markle                                  ST_CLERK   08/03/08              
Laura Bissot                                   ST_CLERK   20/08/05              
Mozhe Atkinson                                 ST_CLERK   30/10/05              
James Marlow                                   ST_CLERK   16/02/05              
TJ Olson                                       ST_CLERK   10/04/07              

NOME                                           FUNO     DATA DE               
---------------------------------------------- ---------- --------              
Jason Mallin                                   ST_CLERK   14/06/04              
Michael Rogers                                 ST_CLERK   26/08/06              
Ki Gee                                         ST_CLERK   12/12/07              
Hazel Philtanker                               ST_CLERK   06/02/08              
Renske Ladwig                                  ST_CLERK   14/07/03              
Stephen Stiles                                 ST_CLERK   26/10/05              
John Seo                                       ST_CLERK   12/02/06              
Joshua Patel                                   ST_CLERK   06/04/06              
Trenna Rajs                                    ST_CLERK   17/10/03              
Curtis Davies                                  ST_CLERK   29/01/05              
Randall Matos                                  ST_CLERK   15/03/06              

NOME                                           FUNO     DATA DE               
---------------------------------------------- ---------- --------              
Peter Vargas                                   ST_CLERK   09/07/06              
John Russell                                   SA_MAN     01/10/04              
Karen Partners                                 SA_MAN     05/01/05              
Alberto Errazuriz                              SA_MAN     10/03/05              
Gerald Cambrault                               SA_MAN     15/10/07              
Eleni Zlotkey                                  SA_MAN     29/01/08              
Peter Tucker                                   SA_REP     30/01/05              
David Bernstein                                SA_REP     24/03/05              
Peter Hall                                     SA_REP     20/08/05              
Christopher Olsen                              SA_REP     30/03/06              
Nanette Cambrault                              SA_REP     09/12/06              

NOME                                           FUNO     DATA DE               
---------------------------------------------- ---------- --------              
Oliver Tuvault                                 SA_REP     23/11/07              
Janette King                                   SA_REP     30/01/04              
Patrick Sully                                  SA_REP     04/03/04              
Allan McEwen                                   SA_REP     01/08/04              
Lindsey Smith                                  SA_REP     10/03/05              
Louise Doran                                   SA_REP     15/12/05              
Sarath Sewall                                  SA_REP     03/11/06              
Clara Vishney                                  SA_REP     11/11/05              
Danielle Greene                                SA_REP     19/03/07              
Mattea Marvins                                 SA_REP     24/01/08              
David Lee                                      SA_REP     23/02/08              

NOME                                           FUNO     DATA DE               
---------------------------------------------- ---------- --------              
Sundar Ande                                    SA_REP     24/03/08              
Amit Banda                                     SA_REP     21/04/08              
Lisa Ozer                                      SA_REP     11/03/05              
Harrison Bloom                                 SA_REP     23/03/06              
Tayler Fox                                     SA_REP     24/01/06              
William Smith                                  SA_REP     23/02/07              
Elizabeth Bates                                SA_REP     24/03/07              
Sundita Kumar                                  SA_REP     21/04/08              
Ellen Abel                                     SA_REP     11/05/04              
Alyssa Hutton                                  SA_REP     19/03/05              
Jonathon Taylor                                SA_REP     24/03/06              

NOME                                           FUNO     DATA DE               
---------------------------------------------- ---------- --------              
Jack Livingston                                SA_REP     23/04/06              
Kimberely Grant                                SA_REP     24/05/07              
Charles Johnson                                SA_REP     04/01/08              
Winston Taylor                                 SH_CLERK   24/01/06              
Jean Fleaur                                    SH_CLERK   23/02/06              
Martha Sullivan                                SH_CLERK   21/06/07              
Girard Geoni                                   SH_CLERK   03/02/08              
Nandita Sarchand                               SH_CLERK   27/01/04              
Alexis Bull                                    SH_CLERK   20/02/05              
Julia Dellinger                                SH_CLERK   24/06/06              
Anthony Cabrio                                 SH_CLERK   07/02/07              

NOME                                           FUNO     DATA DE               
---------------------------------------------- ---------- --------              
Kelly Chung                                    SH_CLERK   14/06/05              
Jennifer Dilly                                 SH_CLERK   13/08/05              
Timothy Gates                                  SH_CLERK   11/07/06              
Randall Perkins                                SH_CLERK   19/12/07              
Sarah Bell                                     SH_CLERK   04/02/04              
Britney Everett                                SH_CLERK   03/03/05              
Samuel McCain                                  SH_CLERK   01/07/06              
Vance Jones                                    SH_CLERK   17/03/07              
Alana Walsh                                    SH_CLERK   24/04/06              
Kevin Feeney                                   SH_CLERK   23/05/06              
Donald OConnell                                SH_CLERK   21/06/07              

NOME                                           FUNO     DATA DE               
---------------------------------------------- ---------- --------              
Douglas Grant                                  SH_CLERK   13/01/08              
Jennifer Whalen                                AD_ASST    17/09/03              
Michael Hartstein                              MK_MAN     17/02/04              
Pat Fay                                        MK_REP     17/08/05              
Susan Mavris                                   HR_REP     07/06/02              
Hermann Baer                                   PR_REP     07/06/02              
Shelley Higgins                                AC_MGR     07/06/02              
William Gietz                                  AC_ACCOUNT 07/06/02              

107 linhas selecionadas.

SQL> SET PAGESIZE 200
SQL> SAVE EXE01.SQL
Criado file EXE01.SQL
SQL> SAVE E:/EXE01.SQL
Criado file E:/EXE01.SQL
SQL> @ E:/EXE01.SQL

NOME                                           FUNO     DATA DE               
---------------------------------------------- ---------- --------              
Steven King                                    AD_PRES    17/06/03              
Neena Kochhar                                  AD_VP      21/09/05              
Lex De Haan                                    AD_VP      13/01/01              
Alexander Hunold                               IT_PROG    03/01/06              
Bruce Ernst                                    IT_PROG    21/05/07              
David Austin                                   IT_PROG    25/06/05              
Valli Pataballa                                IT_PROG    05/02/06              
Diana Lorentz                                  IT_PROG    07/02/07              
Nancy Greenberg                                FI_MGR     17/08/02              
Daniel Faviet                                  FI_ACCOUNT 16/08/02              
John Chen                                      FI_ACCOUNT 28/09/05              
Ismael Sciarra                                 FI_ACCOUNT 30/09/05              
Jose Manuel Urman                              FI_ACCOUNT 07/03/06              
Luis Popp                                      FI_ACCOUNT 07/12/07              
Den Raphaely                                   PU_MAN     07/12/02              
Alexander Khoo                                 PU_CLERK   18/05/03              
Shelli Baida                                   PU_CLERK   24/12/05              
Sigal Tobias                                   PU_CLERK   24/07/05              
Guy Himuro                                     PU_CLERK   15/11/06              
Karen Colmenares                               PU_CLERK   10/08/07              
Matthew Weiss                                  ST_MAN     18/07/04              
Adam Fripp                                     ST_MAN     10/04/05              
Payam Kaufling                                 ST_MAN     01/05/03              
Shanta Vollman                                 ST_MAN     10/10/05              
Kevin Mourgos                                  ST_MAN     16/11/07              
Julia Nayer                                    ST_CLERK   16/07/05              
Irene Mikkilineni                              ST_CLERK   28/09/06              
James Landry                                   ST_CLERK   14/01/07              
Steven Markle                                  ST_CLERK   08/03/08              
Laura Bissot                                   ST_CLERK   20/08/05              
Mozhe Atkinson                                 ST_CLERK   30/10/05              
James Marlow                                   ST_CLERK   16/02/05              
TJ Olson                                       ST_CLERK   10/04/07              
Jason Mallin                                   ST_CLERK   14/06/04              
Michael Rogers                                 ST_CLERK   26/08/06              
Ki Gee                                         ST_CLERK   12/12/07              
Hazel Philtanker                               ST_CLERK   06/02/08              
Renske Ladwig                                  ST_CLERK   14/07/03              
Stephen Stiles                                 ST_CLERK   26/10/05              
John Seo                                       ST_CLERK   12/02/06              
Joshua Patel                                   ST_CLERK   06/04/06              
Trenna Rajs                                    ST_CLERK   17/10/03              
Curtis Davies                                  ST_CLERK   29/01/05              
Randall Matos                                  ST_CLERK   15/03/06              
Peter Vargas                                   ST_CLERK   09/07/06              
John Russell                                   SA_MAN     01/10/04              
Karen Partners                                 SA_MAN     05/01/05              
Alberto Errazuriz                              SA_MAN     10/03/05              
Gerald Cambrault                               SA_MAN     15/10/07              
Eleni Zlotkey                                  SA_MAN     29/01/08              
Peter Tucker                                   SA_REP     30/01/05              
David Bernstein                                SA_REP     24/03/05              
Peter Hall                                     SA_REP     20/08/05              
Christopher Olsen                              SA_REP     30/03/06              
Nanette Cambrault                              SA_REP     09/12/06              
Oliver Tuvault                                 SA_REP     23/11/07              
Janette King                                   SA_REP     30/01/04              
Patrick Sully                                  SA_REP     04/03/04              
Allan McEwen                                   SA_REP     01/08/04              
Lindsey Smith                                  SA_REP     10/03/05              
Louise Doran                                   SA_REP     15/12/05              
Sarath Sewall                                  SA_REP     03/11/06              
Clara Vishney                                  SA_REP     11/11/05              
Danielle Greene                                SA_REP     19/03/07              
Mattea Marvins                                 SA_REP     24/01/08              
David Lee                                      SA_REP     23/02/08              
Sundar Ande                                    SA_REP     24/03/08              
Amit Banda                                     SA_REP     21/04/08              
Lisa Ozer                                      SA_REP     11/03/05              
Harrison Bloom                                 SA_REP     23/03/06              
Tayler Fox                                     SA_REP     24/01/06              
William Smith                                  SA_REP     23/02/07              
Elizabeth Bates                                SA_REP     24/03/07              
Sundita Kumar                                  SA_REP     21/04/08              
Ellen Abel                                     SA_REP     11/05/04              
Alyssa Hutton                                  SA_REP     19/03/05              
Jonathon Taylor                                SA_REP     24/03/06              
Jack Livingston                                SA_REP     23/04/06              
Kimberely Grant                                SA_REP     24/05/07              
Charles Johnson                                SA_REP     04/01/08              
Winston Taylor                                 SH_CLERK   24/01/06              
Jean Fleaur                                    SH_CLERK   23/02/06              
Martha Sullivan                                SH_CLERK   21/06/07              
Girard Geoni                                   SH_CLERK   03/02/08              
Nandita Sarchand                               SH_CLERK   27/01/04              
Alexis Bull                                    SH_CLERK   20/02/05              
Julia Dellinger                                SH_CLERK   24/06/06              
Anthony Cabrio                                 SH_CLERK   07/02/07              
Kelly Chung                                    SH_CLERK   14/06/05              
Jennifer Dilly                                 SH_CLERK   13/08/05              
Timothy Gates                                  SH_CLERK   11/07/06              
Randall Perkins                                SH_CLERK   19/12/07              
Sarah Bell                                     SH_CLERK   04/02/04              
Britney Everett                                SH_CLERK   03/03/05              
Samuel McCain                                  SH_CLERK   01/07/06              
Vance Jones                                    SH_CLERK   17/03/07              
Alana Walsh                                    SH_CLERK   24/04/06              
Kevin Feeney                                   SH_CLERK   23/05/06              
Donald OConnell                                SH_CLERK   21/06/07              
Douglas Grant                                  SH_CLERK   13/01/08              
Jennifer Whalen                                AD_ASST    17/09/03              
Michael Hartstein                              MK_MAN     17/02/04              
Pat Fay                                        MK_REP     17/08/05              
Susan Mavris                                   HR_REP     07/06/02              
Hermann Baer                                   PR_REP     07/06/02              
Shelley Higgins                                AC_MGR     07/06/02              
William Gietz                                  AC_ACCOUNT 07/06/02              

107 linhas selecionadas.

SQL> SELECT DISTINCT JOB_ID AS "PROFISSES EXISTENTES" FROM EMPLOYEES;

PROFISSES                                                                      
----------                                                                      
AC_ACCOUNT                                                                      
AC_MGR                                                                          
AD_ASST                                                                         
AD_PRES                                                                         
AD_VP                                                                           
FI_ACCOUNT                                                                      
FI_MGR                                                                          
HR_REP                                                                          
IT_PROG                                                                         
MK_MAN                                                                          
MK_REP                                                                          
PR_REP                                                                          
PU_CLERK                                                                        
PU_MAN                                                                          
SA_MAN                                                                          
SA_REP                                                                          
SH_CLERK                                                                        
ST_CLERK                                                                        
ST_MAN                                                                          

19 linhas selecionadas.

SQL> EDIT E:/EXE01.SQL

SQL> @ E:/EXE01.SQL

NOME                                           FUNO     DATA DE               
---------------------------------------------- ---------- --------              
Steven King                                    AD_PRES    17/06/03              
Neena Kochhar                                  AD_VP      21/09/05              
Lex De Haan                                    AD_VP      13/01/01              
Alexander Hunold                               IT_PROG    03/01/06              
Bruce Ernst                                    IT_PROG    21/05/07              
David Austin                                   IT_PROG    25/06/05              
Valli Pataballa                                IT_PROG    05/02/06              
Diana Lorentz                                  IT_PROG    07/02/07              
Nancy Greenberg                                FI_MGR     17/08/02              
Daniel Faviet                                  FI_ACCOUNT 16/08/02              
John Chen                                      FI_ACCOUNT 28/09/05              
Ismael Sciarra                                 FI_ACCOUNT 30/09/05              
Jose Manuel Urman                              FI_ACCOUNT 07/03/06              
Luis Popp                                      FI_ACCOUNT 07/12/07              
Den Raphaely                                   PU_MAN     07/12/02              
Alexander Khoo                                 PU_CLERK   18/05/03              
Shelli Baida                                   PU_CLERK   24/12/05              
Sigal Tobias                                   PU_CLERK   24/07/05              
Guy Himuro                                     PU_CLERK   15/11/06              
Karen Colmenares                               PU_CLERK   10/08/07              
Matthew Weiss                                  ST_MAN     18/07/04              
Adam Fripp                                     ST_MAN     10/04/05              
Payam Kaufling                                 ST_MAN     01/05/03              
Shanta Vollman                                 ST_MAN     10/10/05              
Kevin Mourgos                                  ST_MAN     16/11/07              
Julia Nayer                                    ST_CLERK   16/07/05              
Irene Mikkilineni                              ST_CLERK   28/09/06              
James Landry                                   ST_CLERK   14/01/07              
Steven Markle                                  ST_CLERK   08/03/08              
Laura Bissot                                   ST_CLERK   20/08/05              
Mozhe Atkinson                                 ST_CLERK   30/10/05              
James Marlow                                   ST_CLERK   16/02/05              
TJ Olson                                       ST_CLERK   10/04/07              
Jason Mallin                                   ST_CLERK   14/06/04              
Michael Rogers                                 ST_CLERK   26/08/06              
Ki Gee                                         ST_CLERK   12/12/07              
Hazel Philtanker                               ST_CLERK   06/02/08              
Renske Ladwig                                  ST_CLERK   14/07/03              
Stephen Stiles                                 ST_CLERK   26/10/05              
John Seo                                       ST_CLERK   12/02/06              
Joshua Patel                                   ST_CLERK   06/04/06              
Trenna Rajs                                    ST_CLERK   17/10/03              
Curtis Davies                                  ST_CLERK   29/01/05              
Randall Matos                                  ST_CLERK   15/03/06              
Peter Vargas                                   ST_CLERK   09/07/06              
John Russell                                   SA_MAN     01/10/04              
Karen Partners                                 SA_MAN     05/01/05              
Alberto Errazuriz                              SA_MAN     10/03/05              
Gerald Cambrault                               SA_MAN     15/10/07              
Eleni Zlotkey                                  SA_MAN     29/01/08              
Peter Tucker                                   SA_REP     30/01/05              
David Bernstein                                SA_REP     24/03/05              
Peter Hall                                     SA_REP     20/08/05              
Christopher Olsen                              SA_REP     30/03/06              
Nanette Cambrault                              SA_REP     09/12/06              
Oliver Tuvault                                 SA_REP     23/11/07              
Janette King                                   SA_REP     30/01/04              
Patrick Sully                                  SA_REP     04/03/04              
Allan McEwen                                   SA_REP     01/08/04              
Lindsey Smith                                  SA_REP     10/03/05              
Louise Doran                                   SA_REP     15/12/05              
Sarath Sewall                                  SA_REP     03/11/06              
Clara Vishney                                  SA_REP     11/11/05              
Danielle Greene                                SA_REP     19/03/07              
Mattea Marvins                                 SA_REP     24/01/08              
David Lee                                      SA_REP     23/02/08              
Sundar Ande                                    SA_REP     24/03/08              
Amit Banda                                     SA_REP     21/04/08              
Lisa Ozer                                      SA_REP     11/03/05              
Harrison Bloom                                 SA_REP     23/03/06              
Tayler Fox                                     SA_REP     24/01/06              
William Smith                                  SA_REP     23/02/07              
Elizabeth Bates                                SA_REP     24/03/07              
Sundita Kumar                                  SA_REP     21/04/08              
Ellen Abel                                     SA_REP     11/05/04              
Alyssa Hutton                                  SA_REP     19/03/05              
Jonathon Taylor                                SA_REP     24/03/06              
Jack Livingston                                SA_REP     23/04/06              
Kimberely Grant                                SA_REP     24/05/07              
Charles Johnson                                SA_REP     04/01/08              
Winston Taylor                                 SH_CLERK   24/01/06              
Jean Fleaur                                    SH_CLERK   23/02/06              
Martha Sullivan                                SH_CLERK   21/06/07              
Girard Geoni                                   SH_CLERK   03/02/08              
Nandita Sarchand                               SH_CLERK   27/01/04              
Alexis Bull                                    SH_CLERK   20/02/05              
Julia Dellinger                                SH_CLERK   24/06/06              
Anthony Cabrio                                 SH_CLERK   07/02/07              
Kelly Chung                                    SH_CLERK   14/06/05              
Jennifer Dilly                                 SH_CLERK   13/08/05              
Timothy Gates                                  SH_CLERK   11/07/06              
Randall Perkins                                SH_CLERK   19/12/07              
Sarah Bell                                     SH_CLERK   04/02/04              
Britney Everett                                SH_CLERK   03/03/05              
Samuel McCain                                  SH_CLERK   01/07/06              
Vance Jones                                    SH_CLERK   17/03/07              
Alana Walsh                                    SH_CLERK   24/04/06              
Kevin Feeney                                   SH_CLERK   23/05/06              
Donald OConnell                                SH_CLERK   21/06/07              
Douglas Grant                                  SH_CLERK   13/01/08              
Jennifer Whalen                                AD_ASST    17/09/03              
Michael Hartstein                              MK_MAN     17/02/04              
Pat Fay                                        MK_REP     17/08/05              
Susan Mavris                                   HR_REP     07/06/02              
Hermann Baer                                   PR_REP     07/06/02              
Shelley Higgins                                AC_MGR     07/06/02              
William Gietz                                  AC_ACCOUNT 07/06/02              

107 linhas selecionadas.

SQL> SELECT FIRST_NAME||' '||LAST_NAME||' , '||JOB_ID AS "NOMES E PROFISSOES" FROM EMPLOYEES;

NOMES E PROFISSOES                                                              
-----------------------------------------------------------                     
William Gietz , AC_ACCOUNT                                                      
Shelley Higgins , AC_MGR                                                        
Jennifer Whalen , AD_ASST                                                       
Steven King , AD_PRES                                                           
Neena Kochhar , AD_VP                                                           
Lex De Haan , AD_VP                                                             
Daniel Faviet , FI_ACCOUNT                                                      
John Chen , FI_ACCOUNT                                                          
Ismael Sciarra , FI_ACCOUNT                                                     
Jose Manuel Urman , FI_ACCOUNT                                                  
Luis Popp , FI_ACCOUNT                                                          
Nancy Greenberg , FI_MGR                                                        
Susan Mavris , HR_REP                                                           
Alexander Hunold , IT_PROG                                                      
Bruce Ernst , IT_PROG                                                           
David Austin , IT_PROG                                                          
Valli Pataballa , IT_PROG                                                       
Diana Lorentz , IT_PROG                                                         
Michael Hartstein , MK_MAN                                                      
Pat Fay , MK_REP                                                                
Hermann Baer , PR_REP                                                           
Alexander Khoo , PU_CLERK                                                       
Shelli Baida , PU_CLERK                                                         
Sigal Tobias , PU_CLERK                                                         
Guy Himuro , PU_CLERK                                                           
Karen Colmenares , PU_CLERK                                                     
Den Raphaely , PU_MAN                                                           
John Russell , SA_MAN                                                           
Karen Partners , SA_MAN                                                         
Alberto Errazuriz , SA_MAN                                                      
Gerald Cambrault , SA_MAN                                                       
Eleni Zlotkey , SA_MAN                                                          
Peter Tucker , SA_REP                                                           
David Bernstein , SA_REP                                                        
Peter Hall , SA_REP                                                             
Christopher Olsen , SA_REP                                                      
Nanette Cambrault , SA_REP                                                      
Oliver Tuvault , SA_REP                                                         
Janette King , SA_REP                                                           
Patrick Sully , SA_REP                                                          
Allan McEwen , SA_REP                                                           
Lindsey Smith , SA_REP                                                          
Louise Doran , SA_REP                                                           
Sarath Sewall , SA_REP                                                          
Clara Vishney , SA_REP                                                          
Danielle Greene , SA_REP                                                        
Mattea Marvins , SA_REP                                                         
David Lee , SA_REP                                                              
Sundar Ande , SA_REP                                                            
Amit Banda , SA_REP                                                             
Lisa Ozer , SA_REP                                                              
Harrison Bloom , SA_REP                                                         
Tayler Fox , SA_REP                                                             
William Smith , SA_REP                                                          
Elizabeth Bates , SA_REP                                                        
Sundita Kumar , SA_REP                                                          
Ellen Abel , SA_REP                                                             
Alyssa Hutton , SA_REP                                                          
Jonathon Taylor , SA_REP                                                        
Jack Livingston , SA_REP                                                        
Kimberely Grant , SA_REP                                                        
Charles Johnson , SA_REP                                                        
Winston Taylor , SH_CLERK                                                       
Jean Fleaur , SH_CLERK                                                          
Martha Sullivan , SH_CLERK                                                      
Girard Geoni , SH_CLERK                                                         
Nandita Sarchand , SH_CLERK                                                     
Alexis Bull , SH_CLERK                                                          
Julia Dellinger , SH_CLERK                                                      
Anthony Cabrio , SH_CLERK                                                       
Kelly Chung , SH_CLERK                                                          
Jennifer Dilly , SH_CLERK                                                       
Timothy Gates , SH_CLERK                                                        
Randall Perkins , SH_CLERK                                                      
Sarah Bell , SH_CLERK                                                           
Britney Everett , SH_CLERK                                                      
Samuel McCain , SH_CLERK                                                        
Vance Jones , SH_CLERK                                                          
Alana Walsh , SH_CLERK                                                          
Kevin Feeney , SH_CLERK                                                         
Donald OConnell , SH_CLERK                                                      
Douglas Grant , SH_CLERK                                                        
Julia Nayer , ST_CLERK                                                          
Irene Mikkilineni , ST_CLERK                                                    
James Landry , ST_CLERK                                                         
Steven Markle , ST_CLERK                                                        
Laura Bissot , ST_CLERK                                                         
Mozhe Atkinson , ST_CLERK                                                       
James Marlow , ST_CLERK                                                         
TJ Olson , ST_CLERK                                                             
Jason Mallin , ST_CLERK                                                         
Michael Rogers , ST_CLERK                                                       
Ki Gee , ST_CLERK                                                               
Hazel Philtanker , ST_CLERK                                                     
Renske Ladwig , ST_CLERK                                                        
Stephen Stiles , ST_CLERK                                                       
John Seo , ST_CLERK                                                             
Joshua Patel , ST_CLERK                                                         
Trenna Rajs , ST_CLERK                                                          
Curtis Davies , ST_CLERK                                                        
Randall Matos , ST_CLERK                                                        
Peter Vargas , ST_CLERK                                                         
Matthew Weiss , ST_MAN                                                          
Adam Fripp , ST_MAN                                                             
Payam Kaufling , ST_MAN                                                         
Shanta Vollman , ST_MAN                                                         
Kevin Mourgos , ST_MAN                                                          

107 linhas selecionadas.

SQL> DESC EMPLOYEES;
 Nome                                      Nulo?    Tipo
 ----------------------------------------- -------- ----------------------------
 EMPLOYEE_ID                               NOT NULL NUMBER(6)
 FIRST_NAME                                         VARCHAR2(20)
 LAST_NAME                                 NOT NULL VARCHAR2(25)
 EMAIL                                     NOT NULL VARCHAR2(25)
 PHONE_NUMBER                                       VARCHAR2(20)
 HIRE_DATE                                 NOT NULL DATE
 JOB_ID                                    NOT NULL VARCHAR2(10)
 SALARY                                             NUMBER(8,2)
 COMMISSION_PCT                                     NUMBER(2,2)
 MANAGER_ID                                         NUMBER(6)
 DEPARTMENT_ID                                      NUMBER(4)

SQL> SELECT EMPLOYEE_ID||' , '||FIRST_NAME||' '||LAST_NAME||' , '||JOB_ID||' , '||EMAIL||' , '||PHONE_NUMBER||' , '||HIRE_DATE||' , '||SALARY||' , '||COMMISSION_PCT||' , '||MANAGER_ID||'  , '||DEPARTMENT_ID AS " INFORMAOES DOS FUNCIONARIOS" FROM EMPLOYEES;
SELECT EMPLOYEE_ID||' , '||FIRST_NAME||' '||LAST_NAME||' , '||JOB_ID||' , '||EMAIL||' , '||PHONE_NUMBER||' , '||HIRE_DATE||' , '||SALARY||' , '||COMMISSION_PCT||' , '||MANAGER_ID||'  , '||DEPARTMENT_ID AS " INFORMAOES DOS FUNCIONARIOS" FROM EMPLOYEES
                                                                                                                                                                                                             *
ERRO na linha 1:
ORA-00972: identificador muito longo 


SQL> SELECT *||',' FROM EMPLOYEES;
SELECT *||',' FROM EMPLOYEES
        *
ERRO na linha 1:
ORA-00923: palavra-chave FROM no localizada onde esperada 


SQL> SELECT FIRST_NAME||' '||LAST_NAME AS "NOME COMPLETO ", SALARY AS "SALRIO" FROM EMPLOYEES WHERE SALARY >2850;

NOME COMPLETO                                     SALRIO                       
---------------------------------------------- ----------                       
Steven King                                         24000                       
Neena Kochhar                                       17000                       
Lex De Haan                                         17000                       
Alexander Hunold                                     9000                       
Bruce Ernst                                          6000                       
David Austin                                         4800                       
Valli Pataballa                                      4800                       
Diana Lorentz                                        4200                       
Nancy Greenberg                                     12008                       
Daniel Faviet                                        9000                       
John Chen                                            8200                       
Ismael Sciarra                                       7700                       
Jose Manuel Urman                                    7800                       
Luis Popp                                            6900                       
Den Raphaely                                        11000                       
Alexander Khoo                                       3100                       
Shelli Baida                                         2900                       
Matthew Weiss                                        8000                       
Adam Fripp                                           8200                       
Payam Kaufling                                       7900                       
Shanta Vollman                                       6500                       
Kevin Mourgos                                        5800                       
Julia Nayer                                          3200                       
Laura Bissot                                         3300                       
Jason Mallin                                         3300                       
Michael Rogers                                       2900                       
Renske Ladwig                                        3600                       
Stephen Stiles                                       3200                       
Trenna Rajs                                          3500                       
Curtis Davies                                        3100                       
John Russell                                        14000                       
Karen Partners                                      13500                       
Alberto Errazuriz                                   12000                       
Gerald Cambrault                                    11000                       
Eleni Zlotkey                                       10500                       
Peter Tucker                                        10000                       
David Bernstein                                      9500                       
Peter Hall                                           9000                       
Christopher Olsen                                    8000                       
Nanette Cambrault                                    7500                       
Oliver Tuvault                                       7000                       
Janette King                                        10000                       
Patrick Sully                                        9500                       
Allan McEwen                                         9000                       
Lindsey Smith                                        8000                       
Louise Doran                                         7500                       
Sarath Sewall                                        7000                       
Clara Vishney                                       10500                       
Danielle Greene                                      9500                       
Mattea Marvins                                       7200                       
David Lee                                            6800                       
Sundar Ande                                          6400                       
Amit Banda                                           6200                       
Lisa Ozer                                           11500                       
Harrison Bloom                                      10000                       
Tayler Fox                                           9600                       
William Smith                                        7400                       
Elizabeth Bates                                      7300                       
Sundita Kumar                                        6100                       
Ellen Abel                                          11000                       
Alyssa Hutton                                        8800                       
Jonathon Taylor                                      8600                       
Jack Livingston                                      8400                       
Kimberely Grant                                      7000                       
Charles Johnson                                      6200                       
Winston Taylor                                       3200                       
Jean Fleaur                                          3100                       
Nandita Sarchand                                     4200                       
Alexis Bull                                          4100                       
Julia Dellinger                                      3400                       
Anthony Cabrio                                       3000                       
Kelly Chung                                          3800                       
Jennifer Dilly                                       3600                       
Timothy Gates                                        2900                       
Sarah Bell                                           4000                       
Britney Everett                                      3900                       
Samuel McCain                                        3200                       
Alana Walsh                                          3100                       
Kevin Feeney                                         3000                       
Jennifer Whalen                                      4400                       
Michael Hartstein                                   13000                       
Pat Fay                                              6000                       
Susan Mavris                                         6500                       
Hermann Baer                                        10000                       
Shelley Higgins                                     12008                       
William Gietz                                        8300                       

86 linhas selecionadas.

SQL> SELECT FIRST_NAME||' '||LAST_NAME AS "NOME COMPLETO ", SALARY AS "SALRIO" FROM EMPLOYEES WHERE SALARY >2850 ORDER BY SALARY;

NOME COMPLETO                                     SALRIO                       
---------------------------------------------- ----------                       
Timothy Gates                                        2900                       
Shelli Baida                                         2900                       
Michael Rogers                                       2900                       
Anthony Cabrio                                       3000                       
Kevin Feeney                                         3000                       
Alana Walsh                                          3100                       
Alexander Khoo                                       3100                       
Jean Fleaur                                          3100                       
Curtis Davies                                        3100                       
Stephen Stiles                                       3200                       
Julia Nayer                                          3200                       
Samuel McCain                                        3200                       
Winston Taylor                                       3200                       
Jason Mallin                                         3300                       
Laura Bissot                                         3300                       
Julia Dellinger                                      3400                       
Trenna Rajs                                          3500                       
Renske Ladwig                                        3600                       
Jennifer Dilly                                       3600                       
Kelly Chung                                          3800                       
Britney Everett                                      3900                       
Sarah Bell                                           4000                       
Alexis Bull                                          4100                       
Diana Lorentz                                        4200                       
Nandita Sarchand                                     4200                       
Jennifer Whalen                                      4400                       
Valli Pataballa                                      4800                       
David Austin                                         4800                       
Kevin Mourgos                                        5800                       
Bruce Ernst                                          6000                       
Pat Fay                                              6000                       
Sundita Kumar                                        6100                       
Charles Johnson                                      6200                       
Amit Banda                                           6200                       
Sundar Ande                                          6400                       
Shanta Vollman                                       6500                       
Susan Mavris                                         6500                       
David Lee                                            6800                       
Luis Popp                                            6900                       
Oliver Tuvault                                       7000                       
Kimberely Grant                                      7000                       
Sarath Sewall                                        7000                       
Mattea Marvins                                       7200                       
Elizabeth Bates                                      7300                       
William Smith                                        7400                       
Louise Doran                                         7500                       
Nanette Cambrault                                    7500                       
Ismael Sciarra                                       7700                       
Jose Manuel Urman                                    7800                       
Payam Kaufling                                       7900                       
Christopher Olsen                                    8000                       
Matthew Weiss                                        8000                       
Lindsey Smith                                        8000                       
John Chen                                            8200                       
Adam Fripp                                           8200                       
William Gietz                                        8300                       
Jack Livingston                                      8400                       
Jonathon Taylor                                      8600                       
Alyssa Hutton                                        8800                       
Alexander Hunold                                     9000                       
Daniel Faviet                                        9000                       
Peter Hall                                           9000                       
Allan McEwen                                         9000                       
Danielle Greene                                      9500                       
Patrick Sully                                        9500                       
David Bernstein                                      9500                       
Tayler Fox                                           9600                       
Hermann Baer                                        10000                       
Harrison Bloom                                      10000                       
Janette King                                        10000                       
Peter Tucker                                        10000                       
Clara Vishney                                       10500                       
Eleni Zlotkey                                       10500                       
Ellen Abel                                          11000                       
Gerald Cambrault                                    11000                       
Den Raphaely                                        11000                       
Lisa Ozer                                           11500                       
Alberto Errazuriz                                   12000                       
Nancy Greenberg                                     12008                       
Shelley Higgins                                     12008                       
Michael Hartstein                                   13000                       
Karen Partners                                      13500                       
John Russell                                        14000                       
Neena Kochhar                                       17000                       
Lex De Haan                                         17000                       
Steven King                                         24000                       

86 linhas selecionadas.

SQL> SELECT FIRST_NAME||' '||LAST_NAME AS "NOME COMPLETO ", SALARY AS "SALRIO" FROM EMPLOYEES WHERE SALARY >2850 ORDER BY SALARY DESC;

NOME COMPLETO                                     SALRIO                       
---------------------------------------------- ----------                       
Steven King                                         24000                       
Lex De Haan                                         17000                       
Neena Kochhar                                       17000                       
John Russell                                        14000                       
Karen Partners                                      13500                       
Michael Hartstein                                   13000                       
Nancy Greenberg                                     12008                       
Shelley Higgins                                     12008                       
Alberto Errazuriz                                   12000                       
Lisa Ozer                                           11500                       
Den Raphaely                                        11000                       
Ellen Abel                                          11000                       
Gerald Cambrault                                    11000                       
Eleni Zlotkey                                       10500                       
Clara Vishney                                       10500                       
Harrison Bloom                                      10000                       
Janette King                                        10000                       
Peter Tucker                                        10000                       
Hermann Baer                                        10000                       
Tayler Fox                                           9600                       
Danielle Greene                                      9500                       
Patrick Sully                                        9500                       
David Bernstein                                      9500                       
Alexander Hunold                                     9000                       
Daniel Faviet                                        9000                       
Peter Hall                                           9000                       
Allan McEwen                                         9000                       
Alyssa Hutton                                        8800                       
Jonathon Taylor                                      8600                       
Jack Livingston                                      8400                       
William Gietz                                        8300                       
John Chen                                            8200                       
Adam Fripp                                           8200                       
Lindsey Smith                                        8000                       
Christopher Olsen                                    8000                       
Matthew Weiss                                        8000                       
Payam Kaufling                                       7900                       
Jose Manuel Urman                                    7800                       
Ismael Sciarra                                       7700                       
Nanette Cambrault                                    7500                       
Louise Doran                                         7500                       
William Smith                                        7400                       
Elizabeth Bates                                      7300                       
Mattea Marvins                                       7200                       
Sarath Sewall                                        7000                       
Kimberely Grant                                      7000                       
Oliver Tuvault                                       7000                       
Luis Popp                                            6900                       
David Lee                                            6800                       
Shanta Vollman                                       6500                       
Susan Mavris                                         6500                       
Sundar Ande                                          6400                       
Charles Johnson                                      6200                       
Amit Banda                                           6200                       
Sundita Kumar                                        6100                       
Bruce Ernst                                          6000                       
Pat Fay                                              6000                       
Kevin Mourgos                                        5800                       
David Austin                                         4800                       
Valli Pataballa                                      4800                       
Jennifer Whalen                                      4400                       
Nandita Sarchand                                     4200                       
Diana Lorentz                                        4200                       
Alexis Bull                                          4100                       
Sarah Bell                                           4000                       
Britney Everett                                      3900                       
Kelly Chung                                          3800                       
Renske Ladwig                                        3600                       
Jennifer Dilly                                       3600                       
Trenna Rajs                                          3500                       
Julia Dellinger                                      3400                       
Laura Bissot                                         3300                       
Jason Mallin                                         3300                       
Winston Taylor                                       3200                       
Julia Nayer                                          3200                       
Stephen Stiles                                       3200                       
Samuel McCain                                        3200                       
Jean Fleaur                                          3100                       
Alexander Khoo                                       3100                       
Curtis Davies                                        3100                       
Alana Walsh                                          3100                       
Anthony Cabrio                                       3000                       
Kevin Feeney                                         3000                       
Michael Rogers                                       2900                       
Timothy Gates                                        2900                       
Shelli Baida                                         2900                       

86 linhas selecionadas.

SQL> SELECT CURRENT_DATE FROM DUAL;

CURRENT_                                                                        
--------                                                                        
02/04/18                                                                        

SQL> SELECT EMPLOYEE_ID,HIRE_DATE, MONTHS_BETWEEN(SYSDATE,HIRE_DATE) FROM EMPLOYEES WHERE DEPARTMENT_ID;
SELECT EMPLOYEE_ID,HIRE_DATE, MONTHS_BETWEEN(SYSDATE,HIRE_DATE) FROM EMPLOYEES WHERE DEPARTMENT_ID
                                                                                                 *
ERRO na linha 1:
ORA-00920: operador relacional invlido 


SQL> SELECT EMPLOYEE_ID,HIRE_DATE, MONTHS_BETWEEN(SYSDATE,HIRE_DATE) FROM EMPLOYEES WHERE DEPARTMENT_ID IS NULL;

EMPLOYEE_ID HIRE_DAT MONTHS_BETWEEN(SYSDATE,HIRE_DATE)                          
----------- -------- ---------------------------------                          
        178 24/05/07                         130,31701                          

SQL> SELECT EMPLOYEE_ID,HIRE_DATE, ROUND(MONTHS_BETWEEN(SYSDATE,HIRE_DATE)) FROM EMPLOYEES WHERE DEPARTMENT_ID IS NULL;

EMPLOYEE_ID HIRE_DAT ROUND(MONTHS_BETWEEN(SYSDATE,HIRE_DATE))                   
----------- -------- ----------------------------------------                   
        178 24/05/07                                      130                   

SQL> SELECT SYSDATE+7,SYSDATE-40 FROM DUAL;

SYSDATE+ SYSDATE-                                                               
-------- --------                                                               
09/04/18 21/02/18                                                               

SQL> DESC DUAL;
 Nome                                      Nulo?    Tipo
 ----------------------------------------- -------- ----------------------------
 DUMMY                                              VARCHAR2(1)

SQL> SELECT ADD_MONTHS(SYSDATE,3), ADD_MONTHS(SYSDATE,-5) FROM DUAL;

ADD_MONT ADD_MONT                                                               
-------- --------                                                               
02/07/18 02/11/17                                                               

SQL> SELECT NEXT_DAY(SYSDATE,'SEXTA-FEIRA') FROM DUAL;

NEXT_DAY                                                                        
--------                                                                        
06/04/18                                                                        

SQL> SELECT LAST_DAY(SYSDATE) FROM DUAL;

LAST_DAY                                                                        
--------                                                                        
30/04/18                                                                        

SQL> SELECT TRUNC(SYSDATE,'MONTH') FROM DUAL;

TRUNC(SY                                                                        
--------                                                                        
01/04/18                                                                        

SQL> SELECT TRUNC(SYSDATE,'YEAR') FROM DUAL;

TRUNC(SY                                                                        
--------                                                                        
01/01/18                                                                        

SQL> SELECT LAST_DAY(SYSDATE,'YEAR') FROM DUAL;
SELECT LAST_DAY(SYSDATE,'YEAR') FROM DUAL
       *
ERRO na linha 1:
ORA-00909: nmero de argumentos invlido 


SQL> SELECT ROUND(SYSDATE,'MONTH'),TRUNC(SYSDATE, 'MONTH') FROM DUAL;

ROUND(SY TRUNC(SY                                                               
-------- --------                                                               
01/04/18 01/04/18                                                               

SQL> SELECT TRUNC(SYSDATE,'YEAR') FROM DUAL;

TRUNC(SY                                                                        
--------                                                                        
01/01/18                                                                        

SQL> SELECT ROUND(SYSDATE,'YEAR'),TRUNC(SYSDATE, 'YEAR') FROM DUAL;

ROUND(SY TRUNC(SY                                                               
-------- --------                                                               
01/01/18 01/01/18                                                               

SQL> --CONVERSOES
SQL> --TO_DATE TO_NUMBER TO_CHAR
SQL> SELECT TO_CHAR(SYSDATE,'DAY'), TO_CHAR(SYSDATE,'DY') FROM DUAL;

TO_CHAR(SYSDATE,'DAY')                               TO_CHAR(SYSD               
---------------------------------------------------- ------------               
SEGUNDA-FEIRA                                        SEG                        

SQL> --HORAS
SQL> SELECT TO(CHAR(SYSDATE,'HH12:MI:SS'), TO_CHAR(SYSDATE,'HH24:MI:SS') FROM DUAL;
SELECT TO(CHAR(SYSDATE,'HH12:MI:SS'), TO_CHAR(SYSDATE,'HH24:MI:SS') FROM DUAL
       *
ERRO na linha 1:
ORA-00936: expresso no encontrada 


SQL> SELECT TO_CHAR(SYSDATE,'HH12:MI:SS'), TO_CHAR(SYSDATE,'HH24:MI:SS') FROM DUAL;

TO_CHAR( TO_CHAR(                                                               
-------- --------                                                               
08:12:52 20:12:52                                                               

SQL> /

TO_CHAR( TO_CHAR(                                                               
-------- --------                                                               
08:12:56 20:12:56                                                               

SQL> /

TO_CHAR( TO_CHAR(                                                               
-------- --------                                                               
08:12:56 20:12:56                                                               

SQL> /

TO_CHAR( TO_CHAR(                                                               
-------- --------                                                               
08:12:57 20:12:57                                                               

SQL> /

TO_CHAR( TO_CHAR(                                                               
-------- --------                                                               
08:12:58 20:12:58                                                               

SQL> /

TO_CHAR( TO_CHAR(                                                               
-------- --------                                                               
08:12:58 20:12:58                                                               

SQL> SELECT TO_CHAR(SYSDATE,'MONTH'), TO_CHAR(SYSDATE,'MM'), TO_CHAR(SYSDATE,'MON') FROM DUAL;

TO_CHAR(SYSDATE,'MONTH')             TO TO_CHAR(SYSD                            
------------------------------------ -- ------------                            
ABRIL                                04 ABR                                     

SQL> SELECT TO_CHAR(SYSDATE,'YEAR'), TO_CHAR(SYSDATE,'YYYY'), TO_CHAR(SYSDATE,'YY') FROM DUAL;

TO_CHAR(SYSDATE,'YEAR')                    TO_C TO                              
------------------------------------------ ---- --                              
TWENTY EIGHTEEN                            2018 18                              

SQL> SELECT TO_CHAR(SYSDATE,'DAY') FROM DUAL;

TO_CHAR(SYSDATE,'DAY')                                                          
----------------------------------------------------                            
SEGUNDA-FEIRA                                                                   

SQL> ALTER SESSION SET NLS_DATE_FORMAT = 'DD/MM/YYYY HH24:MI')
  2  ;
ALTER SESSION SET NLS_DATE_FORMAT = 'DD/MM/YYYY HH24:MI')
                                                        *
ERRO na linha 1:
ORA-00922: opo no encontrada ou invlida 


SQL> ALTER SESSION SET NLS_DATE_FORMAT = 'DD/MM/YYYY HH24:MI'
  2  ;

Sesso alterada.

SQL> SELECT SYSDATE FROM DUAL;

SYSDATE                                                                         
----------------                                                                
02/04/2018 20:20                                                                

SQL> SELECT FIRST_NAME AS "NOME", TO_CHAR(SALARY,'L999,999.99') FROM EMPLOYEES WHERE JOB_ID = UPPER('IT_PROG');

NOME                 TO_CHAR(SALARY,'L999,                                      
-------------------- ---------------------                                      
Alexander                       R$9,000.00                                      
Bruce                           R$6,000.00                                      
David                           R$4,800.00                                      
Valli                           R$4,800.00                                      
Diana                           R$4,200.00                                      

SQL> show parameters
ORA-00942: a tabela ou view no existe 


SQL> --EXEBIR O SNOME,SALARIO, ID DO CARGO CASO SEJA ST_CLERK E CONCEDER 10% DE AUMENTO CASO IT_PROG 20% CASO CONTRARIO NENHUM AUMENTO
SQL> SELECT LAST_NAME, SALARY,JOB_ID, DECODE(JOB_ID , 'ST_CLERK', SALARY *1.10, 'IT_PROG,SALARY *1.20,SALARY) FROM EMPLOYEES;
ERROR:
ORA-01756: string entre aspas no finalizada adequadamente 


SQL> SELECT LAST_NAME, SALARY,JOB_ID, DECODE(JOB_ID , 'ST_CLERK', SALARY *1.10, 'IT_PROG',SALARY *1.20,SALARY) FROM EMPLOYEES;

LAST_NAME                     SALARY JOB_ID                                     
------------------------- ---------- ----------                                 
DECODE(JOB_ID,'ST_CLERK',SALARY*1.10,'IT_PROG',SALARY*1.20,SALARY)              
------------------------------------------------------------------              
King                           24000 AD_PRES                                    
                                                             24000              
                                                                                
Kochhar                        17000 AD_VP                                      
                                                             17000              
                                                                                
De Haan                        17000 AD_VP                                      
                                                             17000              
                                                                                
Hunold                          9000 IT_PROG                                    
                                                             10800              
                                                                                
Ernst                           6000 IT_PROG                                    
                                                              7200              
                                                                                
Austin                          4800 IT_PROG                                    
                                                              5760              
                                                                                
Pataballa                       4800 IT_PROG                                    
                                                              5760              
                                                                                
Lorentz                         4200 IT_PROG                                    
                                                              5040              
                                                                                
Greenberg                      12008 FI_MGR                                     
                                                             12008              
                                                                                
Faviet                          9000 FI_ACCOUNT                                 
                                                              9000              
                                                                                
Chen                            8200 FI_ACCOUNT                                 
                                                              8200              
                                                                                
Sciarra                         7700 FI_ACCOUNT                                 
                                                              7700              
                                                                                
Urman                           7800 FI_ACCOUNT                                 
                                                              7800              
                                                                                
Popp                            6900 FI_ACCOUNT                                 
                                                              6900              
                                                                                
Raphaely                       11000 PU_MAN                                     
                                                             11000              
                                                                                
Khoo                            3100 PU_CLERK                                   
                                                              3100              
                                                                                
Baida                           2900 PU_CLERK                                   
                                                              2900              
                                                                                
Tobias                          2800 PU_CLERK                                   
                                                              2800              
                                                                                
Himuro                          2600 PU_CLERK                                   
                                                              2600              
                                                                                
Colmenares                      2500 PU_CLERK                                   
                                                              2500              
                                                                                
Weiss                           8000 ST_MAN                                     
                                                              8000              
                                                                                
Fripp                           8200 ST_MAN                                     
                                                              8200              
                                                                                
Kaufling                        7900 ST_MAN                                     
                                                              7900              
                                                                                
Vollman                         6500 ST_MAN                                     
                                                              6500              
                                                                                
Mourgos                         5800 ST_MAN                                     
                                                              5800              
                                                                                
Nayer                           3200 ST_CLERK                                   
                                                              3520              
                                                                                
Mikkilineni                     2700 ST_CLERK                                   
                                                              2970              
                                                                                
Landry                          2400 ST_CLERK                                   
                                                              2640              
                                                                                
Markle                          2200 ST_CLERK                                   
                                                              2420              
                                                                                
Bissot                          3300 ST_CLERK                                   
                                                              3630              
                                                                                
Atkinson                        2800 ST_CLERK                                   
                                                              3080              
                                                                                
Marlow                          2500 ST_CLERK                                   
                                                              2750              
                                                                                
Olson                           2100 ST_CLERK                                   
                                                              2310              
                                                                                
Mallin                          3300 ST_CLERK                                   
                                                              3630              
                                                                                
Rogers                          2900 ST_CLERK                                   
                                                              3190              
                                                                                
Gee                             2400 ST_CLERK                                   
                                                              2640              
                                                                                
Philtanker                      2200 ST_CLERK                                   
                                                              2420              
                                                                                
Ladwig                          3600 ST_CLERK                                   
                                                              3960              
                                                                                
Stiles                          3200 ST_CLERK                                   
                                                              3520              
                                                                                
Seo                             2700 ST_CLERK                                   
                                                              2970              
                                                                                
Patel                           2500 ST_CLERK                                   
                                                              2750              
                                                                                
Rajs                            3500 ST_CLERK                                   
                                                              3850              
                                                                                
Davies                          3100 ST_CLERK                                   
                                                              3410              
                                                                                
Matos                           2600 ST_CLERK                                   
                                                              2860              
                                                                                
Vargas                          2500 ST_CLERK                                   
                                                              2750              
                                                                                
Russell                        14000 SA_MAN                                     
                                                             14000              
                                                                                
Partners                       13500 SA_MAN                                     
                                                             13500              
                                                                                
Errazuriz                      12000 SA_MAN                                     
                                                             12000              
                                                                                
Cambrault                      11000 SA_MAN                                     
                                                             11000              
                                                                                
Zlotkey                        10500 SA_MAN                                     
                                                             10500              
                                                                                
Tucker                         10000 SA_REP                                     
                                                             10000              
                                                                                
Bernstein                       9500 SA_REP                                     
                                                              9500              
                                                                                
Hall                            9000 SA_REP                                     
                                                              9000              
                                                                                
Olsen                           8000 SA_REP                                     
                                                              8000              
                                                                                
Cambrault                       7500 SA_REP                                     
                                                              7500              
                                                                                
Tuvault                         7000 SA_REP                                     
                                                              7000              
                                                                                
King                           10000 SA_REP                                     
                                                             10000              
                                                                                
Sully                           9500 SA_REP                                     
                                                              9500              
                                                                                
McEwen                          9000 SA_REP                                     
                                                              9000              
                                                                                
Smith                           8000 SA_REP                                     
                                                              8000              
                                                                                
Doran                           7500 SA_REP                                     
                                                              7500              
                                                                                
Sewall                          7000 SA_REP                                     
                                                              7000              
                                                                                
Vishney                        10500 SA_REP                                     
                                                             10500              
                                                                                
Greene                          9500 SA_REP                                     
                                                              9500              
                                                                                
Marvins                         7200 SA_REP                                     
                                                              7200              
                                                                                

LAST_NAME                     SALARY JOB_ID                                     
------------------------- ---------- ----------                                 
DECODE(JOB_ID,'ST_CLERK',SALARY*1.10,'IT_PROG',SALARY*1.20,SALARY)              
------------------------------------------------------------------              
Lee                             6800 SA_REP                                     
                                                              6800              
                                                                                
Ande                            6400 SA_REP                                     
                                                              6400              
                                                                                
Banda                           6200 SA_REP                                     
                                                              6200              
                                                                                
Ozer                           11500 SA_REP                                     
                                                             11500              
                                                                                
Bloom                          10000 SA_REP                                     
                                                             10000              
                                                                                
Fox                             9600 SA_REP                                     
                                                              9600              
                                                                                
Smith                           7400 SA_REP                                     
                                                              7400              
                                                                                
Bates                           7300 SA_REP                                     
                                                              7300              
                                                                                
Kumar                           6100 SA_REP                                     
                                                              6100              
                                                                                
Abel                           11000 SA_REP                                     
                                                             11000              
                                                                                
Hutton                          8800 SA_REP                                     
                                                              8800              
                                                                                
Taylor                          8600 SA_REP                                     
                                                              8600              
                                                                                
Livingston                      8400 SA_REP                                     
                                                              8400              
                                                                                
Grant                           7000 SA_REP                                     
                                                              7000              
                                                                                
Johnson                         6200 SA_REP                                     
                                                              6200              
                                                                                
Taylor                          3200 SH_CLERK                                   
                                                              3200              
                                                                                
Fleaur                          3100 SH_CLERK                                   
                                                              3100              
                                                                                
Sullivan                        2500 SH_CLERK                                   
                                                              2500              
                                                                                
Geoni                           2800 SH_CLERK                                   
                                                              2800              
                                                                                
Sarchand                        4200 SH_CLERK                                   
                                                              4200              
                                                                                
Bull                            4100 SH_CLERK                                   
                                                              4100              
                                                                                
Dellinger                       3400 SH_CLERK                                   
                                                              3400              
                                                                                
Cabrio                          3000 SH_CLERK                                   
                                                              3000              
                                                                                
Chung                           3800 SH_CLERK                                   
                                                              3800              
                                                                                
Dilly                           3600 SH_CLERK                                   
                                                              3600              
                                                                                
Gates                           2900 SH_CLERK                                   
                                                              2900              
                                                                                
Perkins                         2500 SH_CLERK                                   
                                                              2500              
                                                                                
Bell                            4000 SH_CLERK                                   
                                                              4000              
                                                                                
Everett                         3900 SH_CLERK                                   
                                                              3900              
                                                                                
McCain                          3200 SH_CLERK                                   
                                                              3200              
                                                                                
Jones                           2800 SH_CLERK                                   
                                                              2800              
                                                                                
Walsh                           3100 SH_CLERK                                   
                                                              3100              
                                                                                
Feeney                          3000 SH_CLERK                                   
                                                              3000              
                                                                                
OConnell                        2600 SH_CLERK                                   
                                                              2600              
                                                                                
Grant                           2600 SH_CLERK                                   
                                                              2600              
                                                                                
Whalen                          4400 AD_ASST                                    
                                                              4400              
                                                                                
Hartstein                      13000 MK_MAN                                     
                                                             13000              
                                                                                
Fay                             6000 MK_REP                                     
                                                              6000              
                                                                                
Mavris                          6500 HR_REP                                     
                                                              6500              
                                                                                
Baer                           10000 PR_REP                                     
                                                             10000              
                                                                                
Higgins                        12008 AC_MGR                                     
                                                             12008              
                                                                                
Gietz                           8300 AC_ACCOUNT                                 
                                                              8300              
                                                                                

107 linhas selecionadas.

SQL> --DECODE E PADRAO ORACLE NO PADRAO ANSI E CASE
SQL> SELECT LAST_NAME, SALARY,JOB_ID, CASE JOB_ID WHEN 'ST_CLERK' THEN SALARY*1.10 WHEN 'IT_PROG THEN SALARY*1.20 ELSE SALARY END FROM EMPLOYEES;
ERROR:
ORA-01756: string entre aspas no finalizada adequadamente 


SQL> SELECT LAST_NAME, SALARY,JOB_ID, CASE JOB_ID WHEN 'ST_CLERK' THEN SALARY*1.10 WHEN 'IT_PROG' THEN SALARY*1.20 ELSE SALARY END FROM EMPLOYEES;

LAST_NAME                     SALARY JOB_ID                                     
------------------------- ---------- ----------                                 
CASEJOB_IDWHEN'ST_CLERK'THENSALARY*1.10WHEN'IT_PROG'THENSALARY*1.20ELSESALARYEND
--------------------------------------------------------------------------------
King                           24000 AD_PRES                                    
                                                                           24000
                                                                                
Kochhar                        17000 AD_VP                                      
                                                                           17000
                                                                                
De Haan                        17000 AD_VP                                      
                                                                           17000
                                                                                
Hunold                          9000 IT_PROG                                    
                                                                           10800
                                                                                
Ernst                           6000 IT_PROG                                    
                                                                            7200
                                                                                
Austin                          4800 IT_PROG                                    
                                                                            5760
                                                                                
Pataballa                       4800 IT_PROG                                    
                                                                            5760
                                                                                
Lorentz                         4200 IT_PROG                                    
                                                                            5040
                                                                                
Greenberg                      12008 FI_MGR                                     
                                                                           12008
                                                                                
Faviet                          9000 FI_ACCOUNT                                 
                                                                            9000
                                                                                
Chen                            8200 FI_ACCOUNT                                 
                                                                            8200
                                                                                
Sciarra                         7700 FI_ACCOUNT                                 
                                                                            7700
                                                                                
Urman                           7800 FI_ACCOUNT                                 
                                                                            7800
                                                                                
Popp                            6900 FI_ACCOUNT                                 
                                                                            6900
                                                                                
Raphaely                       11000 PU_MAN                                     
                                                                           11000
                                                                                
Khoo                            3100 PU_CLERK                                   
                                                                            3100
                                                                                
Baida                           2900 PU_CLERK                                   
                                                                            2900
                                                                                
Tobias                          2800 PU_CLERK                                   
                                                                            2800
                                                                                
Himuro                          2600 PU_CLERK                                   
                                                                            2600
                                                                                
Colmenares                      2500 PU_CLERK                                   
                                                                            2500
                                                                                
Weiss                           8000 ST_MAN                                     
                                                                            8000
                                                                                
Fripp                           8200 ST_MAN                                     
                                                                            8200
                                                                                
Kaufling                        7900 ST_MAN                                     
                                                                            7900
                                                                                
Vollman                         6500 ST_MAN                                     
                                                                            6500
                                                                                
Mourgos                         5800 ST_MAN                                     
                                                                            5800
                                                                                
Nayer                           3200 ST_CLERK                                   
                                                                            3520
                                                                                
Mikkilineni                     2700 ST_CLERK                                   
                                                                            2970
                                                                                
Landry                          2400 ST_CLERK                                   
                                                                            2640
                                                                                
Markle                          2200 ST_CLERK                                   
                                                                            2420
                                                                                
Bissot                          3300 ST_CLERK                                   
                                                                            3630
                                                                                
Atkinson                        2800 ST_CLERK                                   
                                                                            3080
                                                                                
Marlow                          2500 ST_CLERK                                   
                                                                            2750
                                                                                
Olson                           2100 ST_CLERK                                   
                                                                            2310
                                                                                
Mallin                          3300 ST_CLERK                                   
                                                                            3630
                                                                                
Rogers                          2900 ST_CLERK                                   
                                                                            3190
                                                                                
Gee                             2400 ST_CLERK                                   
                                                                            2640
                                                                                
Philtanker                      2200 ST_CLERK                                   
                                                                            2420
                                                                                
Ladwig                          3600 ST_CLERK                                   
                                                                            3960
                                                                                
Stiles                          3200 ST_CLERK                                   
                                                                            3520
                                                                                
Seo                             2700 ST_CLERK                                   
                                                                            2970
                                                                                
Patel                           2500 ST_CLERK                                   
                                                                            2750
                                                                                
Rajs                            3500 ST_CLERK                                   
                                                                            3850
                                                                                
Davies                          3100 ST_CLERK                                   
                                                                            3410
                                                                                
Matos                           2600 ST_CLERK                                   
                                                                            2860
                                                                                
Vargas                          2500 ST_CLERK                                   
                                                                            2750
                                                                                
Russell                        14000 SA_MAN                                     
                                                                           14000
                                                                                
Partners                       13500 SA_MAN                                     
                                                                           13500
                                                                                
Errazuriz                      12000 SA_MAN                                     
                                                                           12000
                                                                                
Cambrault                      11000 SA_MAN                                     
                                                                           11000
                                                                                
Zlotkey                        10500 SA_MAN                                     
                                                                           10500
                                                                                
Tucker                         10000 SA_REP                                     
                                                                           10000
                                                                                
Bernstein                       9500 SA_REP                                     
                                                                            9500
                                                                                
Hall                            9000 SA_REP                                     
                                                                            9000
                                                                                
Olsen                           8000 SA_REP                                     
                                                                            8000
                                                                                
Cambrault                       7500 SA_REP                                     
                                                                            7500
                                                                                
Tuvault                         7000 SA_REP                                     
                                                                            7000
                                                                                
King                           10000 SA_REP                                     
                                                                           10000
                                                                                
Sully                           9500 SA_REP                                     
                                                                            9500
                                                                                
McEwen                          9000 SA_REP                                     
                                                                            9000
                                                                                
Smith                           8000 SA_REP                                     
                                                                            8000
                                                                                
Doran                           7500 SA_REP                                     
                                                                            7500
                                                                                
Sewall                          7000 SA_REP                                     
                                                                            7000
                                                                                
Vishney                        10500 SA_REP                                     
                                                                           10500
                                                                                
Greene                          9500 SA_REP                                     
                                                                            9500
                                                                                
Marvins                         7200 SA_REP                                     
                                                                            7200
                                                                                

LAST_NAME                     SALARY JOB_ID                                     
------------------------- ---------- ----------                                 
CASEJOB_IDWHEN'ST_CLERK'THENSALARY*1.10WHEN'IT_PROG'THENSALARY*1.20ELSESALARYEND
--------------------------------------------------------------------------------
Lee                             6800 SA_REP                                     
                                                                            6800
                                                                                
Ande                            6400 SA_REP                                     
                                                                            6400
                                                                                
Banda                           6200 SA_REP                                     
                                                                            6200
                                                                                
Ozer                           11500 SA_REP                                     
                                                                           11500
                                                                                
Bloom                          10000 SA_REP                                     
                                                                           10000
                                                                                
Fox                             9600 SA_REP                                     
                                                                            9600
                                                                                
Smith                           7400 SA_REP                                     
                                                                            7400
                                                                                
Bates                           7300 SA_REP                                     
                                                                            7300
                                                                                
Kumar                           6100 SA_REP                                     
                                                                            6100
                                                                                
Abel                           11000 SA_REP                                     
                                                                           11000
                                                                                
Hutton                          8800 SA_REP                                     
                                                                            8800
                                                                                
Taylor                          8600 SA_REP                                     
                                                                            8600
                                                                                
Livingston                      8400 SA_REP                                     
                                                                            8400
                                                                                
Grant                           7000 SA_REP                                     
                                                                            7000
                                                                                
Johnson                         6200 SA_REP                                     
                                                                            6200
                                                                                
Taylor                          3200 SH_CLERK                                   
                                                                            3200
                                                                                
Fleaur                          3100 SH_CLERK                                   
                                                                            3100
                                                                                
Sullivan                        2500 SH_CLERK                                   
                                                                            2500
                                                                                
Geoni                           2800 SH_CLERK                                   
                                                                            2800
                                                                                
Sarchand                        4200 SH_CLERK                                   
                                                                            4200
                                                                                
Bull                            4100 SH_CLERK                                   
                                                                            4100
                                                                                
Dellinger                       3400 SH_CLERK                                   
                                                                            3400
                                                                                
Cabrio                          3000 SH_CLERK                                   
                                                                            3000
                                                                                
Chung                           3800 SH_CLERK                                   
                                                                            3800
                                                                                
Dilly                           3600 SH_CLERK                                   
                                                                            3600
                                                                                
Gates                           2900 SH_CLERK                                   
                                                                            2900
                                                                                
Perkins                         2500 SH_CLERK                                   
                                                                            2500
                                                                                
Bell                            4000 SH_CLERK                                   
                                                                            4000
                                                                                
Everett                         3900 SH_CLERK                                   
                                                                            3900
                                                                                
McCain                          3200 SH_CLERK                                   
                                                                            3200
                                                                                
Jones                           2800 SH_CLERK                                   
                                                                            2800
                                                                                
Walsh                           3100 SH_CLERK                                   
                                                                            3100
                                                                                
Feeney                          3000 SH_CLERK                                   
                                                                            3000
                                                                                
OConnell                        2600 SH_CLERK                                   
                                                                            2600
                                                                                
Grant                           2600 SH_CLERK                                   
                                                                            2600
                                                                                
Whalen                          4400 AD_ASST                                    
                                                                            4400
                                                                                
Hartstein                      13000 MK_MAN                                     
                                                                           13000
                                                                                
Fay                             6000 MK_REP                                     
                                                                            6000
                                                                                
Mavris                          6500 HR_REP                                     
                                                                            6500
                                                                                
Baer                           10000 PR_REP                                     
                                                                           10000
                                                                                
Higgins                        12008 AC_MGR                                     
                                                                           12008
                                                                                
Gietz                           8300 AC_ACCOUNT                                 
                                                                            8300
                                                                                

107 linhas selecionadas.

SQL> SELECT MAX(JOB_ID), COUNT(JOB_ID) FROM EMPLOYEES;

MAX(JOB_ID COUNT(JOB_ID)                                                        
---------- -------------                                                        
ST_MAN               107                                                        

SQL> SELECT DISTINCT COUNT(JOB_ID) FROM EMPLOYEES;

COUNT(JOB_ID)                                                                   
-------------                                                                   
          107                                                                   

SQL> SELECT COUNT(EMPLOYEE_ID) AS "TOTAL DE FUNCIONARIOS "  FROM EMPLOYEES;

TOTAL DE FUNCIONARIOS                                                           
----------------------                                                          
                   107                                                          

SQL> SELECT LAST_NAME, SALARY,JOB_ID, DECODE(JOB_ID , 'ST_CLERK', SALARY *1.10, 'IT_PROG',SALARY *1.20,SALARY) FROM EMPLOYEES.
  2  
SQL> SELECT COUNT(EMPLOYEE_ID) AS "TOTAL DE FUNCIONARIOS" , COUNT(DECODE(TO_CHAR(HIRE_DATE,'YYYY'),'2005',1,0)) AS "2005" FROM EMPLOYEES;

TOTAL DE FUNCIONARIOS       2005                                                
--------------------- ----------                                                
                  107        107                                                

SQL> SELECT COUNT(EMPLOYEE_ID) AS "TOTAL DE FUNCIONARIOS" , SUM(DECODE(TO_CHAR(HIRE_DATE,'YYYY'),'2005',1,0)) AS "2005" FROM EMPLOYEES;

TOTAL DE FUNCIONARIOS       2005                                                
--------------------- ----------                                                
                  107         29                                                

SQL> SPOOL OFF
