SQL> CONNECT
Informe o nome do usuário: HED
Conectado.
SQL> COMMENT ON TABLE AUTOR IS 'ESSA TABELA  DESTINADA A GRAVA€ÇO DOS AUTORES DE LIVROS';

Comentário criado.

SQL> COMMENT ON COLUMN AUTOR.CD_AUTOR IS 'AQUI  REGISTRADO O CODIGO DO AUTOR NA EMPRESA';

Comentário criado.

SQL> SELECT * FROM ALL_TAB_COMMENTS WHERE TABLE_NAME='AUTOR';

OWNER                          TABLE_NAME                     TABLE_TYPE        
------------------------------ ------------------------------ -----------       
COMMENTS                                                                        
--------------------------------------------------------------------------------
HED                            AUTOR                          TABLE             
ESSA TABELA  DESTINADA A GRAVA€ÇO DOS AUTORES DE LIVROS                        
                                                                                

SQL> SELECT * FROM ALL_COL_COMMENTS WHERE TABLE_NAME='AUTOR';

OWNER                          TABLE_NAME                                       
------------------------------ ------------------------------                   
COLUMN_NAME                                                                     
------------------------------                                                  
COMMENTS                                                                        
--------------------------------------------------------------------------------
HED                            AUTOR                                            
CD_AUTOR                                                                        
AQUI  REGISTRADO O CODIGO DO AUTOR NA EMPRESA                                  
                                                                                
HED                            AUTOR                                            
NOME                                                                            
                                                                                

OWNER                          TABLE_NAME                                       
------------------------------ ------------------------------                   
COLUMN_NAME                                                                     
------------------------------                                                  
COMMENTS                                                                        
--------------------------------------------------------------------------------
                                                                                
HED                            AUTOR                                            
DT_NASCIMENTO                                                                   
                                                                                
                                                                                

SQL> -- AGORA DAREI INICIO AOS ESTUDOS DA APOSTILA,PAG.51--
SQL> disconnect
Desconectado de Oracle Database 10g Express Edition Release 10.2.0.1.0 - Production
SQL> CONNECT HR
ERROR:
ORA-28000: the account is locked 


SQL> CONNECT HR/HR
ERROR:
ORA-28000: the account is locked 


SQL> CONNECT HED
Conectado.
SQL> ALTER USER HR IDENTIFIED BY PASSWORD ACCOUNT UNLUCK;
ALTER USER HR IDENTIFIED BY PASSWORD ACCOUNT UNLUCK
                                             *
ERRO na linha 1:
ORA-00921: fim inesperado do comando SQL 


SQL> ALTER USER HR IDENTIFIED BY PASSWORD ACCOUNT UNLOCK;

Usuário alterado.

SQL> CONNECT HR
Conectado.
SQL> ALTER USER HR IDENTIFIED BY HR ACCOUNT UNLOCK;
ALTER USER HR IDENTIFIED BY HR ACCOUNT UNLOCK
                            *
ERRO na linha 1:
ORA-01031: privilégios insuficientes 


SQL> CONNECT HED
Conectado.
SQL> ALTER USER HR IDENTIFIED BY HR ACCOUNT UNLUCK;
ALTER USER HR IDENTIFIED BY HR ACCOUNT UNLUCK
                                       *
ERRO na linha 1:
ORA-00921: fim inesperado do comando SQL 


SQL> ALTER USER HR IDENTIFIED BY HR ACCOUNT UNLOCK;

Usuário alterado.

SQL> CONNECT HR
Conectado.
SQL> SELECT * FROM EMPLOYEES;

EMPLOYEE_ID FIRST_NAME           LAST_NAME                                      
----------- -------------------- -------------------------                      
EMAIL                     PHONE_NUMBER         HIRE_DAT JOB_ID         SALARY   
------------------------- -------------------- -------- ---------- ----------   
COMMISSION_PCT MANAGER_ID DEPARTMENT_ID                                         
-------------- ---------- -------------                                         
        100 Steven               King                                           
SKING                     515.123.4567         17/06/87 AD_PRES         24000   
                                     90                                         
                                                                                
        101 Neena                Kochhar                                        
NKOCHHAR                  515.123.4568         21/09/89 AD_VP           17000   
                      100            90                                         

EMPLOYEE_ID FIRST_NAME           LAST_NAME                                      
----------- -------------------- -------------------------                      
EMAIL                     PHONE_NUMBER         HIRE_DAT JOB_ID         SALARY   
------------------------- -------------------- -------- ---------- ----------   
COMMISSION_PCT MANAGER_ID DEPARTMENT_ID                                         
-------------- ---------- -------------                                         
                                                                                
        102 Lex                  De Haan                                        
LDEHAAN                   515.123.4569         13/01/93 AD_VP           17000   
                      100            90                                         
                                                                                
        103 Alexander            Hunold                                         
AHUNOLD                   590.423.4567         03/01/90 IT_PROG          9000   

EMPLOYEE_ID FIRST_NAME           LAST_NAME                                      
----------- -------------------- -------------------------                      
EMAIL                     PHONE_NUMBER         HIRE_DAT JOB_ID         SALARY   
------------------------- -------------------- -------- ---------- ----------   
COMMISSION_PCT MANAGER_ID DEPARTMENT_ID                                         
-------------- ---------- -------------                                         
                      102            60                                         
                                                                                
        104 Bruce                Ernst                                          
BERNST                    590.423.4568         21/05/91 IT_PROG          6000   
                      103            60                                         
                                                                                
        105 David                Austin                                         

EMPLOYEE_ID FIRST_NAME           LAST_NAME                                      
----------- -------------------- -------------------------                      
EMAIL                     PHONE_NUMBER         HIRE_DAT JOB_ID         SALARY   
------------------------- -------------------- -------- ---------- ----------   
COMMISSION_PCT MANAGER_ID DEPARTMENT_ID                                         
-------------- ---------- -------------                                         
DAUSTIN                   590.423.4569         25/06/97 IT_PROG          4800   
                      103            60                                         
                                                                                
        106 Valli                Pataballa                                      
VPATABAL                  590.423.4560         05/02/98 IT_PROG          4800   
                      103            60                                         
                                                                                

EMPLOYEE_ID FIRST_NAME           LAST_NAME                                      
----------- -------------------- -------------------------                      
EMAIL                     PHONE_NUMBER         HIRE_DAT JOB_ID         SALARY   
------------------------- -------------------- -------- ---------- ----------   
COMMISSION_PCT MANAGER_ID DEPARTMENT_ID                                         
-------------- ---------- -------------                                         
        107 Diana                Lorentz                                        
DLORENTZ                  590.423.5567         07/02/99 IT_PROG          4200   
                      103            60                                         
                                                                                
        108 Nancy                Greenberg                                      
NGREENBE                  515.124.4569         17/08/94 FI_MGR          12000   
                      101           100                                         

EMPLOYEE_ID FIRST_NAME           LAST_NAME                                      
----------- -------------------- -------------------------                      
EMAIL                     PHONE_NUMBER         HIRE_DAT JOB_ID         SALARY   
------------------------- -------------------- -------- ---------- ----------   
COMMISSION_PCT MANAGER_ID DEPARTMENT_ID                                         
-------------- ---------- -------------                                         
                                                                                
        109 Daniel               Faviet                                         
DFAVIET                   515.124.4169         16/08/94 FI_ACCOUNT       9000   
                      108           100                                         
                                                                                
        110 John                 Chen                                           
JCHEN                     515.124.4269         28/09/97 FI_ACCOUNT       8200   

EMPLOYEE_ID FIRST_NAME           LAST_NAME                                      
----------- -------------------- -------------------------                      
EMAIL                     PHONE_NUMBER         HIRE_DAT JOB_ID         SALARY   
------------------------- -------------------- -------- ---------- ----------   
COMMISSION_PCT MANAGER_ID DEPARTMENT_ID                                         
-------------- ---------- -------------                                         
                      108           100                                         
                                                                                
        111 Ismael               Sciarra                                        
ISCIARRA                  515.124.4369         30/09/97 FI_ACCOUNT       7700   
                      108           100                                         
                                                                                
        112 Jose Manuel          Urman                                          

EMPLOYEE_ID FIRST_NAME           LAST_NAME                                      
----------- -------------------- -------------------------                      
EMAIL                     PHONE_NUMBER         HIRE_DAT JOB_ID         SALARY   
------------------------- -------------------- -------- ---------- ----------   
COMMISSION_PCT MANAGER_ID DEPARTMENT_ID                                         
-------------- ---------- -------------                                         
JMURMAN                   515.124.4469         07/03/98 FI_ACCOUNT       7800   
                      108           100                                         
                                                                                
        113 Luis                 Popp                                           
LPOPP                     515.124.4567         07/12/99 FI_ACCOUNT       6900   
                      108           100                                         
                                                                                

EMPLOYEE_ID FIRST_NAME           LAST_NAME                                      
----------- -------------------- -------------------------                      
EMAIL                     PHONE_NUMBER         HIRE_DAT JOB_ID         SALARY   
------------------------- -------------------- -------- ---------- ----------   
COMMISSION_PCT MANAGER_ID DEPARTMENT_ID                                         
-------------- ---------- -------------                                         
        114 Den                  Raphaely                                       
DRAPHEAL                  515.127.4561         07/12/94 PU_MAN          11000   
                      100            30                                         
                                                                                
        115 Alexander            Khoo                                           
AKHOO                     515.127.4562         18/05/95 PU_CLERK         3100   
                      114            30                                         

EMPLOYEE_ID FIRST_NAME           LAST_NAME                                      
----------- -------------------- -------------------------                      
EMAIL                     PHONE_NUMBER         HIRE_DAT JOB_ID         SALARY   
------------------------- -------------------- -------- ---------- ----------   
COMMISSION_PCT MANAGER_ID DEPARTMENT_ID                                         
-------------- ---------- -------------                                         
                                                                                
        116 Shelli               Baida                                          
SBAIDA                    515.127.4563         24/12/97 PU_CLERK         2900   
                      114            30                                         
                                                                                
        117 Sigal                Tobias                                         
STOBIAS                   515.127.4564         24/07/97 PU_CLERK         2800   

EMPLOYEE_ID FIRST_NAME           LAST_NAME                                      
----------- -------------------- -------------------------                      
EMAIL                     PHONE_NUMBER         HIRE_DAT JOB_ID         SALARY   
------------------------- -------------------- -------- ---------- ----------   
COMMISSION_PCT MANAGER_ID DEPARTMENT_ID                                         
-------------- ---------- -------------                                         
                      114            30                                         
                                                                                
        118 Guy                  Himuro                                         
GHIMURO                   515.127.4565         15/11/98 PU_CLERK         2600   
                      114            30                                         
                                                                                
        119 Karen                Colmenares                                     

EMPLOYEE_ID FIRST_NAME           LAST_NAME                                      
----------- -------------------- -------------------------                      
EMAIL                     PHONE_NUMBER         HIRE_DAT JOB_ID         SALARY   
------------------------- -------------------- -------- ---------- ----------   
COMMISSION_PCT MANAGER_ID DEPARTMENT_ID                                         
-------------- ---------- -------------                                         
KCOLMENA                  515.127.4566         10/08/99 PU_CLERK         2500   
                      114            30                                         
                                                                                
        120 Matthew              Weiss                                          
MWEISS                    650.123.1234         18/07/96 ST_MAN           8000   
                      100            50                                         
                                                                                

EMPLOYEE_ID FIRST_NAME           LAST_NAME                                      
----------- -------------------- -------------------------                      
EMAIL                     PHONE_NUMBER         HIRE_DAT JOB_ID         SALARY   
------------------------- -------------------- -------- ---------- ----------   
COMMISSION_PCT MANAGER_ID DEPARTMENT_ID                                         
-------------- ---------- -------------                                         
        121 Adam                 Fripp                                          
AFRIPP                    650.123.2234         10/04/97 ST_MAN           8200   
                      100            50                                         
                                                                                
        122 Payam                Kaufling                                       
PKAUFLIN                  650.123.3234         01/05/95 ST_MAN           7900   
                      100            50                                         

EMPLOYEE_ID FIRST_NAME           LAST_NAME                                      
----------- -------------------- -------------------------                      
EMAIL                     PHONE_NUMBER         HIRE_DAT JOB_ID         SALARY   
------------------------- -------------------- -------- ---------- ----------   
COMMISSION_PCT MANAGER_ID DEPARTMENT_ID                                         
-------------- ---------- -------------                                         
                                                                                
        123 Shanta               Vollman                                        
SVOLLMAN                  650.123.4234         10/10/97 ST_MAN           6500   
                      100            50                                         
                                                                                
        124 Kevin                Mourgos                                        
KMOURGOS                  650.123.5234         16/11/99 ST_MAN           5800   

EMPLOYEE_ID FIRST_NAME           LAST_NAME                                      
----------- -------------------- -------------------------                      
EMAIL                     PHONE_NUMBER         HIRE_DAT JOB_ID         SALARY   
------------------------- -------------------- -------- ---------- ----------   
COMMISSION_PCT MANAGER_ID DEPARTMENT_ID                                         
-------------- ---------- -------------                                         
                      100            50                                         
                                                                                
        125 Julia                Nayer                                          
JNAYER                    650.124.1214         16/07/97 ST_CLERK         3200   
                      120            50                                         
                                                                                
        126 Irene                Mikkilineni                                    

EMPLOYEE_ID FIRST_NAME           LAST_NAME                                      
----------- -------------------- -------------------------                      
EMAIL                     PHONE_NUMBER         HIRE_DAT JOB_ID         SALARY   
------------------------- -------------------- -------- ---------- ----------   
COMMISSION_PCT MANAGER_ID DEPARTMENT_ID                                         
-------------- ---------- -------------                                         
IMIKKILI                  650.124.1224         28/09/98 ST_CLERK         2700   
                      120            50                                         
                                                                                
        127 James                Landry                                         
JLANDRY                   650.124.1334         14/01/99 ST_CLERK         2400   
                      120            50                                         
                                                                                

EMPLOYEE_ID FIRST_NAME           LAST_NAME                                      
----------- -------------------- -------------------------                      
EMAIL                     PHONE_NUMBER         HIRE_DAT JOB_ID         SALARY   
------------------------- -------------------- -------- ---------- ----------   
COMMISSION_PCT MANAGER_ID DEPARTMENT_ID                                         
-------------- ---------- -------------                                         
        128 Steven               Markle                                         
SMARKLE                   650.124.1434         08/03/00 ST_CLERK         2200   
                      120            50                                         
                                                                                
        129 Laura                Bissot                                         
LBISSOT                   650.124.5234         20/08/97 ST_CLERK         3300   
                      121            50                                         

EMPLOYEE_ID FIRST_NAME           LAST_NAME                                      
----------- -------------------- -------------------------                      
EMAIL                     PHONE_NUMBER         HIRE_DAT JOB_ID         SALARY   
------------------------- -------------------- -------- ---------- ----------   
COMMISSION_PCT MANAGER_ID DEPARTMENT_ID                                         
-------------- ---------- -------------                                         
                                                                                
        130 Mozhe                Atkinson                                       
MATKINSO                  650.124.6234         30/10/97 ST_CLERK         2800   
                      121            50                                         
                                                                                
        131 James                Marlow                                         
JAMRLOW                   650.124.7234         16/02/97 ST_CLERK         2500   

EMPLOYEE_ID FIRST_NAME           LAST_NAME                                      
----------- -------------------- -------------------------                      
EMAIL                     PHONE_NUMBER         HIRE_DAT JOB_ID         SALARY   
------------------------- -------------------- -------- ---------- ----------   
COMMISSION_PCT MANAGER_ID DEPARTMENT_ID                                         
-------------- ---------- -------------                                         
                      121            50                                         
                                                                                
        132 TJ                   Olson                                          
TJOLSON                   650.124.8234         10/04/99 ST_CLERK         2100   
                      121            50                                         
                                                                                
        133 Jason                Mallin                                         

EMPLOYEE_ID FIRST_NAME           LAST_NAME                                      
----------- -------------------- -------------------------                      
EMAIL                     PHONE_NUMBER         HIRE_DAT JOB_ID         SALARY   
------------------------- -------------------- -------- ---------- ----------   
COMMISSION_PCT MANAGER_ID DEPARTMENT_ID                                         
-------------- ---------- -------------                                         
JMALLIN                   650.127.1934         14/06/96 ST_CLERK         3300   
                      122            50                                         
                                                                                
        134 Michael              Rogers                                         
MROGERS                   650.127.1834         26/08/98 ST_CLERK         2900   
                      122            50                                         
                                                                                

EMPLOYEE_ID FIRST_NAME           LAST_NAME                                      
----------- -------------------- -------------------------                      
EMAIL                     PHONE_NUMBER         HIRE_DAT JOB_ID         SALARY   
------------------------- -------------------- -------- ---------- ----------   
COMMISSION_PCT MANAGER_ID DEPARTMENT_ID                                         
-------------- ---------- -------------                                         
        135 Ki                   Gee                                            
KGEE                      650.127.1734         12/12/99 ST_CLERK         2400   
                      122            50                                         
                                                                                
        136 Hazel                Philtanker                                     
HPHILTAN                  650.127.1634         06/02/00 ST_CLERK         2200   
                      122            50                                         

EMPLOYEE_ID FIRST_NAME           LAST_NAME                                      
----------- -------------------- -------------------------                      
EMAIL                     PHONE_NUMBER         HIRE_DAT JOB_ID         SALARY   
------------------------- -------------------- -------- ---------- ----------   
COMMISSION_PCT MANAGER_ID DEPARTMENT_ID                                         
-------------- ---------- -------------                                         
                                                                                
        137 Renske               Ladwig                                         
RLADWIG                   650.121.1234         14/07/95 ST_CLERK         3600   
                      123            50                                         
                                                                                
        138 Stephen              Stiles                                         
SSTILES                   650.121.2034         26/10/97 ST_CLERK         3200   

EMPLOYEE_ID FIRST_NAME           LAST_NAME                                      
----------- -------------------- -------------------------                      
EMAIL                     PHONE_NUMBER         HIRE_DAT JOB_ID         SALARY   
------------------------- -------------------- -------- ---------- ----------   
COMMISSION_PCT MANAGER_ID DEPARTMENT_ID                                         
-------------- ---------- -------------                                         
                      123            50                                         
                                                                                
        139 John                 Seo                                            
JSEO                      650.121.2019         12/02/98 ST_CLERK         2700   
                      123            50                                         
                                                                                
        140 Joshua               Patel                                          

EMPLOYEE_ID FIRST_NAME           LAST_NAME                                      
----------- -------------------- -------------------------                      
EMAIL                     PHONE_NUMBER         HIRE_DAT JOB_ID         SALARY   
------------------------- -------------------- -------- ---------- ----------   
COMMISSION_PCT MANAGER_ID DEPARTMENT_ID                                         
-------------- ---------- -------------                                         
JPATEL                    650.121.1834         06/04/98 ST_CLERK         2500   
                      123            50                                         
                                                                                
        141 Trenna               Rajs                                           
TRAJS                     650.121.8009         17/10/95 ST_CLERK         3500   
                      124            50                                         
                                                                                

EMPLOYEE_ID FIRST_NAME           LAST_NAME                                      
----------- -------------------- -------------------------                      
EMAIL                     PHONE_NUMBER         HIRE_DAT JOB_ID         SALARY   
------------------------- -------------------- -------- ---------- ----------   
COMMISSION_PCT MANAGER_ID DEPARTMENT_ID                                         
-------------- ---------- -------------                                         
        142 Curtis               Davies                                         
CDAVIES                   650.121.2994         29/01/97 ST_CLERK         3100   
                      124            50                                         
                                                                                
        143 Randall              Matos                                          
RMATOS                    650.121.2874         15/03/98 ST_CLERK         2600   
                      124            50                                         

EMPLOYEE_ID FIRST_NAME           LAST_NAME                                      
----------- -------------------- -------------------------                      
EMAIL                     PHONE_NUMBER         HIRE_DAT JOB_ID         SALARY   
------------------------- -------------------- -------- ---------- ----------   
COMMISSION_PCT MANAGER_ID DEPARTMENT_ID                                         
-------------- ---------- -------------                                         
                                                                                
        144 Peter                Vargas                                         
PVARGAS                   650.121.2004         09/07/98 ST_CLERK         2500   
                      124            50                                         
                                                                                
        145 John                 Russell                                        
JRUSSEL                   011.44.1344.429268   01/10/96 SA_MAN          14000   

EMPLOYEE_ID FIRST_NAME           LAST_NAME                                      
----------- -------------------- -------------------------                      
EMAIL                     PHONE_NUMBER         HIRE_DAT JOB_ID         SALARY   
------------------------- -------------------- -------- ---------- ----------   
COMMISSION_PCT MANAGER_ID DEPARTMENT_ID                                         
-------------- ---------- -------------                                         
            ,4        100            80                                         
                                                                                
        146 Karen                Partners                                       
KPARTNER                  011.44.1344.467268   05/01/97 SA_MAN          13500   
            ,3        100            80                                         
                                                                                
        147 Alberto              Errazuriz                                      

EMPLOYEE_ID FIRST_NAME           LAST_NAME                                      
----------- -------------------- -------------------------                      
EMAIL                     PHONE_NUMBER         HIRE_DAT JOB_ID         SALARY   
------------------------- -------------------- -------- ---------- ----------   
COMMISSION_PCT MANAGER_ID DEPARTMENT_ID                                         
-------------- ---------- -------------                                         
AERRAZUR                  011.44.1344.429278   10/03/97 SA_MAN          12000   
            ,3        100            80                                         
                                                                                
        148 Gerald               Cambrault                                      
GCAMBRAU                  011.44.1344.619268   15/10/99 SA_MAN          11000   
            ,3        100            80                                         
                                                                                

EMPLOYEE_ID FIRST_NAME           LAST_NAME                                      
----------- -------------------- -------------------------                      
EMAIL                     PHONE_NUMBER         HIRE_DAT JOB_ID         SALARY   
------------------------- -------------------- -------- ---------- ----------   
COMMISSION_PCT MANAGER_ID DEPARTMENT_ID                                         
-------------- ---------- -------------                                         
        149 Eleni                Zlotkey                                        
EZLOTKEY                  011.44.1344.429018   29/01/00 SA_MAN          10500   
            ,2        100            80                                         
                                                                                
        150 Peter                Tucker                                         
PTUCKER                   011.44.1344.129268   30/01/97 SA_REP          10000   
            ,3        145            80                                         

EMPLOYEE_ID FIRST_NAME           LAST_NAME                                      
----------- -------------------- -------------------------                      
EMAIL                     PHONE_NUMBER         HIRE_DAT JOB_ID         SALARY   
------------------------- -------------------- -------- ---------- ----------   
COMMISSION_PCT MANAGER_ID DEPARTMENT_ID                                         
-------------- ---------- -------------                                         
                                                                                
        151 David                Bernstein                                      
DBERNSTE                  011.44.1344.345268   24/03/97 SA_REP           9500   
           ,25        145            80                                         
                                                                                
        152 Peter                Hall                                           
PHALL                     011.44.1344.478968   20/08/97 SA_REP           9000   

EMPLOYEE_ID FIRST_NAME           LAST_NAME                                      
----------- -------------------- -------------------------                      
EMAIL                     PHONE_NUMBER         HIRE_DAT JOB_ID         SALARY   
------------------------- -------------------- -------- ---------- ----------   
COMMISSION_PCT MANAGER_ID DEPARTMENT_ID                                         
-------------- ---------- -------------                                         
           ,25        145            80                                         
                                                                                
        153 Christopher          Olsen                                          
COLSEN                    011.44.1344.498718   30/03/98 SA_REP           8000   
            ,2        145            80                                         
                                                                                
        154 Nanette              Cambrault                                      

EMPLOYEE_ID FIRST_NAME           LAST_NAME                                      
----------- -------------------- -------------------------                      
EMAIL                     PHONE_NUMBER         HIRE_DAT JOB_ID         SALARY   
------------------------- -------------------- -------- ---------- ----------   
COMMISSION_PCT MANAGER_ID DEPARTMENT_ID                                         
-------------- ---------- -------------                                         
NCAMBRAU                  011.44.1344.987668   09/12/98 SA_REP           7500   
            ,2        145            80                                         
                                                                                
        155 Oliver               Tuvault                                        
OTUVAULT                  011.44.1344.486508   23/11/99 SA_REP           7000   
           ,15        145            80                                         
                                                                                

EMPLOYEE_ID FIRST_NAME           LAST_NAME                                      
----------- -------------------- -------------------------                      
EMAIL                     PHONE_NUMBER         HIRE_DAT JOB_ID         SALARY   
------------------------- -------------------- -------- ---------- ----------   
COMMISSION_PCT MANAGER_ID DEPARTMENT_ID                                         
-------------- ---------- -------------                                         
        156 Janette              King                                           
JKING                     011.44.1345.429268   30/01/96 SA_REP          10000   
           ,35        146            80                                         
                                                                                
        157 Patrick              Sully                                          
PSULLY                    011.44.1345.929268   04/03/96 SA_REP           9500   
           ,35        146            80                                         

EMPLOYEE_ID FIRST_NAME           LAST_NAME                                      
----------- -------------------- -------------------------                      
EMAIL                     PHONE_NUMBER         HIRE_DAT JOB_ID         SALARY   
------------------------- -------------------- -------- ---------- ----------   
COMMISSION_PCT MANAGER_ID DEPARTMENT_ID                                         
-------------- ---------- -------------                                         
                                                                                
        158 Allan                McEwen                                         
AMCEWEN                   011.44.1345.829268   01/08/96 SA_REP           9000   
           ,35        146            80                                         
                                                                                
        159 Lindsey              Smith                                          
LSMITH                    011.44.1345.729268   10/03/97 SA_REP           8000   

EMPLOYEE_ID FIRST_NAME           LAST_NAME                                      
----------- -------------------- -------------------------                      
EMAIL                     PHONE_NUMBER         HIRE_DAT JOB_ID         SALARY   
------------------------- -------------------- -------- ---------- ----------   
COMMISSION_PCT MANAGER_ID DEPARTMENT_ID                                         
-------------- ---------- -------------                                         
            ,3        146            80                                         
                                                                                
        160 Louise               Doran                                          
LDORAN                    011.44.1345.629268   15/12/97 SA_REP           7500   
            ,3        146            80                                         
                                                                                
        161 Sarath               Sewall                                         

EMPLOYEE_ID FIRST_NAME           LAST_NAME                                      
----------- -------------------- -------------------------                      
EMAIL                     PHONE_NUMBER         HIRE_DAT JOB_ID         SALARY   
------------------------- -------------------- -------- ---------- ----------   
COMMISSION_PCT MANAGER_ID DEPARTMENT_ID                                         
-------------- ---------- -------------                                         
SSEWALL                   011.44.1345.529268   03/11/98 SA_REP           7000   
           ,25        146            80                                         
                                                                                
        162 Clara                Vishney                                        
CVISHNEY                  011.44.1346.129268   11/11/97 SA_REP          10500   
           ,25        147            80                                         
                                                                                

EMPLOYEE_ID FIRST_NAME           LAST_NAME                                      
----------- -------------------- -------------------------                      
EMAIL                     PHONE_NUMBER         HIRE_DAT JOB_ID         SALARY   
------------------------- -------------------- -------- ---------- ----------   
COMMISSION_PCT MANAGER_ID DEPARTMENT_ID                                         
-------------- ---------- -------------                                         
        163 Danielle             Greene                                         
DGREENE                   011.44.1346.229268   19/03/99 SA_REP           9500   
           ,15        147            80                                         
                                                                                
        164 Mattea               Marvins                                        
MMARVINS                  011.44.1346.329268   24/01/00 SA_REP           7200   
            ,1        147            80                                         

EMPLOYEE_ID FIRST_NAME           LAST_NAME                                      
----------- -------------------- -------------------------                      
EMAIL                     PHONE_NUMBER         HIRE_DAT JOB_ID         SALARY   
------------------------- -------------------- -------- ---------- ----------   
COMMISSION_PCT MANAGER_ID DEPARTMENT_ID                                         
-------------- ---------- -------------                                         
                                                                                
        165 David                Lee                                            
DLEE                      011.44.1346.529268   23/02/00 SA_REP           6800   
            ,1        147            80                                         
                                                                                
        166 Sundar               Ande                                           
SANDE                     011.44.1346.629268   24/03/00 SA_REP           6400   

EMPLOYEE_ID FIRST_NAME           LAST_NAME                                      
----------- -------------------- -------------------------                      
EMAIL                     PHONE_NUMBER         HIRE_DAT JOB_ID         SALARY   
------------------------- -------------------- -------- ---------- ----------   
COMMISSION_PCT MANAGER_ID DEPARTMENT_ID                                         
-------------- ---------- -------------                                         
            ,1        147            80                                         
                                                                                
        167 Amit                 Banda                                          
ABANDA                    011.44.1346.729268   21/04/00 SA_REP           6200   
            ,1        147            80                                         
                                                                                
        168 Lisa                 Ozer                                           

EMPLOYEE_ID FIRST_NAME           LAST_NAME                                      
----------- -------------------- -------------------------                      
EMAIL                     PHONE_NUMBER         HIRE_DAT JOB_ID         SALARY   
------------------------- -------------------- -------- ---------- ----------   
COMMISSION_PCT MANAGER_ID DEPARTMENT_ID                                         
-------------- ---------- -------------                                         
LOZER                     011.44.1343.929268   11/03/97 SA_REP          11500   
           ,25        148            80                                         
                                                                                
        169 Harrison             Bloom                                          
HBLOOM                    011.44.1343.829268   23/03/98 SA_REP          10000   
            ,2        148            80                                         
                                                                                

EMPLOYEE_ID FIRST_NAME           LAST_NAME                                      
----------- -------------------- -------------------------                      
EMAIL                     PHONE_NUMBER         HIRE_DAT JOB_ID         SALARY   
------------------------- -------------------- -------- ---------- ----------   
COMMISSION_PCT MANAGER_ID DEPARTMENT_ID                                         
-------------- ---------- -------------                                         
        170 Tayler               Fox                                            
TFOX                      011.44.1343.729268   24/01/98 SA_REP           9600   
            ,2        148            80                                         
                                                                                
        171 William              Smith                                          
WSMITH                    011.44.1343.629268   23/02/99 SA_REP           7400   
           ,15        148            80                                         

EMPLOYEE_ID FIRST_NAME           LAST_NAME                                      
----------- -------------------- -------------------------                      
EMAIL                     PHONE_NUMBER         HIRE_DAT JOB_ID         SALARY   
------------------------- -------------------- -------- ---------- ----------   
COMMISSION_PCT MANAGER_ID DEPARTMENT_ID                                         
-------------- ---------- -------------                                         
                                                                                
        172 Elizabeth            Bates                                          
EBATES                    011.44.1343.529268   24/03/99 SA_REP           7300   
           ,15        148            80                                         
                                                                                
        173 Sundita              Kumar                                          
SKUMAR                    011.44.1343.329268   21/04/00 SA_REP           6100   

EMPLOYEE_ID FIRST_NAME           LAST_NAME                                      
----------- -------------------- -------------------------                      
EMAIL                     PHONE_NUMBER         HIRE_DAT JOB_ID         SALARY   
------------------------- -------------------- -------- ---------- ----------   
COMMISSION_PCT MANAGER_ID DEPARTMENT_ID                                         
-------------- ---------- -------------                                         
            ,1        148            80                                         
                                                                                
        174 Ellen                Abel                                           
EABEL                     011.44.1644.429267   11/05/96 SA_REP          11000   
            ,3        149            80                                         
                                                                                
        175 Alyssa               Hutton                                         

EMPLOYEE_ID FIRST_NAME           LAST_NAME                                      
----------- -------------------- -------------------------                      
EMAIL                     PHONE_NUMBER         HIRE_DAT JOB_ID         SALARY   
------------------------- -------------------- -------- ---------- ----------   
COMMISSION_PCT MANAGER_ID DEPARTMENT_ID                                         
-------------- ---------- -------------                                         
AHUTTON                   011.44.1644.429266   19/03/97 SA_REP           8800   
           ,25        149            80                                         
                                                                                
        176 Jonathon             Taylor                                         
JTAYLOR                   011.44.1644.429265   24/03/98 SA_REP           8600   
            ,2        149            80                                         
                                                                                

EMPLOYEE_ID FIRST_NAME           LAST_NAME                                      
----------- -------------------- -------------------------                      
EMAIL                     PHONE_NUMBER         HIRE_DAT JOB_ID         SALARY   
------------------------- -------------------- -------- ---------- ----------   
COMMISSION_PCT MANAGER_ID DEPARTMENT_ID                                         
-------------- ---------- -------------                                         
        177 Jack                 Livingston                                     
JLIVINGS                  011.44.1644.429264   23/04/98 SA_REP           8400   
            ,2        149            80                                         
                                                                                
        178 Kimberely            Grant                                          
KGRANT                    011.44.1644.429263   24/05/99 SA_REP           7000   
           ,15        149                                                       

EMPLOYEE_ID FIRST_NAME           LAST_NAME                                      
----------- -------------------- -------------------------                      
EMAIL                     PHONE_NUMBER         HIRE_DAT JOB_ID         SALARY   
------------------------- -------------------- -------- ---------- ----------   
COMMISSION_PCT MANAGER_ID DEPARTMENT_ID                                         
-------------- ---------- -------------                                         
                                                                                
        179 Charles              Johnson                                        
CJOHNSON                  011.44.1644.429262   04/01/00 SA_REP           6200   
            ,1        149            80                                         
                                                                                
        180 Winston              Taylor                                         
WTAYLOR                   650.507.9876         24/01/98 SH_CLERK         3200   

EMPLOYEE_ID FIRST_NAME           LAST_NAME                                      
----------- -------------------- -------------------------                      
EMAIL                     PHONE_NUMBER         HIRE_DAT JOB_ID         SALARY   
------------------------- -------------------- -------- ---------- ----------   
COMMISSION_PCT MANAGER_ID DEPARTMENT_ID                                         
-------------- ---------- -------------                                         
                      120            50                                         
                                                                                
        181 Jean                 Fleaur                                         
JFLEAUR                   650.507.9877         23/02/98 SH_CLERK         3100   
                      120            50                                         
                                                                                
        182 Martha               Sullivan                                       

EMPLOYEE_ID FIRST_NAME           LAST_NAME                                      
----------- -------------------- -------------------------                      
EMAIL                     PHONE_NUMBER         HIRE_DAT JOB_ID         SALARY   
------------------------- -------------------- -------- ---------- ----------   
COMMISSION_PCT MANAGER_ID DEPARTMENT_ID                                         
-------------- ---------- -------------                                         
MSULLIVA                  650.507.9878         21/06/99 SH_CLERK         2500   
                      120            50                                         
                                                                                
        183 Girard               Geoni                                          
GGEONI                    650.507.9879         03/02/00 SH_CLERK         2800   
                      120            50                                         
                                                                                

EMPLOYEE_ID FIRST_NAME           LAST_NAME                                      
----------- -------------------- -------------------------                      
EMAIL                     PHONE_NUMBER         HIRE_DAT JOB_ID         SALARY   
------------------------- -------------------- -------- ---------- ----------   
COMMISSION_PCT MANAGER_ID DEPARTMENT_ID                                         
-------------- ---------- -------------                                         
        184 Nandita              Sarchand                                       
NSARCHAN                  650.509.1876         27/01/96 SH_CLERK         4200   
                      121            50                                         
                                                                                
        185 Alexis               Bull                                           
ABULL                     650.509.2876         20/02/97 SH_CLERK         4100   
                      121            50                                         

EMPLOYEE_ID FIRST_NAME           LAST_NAME                                      
----------- -------------------- -------------------------                      
EMAIL                     PHONE_NUMBER         HIRE_DAT JOB_ID         SALARY   
------------------------- -------------------- -------- ---------- ----------   
COMMISSION_PCT MANAGER_ID DEPARTMENT_ID                                         
-------------- ---------- -------------                                         
                                                                                
        186 Julia                Dellinger                                      
JDELLING                  650.509.3876         24/06/98 SH_CLERK         3400   
                      121            50                                         
                                                                                
        187 Anthony              Cabrio                                         
ACABRIO                   650.509.4876         07/02/99 SH_CLERK         3000   

EMPLOYEE_ID FIRST_NAME           LAST_NAME                                      
----------- -------------------- -------------------------                      
EMAIL                     PHONE_NUMBER         HIRE_DAT JOB_ID         SALARY   
------------------------- -------------------- -------- ---------- ----------   
COMMISSION_PCT MANAGER_ID DEPARTMENT_ID                                         
-------------- ---------- -------------                                         
                      121            50                                         
                                                                                
        188 Kelly                Chung                                          
KCHUNG                    650.505.1876         14/06/97 SH_CLERK         3800   
                      122            50                                         
                                                                                
        189 Jennifer             Dilly                                          

EMPLOYEE_ID FIRST_NAME           LAST_NAME                                      
----------- -------------------- -------------------------                      
EMAIL                     PHONE_NUMBER         HIRE_DAT JOB_ID         SALARY   
------------------------- -------------------- -------- ---------- ----------   
COMMISSION_PCT MANAGER_ID DEPARTMENT_ID                                         
-------------- ---------- -------------                                         
JDILLY                    650.505.2876         13/08/97 SH_CLERK         3600   
                      122            50                                         
                                                                                
        190 Timothy              Gates                                          
TGATES                    650.505.3876         11/07/98 SH_CLERK         2900   
                      122            50                                         
                                                                                

EMPLOYEE_ID FIRST_NAME           LAST_NAME                                      
----------- -------------------- -------------------------                      
EMAIL                     PHONE_NUMBER         HIRE_DAT JOB_ID         SALARY   
------------------------- -------------------- -------- ---------- ----------   
COMMISSION_PCT MANAGER_ID DEPARTMENT_ID                                         
-------------- ---------- -------------                                         
        191 Randall              Perkins                                        
RPERKINS                  650.505.4876         19/12/99 SH_CLERK         2500   
                      122            50                                         
                                                                                
        192 Sarah                Bell                                           
SBELL                     650.501.1876         04/02/96 SH_CLERK         4000   
                      123            50                                         

EMPLOYEE_ID FIRST_NAME           LAST_NAME                                      
----------- -------------------- -------------------------                      
EMAIL                     PHONE_NUMBER         HIRE_DAT JOB_ID         SALARY   
------------------------- -------------------- -------- ---------- ----------   
COMMISSION_PCT MANAGER_ID DEPARTMENT_ID                                         
-------------- ---------- -------------                                         
                                                                                
        193 Britney              Everett                                        
BEVERETT                  650.501.2876         03/03/97 SH_CLERK         3900   
                      123            50                                         
                                                                                
        194 Samuel               McCain                                         
SMCCAIN                   650.501.3876         01/07/98 SH_CLERK         3200   

EMPLOYEE_ID FIRST_NAME           LAST_NAME                                      
----------- -------------------- -------------------------                      
EMAIL                     PHONE_NUMBER         HIRE_DAT JOB_ID         SALARY   
------------------------- -------------------- -------- ---------- ----------   
COMMISSION_PCT MANAGER_ID DEPARTMENT_ID                                         
-------------- ---------- -------------                                         
                      123            50                                         
                                                                                
        195 Vance                Jones                                          
VJONES                    650.501.4876         17/03/99 SH_CLERK         2800   
                      123            50                                         
                                                                                
        196 Alana                Walsh                                          

EMPLOYEE_ID FIRST_NAME           LAST_NAME                                      
----------- -------------------- -------------------------                      
EMAIL                     PHONE_NUMBER         HIRE_DAT JOB_ID         SALARY   
------------------------- -------------------- -------- ---------- ----------   
COMMISSION_PCT MANAGER_ID DEPARTMENT_ID                                         
-------------- ---------- -------------                                         
AWALSH                    650.507.9811         24/04/98 SH_CLERK         3100   
                      124            50                                         
                                                                                
        197 Kevin                Feeney                                         
KFEENEY                   650.507.9822         23/05/98 SH_CLERK         3000   
                      124            50                                         
                                                                                

EMPLOYEE_ID FIRST_NAME           LAST_NAME                                      
----------- -------------------- -------------------------                      
EMAIL                     PHONE_NUMBER         HIRE_DAT JOB_ID         SALARY   
------------------------- -------------------- -------- ---------- ----------   
COMMISSION_PCT MANAGER_ID DEPARTMENT_ID                                         
-------------- ---------- -------------                                         
        198 Donald               OConnell                                       
DOCONNEL                  650.507.9833         21/06/99 SH_CLERK         2600   
                      124            50                                         
                                                                                
        199 Douglas              Grant                                          
DGRANT                    650.507.9844         13/01/00 SH_CLERK         2600   
                      124            50                                         

EMPLOYEE_ID FIRST_NAME           LAST_NAME                                      
----------- -------------------- -------------------------                      
EMAIL                     PHONE_NUMBER         HIRE_DAT JOB_ID         SALARY   
------------------------- -------------------- -------- ---------- ----------   
COMMISSION_PCT MANAGER_ID DEPARTMENT_ID                                         
-------------- ---------- -------------                                         
                                                                                
        200 Jennifer             Whalen                                         
JWHALEN                   515.123.4444         17/09/87 AD_ASST          4400   
                      101            10                                         
                                                                                
        201 Michael              Hartstein                                      
MHARTSTE                  515.123.5555         17/02/96 MK_MAN          13000   

EMPLOYEE_ID FIRST_NAME           LAST_NAME                                      
----------- -------------------- -------------------------                      
EMAIL                     PHONE_NUMBER         HIRE_DAT JOB_ID         SALARY   
------------------------- -------------------- -------- ---------- ----------   
COMMISSION_PCT MANAGER_ID DEPARTMENT_ID                                         
-------------- ---------- -------------                                         
                      100            20                                         
                                                                                
        202 Pat                  Fay                                            
PFAY                      603.123.6666         17/08/97 MK_REP           6000   
                      201            20                                         
                                                                                
        203 Susan                Mavris                                         

EMPLOYEE_ID FIRST_NAME           LAST_NAME                                      
----------- -------------------- -------------------------                      
EMAIL                     PHONE_NUMBER         HIRE_DAT JOB_ID         SALARY   
------------------------- -------------------- -------- ---------- ----------   
COMMISSION_PCT MANAGER_ID DEPARTMENT_ID                                         
-------------- ---------- -------------                                         
SMAVRIS                   515.123.7777         07/06/94 HR_REP           6500   
                      101            40                                         
                                                                                
        204 Hermann              Baer                                           
HBAER                     515.123.8888         07/06/94 PR_REP          10000   
                      101            70                                         
                                                                                

EMPLOYEE_ID FIRST_NAME           LAST_NAME                                      
----------- -------------------- -------------------------                      
EMAIL                     PHONE_NUMBER         HIRE_DAT JOB_ID         SALARY   
------------------------- -------------------- -------- ---------- ----------   
COMMISSION_PCT MANAGER_ID DEPARTMENT_ID                                         
-------------- ---------- -------------                                         
        205 Shelley              Higgins                                        
SHIGGINS                  515.123.8080         07/06/94 AC_MGR          12000   
                      101           110                                         
                                                                                
        206 William              Gietz                                          
WGIETZ                    515.123.8181         07/06/94 AC_ACCOUNT       8300   
                      205           110                                         

EMPLOYEE_ID FIRST_NAME           LAST_NAME                                      
----------- -------------------- -------------------------                      
EMAIL                     PHONE_NUMBER         HIRE_DAT JOB_ID         SALARY   
------------------------- -------------------- -------- ---------- ----------   
COMMISSION_PCT MANAGER_ID DEPARTMENT_ID                                         
-------------- ---------- -------------                                         
                                                                                

107 linhas selecionadas.

SQL> SELECT COLUMN_NAME FROM EMPLOYEES;
SELECT COLUMN_NAME FROM EMPLOYEES
       *
ERRO na linha 1:
ORA-00904: "COLUMN_NAME": identificador inválido 


SQL> SELECT COLUMN_NAME FROM ALL_TAB_COLS WHERE TABLE_NAME = 'EMPLOYEE';

não há linhas selecionadas

SQL> SELECT COLUMN_NAME FROM ALL_TAB_COLS WHERE TABLE_NAME = 'EMPLOYEES';

COLUMN_NAME                                                                     
------------------------------                                                  
EMPLOYEE_ID                                                                     
FIRST_NAME                                                                      
LAST_NAME                                                                       
EMAIL                                                                           
PHONE_NUMBER                                                                    
HIRE_DATE                                                                       
JOB_ID                                                                          
SALARY                                                                          
COMMISSION_PCT                                                                  
MANAGER_ID                                                                      
DEPARTMENT_ID                                                                   

11 linhas selecionadas.

SQL> SELECT FIRST_NAME, JOB_ID, HIRE_DATE FROM EMPLOYEES;

FIRST_NAME           JOB_ID     HIRE_DAT                                        
-------------------- ---------- --------                                        
Steven               AD_PRES    17/06/87                                        
Neena                AD_VP      21/09/89                                        
Lex                  AD_VP      13/01/93                                        
Alexander            IT_PROG    03/01/90                                        
Bruce                IT_PROG    21/05/91                                        
David                IT_PROG    25/06/97                                        
Valli                IT_PROG    05/02/98                                        
Diana                IT_PROG    07/02/99                                        
Nancy                FI_MGR     17/08/94                                        
Daniel               FI_ACCOUNT 16/08/94                                        
John                 FI_ACCOUNT 28/09/97                                        

FIRST_NAME           JOB_ID     HIRE_DAT                                        
-------------------- ---------- --------                                        
Ismael               FI_ACCOUNT 30/09/97                                        
Jose Manuel          FI_ACCOUNT 07/03/98                                        
Luis                 FI_ACCOUNT 07/12/99                                        
Den                  PU_MAN     07/12/94                                        
Alexander            PU_CLERK   18/05/95                                        
Shelli               PU_CLERK   24/12/97                                        
Sigal                PU_CLERK   24/07/97                                        
Guy                  PU_CLERK   15/11/98                                        
Karen                PU_CLERK   10/08/99                                        
Matthew              ST_MAN     18/07/96                                        
Adam                 ST_MAN     10/04/97                                        

FIRST_NAME           JOB_ID     HIRE_DAT                                        
-------------------- ---------- --------                                        
Payam                ST_MAN     01/05/95                                        
Shanta               ST_MAN     10/10/97                                        
Kevin                ST_MAN     16/11/99                                        
Julia                ST_CLERK   16/07/97                                        
Irene                ST_CLERK   28/09/98                                        
James                ST_CLERK   14/01/99                                        
Steven               ST_CLERK   08/03/00                                        
Laura                ST_CLERK   20/08/97                                        
Mozhe                ST_CLERK   30/10/97                                        
James                ST_CLERK   16/02/97                                        
TJ                   ST_CLERK   10/04/99                                        

FIRST_NAME           JOB_ID     HIRE_DAT                                        
-------------------- ---------- --------                                        
Jason                ST_CLERK   14/06/96                                        
Michael              ST_CLERK   26/08/98                                        
Ki                   ST_CLERK   12/12/99                                        
Hazel                ST_CLERK   06/02/00                                        
Renske               ST_CLERK   14/07/95                                        
Stephen              ST_CLERK   26/10/97                                        
John                 ST_CLERK   12/02/98                                        
Joshua               ST_CLERK   06/04/98                                        
Trenna               ST_CLERK   17/10/95                                        
Curtis               ST_CLERK   29/01/97                                        
Randall              ST_CLERK   15/03/98                                        

FIRST_NAME           JOB_ID     HIRE_DAT                                        
-------------------- ---------- --------                                        
Peter                ST_CLERK   09/07/98                                        
John                 SA_MAN     01/10/96                                        
Karen                SA_MAN     05/01/97                                        
Alberto              SA_MAN     10/03/97                                        
Gerald               SA_MAN     15/10/99                                        
Eleni                SA_MAN     29/01/00                                        
Peter                SA_REP     30/01/97                                        
David                SA_REP     24/03/97                                        
Peter                SA_REP     20/08/97                                        
Christopher          SA_REP     30/03/98                                        
Nanette              SA_REP     09/12/98                                        

FIRST_NAME           JOB_ID     HIRE_DAT                                        
-------------------- ---------- --------                                        
Oliver               SA_REP     23/11/99                                        
Janette              SA_REP     30/01/96                                        
Patrick              SA_REP     04/03/96                                        
Allan                SA_REP     01/08/96                                        
Lindsey              SA_REP     10/03/97                                        
Louise               SA_REP     15/12/97                                        
Sarath               SA_REP     03/11/98                                        
Clara                SA_REP     11/11/97                                        
Danielle             SA_REP     19/03/99                                        
Mattea               SA_REP     24/01/00                                        
David                SA_REP     23/02/00                                        

FIRST_NAME           JOB_ID     HIRE_DAT                                        
-------------------- ---------- --------                                        
Sundar               SA_REP     24/03/00                                        
Amit                 SA_REP     21/04/00                                        
Lisa                 SA_REP     11/03/97                                        
Harrison             SA_REP     23/03/98                                        
Tayler               SA_REP     24/01/98                                        
William              SA_REP     23/02/99                                        
Elizabeth            SA_REP     24/03/99                                        
Sundita              SA_REP     21/04/00                                        
Ellen                SA_REP     11/05/96                                        
Alyssa               SA_REP     19/03/97                                        
Jonathon             SA_REP     24/03/98                                        

FIRST_NAME           JOB_ID     HIRE_DAT                                        
-------------------- ---------- --------                                        
Jack                 SA_REP     23/04/98                                        
Kimberely            SA_REP     24/05/99                                        
Charles              SA_REP     04/01/00                                        
Winston              SH_CLERK   24/01/98                                        
Jean                 SH_CLERK   23/02/98                                        
Martha               SH_CLERK   21/06/99                                        
Girard               SH_CLERK   03/02/00                                        
Nandita              SH_CLERK   27/01/96                                        
Alexis               SH_CLERK   20/02/97                                        
Julia                SH_CLERK   24/06/98                                        
Anthony              SH_CLERK   07/02/99                                        

FIRST_NAME           JOB_ID     HIRE_DAT                                        
-------------------- ---------- --------                                        
Kelly                SH_CLERK   14/06/97                                        
Jennifer             SH_CLERK   13/08/97                                        
Timothy              SH_CLERK   11/07/98                                        
Randall              SH_CLERK   19/12/99                                        
Sarah                SH_CLERK   04/02/96                                        
Britney              SH_CLERK   03/03/97                                        
Samuel               SH_CLERK   01/07/98                                        
Vance                SH_CLERK   17/03/99                                        
Alana                SH_CLERK   24/04/98                                        
Kevin                SH_CLERK   23/05/98                                        
Donald               SH_CLERK   21/06/99                                        

FIRST_NAME           JOB_ID     HIRE_DAT                                        
-------------------- ---------- --------                                        
Douglas              SH_CLERK   13/01/00                                        
Jennifer             AD_ASST    17/09/87                                        
Michael              MK_MAN     17/02/96                                        
Pat                  MK_REP     17/08/97                                        
Susan                HR_REP     07/06/94                                        
Hermann              PR_REP     07/06/94                                        
Shelley              AC_MGR     07/06/94                                        
William              AC_ACCOUNT 07/06/94                                        

107 linhas selecionadas.

SQL> SAVE C:\FACUL\BASIC\BD\SELECT00.SQL
Criado file C:\FACUL\BASIC\BD\SELECT00.SQL
SQL> @ C:\FACUL\BASIC\BD\SELECT00.SQL

FIRST_NAME           JOB_ID     HIRE_DAT                                        
-------------------- ---------- --------                                        
Steven               AD_PRES    17/06/87                                        
Neena                AD_VP      21/09/89                                        
Lex                  AD_VP      13/01/93                                        
Alexander            IT_PROG    03/01/90                                        
Bruce                IT_PROG    21/05/91                                        
David                IT_PROG    25/06/97                                        
Valli                IT_PROG    05/02/98                                        
Diana                IT_PROG    07/02/99                                        
Nancy                FI_MGR     17/08/94                                        
Daniel               FI_ACCOUNT 16/08/94                                        
John                 FI_ACCOUNT 28/09/97                                        

FIRST_NAME           JOB_ID     HIRE_DAT                                        
-------------------- ---------- --------                                        
Ismael               FI_ACCOUNT 30/09/97                                        
Jose Manuel          FI_ACCOUNT 07/03/98                                        
Luis                 FI_ACCOUNT 07/12/99                                        
Den                  PU_MAN     07/12/94                                        
Alexander            PU_CLERK   18/05/95                                        
Shelli               PU_CLERK   24/12/97                                        
Sigal                PU_CLERK   24/07/97                                        
Guy                  PU_CLERK   15/11/98                                        
Karen                PU_CLERK   10/08/99                                        
Matthew              ST_MAN     18/07/96                                        
Adam                 ST_MAN     10/04/97                                        

FIRST_NAME           JOB_ID     HIRE_DAT                                        
-------------------- ---------- --------                                        
Payam                ST_MAN     01/05/95                                        
Shanta               ST_MAN     10/10/97                                        
Kevin                ST_MAN     16/11/99                                        
Julia                ST_CLERK   16/07/97                                        
Irene                ST_CLERK   28/09/98                                        
James                ST_CLERK   14/01/99                                        
Steven               ST_CLERK   08/03/00                                        
Laura                ST_CLERK   20/08/97                                        
Mozhe                ST_CLERK   30/10/97                                        
James                ST_CLERK   16/02/97                                        
TJ                   ST_CLERK   10/04/99                                        

FIRST_NAME           JOB_ID     HIRE_DAT                                        
-------------------- ---------- --------                                        
Jason                ST_CLERK   14/06/96                                        
Michael              ST_CLERK   26/08/98                                        
Ki                   ST_CLERK   12/12/99                                        
Hazel                ST_CLERK   06/02/00                                        
Renske               ST_CLERK   14/07/95                                        
Stephen              ST_CLERK   26/10/97                                        
John                 ST_CLERK   12/02/98                                        
Joshua               ST_CLERK   06/04/98                                        
Trenna               ST_CLERK   17/10/95                                        
Curtis               ST_CLERK   29/01/97                                        
Randall              ST_CLERK   15/03/98                                        

FIRST_NAME           JOB_ID     HIRE_DAT                                        
-------------------- ---------- --------                                        
Peter                ST_CLERK   09/07/98                                        
John                 SA_MAN     01/10/96                                        
Karen                SA_MAN     05/01/97                                        
Alberto              SA_MAN     10/03/97                                        
Gerald               SA_MAN     15/10/99                                        
Eleni                SA_MAN     29/01/00                                        
Peter                SA_REP     30/01/97                                        
David                SA_REP     24/03/97                                        
Peter                SA_REP     20/08/97                                        
Christopher          SA_REP     30/03/98                                        
Nanette              SA_REP     09/12/98                                        

FIRST_NAME           JOB_ID     HIRE_DAT                                        
-------------------- ---------- --------                                        
Oliver               SA_REP     23/11/99                                        
Janette              SA_REP     30/01/96                                        
Patrick              SA_REP     04/03/96                                        
Allan                SA_REP     01/08/96                                        
Lindsey              SA_REP     10/03/97                                        
Louise               SA_REP     15/12/97                                        
Sarath               SA_REP     03/11/98                                        
Clara                SA_REP     11/11/97                                        
Danielle             SA_REP     19/03/99                                        
Mattea               SA_REP     24/01/00                                        
David                SA_REP     23/02/00                                        

FIRST_NAME           JOB_ID     HIRE_DAT                                        
-------------------- ---------- --------                                        
Sundar               SA_REP     24/03/00                                        
Amit                 SA_REP     21/04/00                                        
Lisa                 SA_REP     11/03/97                                        
Harrison             SA_REP     23/03/98                                        
Tayler               SA_REP     24/01/98                                        
William              SA_REP     23/02/99                                        
Elizabeth            SA_REP     24/03/99                                        
Sundita              SA_REP     21/04/00                                        
Ellen                SA_REP     11/05/96                                        
Alyssa               SA_REP     19/03/97                                        
Jonathon             SA_REP     24/03/98                                        

FIRST_NAME           JOB_ID     HIRE_DAT                                        
-------------------- ---------- --------                                        
Jack                 SA_REP     23/04/98                                        
Kimberely            SA_REP     24/05/99                                        
Charles              SA_REP     04/01/00                                        
Winston              SH_CLERK   24/01/98                                        
Jean                 SH_CLERK   23/02/98                                        
Martha               SH_CLERK   21/06/99                                        
Girard               SH_CLERK   03/02/00                                        
Nandita              SH_CLERK   27/01/96                                        
Alexis               SH_CLERK   20/02/97                                        
Julia                SH_CLERK   24/06/98                                        
Anthony              SH_CLERK   07/02/99                                        

FIRST_NAME           JOB_ID     HIRE_DAT                                        
-------------------- ---------- --------                                        
Kelly                SH_CLERK   14/06/97                                        
Jennifer             SH_CLERK   13/08/97                                        
Timothy              SH_CLERK   11/07/98                                        
Randall              SH_CLERK   19/12/99                                        
Sarah                SH_CLERK   04/02/96                                        
Britney              SH_CLERK   03/03/97                                        
Samuel               SH_CLERK   01/07/98                                        
Vance                SH_CLERK   17/03/99                                        
Alana                SH_CLERK   24/04/98                                        
Kevin                SH_CLERK   23/05/98                                        
Donald               SH_CLERK   21/06/99                                        

FIRST_NAME           JOB_ID     HIRE_DAT                                        
-------------------- ---------- --------                                        
Douglas              SH_CLERK   13/01/00                                        
Jennifer             AD_ASST    17/09/87                                        
Michael              MK_MAN     17/02/96                                        
Pat                  MK_REP     17/08/97                                        
Susan                HR_REP     07/06/94                                        
Hermann              PR_REP     07/06/94                                        
Shelley              AC_MGR     07/06/94                                        
William              AC_ACCOUNT 07/06/94                                        

107 linhas selecionadas.

SQL> SELECT COLUMN_NAME FROM EMPLOYEES;
SELECT COLUMN_NAME FROM EMPLOYEES
       *
ERRO na linha 1:
ORA-00904: "COLUMN_NAME": identificador inválido 


SQL> SELECT COLUMN_NAME FROM ALL_TAB_COLS WHERE TABLE_NAME = 'EMPLOYEE';

não há linhas selecionadas

SQL> SELECT COLUMN_NAME FROM ALL_TAB_COLS WHERE TABLE_NAME = 'EMPLOYEES';

COLUMN_NAME                                                                     
------------------------------                                                  
EMPLOYEE_ID                                                                     
FIRST_NAME                                                                      
LAST_NAME                                                                       
EMAIL                                                                           
PHONE_NUMBER                                                                    
HIRE_DATE                                                                       
JOB_ID                                                                          
SALARY                                                                          
COMMISSION_PCT                                                                  
MANAGER_ID                                                                      
DEPARTMENT_ID                                                                   

11 linhas selecionadas.

SQL> SELECT JOB_ID FROM EMPLOYEES;

JOB_ID                                                                          
----------                                                                      
AC_ACCOUNT                                                                      
AC_MGR                                                                          
AD_ASST                                                                         
AD_PRES                                                                         
AD_VP                                                                           
AD_VP                                                                           
FI_ACCOUNT                                                                      
FI_ACCOUNT                                                                      
FI_ACCOUNT                                                                      
FI_ACCOUNT                                                                      
FI_ACCOUNT                                                                      

JOB_ID                                                                          
----------                                                                      
FI_MGR                                                                          
HR_REP                                                                          
IT_PROG                                                                         
IT_PROG                                                                         
IT_PROG                                                                         
IT_PROG                                                                         
IT_PROG                                                                         
MK_MAN                                                                          
MK_REP                                                                          
PR_REP                                                                          
PU_CLERK                                                                        

JOB_ID                                                                          
----------                                                                      
PU_CLERK                                                                        
PU_CLERK                                                                        
PU_CLERK                                                                        
PU_CLERK                                                                        
PU_MAN                                                                          
SA_MAN                                                                          
SA_MAN                                                                          
SA_MAN                                                                          
SA_MAN                                                                          
SA_MAN                                                                          
SA_REP                                                                          

JOB_ID                                                                          
----------                                                                      
SA_REP                                                                          
SA_REP                                                                          
SA_REP                                                                          
SA_REP                                                                          
SA_REP                                                                          
SA_REP                                                                          
SA_REP                                                                          
SA_REP                                                                          
SA_REP                                                                          
SA_REP                                                                          
SA_REP                                                                          

JOB_ID                                                                          
----------                                                                      
SA_REP                                                                          
SA_REP                                                                          
SA_REP                                                                          
SA_REP                                                                          
SA_REP                                                                          
SA_REP                                                                          
SA_REP                                                                          
SA_REP                                                                          
SA_REP                                                                          
SA_REP                                                                          
SA_REP                                                                          

JOB_ID                                                                          
----------                                                                      
SA_REP                                                                          
SA_REP                                                                          
SA_REP                                                                          
SA_REP                                                                          
SA_REP                                                                          
SA_REP                                                                          
SA_REP                                                                          
SH_CLERK                                                                        
SH_CLERK                                                                        
SH_CLERK                                                                        
SH_CLERK                                                                        

JOB_ID                                                                          
----------                                                                      
SH_CLERK                                                                        
SH_CLERK                                                                        
SH_CLERK                                                                        
SH_CLERK                                                                        
SH_CLERK                                                                        
SH_CLERK                                                                        
SH_CLERK                                                                        
SH_CLERK                                                                        
SH_CLERK                                                                        
SH_CLERK                                                                        
SH_CLERK                                                                        

JOB_ID                                                                          
----------                                                                      
SH_CLERK                                                                        
SH_CLERK                                                                        
SH_CLERK                                                                        
SH_CLERK                                                                        
SH_CLERK                                                                        
ST_CLERK                                                                        
ST_CLERK                                                                        
ST_CLERK                                                                        
ST_CLERK                                                                        
ST_CLERK                                                                        
ST_CLERK                                                                        

JOB_ID                                                                          
----------                                                                      
ST_CLERK                                                                        
ST_CLERK                                                                        
ST_CLERK                                                                        
ST_CLERK                                                                        
ST_CLERK                                                                        
ST_CLERK                                                                        
ST_CLERK                                                                        
ST_CLERK                                                                        
ST_CLERK                                                                        
ST_CLERK                                                                        
ST_CLERK                                                                        

JOB_ID                                                                          
----------                                                                      
ST_CLERK                                                                        
ST_CLERK                                                                        
ST_CLERK                                                                        
ST_MAN                                                                          
ST_MAN                                                                          
ST_MAN                                                                          
ST_MAN                                                                          
ST_MAN                                                                          

107 linhas selecionadas.

SQL> SELECT DISTINCT JOB_ID FROM EMPLOYEES;

JOB_ID                                                                          
----------                                                                      
AC_ACCOUNT                                                                      
AC_MGR                                                                          
AD_ASST                                                                         
AD_PRES                                                                         
AD_VP                                                                           
FI_ACCOUNT                                                                      
FI_MGR                                                                          
HR_REP                                                                          
IT_PROG                                                                         
MK_MAN                                                                          
MK_REP                                                                          

JOB_ID                                                                          
----------                                                                      
PR_REP                                                                          
PU_CLERK                                                                        
PU_MAN                                                                          
SA_MAN                                                                          
SA_REP                                                                          
SH_CLERK                                                                        
ST_CLERK                                                                        
ST_MAN                                                                          

19 linhas selecionadas.

SQL> SELECT EMPLOYEE_ID AS "CODIGO DO EMPREGADO',
  2  JOB_ID AS 'PROFISSÇO', FIRST_NAME AS 'NOME'
  3  FROM EMPLOYEES;
ERROR:
ORA-01740: aspas duplas não encontradas no identificador 


SQL> SELECT EMPLOYEE_ID AS 'CODIGO DO EMPREGADO',
  2  JOB_ID AS 'PROFISSÇO', FIRST_NAME AS 'NOME'
  3  FROM EMPLOYEES;
SELECT EMPLOYEE_ID AS 'CODIGO DO EMPREGADO',
                      *
ERRO na linha 1:
ORA-00923: palavra-chave FROM não localizada onde esperada 


SQL> SELECT EMPLOYEE_ID AS CODIGO DO EMPREGADO' FROM EMPLOYEES;
ERROR:
ORA-01756: string entre aspas não finalizada adequadamente 


SQL> SELECT EMPLOYEE_ID AS 'CODIGO DO EMPREGADO' FROM EMPLOYEES;
SELECT EMPLOYEE_ID AS 'CODIGO DO EMPREGADO' FROM EMPLOYEES
                      *
ERRO na linha 1:
ORA-00923: palavra-chave FROM não localizada onde esperada 


SQL> SELECT EMPLOYEE_ID AS "CODIGO DO EMPREGADO" FROM EMPLOYEES;

CODIGO DO EMPREGADO                                                             
-------------------                                                             
                100                                                             
                101                                                             
                102                                                             
                103                                                             
                104                                                             
                105                                                             
                106                                                             
                107                                                             
                108                                                             
                109                                                             
                110                                                             

CODIGO DO EMPREGADO                                                             
-------------------                                                             
                111                                                             
                112                                                             
                113                                                             
                114                                                             
                115                                                             
                116                                                             
                117                                                             
                118                                                             
                119                                                             
                120                                                             
                121                                                             

CODIGO DO EMPREGADO                                                             
-------------------                                                             
                122                                                             
                123                                                             
                124                                                             
                125                                                             
                126                                                             
                127                                                             
                128                                                             
                129                                                             
                130                                                             
                131                                                             
                132                                                             

CODIGO DO EMPREGADO                                                             
-------------------                                                             
                133                                                             
                134                                                             
                135                                                             
                136                                                             
                137                                                             
                138                                                             
                139                                                             
                140                                                             
                141                                                             
                142                                                             
                143                                                             

CODIGO DO EMPREGADO                                                             
-------------------                                                             
                144                                                             
                145                                                             
                146                                                             
                147                                                             
                148                                                             
                149                                                             
                150                                                             
                151                                                             
                152                                                             
                153                                                             
                154                                                             

CODIGO DO EMPREGADO                                                             
-------------------                                                             
                155                                                             
                156                                                             
                157                                                             
                158                                                             
                159                                                             
                160                                                             
                161                                                             
                162                                                             
                163                                                             
                164                                                             
                165                                                             

CODIGO DO EMPREGADO                                                             
-------------------                                                             
                166                                                             
                167                                                             
                168                                                             
                169                                                             
                170                                                             
                171                                                             
                172                                                             
                173                                                             
                174                                                             
                175                                                             
                176                                                             

CODIGO DO EMPREGADO                                                             
-------------------                                                             
                177                                                             
                178                                                             
                179                                                             
                180                                                             
                181                                                             
                182                                                             
                183                                                             
                184                                                             
                185                                                             
                186                                                             
                187                                                             

CODIGO DO EMPREGADO                                                             
-------------------                                                             
                188                                                             
                189                                                             
                190                                                             
                191                                                             
                192                                                             
                193                                                             
                194                                                             
                195                                                             
                196                                                             
                197                                                             
                198                                                             

CODIGO DO EMPREGADO                                                             
-------------------                                                             
                199                                                             
                200                                                             
                201                                                             
                202                                                             
                203                                                             
                204                                                             
                205                                                             
                206                                                             

107 linhas selecionadas.

SQL> SELECT EMPLOYEE_ID AS "CODIGO DO EMPREGADO",
  2  JOB_ID AS "PROFISSÇO", FIRST_NAME AS "NOME"
  3  FROM EMPLOYEES;

CODIGO DO EMPREGADO PROFISSÇO  NOME                                             
------------------- ---------- --------------------                             
                100 AD_PRES    Steven                                           
                101 AD_VP      Neena                                            
                102 AD_VP      Lex                                              
                103 IT_PROG    Alexander                                        
                104 IT_PROG    Bruce                                            
                105 IT_PROG    David                                            
                106 IT_PROG    Valli                                            
                107 IT_PROG    Diana                                            
                108 FI_MGR     Nancy                                            
                109 FI_ACCOUNT Daniel                                           
                110 FI_ACCOUNT John                                             

CODIGO DO EMPREGADO PROFISSÇO  NOME                                             
------------------- ---------- --------------------                             
                111 FI_ACCOUNT Ismael                                           
                112 FI_ACCOUNT Jose Manuel                                      
                113 FI_ACCOUNT Luis                                             
                114 PU_MAN     Den                                              
                115 PU_CLERK   Alexander                                        
                116 PU_CLERK   Shelli                                           
                117 PU_CLERK   Sigal                                            
                118 PU_CLERK   Guy                                              
                119 PU_CLERK   Karen                                            
                120 ST_MAN     Matthew                                          
                121 ST_MAN     Adam                                             

CODIGO DO EMPREGADO PROFISSÇO  NOME                                             
------------------- ---------- --------------------                             
                122 ST_MAN     Payam                                            
                123 ST_MAN     Shanta                                           
                124 ST_MAN     Kevin                                            
                125 ST_CLERK   Julia                                            
                126 ST_CLERK   Irene                                            
                127 ST_CLERK   James                                            
                128 ST_CLERK   Steven                                           
                129 ST_CLERK   Laura                                            
                130 ST_CLERK   Mozhe                                            
                131 ST_CLERK   James                                            
                132 ST_CLERK   TJ                                               

CODIGO DO EMPREGADO PROFISSÇO  NOME                                             
------------------- ---------- --------------------                             
                133 ST_CLERK   Jason                                            
                134 ST_CLERK   Michael                                          
                135 ST_CLERK   Ki                                               
                136 ST_CLERK   Hazel                                            
                137 ST_CLERK   Renske                                           
                138 ST_CLERK   Stephen                                          
                139 ST_CLERK   John                                             
                140 ST_CLERK   Joshua                                           
                141 ST_CLERK   Trenna                                           
                142 ST_CLERK   Curtis                                           
                143 ST_CLERK   Randall                                          

CODIGO DO EMPREGADO PROFISSÇO  NOME                                             
------------------- ---------- --------------------                             
                144 ST_CLERK   Peter                                            
                145 SA_MAN     John                                             
                146 SA_MAN     Karen                                            
                147 SA_MAN     Alberto                                          
                148 SA_MAN     Gerald                                           
                149 SA_MAN     Eleni                                            
                150 SA_REP     Peter                                            
                151 SA_REP     David                                            
                152 SA_REP     Peter                                            
                153 SA_REP     Christopher                                      
                154 SA_REP     Nanette                                          

CODIGO DO EMPREGADO PROFISSÇO  NOME                                             
------------------- ---------- --------------------                             
                155 SA_REP     Oliver                                           
                156 SA_REP     Janette                                          
                157 SA_REP     Patrick                                          
                158 SA_REP     Allan                                            
                159 SA_REP     Lindsey                                          
                160 SA_REP     Louise                                           
                161 SA_REP     Sarath                                           
                162 SA_REP     Clara                                            
                163 SA_REP     Danielle                                         
                164 SA_REP     Mattea                                           
                165 SA_REP     David                                            

CODIGO DO EMPREGADO PROFISSÇO  NOME                                             
------------------- ---------- --------------------                             
                166 SA_REP     Sundar                                           
                167 SA_REP     Amit                                             
                168 SA_REP     Lisa                                             
                169 SA_REP     Harrison                                         
                170 SA_REP     Tayler                                           
                171 SA_REP     William                                          
                172 SA_REP     Elizabeth                                        
                173 SA_REP     Sundita                                          
                174 SA_REP     Ellen                                            
                175 SA_REP     Alyssa                                           
                176 SA_REP     Jonathon                                         

CODIGO DO EMPREGADO PROFISSÇO  NOME                                             
------------------- ---------- --------------------                             
                177 SA_REP     Jack                                             
                178 SA_REP     Kimberely                                        
                179 SA_REP     Charles                                          
                180 SH_CLERK   Winston                                          
                181 SH_CLERK   Jean                                             
                182 SH_CLERK   Martha                                           
                183 SH_CLERK   Girard                                           
                184 SH_CLERK   Nandita                                          
                185 SH_CLERK   Alexis                                           
                186 SH_CLERK   Julia                                            
                187 SH_CLERK   Anthony                                          

CODIGO DO EMPREGADO PROFISSÇO  NOME                                             
------------------- ---------- --------------------                             
                188 SH_CLERK   Kelly                                            
                189 SH_CLERK   Jennifer                                         
                190 SH_CLERK   Timothy                                          
                191 SH_CLERK   Randall                                          
                192 SH_CLERK   Sarah                                            
                193 SH_CLERK   Britney                                          
                194 SH_CLERK   Samuel                                           
                195 SH_CLERK   Vance                                            
                196 SH_CLERK   Alana                                            
                197 SH_CLERK   Kevin                                            
                198 SH_CLERK   Donald                                           

CODIGO DO EMPREGADO PROFISSÇO  NOME                                             
------------------- ---------- --------------------                             
                199 SH_CLERK   Douglas                                          
                200 AD_ASST    Jennifer                                         
                201 MK_MAN     Michael                                          
                202 MK_REP     Pat                                              
                203 HR_REP     Susan                                            
                204 PR_REP     Hermann                                          
                205 AC_MGR     Shelley                                          
                206 AC_ACCOUNT William                                          

107 linhas selecionadas.

SQL> SELECT DISTINCT EMPLOYEE_ID AS "CODIGO DO EMPREGADO" FROM EMPLOYEES;

CODIGO DO EMPREGADO                                                             
-------------------                                                             
                100                                                             
                101                                                             
                102                                                             
                103                                                             
                104                                                             
                105                                                             
                106                                                             
                107                                                             
                108                                                             
                109                                                             
                110                                                             

CODIGO DO EMPREGADO                                                             
-------------------                                                             
                111                                                             
                112                                                             
                113                                                             
                114                                                             
                115                                                             
                116                                                             
                117                                                             
                118                                                             
                119                                                             
                120                                                             
                121                                                             

CODIGO DO EMPREGADO                                                             
-------------------                                                             
                122                                                             
                123                                                             
                124                                                             
                125                                                             
                126                                                             
                127                                                             
                128                                                             
                129                                                             
                130                                                             
                131                                                             
                132                                                             

CODIGO DO EMPREGADO                                                             
-------------------                                                             
                133                                                             
                134                                                             
                135                                                             
                136                                                             
                137                                                             
                138                                                             
                139                                                             
                140                                                             
                141                                                             
                142                                                             
                143                                                             

CODIGO DO EMPREGADO                                                             
-------------------                                                             
                144                                                             
                145                                                             
                146                                                             
                147                                                             
                148                                                             
                149                                                             
                150                                                             
                151                                                             
                152                                                             
                153                                                             
                154                                                             

CODIGO DO EMPREGADO                                                             
-------------------                                                             
                155                                                             
                156                                                             
                157                                                             
                158                                                             
                159                                                             
                160                                                             
                161                                                             
                162                                                             
                163                                                             
                164                                                             
                165                                                             

CODIGO DO EMPREGADO                                                             
-------------------                                                             
                166                                                             
                167                                                             
                168                                                             
                169                                                             
                170                                                             
                171                                                             
                172                                                             
                173                                                             
                174                                                             
                175                                                             
                176                                                             

CODIGO DO EMPREGADO                                                             
-------------------                                                             
                177                                                             
                178                                                             
                179                                                             
                180                                                             
                181                                                             
                182                                                             
                183                                                             
                184                                                             
                185                                                             
                186                                                             
                187                                                             

CODIGO DO EMPREGADO                                                             
-------------------                                                             
                188                                                             
                189                                                             
                190                                                             
                191                                                             
                192                                                             
                193                                                             
                194                                                             
                195                                                             
                196                                                             
                197                                                             
                198                                                             

CODIGO DO EMPREGADO                                                             
-------------------                                                             
                199                                                             
                200                                                             
                201                                                             
                202                                                             
                203                                                             
                204                                                             
                205                                                             
                206                                                             

107 linhas selecionadas.

SQL> SELECT EMPLOYEE_ID AS "CODIGO DO EMPREGADO",
  2  JOB_ID AS "PROFISSÇO", FIRST_NAME AS "NOME"
  3  FROM EMPLOYEES;

CODIGO DO EMPREGADO PROFISSÇO  NOME                                             
------------------- ---------- --------------------                             
                100 AD_PRES    Steven                                           
                101 AD_VP      Neena                                            
                102 AD_VP      Lex                                              
                103 IT_PROG    Alexander                                        
                104 IT_PROG    Bruce                                            
                105 IT_PROG    David                                            
                106 IT_PROG    Valli                                            
                107 IT_PROG    Diana                                            
                108 FI_MGR     Nancy                                            
                109 FI_ACCOUNT Daniel                                           
                110 FI_ACCOUNT John                                             

CODIGO DO EMPREGADO PROFISSÇO  NOME                                             
------------------- ---------- --------------------                             
                111 FI_ACCOUNT Ismael                                           
                112 FI_ACCOUNT Jose Manuel                                      
                113 FI_ACCOUNT Luis                                             
                114 PU_MAN     Den                                              
                115 PU_CLERK   Alexander                                        
                116 PU_CLERK   Shelli                                           
                117 PU_CLERK   Sigal                                            
                118 PU_CLERK   Guy                                              
                119 PU_CLERK   Karen                                            
                120 ST_MAN     Matthew                                          
                121 ST_MAN     Adam                                             

CODIGO DO EMPREGADO PROFISSÇO  NOME                                             
------------------- ---------- --------------------                             
                122 ST_MAN     Payam                                            
                123 ST_MAN     Shanta                                           
                124 ST_MAN     Kevin                                            
                125 ST_CLERK   Julia                                            
                126 ST_CLERK   Irene                                            
                127 ST_CLERK   James                                            
                128 ST_CLERK   Steven                                           
                129 ST_CLERK   Laura                                            
                130 ST_CLERK   Mozhe                                            
                131 ST_CLERK   James                                            
                132 ST_CLERK   TJ                                               

CODIGO DO EMPREGADO PROFISSÇO  NOME                                             
------------------- ---------- --------------------                             
                133 ST_CLERK   Jason                                            
                134 ST_CLERK   Michael                                          
                135 ST_CLERK   Ki                                               
                136 ST_CLERK   Hazel                                            
                137 ST_CLERK   Renske                                           
                138 ST_CLERK   Stephen                                          
                139 ST_CLERK   John                                             
                140 ST_CLERK   Joshua                                           
                141 ST_CLERK   Trenna                                           
                142 ST_CLERK   Curtis                                           
                143 ST_CLERK   Randall                                          

CODIGO DO EMPREGADO PROFISSÇO  NOME                                             
------------------- ---------- --------------------                             
                144 ST_CLERK   Peter                                            
                145 SA_MAN     John                                             
                146 SA_MAN     Karen                                            
                147 SA_MAN     Alberto                                          
                148 SA_MAN     Gerald                                           
                149 SA_MAN     Eleni                                            
                150 SA_REP     Peter                                            
                151 SA_REP     David                                            
                152 SA_REP     Peter                                            
                153 SA_REP     Christopher                                      
                154 SA_REP     Nanette                                          

CODIGO DO EMPREGADO PROFISSÇO  NOME                                             
------------------- ---------- --------------------                             
                155 SA_REP     Oliver                                           
                156 SA_REP     Janette                                          
                157 SA_REP     Patrick                                          
                158 SA_REP     Allan                                            
                159 SA_REP     Lindsey                                          
                160 SA_REP     Louise                                           
                161 SA_REP     Sarath                                           
                162 SA_REP     Clara                                            
                163 SA_REP     Danielle                                         
                164 SA_REP     Mattea                                           
                165 SA_REP     David                                            

CODIGO DO EMPREGADO PROFISSÇO  NOME                                             
------------------- ---------- --------------------                             
                166 SA_REP     Sundar                                           
                167 SA_REP     Amit                                             
                168 SA_REP     Lisa                                             
                169 SA_REP     Harrison                                         
                170 SA_REP     Tayler                                           
                171 SA_REP     William                                          
                172 SA_REP     Elizabeth                                        
                173 SA_REP     Sundita                                          
                174 SA_REP     Ellen                                            
                175 SA_REP     Alyssa                                           
                176 SA_REP     Jonathon                                         

CODIGO DO EMPREGADO PROFISSÇO  NOME                                             
------------------- ---------- --------------------                             
                177 SA_REP     Jack                                             
                178 SA_REP     Kimberely                                        
                179 SA_REP     Charles                                          
                180 SH_CLERK   Winston                                          
                181 SH_CLERK   Jean                                             
                182 SH_CLERK   Martha                                           
                183 SH_CLERK   Girard                                           
                184 SH_CLERK   Nandita                                          
                185 SH_CLERK   Alexis                                           
                186 SH_CLERK   Julia                                            
                187 SH_CLERK   Anthony                                          

CODIGO DO EMPREGADO PROFISSÇO  NOME                                             
------------------- ---------- --------------------                             
                188 SH_CLERK   Kelly                                            
                189 SH_CLERK   Jennifer                                         
                190 SH_CLERK   Timothy                                          
                191 SH_CLERK   Randall                                          
                192 SH_CLERK   Sarah                                            
                193 SH_CLERK   Britney                                          
                194 SH_CLERK   Samuel                                           
                195 SH_CLERK   Vance                                            
                196 SH_CLERK   Alana                                            
                197 SH_CLERK   Kevin                                            
                198 SH_CLERK   Donald                                           

CODIGO DO EMPREGADO PROFISSÇO  NOME                                             
------------------- ---------- --------------------                             
                199 SH_CLERK   Douglas                                          
                200 AD_ASST    Jennifer                                         
                201 MK_MAN     Michael                                          
                202 MK_REP     Pat                                              
                203 HR_REP     Susan                                            
                204 PR_REP     Hermann                                          
                205 AC_MGR     Shelley                                          
                206 AC_ACCOUNT William                                          

107 linhas selecionadas.

SQL> SAVE C:\FACUL\BASIC\BD\ALIASELECT.SQL
Criado file C:\FACUL\BASIC\BD\ALIASELECT.SQL
SQL> SELECT * AS "DADOS DOS EMPREGADOS" FROM EMPLOYEES;
SELECT * AS "DADOS DOS EMPREGADOS" FROM EMPLOYEES
         *
ERRO na linha 1:
ORA-00923: palavra-chave FROM não localizada onde esperada 


SQL> SELECT FIRST_NAME || LAST_NAME AS "DADOS " FROM EMPLOYEES;

DADOS                                                                           
---------------------------------------------                                   
EllenAbel                                                                       
SundarAnde                                                                      
MozheAtkinson                                                                   
DavidAustin                                                                     
HermannBaer                                                                     
ShelliBaida                                                                     
AmitBanda                                                                       
ElizabethBates                                                                  
SarahBell                                                                       
DavidBernstein                                                                  
LauraBissot                                                                     

DADOS                                                                           
---------------------------------------------                                   
HarrisonBloom                                                                   
AlexisBull                                                                      
AnthonyCabrio                                                                   
GeraldCambrault                                                                 
NanetteCambrault                                                                
JohnChen                                                                        
KellyChung                                                                      
KarenColmenares                                                                 
CurtisDavies                                                                    
LexDe Haan                                                                      
JuliaDellinger                                                                  

DADOS                                                                           
---------------------------------------------                                   
JenniferDilly                                                                   
LouiseDoran                                                                     
BruceErnst                                                                      
AlbertoErrazuriz                                                                
BritneyEverett                                                                  
DanielFaviet                                                                    
PatFay                                                                          
KevinFeeney                                                                     
JeanFleaur                                                                      
TaylerFox                                                                       
AdamFripp                                                                       

DADOS                                                                           
---------------------------------------------                                   
TimothyGates                                                                    
KiGee                                                                           
GirardGeoni                                                                     
WilliamGietz                                                                    
DouglasGrant                                                                    
KimberelyGrant                                                                  
NancyGreenberg                                                                  
DanielleGreene                                                                  
PeterHall                                                                       
MichaelHartstein                                                                
ShelleyHiggins                                                                  

DADOS                                                                           
---------------------------------------------                                   
GuyHimuro                                                                       
AlexanderHunold                                                                 
AlyssaHutton                                                                    
CharlesJohnson                                                                  
VanceJones                                                                      
PayamKaufling                                                                   
AlexanderKhoo                                                                   
JanetteKing                                                                     
StevenKing                                                                      
NeenaKochhar                                                                    
SunditaKumar                                                                    

DADOS                                                                           
---------------------------------------------                                   
RenskeLadwig                                                                    
JamesLandry                                                                     
DavidLee                                                                        
JackLivingston                                                                  
DianaLorentz                                                                    
JasonMallin                                                                     
StevenMarkle                                                                    
JamesMarlow                                                                     
MatteaMarvins                                                                   
RandallMatos                                                                    
SusanMavris                                                                     

DADOS                                                                           
---------------------------------------------                                   
SamuelMcCain                                                                    
AllanMcEwen                                                                     
IreneMikkilineni                                                                
KevinMourgos                                                                    
JuliaNayer                                                                      
DonaldOConnell                                                                  
ChristopherOlsen                                                                
TJOlson                                                                         
LisaOzer                                                                        
KarenPartners                                                                   
ValliPataballa                                                                  

DADOS                                                                           
---------------------------------------------                                   
JoshuaPatel                                                                     
RandallPerkins                                                                  
HazelPhiltanker                                                                 
LuisPopp                                                                        
TrennaRajs                                                                      
DenRaphaely                                                                     
MichaelRogers                                                                   
JohnRussell                                                                     
NanditaSarchand                                                                 
IsmaelSciarra                                                                   
JohnSeo                                                                         

DADOS                                                                           
---------------------------------------------                                   
SarathSewall                                                                    
LindseySmith                                                                    
WilliamSmith                                                                    
StephenStiles                                                                   
MarthaSullivan                                                                  
PatrickSully                                                                    
JonathonTaylor                                                                  
WinstonTaylor                                                                   
SigalTobias                                                                     
PeterTucker                                                                     
OliverTuvault                                                                   

DADOS                                                                           
---------------------------------------------                                   
Jose ManuelUrman                                                                
PeterVargas                                                                     
ClaraVishney                                                                    
ShantaVollman                                                                   
AlanaWalsh                                                                      
MatthewWeiss                                                                    
JenniferWhalen                                                                  
EleniZlotkey                                                                    

107 linhas selecionadas.

SQL> SELECT FIRST_NAME |','| LAST_NAME AS "DADOS " FROM EMPLOYEES;
SELECT FIRST_NAME |','| LAST_NAME AS "DADOS " FROM EMPLOYEES
                  *
ERRO na linha 1:
ORA-00996: o operador concatenado é ||, e não | 


SQL> SELECT FIRST_NAME |"S"| LAST_NAME AS "DADOS " FROM EMPLOYEES;
SELECT FIRST_NAME |"S"| LAST_NAME AS "DADOS " FROM EMPLOYEES
                  *
ERRO na linha 1:
ORA-00996: o operador concatenado é ||, e não | 


SQL> SELECT FIRST_NAME | LAST_NAME |JOB_ID | EMAIL AS "DADOS " FROM EMPLOYEES;
SELECT FIRST_NAME | LAST_NAME |JOB_ID | EMAIL AS "DADOS " FROM EMPLOYEES
                  *
ERRO na linha 1:
ORA-00996: o operador concatenado é ||, e não | 


SQL> SELECT FIRST_NAME || LAST_NAME ||JOB_ID || EMAIL AS "DADOS " FROM EMPLOYEES;

DADOS                                                                           
--------------------------------------------------------------------------------
StevenKingAD_PRESSKING                                                          
NeenaKochharAD_VPNKOCHHAR                                                       
LexDe HaanAD_VPLDEHAAN                                                          
AlexanderHunoldIT_PROGAHUNOLD                                                   
BruceErnstIT_PROGBERNST                                                         
DavidAustinIT_PROGDAUSTIN                                                       
ValliPataballaIT_PROGVPATABAL                                                   
DianaLorentzIT_PROGDLORENTZ                                                     
NancyGreenbergFI_MGRNGREENBE                                                    
DanielFavietFI_ACCOUNTDFAVIET                                                   
JohnChenFI_ACCOUNTJCHEN                                                         

DADOS                                                                           
--------------------------------------------------------------------------------
IsmaelSciarraFI_ACCOUNTISCIARRA                                                 
Jose ManuelUrmanFI_ACCOUNTJMURMAN                                               
LuisPoppFI_ACCOUNTLPOPP                                                         
DenRaphaelyPU_MANDRAPHEAL                                                       
AlexanderKhooPU_CLERKAKHOO                                                      
ShelliBaidaPU_CLERKSBAIDA                                                       
SigalTobiasPU_CLERKSTOBIAS                                                      
GuyHimuroPU_CLERKGHIMURO                                                        
KarenColmenaresPU_CLERKKCOLMENA                                                 
MatthewWeissST_MANMWEISS                                                        
AdamFrippST_MANAFRIPP                                                           

DADOS                                                                           
--------------------------------------------------------------------------------
PayamKauflingST_MANPKAUFLIN                                                     
ShantaVollmanST_MANSVOLLMAN                                                     
KevinMourgosST_MANKMOURGOS                                                      
JuliaNayerST_CLERKJNAYER                                                        
IreneMikkilineniST_CLERKIMIKKILI                                                
JamesLandryST_CLERKJLANDRY                                                      
StevenMarkleST_CLERKSMARKLE                                                     
LauraBissotST_CLERKLBISSOT                                                      
MozheAtkinsonST_CLERKMATKINSO                                                   
JamesMarlowST_CLERKJAMRLOW                                                      
TJOlsonST_CLERKTJOLSON                                                          

DADOS                                                                           
--------------------------------------------------------------------------------
JasonMallinST_CLERKJMALLIN                                                      
MichaelRogersST_CLERKMROGERS                                                    
KiGeeST_CLERKKGEE                                                               
HazelPhiltankerST_CLERKHPHILTAN                                                 
RenskeLadwigST_CLERKRLADWIG                                                     
StephenStilesST_CLERKSSTILES                                                    
JohnSeoST_CLERKJSEO                                                             
JoshuaPatelST_CLERKJPATEL                                                       
TrennaRajsST_CLERKTRAJS                                                         
CurtisDaviesST_CLERKCDAVIES                                                     
RandallMatosST_CLERKRMATOS                                                      

DADOS                                                                           
--------------------------------------------------------------------------------
PeterVargasST_CLERKPVARGAS                                                      
JohnRussellSA_MANJRUSSEL                                                        
KarenPartnersSA_MANKPARTNER                                                     
AlbertoErrazurizSA_MANAERRAZUR                                                  
GeraldCambraultSA_MANGCAMBRAU                                                   
EleniZlotkeySA_MANEZLOTKEY                                                      
PeterTuckerSA_REPPTUCKER                                                        
DavidBernsteinSA_REPDBERNSTE                                                    
PeterHallSA_REPPHALL                                                            
ChristopherOlsenSA_REPCOLSEN                                                    
NanetteCambraultSA_REPNCAMBRAU                                                  

DADOS                                                                           
--------------------------------------------------------------------------------
OliverTuvaultSA_REPOTUVAULT                                                     
JanetteKingSA_REPJKING                                                          
PatrickSullySA_REPPSULLY                                                        
AllanMcEwenSA_REPAMCEWEN                                                        
LindseySmithSA_REPLSMITH                                                        
LouiseDoranSA_REPLDORAN                                                         
SarathSewallSA_REPSSEWALL                                                       
ClaraVishneySA_REPCVISHNEY                                                      
DanielleGreeneSA_REPDGREENE                                                     
MatteaMarvinsSA_REPMMARVINS                                                     
DavidLeeSA_REPDLEE                                                              

DADOS                                                                           
--------------------------------------------------------------------------------
SundarAndeSA_REPSANDE                                                           
AmitBandaSA_REPABANDA                                                           
LisaOzerSA_REPLOZER                                                             
HarrisonBloomSA_REPHBLOOM                                                       
TaylerFoxSA_REPTFOX                                                             
WilliamSmithSA_REPWSMITH                                                        
ElizabethBatesSA_REPEBATES                                                      
SunditaKumarSA_REPSKUMAR                                                        
EllenAbelSA_REPEABEL                                                            
AlyssaHuttonSA_REPAHUTTON                                                       
JonathonTaylorSA_REPJTAYLOR                                                     

DADOS                                                                           
--------------------------------------------------------------------------------
JackLivingstonSA_REPJLIVINGS                                                    
KimberelyGrantSA_REPKGRANT                                                      
CharlesJohnsonSA_REPCJOHNSON                                                    
WinstonTaylorSH_CLERKWTAYLOR                                                    
JeanFleaurSH_CLERKJFLEAUR                                                       
MarthaSullivanSH_CLERKMSULLIVA                                                  
GirardGeoniSH_CLERKGGEONI                                                       
NanditaSarchandSH_CLERKNSARCHAN                                                 
AlexisBullSH_CLERKABULL                                                         
JuliaDellingerSH_CLERKJDELLING                                                  
AnthonyCabrioSH_CLERKACABRIO                                                    

DADOS                                                                           
--------------------------------------------------------------------------------
KellyChungSH_CLERKKCHUNG                                                        
JenniferDillySH_CLERKJDILLY                                                     
TimothyGatesSH_CLERKTGATES                                                      
RandallPerkinsSH_CLERKRPERKINS                                                  
SarahBellSH_CLERKSBELL                                                          
BritneyEverettSH_CLERKBEVERETT                                                  
SamuelMcCainSH_CLERKSMCCAIN                                                     
VanceJonesSH_CLERKVJONES                                                        
AlanaWalshSH_CLERKAWALSH                                                        
KevinFeeneySH_CLERKKFEENEY                                                      
DonaldOConnellSH_CLERKDOCONNEL                                                  

DADOS                                                                           
--------------------------------------------------------------------------------
DouglasGrantSH_CLERKDGRANT                                                      
JenniferWhalenAD_ASSTJWHALEN                                                    
MichaelHartsteinMK_MANMHARTSTE                                                  
PatFayMK_REPPFAY                                                                
SusanMavrisHR_REPSMAVRIS                                                        
HermannBaerPR_REPHBAER                                                          
ShelleyHigginsAC_MGRSHIGGINS                                                    
WilliamGietzAC_ACCOUNTWGIETZ                                                    

107 linhas selecionadas.

SQL> CLEAR SCREEN

SQL> SPOOL OFF
